178.215.236.132 - - [16/Jan/2025:00:28:19 +0000] "GET /.git/index HTTP/1.1" 302 350 "-" "Mozilla/5.0 (Windows NT 10.0; ARM; Lumia 950 Dual SIM) AppleWebKit/537.36 (KHTML, like Gecko) Chrome/51.0.2704.79 Safari/537.36 Edge/14.14393"
171.8.138.43 - - [16/Jan/2025:00:32:15 +0000] "GET / HTTP/1.1" 200 1742 "-" "-"
171.120.25.117 - - [16/Jan/2025:00:32:43 +0000] "GET / HTTP/1.1" 200 1761 "-" "Mozilla/5.0 (Windows NT 6.1) AppleWebKit/537.36 (KHTML, like Gecko) Chrome/49.0.2623.112 Safari/537.36"
111.113.88.232 - - [16/Jan/2025:00:32:45 +0000] "GET /favicon.ico HTTP/1.1" 302 350 "-" "Mozilla/5.0 (Windows NT 6.1) AppleWebKit/537.36 (KHTML, like Gecko) Chrome/49.0.2623.112 Safari/537.36"
36.106.166.249 - - [16/Jan/2025:00:32:46 +0000] "GET / HTTP/1.1" 200 1761 "http://34.165.81.226/favicon.ico" "Mozilla/5.0 (Windows NT 6.1) AppleWebKit/537.36 (KHTML, like Gecko) Chrome/49.0.2623.112 Safari/537.36"
95.214.55.226 - - [16/Jan/2025:00:33:21 +0000] "GET / HTTP/1.1" 200 1742 "-" "-"
78.153.140.203 - - [16/Jan/2025:00:47:12 +0000] "\x16\x03\x01" 400 523 "-" "-"
78.153.140.203 - - [16/Jan/2025:00:47:13 +0000] "GET /.env HTTP/1.1" 302 331 "-" "Mozilla/5.0 (Windows NT) AppleWebKit/534.20 (KHTML, like Gecko) Chrome/11.0.672.2 Safari/534.20"
78.153.140.203 - - [16/Jan/2025:00:47:13 +0000] "GET /Demo/.env HTTP/1.1" 302 331 "-" "Mozilla/5.0 (Linux; U; Android 4.3; de-de; GT-I9300 Build/JSS15J) AppleWebKit/534.30 (KHTML, like Gecko) Version/4.0 Mobile Safari/534.30"
78.153.140.203 - - [16/Jan/2025:00:47:14 +0000] "GET /DEMO/.env HTTP/1.1" 302 331 "-" "Mozilla/5.0 (Linux; U; Android 2.3.4; en-us; SPH-P100 Build/GINGERBREAD) AppleWebKit/533.1 (KHTML, like Gecko) Version/4.0 Mobile Safari/533.1"
78.153.140.203 - - [16/Jan/2025:00:47:14 +0000] "GET /Dev/.env HTTP/1.1" 302 331 "-" "Mozilla/5.0(iPad; U; CPU iPhone OS 3_2 like Mac OS X; en-us) AppleWebKit/531.21.10 (KHTML, like Gecko) Version/4.0.4 Mobile/7B314 Safari/531.21.10gin_lib.cc"
78.153.140.203 - - [16/Jan/2025:00:47:16 +0000] "GET /DEV/.env HTTP/1.1" 302 331 "-" "Mozilla/5.0 (Linux; Android 5.1.1; Coolpad 3622A Build/LMY47V) AppleWebKit/537.36 (KHTML, like Gecko) Chrome/53.0.2785.124 Mobile Safari/537.36"
78.153.140.203 - - [16/Jan/2025:00:47:16 +0000] "GET /Doc/.env HTTP/1.1" 302 331 "-" "Mozilla/5.0 (Windows NT 10.0; WOW64) AppleWebKit/537.36 (KHTML, like Gecko) Chrome/46.0.2490.80 Safari/537.36"
78.153.140.203 - - [16/Jan/2025:00:47:17 +0000] "GET /DOC/.env HTTP/1.1" 302 331 "-" "Mozilla/5.0 (X11; U; Linux x86_64; en-US) AppleWebKit/533.3 (KHTML, like Gecko) Chrome/5.0.353.0 Safari/533.3"
78.153.140.203 - - [16/Jan/2025:00:47:17 +0000] "GET /Docs/.env HTTP/1.1" 302 331 "-" "Mozilla/5.0 (Windows NT 6.1) AppleWebKit/537.36 (KHTML, like Gecko) Chrome/41.0.2272.104 Safari/537.36"
78.153.140.203 - - [16/Jan/2025:00:47:17 +0000] "GET /DOCS/.env HTTP/1.1" 302 331 "-" "Mozilla/5.0 (Windows NT 5.1) AppleWebKit/537.22 (KHTML, like Gecko) Chrome/25.0.1364.152 Safari/537.22"
78.153.140.203 - - [16/Jan/2025:00:47:18 +0000] "GET /Download/.env HTTP/1.1" 302 331 "-" "Mozilla/4.0 (compatible; MSIE 7.0; Windows NT 10.0; WOW64; Trident/7.0; .NET4.0C; .NET4.0E)"
78.153.140.203 - - [16/Jan/2025:00:47:19 +0000] "GET /Env/.env HTTP/1.1" 302 331 "-" "Mozilla/5.0 (Android 7.0; Mobile; rv:55.0) Gecko/55.0 Firefox/55.0"
78.153.140.203 - - [16/Jan/2025:00:47:19 +0000] "GET /Html/.env HTTP/1.1" 302 331 "-" "Mozilla/5.0 (X11; U; FreeBSD amd64; en-US; rv:1.8.0.8) Gecko/20061116 Firefox/1.5.0.8"
78.153.140.203 - - [16/Jan/2025:00:47:20 +0000] "GET /Inc/.env HTTP/1.1" 302 331 "-" "Mozilla/5.0 (Windows; U; Windows NT 5.1; en-US) AppleWebKit/532.0 (KHTML, like Gecko) Chrome/4.0.211.2 Safari/532.0"
78.153.140.203 - - [16/Jan/2025:00:47:21 +0000] "GET /Infos/ HTTP/1.1" 302 331 "-" "Mozilla/5.0 (Windows NT 6.1; WOW64) AppleWebKit/537.36 (KHTML, like Gecko) Chrome/34.0.1847.137 Safari/537.36"
78.153.140.203 - - [16/Jan/2025:00:47:25 +0000] "GET /Lib/.env HTTP/1.1" 302 331 "-" "Mozilla/5.0 (Macintosh; Intel Mac OS X 10_9_5) AppleWebKit/537.36 (KHTML, like Gecko) Chrome/44.0.2403.155 Safari/537.36"
78.153.140.203 - - [16/Jan/2025:00:47:28 +0000] "GET /Library/.env HTTP/1.1" 302 331 "-" "Mozilla/5.0 (Windows NT 6.1) AppleWebKit/537.36 (KHTML, like Gecko) Chrome/37.0.2062.124 Safari/537.36"
78.153.140.203 - - [16/Jan/2025:00:47:28 +0000] "GET /Logging/.env HTTP/1.1" 302 331 "-" "Mozilla/5.0 (Linux; Android 6.0.1; Z981 Build/MMB29M) AppleWebKit/537.36 (KHTML, like Gecko) Chrome/55.0.2883.91 Mobile Safari/537.36"
78.153.140.203 - - [16/Jan/2025:00:47:28 +0000] "GET /Media/.env HTTP/1.1" 302 331 "-" "Mozilla/5.0 (Macintosh; U; Intel Mac OS X 10_6_2; ja-jp) AppleWebKit/531.22.7 (KHTML, like Gecko) Version/4.0.5 Safari/531.22.7"
78.153.140.203 - - [16/Jan/2025:00:47:28 +0000] "GET /Misc/.env HTTP/1.1" 302 331 "-" "Mozilla/5.0 (Windows NT 6.1) AppleWebKit/537.36 (KHTML, like Gecko) Chrome/57.0.2987.133 Safari/537.36 OPR/44.0.2510.1449"
78.153.140.203 - - [16/Jan/2025:00:47:29 +0000] "GET /New/.env HTTP/1.1" 302 331 "-" "Mozilla/5.0 (X11; Linux x86_64) AppleWebKit/537.36 (KHTML, like Gecko) Chrome/65.0.3325.146 Safari/537.36"
78.153.140.203 - - [16/Jan/2025:00:47:30 +0000] "GET /Phpinfo.php HTTP/1.1" 302 331 "-" "Mozilla/5.0 (X11; U; Linux i686; pt-BR; rv:1.8) Gecko/20051111 Firefox/1.5"
78.153.140.203 - - [16/Jan/2025:00:47:31 +0000] "GET /PHPinfo.php HTTP/1.1" 302 331 "-" "Mozilla/5.0 (iPad; CPU OS 9_3 like Mac OS X) AppleWebKit/601.1.46 (KHTML, like Gecko) Version/9.0 Mobile/13E233 Safari/601.1"
78.153.140.203 - - [16/Jan/2025:00:47:32 +0000] "GET /PHPINFO.php HTTP/1.1" 302 331 "-" "Opera/9.62 (X11; Linux i686; U; it) Presto/2.1.1"
78.153.140.203 - - [16/Jan/2025:00:47:33 +0000] "GET /Production/.env HTTP/1.1" 302 331 "-" "Mozilla/5.0 (Windows NT 6.3; WOW64; rv:32.0) Gecko/20100101 Firefox/32.0"
78.153.140.203 - - [16/Jan/2025:00:47:35 +0000] "GET /Public/.env HTTP/1.1" 302 331 "-" "Opera/9.80 (Windows NT 6.1; U; en) Presto/2.6.30 Version/10.61"
78.153.140.203 - - [16/Jan/2025:00:47:36 +0000] "GET /Server/.env HTTP/1.1" 302 331 "-" "Mozilla/5.0 (Windows; U; Windows NT 6.1; en-US; rv:1.9.2.15) Gecko/20110303 Firefox/3.6.15 ( .NET CLR 3.5.30729; .NET4.0C) FirePHP/0.5"
78.153.140.203 - - [16/Jan/2025:00:47:37 +0000] "GET /Shared/.env HTTP/1.1" 302 331 "-" "Mozilla/5.0 (Windows; U; Windows NT 5.2; en-US) AppleWebKit/534.3 (KHTML, like Gecko) Chrome/6.0.462.0 Safari/534.3"
78.153.140.203 - - [16/Jan/2025:00:47:37 +0000] "GET /Site/.env HTTP/1.1" 302 331 "-" "Mozilla/5.0 (X11; U; Linux i686; en-US; rv:1.9.0.10) Gecko/2009042812 Gentoo Firefox/3.0.10"
78.153.140.203 - - [16/Jan/2025:00:47:37 +0000] "GET /Stage/.env HTTP/1.1" 302 331 "-" "Dalvik/2.1.0 (Linux; U; Android 5.0.1; SCH-I545 Build/LRX22C)"
78.153.140.203 - - [16/Jan/2025:00:47:38 +0000] "GET /Staging/.env HTTP/1.1" 302 331 "-" "Mozilla/5.0 (Windows NT 6.1; Win64; x64) AppleWebKit/537.36 (KHTML, like Gecko) Chrome/40.0.2214.85 Safari/537.36"
78.153.140.203 - - [16/Jan/2025:00:47:38 +0000] "GET /Upload/.env HTTP/1.1" 302 331 "-" "Mozilla/5.0 (Android 7.0; Mobile; rv:51.0) Gecko/51.0 Firefox/51.0"
78.153.140.203 - - [16/Jan/2025:00:47:39 +0000] "GET /Vendor/.env HTTP/1.1" 302 331 "-" "Mozilla/5.0 (Macintosh; Intel Mac OS X 10_6_7) AppleWebKit/535.1 (KHTML, like Gecko) Chrome/13.0.782.41 Safari/535.1"
78.153.140.203 - - [16/Jan/2025:00:47:39 +0000] "GET /Web/.env HTTP/1.1" 302 331 "-" "Mozilla/5.0 (Macintosh; Intel Mac OS X 10_12_6) AppleWebKit/604.3.5 (KHTML, like Gecko) Version/11.0.1 Safari/604.3.5"
205.210.31.29 - - [16/Jan/2025:01:18:34 +0000] "GET / HTTP/1.0" 200 1761 "-" "Expanse, a Palo Alto Networks company, searches across the global IPv4 space multiple times per day to identify customers&#39; presences on the Internet. If you would like to be excluded from our scans, please send IP addresses/domains to: scaninfo@paloaltonetworks.com"
35.195.20.63 - - [16/Jan/2025:01:30:23 +0000] "GET / HTTP/1.1" 200 1003 "-" "python-requests/2.32.3"
78.153.140.149 - - [16/Jan/2025:01:39:09 +0000] "GET /.env HTTP/1.1" 302 387 "-" "Mozilla/5.0 (Windows NT 10.0; Win64; x64) AppleWebKit/537.36 (KHTML, like Gecko) Chrome/116.0.5845.140 Safari/537.36"
78.153.140.149 - - [16/Jan/2025:01:39:12 +0000] "POST / HTTP/1.1" 200 1003 "-" "Mozilla/5.0 (Windows NT 10.0; Win64; x64) AppleWebKit/537.36 (KHTML, like Gecko) Chrome/116.0.5845.140 Safari/537.36"
65.49.1.100 - - [16/Jan/2025:01:42:45 +0000] "\x16\x03\x01" 400 523 "-" "-"
46.19.138.234 - - [16/Jan/2025:02:15:11 +0000] "GET / HTTP/1.1" 200 1003 "-" "Mozilla/5.0 (Windows NT 10.0; Win64; x64) AppleWebKit/537.36 (KHTML, like Gecko) Chrome/90.0.4430.85 Safari/537.36 Edg/90.0.818.46"
20.118.69.75 - - [16/Jan/2025:02:18:07 +0000] "GET /portal/redlion HTTP/1.1" 302 331 "-" "Mozilla/5.0 zgrab/0.x"
92.255.57.58 - - [16/Jan/2025:02:38:14 +0000] "GET /?XDEBUG_SESSION_START=phpstorm HTTP/1.1" 200 966 "-" "Mozilla/5.0 (Windows NT 10.0; Win64; x64) AppleWebKit/537.36 (KHTML, like Gecko) Chrome/78.0.3904.108 Safari/537.36"
147.185.132.59 - - [16/Jan/2025:02:44:06 +0000] "GET / HTTP/1.1" 200 947 "-" "Expanse, a Palo Alto Networks company, searches across the global IPv4 space multiple times per day to identify customers&#39; presences on the Internet. If you would like to be excluded from our scans, please send IP addresses/domains to: scaninfo@paloaltonetworks.com"
198.235.24.129 - - [16/Jan/2025:02:59:33 +0000] "\x16\x03\x01" 400 523 "-" "-"
198.235.24.129 - - [16/Jan/2025:02:59:33 +0000] "\x16\x03\x01" 400 523 "-" "-"
92.255.57.58 - - [16/Jan/2025:03:23:48 +0000] "GET /actuator/gateway/routes HTTP/1.1" 302 350 "-" "Mozilla/5.0 (Windows NT 10.0; Win64; x64) AppleWebKit/537.36 (KHTML, like Gecko) Chrome/78.0.3904.108 Safari/537.36"
92.255.57.58 - - [16/Jan/2025:03:23:48 +0000] "GET / HTTP/1.1" 200 966 "http://34.165.81.226:80/actuator/gateway/routes" "Mozilla/5.0 (Windows NT 10.0; Win64; x64) AppleWebKit/537.36 (KHTML, like Gecko) Chrome/78.0.3904.108 Safari/537.36"
78.153.140.149 - - [16/Jan/2025:03:35:36 +0000] "GET /.env HTTP/1.1" 302 387 "-" "Mozilla/5.0 (Windows NT 10.0; Win64; x64) AppleWebKit/537.36 (KHTML, like Gecko) Chrome/116.0.5845.140 Safari/537.36"
78.153.140.149 - - [16/Jan/2025:03:35:36 +0000] "POST / HTTP/1.1" 200 1003 "-" "Mozilla/5.0 (Windows NT 10.0; Win64; x64) AppleWebKit/537.36 (KHTML, like Gecko) Chrome/116.0.5845.140 Safari/537.36"
45.79.128.205 - - [16/Jan/2025:03:45:43 +0000] "\x16\x03\x01" 400 523 "-" "-"
92.255.57.58 - - [16/Jan/2025:03:49:19 +0000] "\x16\x03\x01\x05\xa8\x01" 400 523 "-" "-"
5.181.190.248 - - [16/Jan/2025:04:03:12 +0000] "GET /cgi-bin/luci/;stok=/locale?form=country&operation=read HTTP/1.1" 302 331 "-" "-"
5.181.190.248 - - [16/Jan/2025:04:03:13 +0000] "GET / HTTP/1.1" 200 1742 "http://34.165.81.226:80/cgi-bin/luci/;stok=/locale?form=country&operation=read" "-"
179.43.191.146 - - [16/Jan/2025:04:15:29 +0000] "GET / HTTP/1.1" 200 1003 "-" "Mozilla/5.0 (Windows NT 10.0; Win64; x64) AppleWebKit/537.36 (KHTML, like Gecko) Chrome/90.0.4430.85 Safari/537.36 Edg/90.0.818.46"
220.117.116.101 - - [16/Jan/2025:04:54:45 +0000] "GET / HTTP/1.0" 200 1761 "-" "curl/7.88.1"
78.153.140.149 - - [16/Jan/2025:05:12:19 +0000] "GET /.env HTTP/1.1" 302 387 "-" "Mozilla/5.0 (Windows NT 10.0; Win64; x64) AppleWebKit/537.36 (KHTML, like Gecko) Chrome/116.0.5845.140 Safari/537.36"
78.153.140.149 - - [16/Jan/2025:05:12:19 +0000] "POST / HTTP/1.1" 200 1003 "-" "Mozilla/5.0 (Windows NT 10.0; Win64; x64) AppleWebKit/537.36 (KHTML, like Gecko) Chrome/116.0.5845.140 Safari/537.36"
115.231.78.14 - - [16/Jan/2025:06:40:30 +0000] "GET / HTTP/1.1" 200 1798 "-" "Mozilla/5.0 (Windows NT 6.1) AppleWebKit/537.36 (KHTML, like Gecko) Chrome/71.0.2623.112 Safari/537.36"
115.231.78.14 - - [16/Jan/2025:06:40:30 +0000] "GET / HTTP/1.1" 200 966 "-" "Mozilla/5.0 (Windows NT 6.1; WOW64) AppleWebKit/537.36 (KHTML, like Gecko) Chrome/63.0.3239.132 Safari/537.36 QIHU 360SE"
115.231.78.14 - - [16/Jan/2025:06:40:31 +0000] "GET /favicon.ico HTTP/1.1" 302 350 "-" "Mozilla/5.0 (Windows NT 6.1; WOW64) AppleWebKit/537.36 (KHTML, like Gecko) Chrome/63.0.3239.132 Safari/537.36 QIHU 360SE"
115.231.78.14 - - [16/Jan/2025:06:40:32 +0000] "GET / HTTP/1.1" 200 966 "http://34.165.81.226:80/favicon.ico" "Mozilla/5.0 (Windows NT 6.1; WOW64) AppleWebKit/537.36 (KHTML, like Gecko) Chrome/63.0.3239.132 Safari/537.36 QIHU 360SE"
115.231.78.14 - - [16/Jan/2025:06:40:32 +0000] "GET /robots.txt HTTP/1.1" 302 350 "-" "Mozilla/5.0 (Windows NT 6.1; WOW64) AppleWebKit/537.36 (KHTML, like Gecko) Chrome/63.0.3239.132 Safari/537.36 QIHU 360SE"
115.231.78.14 - - [16/Jan/2025:06:40:34 +0000] "GET /js/brand.js HTTP/1.1" 200 533 "-" "Mozilla/5.0 (Windows NT 6.1; WOW64) AppleWebKit/537.36 (KHTML, like Gecko) Chrome/63.0.3239.132 Safari/537.36 QIHU 360SE"
115.231.78.14 - - [16/Jan/2025:06:40:35 +0000] "GET /js/login.js HTTP/1.1" 200 885 "-" "Mozilla/5.0 (Windows NT 6.1; WOW64) AppleWebKit/537.36 (KHTML, like Gecko) Chrome/63.0.3239.132 Safari/537.36 QIHU 360SE"
78.153.140.149 - - [16/Jan/2025:06:43:29 +0000] "GET /.env HTTP/1.1" 302 387 "-" "Mozilla/5.0 (Windows NT 10.0; Win64; x64) AppleWebKit/537.36 (KHTML, like Gecko) Chrome/116.0.5845.140 Safari/537.36"
78.153.140.149 - - [16/Jan/2025:06:43:30 +0000] "POST / HTTP/1.1" 200 1003 "-" "Mozilla/5.0 (Windows NT 10.0; Win64; x64) AppleWebKit/537.36 (KHTML, like Gecko) Chrome/116.0.5845.140 Safari/537.36"
148.153.45.238 - - [16/Jan/2025:06:52:41 +0000] "GET /aEpF HTTP/1.1" 302 350 "-" "Mozilla/5.0 (Macintosh; Intel Mac OS X 10.9; rv:32.0) Gecko/20100101 Firefox/32.0"
148.153.45.238 - - [16/Jan/2025:06:52:41 +0000] "GET / HTTP/1.1" 200 966 "http://34.165.81.226:80/aEpF" "Mozilla/5.0 (Macintosh; Intel Mac OS X 10.9; rv:32.0) Gecko/20100101 Firefox/32.0"
148.153.45.238 - - [16/Jan/2025:06:52:42 +0000] "GET /wd2P HTTP/1.1" 302 350 "-" "Mozilla/5.0 (Macintosh; Intel Mac OS X 10.9; rv:32.0) Gecko/20100101 Firefox/32.0"
148.153.45.238 - - [16/Jan/2025:06:52:42 +0000] "GET / HTTP/1.1" 200 966 "http://34.165.81.226:80/wd2P" "Mozilla/5.0 (Macintosh; Intel Mac OS X 10.9; rv:32.0) Gecko/20100101 Firefox/32.0"
148.153.45.238 - - [16/Jan/2025:06:52:42 +0000] "GET /aab8 HTTP/1.1" 302 350 "-" "Mozilla/5.0 (Macintosh; Intel Mac OS X 10.9; rv:32.0) Gecko/20100101 Firefox/32.0"
148.153.45.238 - - [16/Jan/2025:06:52:43 +0000] "GET / HTTP/1.1" 200 966 "http://34.165.81.226:80/aab8" "Mozilla/5.0 (Macintosh; Intel Mac OS X 10.9; rv:32.0) Gecko/20100101 Firefox/32.0"
148.153.45.238 - - [16/Jan/2025:06:52:43 +0000] "GET /aab9 HTTP/1.1" 302 350 "-" "Mozilla/5.0 (Macintosh; Intel Mac OS X 10.9; rv:32.0) Gecko/20100101 Firefox/32.0"
148.153.45.238 - - [16/Jan/2025:06:52:44 +0000] "GET / HTTP/1.1" 200 966 "http://34.165.81.226:80/aab9" "Mozilla/5.0 (Macintosh; Intel Mac OS X 10.9; rv:32.0) Gecko/20100101 Firefox/32.0"
206.189.23.94 - - [16/Jan/2025:07:20:29 +0000] "GET / HTTP/1.1" 200 947 "-" "Mozilla/5.0 (compatible)"
206.189.23.94 - - [16/Jan/2025:07:20:29 +0000] "GET /favicon.ico HTTP/1.1" 302 331 "http://34.165.81.226/" "Mozilla/5.0 (compatible)"
95.214.55.226 - - [16/Jan/2025:07:46:51 +0000] "GET / HTTP/1.1" 200 1742 "-" "-"
117.108.47.17 - - [16/Jan/2025:08:38:17 +0000] "GET / HTTP/1.0" 200 1761 "-" "curl/7.88.1"
117.108.47.17 - - [16/Jan/2025:08:38:18 +0000] "GET / HTTP/1.0" 200 1761 "-" "curl/7.88.1"
78.153.140.149 - - [16/Jan/2025:08:49:44 +0000] "GET /.env HTTP/1.1" 302 387 "-" "Mozilla/5.0 (Windows NT 10.0; Win64; x64) AppleWebKit/537.36 (KHTML, like Gecko) Chrome/116.0.5845.140 Safari/537.36"
78.153.140.149 - - [16/Jan/2025:08:49:44 +0000] "POST / HTTP/1.1" 200 1003 "-" "Mozilla/5.0 (Windows NT 10.0; Win64; x64) AppleWebKit/537.36 (KHTML, like Gecko) Chrome/116.0.5845.140 Safari/537.36"
46.19.138.234 - - [16/Jan/2025:08:52:28 +0000] "GET / HTTP/1.1" 200 1003 "-" "Mozilla/5.0 (Windows NT 10.0; Win64; x64) AppleWebKit/537.36 (KHTML, like Gecko) Chrome/90.0.4430.85 Safari/537.36 Edg/90.0.818.46"
178.215.236.132 - - [16/Jan/2025:09:07:20 +0000] "GET /.git/HEAD HTTP/1.1" 302 350 "-" "Mozilla/5.0 (Macintosh; U; Intel Mac OS X 10_6_3; en-us; Silk/1.0.13.81_10003810) AppleWebKit/533.16 (KHTML, like Gecko) Version/5.0 Safari/533.16 Silk-Accelerated=true"
74.82.47.2 - - [16/Jan/2025:09:16:32 +0000] "GET / HTTP/1.1" 200 947 "-" "Mozilla/5.0 (Windows NT 10.0; WOW64) AppleWebKit/537.36 (KHTML, like Gecko) Chrome/109.0.0.0 Safari/537.36"
74.82.47.2 - - [16/Jan/2025:09:19:26 +0000] "GET /favicon.ico HTTP/1.1" 302 331 "-" "Mozilla/5.0 (Macintosh; Intel Mac OS X 10_15_7) AppleWebKit/605.1.15 (KHTML, like Gecko)"
74.82.47.2 - - [16/Jan/2025:09:20:14 +0000] "GET /geoserver/web/ HTTP/1.1" 302 331 "-" "Mozilla/5.0 (Windows NT 10.0; WOW64) AppleWebKit/537.36 (KHTML, like Gecko) Chrome/109.0.0.0 Safari/537.36"
179.43.191.146 - - [16/Jan/2025:09:30:22 +0000] "GET / HTTP/1.1" 200 1003 "-" "Mozilla/5.0 (Windows NT 10.0; Win64; x64) AppleWebKit/537.36 (KHTML, like Gecko) Chrome/90.0.4430.85 Safari/537.36 Edg/90.0.818.46"
1.1.205.174 - - [16/Jan/2025:09:58:41 +0000] "GET / HTTP/1.0" 200 1761 "-" "curl/7.88.1"
78.153.140.149 - - [16/Jan/2025:10:10:35 +0000] "GET /.env HTTP/1.1" 302 387 "-" "Mozilla/5.0 (Windows NT 10.0; Win64; x64) AppleWebKit/537.36 (KHTML, like Gecko) Chrome/116.0.5845.140 Safari/537.36"
78.153.140.149 - - [16/Jan/2025:10:10:36 +0000] "POST / HTTP/1.1" 200 1003 "-" "Mozilla/5.0 (Windows NT 10.0; Win64; x64) AppleWebKit/537.36 (KHTML, like Gecko) Chrome/116.0.5845.140 Safari/537.36"
198.235.24.10 - - [16/Jan/2025:10:23:15 +0000] "GET / HTTP/1.1" 200 947 "-" "Expanse, a Palo Alto Networks company, searches across the global IPv4 space multiple times per day to identify customers&#39; presences on the Internet. If you would like to be excluded from our scans, please send IP addresses/domains to: scaninfo@paloaltonetworks.com"
167.172.90.143 - - [16/Jan/2025:10:36:21 +0000] "GET /cdn-cgi/trace HTTP/1.1" 302 350 "-" "Mozilla/5.0"
167.172.90.143 - - [16/Jan/2025:10:36:24 +0000] "\x16\x03\x01\x01\v\x01" 400 523 "-" "-"
206.189.152.11 - - [16/Jan/2025:10:36:43 +0000] "GET /cdn-cgi/trace HTTP/1.1" 302 350 "-" "Mozilla/5.0"
206.189.152.11 - - [16/Jan/2025:10:36:47 +0000] "\x16\x03\x01\x01\v\x01" 400 523 "-" "-"
95.214.55.226 - - [16/Jan/2025:10:58:37 +0000] "GET / HTTP/1.1" 200 1742 "-" "-"
110.41.184.245 - - [16/Jan/2025:11:04:31 +0000] "GET /stalker_portal/c/xpcom.common.js HTTP/1.1\n" 400 523 "-" "-"
159.223.205.208 - - [16/Jan/2025:11:27:02 +0000] "GET /.env HTTP/1.1" 302 350 "-" "Mozilla/5.0 (Windows Phone 8.1; ARM; Trident/7.0; Touch; rv:11.0; IEMobile/11.0; NOKIA; Lumia 630) like Gecko"
78.153.140.149 - - [16/Jan/2025:12:43:50 +0000] "GET /.env HTTP/1.1" 302 387 "-" "Mozilla/5.0 (Windows NT 10.0; Win64; x64) AppleWebKit/537.36 (KHTML, like Gecko) Chrome/116.0.5845.140 Safari/537.36"
78.153.140.149 - - [16/Jan/2025:12:43:50 +0000] "POST / HTTP/1.1" 200 1003 "-" "Mozilla/5.0 (Windows NT 10.0; Win64; x64) AppleWebKit/537.36 (KHTML, like Gecko) Chrome/116.0.5845.140 Safari/537.36"
35.195.25.18 - - [16/Jan/2025:12:46:20 +0000] "GET / HTTP/1.1" 200 1003 "-" "python-requests/2.32.3"
185.196.220.253 - - [16/Jan/2025:12:59:50 +0000] "GET / HTTP/1.1" 200 1742 "-" "Hello World"
5.181.190.248 - - [16/Jan/2025:13:00:44 +0000] "GET /cgi-bin/luci/;stok=/locale?form=country&operation=read HTTP/1.1" 302 331 "-" "-"
5.181.190.248 - - [16/Jan/2025:13:00:46 +0000] "GET / HTTP/1.1" 200 1742 "http://34.165.81.226:80/cgi-bin/luci/;stok=/locale?form=country&operation=read" "-"
139.59.101.104 - - [16/Jan/2025:13:07:28 +0000] "GET /cdn-cgi/trace HTTP/1.1" 302 350 "-" "Mozilla/5.0"
206.168.34.192 - - [16/Jan/2025:13:33:33 +0000] "GET / HTTP/1.1" 200 1742 "-" "-"
206.168.34.192 - - [16/Jan/2025:13:33:37 +0000] "GET / HTTP/1.1" 200 947 "-" "Mozilla/5.0 (compatible; CensysInspect/1.1; +https://about.censys.io/)"
206.168.34.192 - - [16/Jan/2025:13:33:37 +0000] "GET /favicon.ico HTTP/1.1" 302 350 "-" "Mozilla/5.0 (compatible; CensysInspect/1.1; +https://about.censys.io/)"
206.168.34.192 - - [16/Jan/2025:13:33:37 +0000] "GET / HTTP/1.1" 200 966 "http://34.165.81.226/favicon.ico" "Mozilla/5.0 (compatible; CensysInspect/1.1; +https://about.censys.io/)"
206.168.34.192 - - [16/Jan/2025:13:33:38 +0000] "PRI * HTTP/2.0" 400 523 "-" "-"
78.153.140.149 - - [16/Jan/2025:14:15:02 +0000] "GET /.env HTTP/1.1" 302 387 "-" "Mozilla/5.0 (Windows NT 10.0; Win64; x64) AppleWebKit/537.36 (KHTML, like Gecko) Chrome/116.0.5845.140 Safari/537.36"
78.153.140.149 - - [16/Jan/2025:14:15:03 +0000] "POST / HTTP/1.1" 200 1003 "-" "Mozilla/5.0 (Windows NT 10.0; Win64; x64) AppleWebKit/537.36 (KHTML, like Gecko) Chrome/116.0.5845.140 Safari/537.36"
46.19.138.234 - - [16/Jan/2025:14:20:17 +0000] "GET / HTTP/1.1" 200 1003 "-" "Mozilla/5.0 (Windows NT 10.0; Win64; x64) AppleWebKit/537.36 (KHTML, like Gecko) Chrome/90.0.4430.85 Safari/537.36 Edg/90.0.818.46"
173.167.19.90 - - [16/Jan/2025:15:12:00 +0000] "GET / HTTP/1.0" 200 1761 "-" "curl/7.88.1"
45.79.181.94 - - [16/Jan/2025:15:45:58 +0000] "\x16\x03\x01" 400 523 "-" "-"
45.148.10.242 - - [16/Jan/2025:15:48:44 +0000] "GET / HTTP/1.1" 200 1003 "-" "Mozilla/5.0 (Windows NT 10.0; Win64; x64) AppleWebKit/537.36 (KHTML, like Gecko) Chrome/90.0.4430.85 Safari/537.36 Edg/90.0.818.46"
179.43.191.146 - - [16/Jan/2025:16:07:15 +0000] "GET / HTTP/1.1" 200 1003 "-" "Mozilla/5.0 (Windows NT 10.0; Win64; x64) AppleWebKit/537.36 (KHTML, like Gecko) Chrome/90.0.4430.85 Safari/537.36 Edg/90.0.818.46"
52.228.154.166 - - [16/Jan/2025:16:08:49 +0000] "GET /manager/text/list HTTP/1.1" 302 331 "-" "Mozilla/5.0 zgrab/0.x"
78.153.140.149 - - [16/Jan/2025:16:11:53 +0000] "GET /.env HTTP/1.1" 302 387 "-" "Mozilla/5.0 (Windows NT 10.0; Win64; x64) AppleWebKit/537.36 (KHTML, like Gecko) Chrome/116.0.5845.140 Safari/537.36"
78.153.140.149 - - [16/Jan/2025:16:11:53 +0000] "POST / HTTP/1.1" 200 1003 "-" "Mozilla/5.0 (Windows NT 10.0; Win64; x64) AppleWebKit/537.36 (KHTML, like Gecko) Chrome/116.0.5845.140 Safari/537.36"
139.59.101.104 - - [16/Jan/2025:16:14:49 +0000] "GET /cdn-cgi/trace HTTP/1.1" 302 350 "-" "Mozilla/5.0"
31.13.224.222 - - [16/Jan/2025:16:29:49 +0000] "GET /.env HTTP/1.1" 302 350 "-" "Mozilla/5.0 (Windows NT 10.0; WOW64) AppleWebKit/537.36 (KHTML, like Gecko) Chrome/76.0.3809.25 Safari/537.36"
4.255.100.154 - - [16/Jan/2025:16:43:04 +0000] "GET /hudson HTTP/1.1" 302 331 "-" "Mozilla/5.0 zgrab/0.x"
78.153.140.149 - - [16/Jan/2025:16:44:59 +0000] "GET /.env HTTP/1.1" 302 387 "-" "Mozilla/5.0 (Windows NT 10.0; Win64; x64) AppleWebKit/537.36 (KHTML, like Gecko) Chrome/116.0.5845.140 Safari/537.36"
78.153.140.149 - - [16/Jan/2025:16:44:59 +0000] "POST / HTTP/1.1" 200 1003 "-" "Mozilla/5.0 (Windows NT 10.0; Win64; x64) AppleWebKit/537.36 (KHTML, like Gecko) Chrome/116.0.5845.140 Safari/537.36"
121.88.232.113 - - [16/Jan/2025:16:50:17 +0000] "GET / HTTP/1.0" 200 1761 "-" "curl/7.88.1"
52.249.38.140 - - [16/Jan/2025:17:24:40 +0000] "MGLNDD_34.165.81.226_80\n" 400 523 "-" "-"
95.214.55.226 - - [16/Jan/2025:17:32:40 +0000] "GET / HTTP/1.1" 200 1742 "-" "-"
80.82.77.202 - - [16/Jan/2025:17:54:49 +0000] "GET / HTTP/1.0" 200 1761 "-" "Mozilla/5.0 (X11; Linux x86_64; en-US; rv:2.0b2pre) Gecko/20100712 Minefield/4.0b2pre"
78.153.140.149 - - [16/Jan/2025:18:25:13 +0000] "GET /.env HTTP/1.1" 302 387 "-" "Mozilla/5.0 (Windows NT 10.0; Win64; x64) AppleWebKit/537.36 (KHTML, like Gecko) Chrome/116.0.5845.140 Safari/537.36"
78.153.140.149 - - [16/Jan/2025:18:25:14 +0000] "POST / HTTP/1.1" 200 1003 "-" "Mozilla/5.0 (Windows NT 10.0; Win64; x64) AppleWebKit/537.36 (KHTML, like Gecko) Chrome/116.0.5845.140 Safari/537.36"
198.235.24.66 - - [16/Jan/2025:18:54:52 +0000] "GET / HTTP/1.1" 200 947 "-" "Expanse, a Palo Alto Networks company, searches across the global IPv4 space multiple times per day to identify customers&#39; presences on the Internet. If you would like to be excluded from our scans, please send IP addresses/domains to: scaninfo@paloaltonetworks.com"
5.181.190.248 - - [16/Jan/2025:19:03:22 +0000] "GET /cgi-bin/luci/;stok=/locale?form=country&operation=read HTTP/1.1" 302 331 "-" "-"
5.181.190.248 - - [16/Jan/2025:19:03:22 +0000] "GET / HTTP/1.1" 200 1742 "http://34.165.81.226:80/cgi-bin/luci/;stok=/locale?form=country&operation=read" "-"
195.3.223.40 - - [16/Jan/2025:19:10:29 +0000] "GET / HTTP/1.1" 200 1003 "-" "Mozilla/5.0 (Windows NT 10.0; Win64; x64) AppleWebKit/537.36 (KHTML, like Gecko) Chrome/90.0.4430.85 Safari/537.36 Edg/90.0.818.46"
78.153.140.149 - - [16/Jan/2025:19:27:49 +0000] "GET /.env HTTP/1.1" 302 387 "-" "Mozilla/5.0 (Windows NT 10.0; Win64; x64) AppleWebKit/537.36 (KHTML, like Gecko) Chrome/116.0.5845.140 Safari/537.36"
78.153.140.149 - - [16/Jan/2025:19:27:50 +0000] "POST / HTTP/1.1" 200 1003 "-" "Mozilla/5.0 (Windows NT 10.0; Win64; x64) AppleWebKit/537.36 (KHTML, like Gecko) Chrome/116.0.5845.140 Safari/537.36"
45.148.10.242 - - [16/Jan/2025:19:43:27 +0000] "GET / HTTP/1.1" 200 1003 "-" "Mozilla/5.0 (Windows NT 10.0; Win64; x64) AppleWebKit/537.36 (KHTML, like Gecko) Chrome/90.0.4430.85 Safari/537.36 Edg/90.0.818.46"
89.218.42.242 - - [16/Jan/2025:19:46:06 +0000] "GET / HTTP/1.1" 200 1742 "-" "Mozilla/5.0 (Windows NT 6.1; WOW64) AppleWebKit/537.36 (KHTML, like Gecko) Chrome/51.0.2704.103 Safari/537.36"
47.102.36.52 - - [16/Jan/2025:19:48:23 +0000] "GET /.env.bak HTTP/1.1" 302 331 "-" "Mozilla/5.0 (iPhone; CPU iPhone OS 17_5_1 like Mac OS X) AppleWebKit/605.1.15 (KHTML, like Gecko) Version/17.4.1 Mobile/15E148 Safari/604.1"
198.235.24.2 - - [16/Jan/2025:19:54:17 +0000] "GET / HTTP/1.1" 200 947 "-" "Expanse, a Palo Alto Networks company, searches across the global IPv4 space multiple times per day to identify customers&#39; presences on the Internet. If you would like to be excluded from our scans, please send IP addresses/domains to: scaninfo@paloaltonetworks.com"
4.151.229.99 - - [16/Jan/2025:20:24:46 +0000] "GET / HTTP/1.1" 200 947 "-" "Mozilla/5.0 zgrab/0.x"
195.178.110.224 - - [16/Jan/2025:20:42:35 +0000] "GET / HTTP/1.0" 200 1761 "-" "-"
3.134.109.31 - - [16/Jan/2025:20:43:01 +0000] "GET / HTTP/1.1" 200 947 "-" "Mozilla/5.0 (Macintosh; Intel Mac OS X 10_15_7) Chrome/126.0.0.0 Safari/537.36"
3.134.109.31 - - [16/Jan/2025:20:43:28 +0000] "\x16\x03\x01" 400 523 "-" "-"
18.216.4.246 - - [16/Jan/2025:20:44:51 +0000] "\x16\x03\x01" 400 523 "-" "-"
18.216.4.246 - - [16/Jan/2025:20:45:46 +0000] "GET / HTTP/1.1" 200 947 "-" "Mozilla/5.0 (Macintosh; Intel Mac OS X 10_15_7) Chrome/126.0.0.0 Safari/537.36"
95.214.55.226 - - [16/Jan/2025:20:46:23 +0000] "GET / HTTP/1.1" 200 1742 "-" "-"
46.19.138.234 - - [16/Jan/2025:21:15:58 +0000] "GET / HTTP/1.1" 200 1003 "-" "Mozilla/5.0 (Windows NT 10.0; Win64; x64) AppleWebKit/537.36 (KHTML, like Gecko) Chrome/90.0.4430.85 Safari/537.36 Edg/90.0.818.46"
185.247.137.22 - - [16/Jan/2025:21:18:01 +0000] "GET / HTTP/1.1" 200 966 "-" "Mozilla/5.0 (compatible; InternetMeasurement/1.0; +https://internet-measurement.com/)"
185.196.220.253 - - [16/Jan/2025:21:22:18 +0000] "GET / HTTP/1.1" 200 1742 "-" "Hello World"
179.43.191.146 - - [16/Jan/2025:21:28:21 +0000] "GET / HTTP/1.1" 200 1003 "-" "Mozilla/5.0 (Windows NT 10.0; Win64; x64) AppleWebKit/537.36 (KHTML, like Gecko) Chrome/90.0.4430.85 Safari/537.36 Edg/90.0.818.46"
5.181.190.248 - - [16/Jan/2025:21:44:23 +0000] "GET /cgi-bin/luci/;stok=/locale?form=country&operation=read HTTP/1.1" 302 331 "-" "-"
5.181.190.248 - - [16/Jan/2025:21:44:23 +0000] "GET / HTTP/1.1" 200 1742 "http://34.165.81.226:80/cgi-bin/luci/;stok=/locale?form=country&operation=read" "-"
78.153.140.149 - - [16/Jan/2025:21:55:48 +0000] "GET /.env HTTP/1.1" 302 387 "-" "Mozilla/5.0 (Windows NT 10.0; Win64; x64) AppleWebKit/537.36 (KHTML, like Gecko) Chrome/116.0.5845.140 Safari/537.36"
78.153.140.149 - - [16/Jan/2025:21:55:48 +0000] "POST / HTTP/1.1" 200 1003 "-" "Mozilla/5.0 (Windows NT 10.0; Win64; x64) AppleWebKit/537.36 (KHTML, like Gecko) Chrome/116.0.5845.140 Safari/537.36"
165.154.173.120 - - [16/Jan/2025:22:21:14 +0000] "GET / HTTP/1.1" 200 1742 "-" "curl/7.29.0"
165.154.173.120 - - [16/Jan/2025:22:21:15 +0000] "\x16\x03\x01" 400 523 "-" "-"
165.154.173.120 - - [16/Jan/2025:22:21:15 +0000] "t3 12.1.2\n" 400 523 "-" "-"
165.154.162.212 - - [16/Jan/2025:22:22:30 +0000] "GET / HTTP/1.1" 200 966 "-" "Mozilla/5.0 (Windows NT 8_1_1; Win64; x64) AppleWebKit/541.41 (KHTML, like Gecko) Chrome/94.0.25 Safari/537.36"
165.154.162.212 - - [16/Jan/2025:22:22:31 +0000] "GET /favicon.ico HTTP/1.1" 302 350 "-" "Go-http-client/1.1"
165.154.162.212 - - [16/Jan/2025:22:22:31 +0000] "GET / HTTP/1.1" 200 966 "http://34.165.81.226/favicon.ico" "Go-http-client/1.1"
165.154.162.212 - - [16/Jan/2025:22:22:31 +0000] "GET /js/brand.js HTTP/1.1" 200 533 "-" "Go-http-client/1.1"
165.154.162.212 - - [16/Jan/2025:22:22:32 +0000] "GET /js/login.js HTTP/1.1" 200 885 "-" "Go-http-client/1.1"
165.154.162.212 - - [16/Jan/2025:22:22:32 +0000] "GET /sitemap.xml HTTP/1.1" 302 350 "-" "Go-http-client/1.1"
165.154.162.212 - - [16/Jan/2025:22:22:32 +0000] "GET /robots.txt HTTP/1.1" 302 350 "-" "Go-http-client/1.1"
165.154.162.212 - - [16/Jan/2025:22:22:32 +0000] "GET / HTTP/1.1" 200 966 "http://34.165.81.226/sitemap.xml" "Go-http-client/1.1"
165.154.162.212 - - [16/Jan/2025:22:22:32 +0000] "GET / HTTP/1.1" 200 966 "http://34.165.81.226/robots.txt" "Go-http-client/1.1"
78.153.140.149 - - [16/Jan/2025:22:26:45 +0000] "GET /.env HTTP/1.1" 302 387 "-" "Mozilla/5.0 (Windows NT 10.0; Win64; x64) AppleWebKit/537.36 (KHTML, like Gecko) Chrome/116.0.5845.140 Safari/537.36"
78.153.140.149 - - [16/Jan/2025:22:26:45 +0000] "POST / HTTP/1.1" 200 1003 "-" "Mozilla/5.0 (Windows NT 10.0; Win64; x64) AppleWebKit/537.36 (KHTML, like Gecko) Chrome/116.0.5845.140 Safari/537.36"
185.242.226.10 - - [16/Jan/2025:22:26:50 +0000] "GET / HTTP/1.1" 200 947 "-" "Mozilla/5.0 (Windows NT 10.0; Win64; x64) AppleWebKit/537.36 (KHTML, like Gecko) Chrome/88.0.4324.190 Safari/537.36"
46.19.138.234 - - [16/Jan/2025:22:39:01 +0000] "GET / HTTP/1.1" 200 1003 "-" "Mozilla/5.0 (Windows NT 10.0; Win64; x64) AppleWebKit/537.36 (KHTML, like Gecko) Chrome/90.0.4430.85 Safari/537.36 Edg/90.0.818.46"
185.213.20.205 - - [16/Jan/2025:22:42:31 +0000] "GET /.env HTTP/1.1" 302 331 "-" "Python/3.11 aiohttp/3.8.4"
80.82.77.202 - - [16/Jan/2025:23:17:12 +0000] "\x16\x03\x02\x01o\x01" 400 523 "-" "-"
87.120.115.119 - - [16/Jan/2025:23:21:35 +0000] "GET /.env HTTP/1.1" 302 350 "-" "Mozilla/5.0 (Windows NT 10.0; WOW64; Trident/7.0; MATBJS; rv:11.0) like Gecko"
95.214.55.226 - - [16/Jan/2025:23:46:53 +0000] "GET / HTTP/1.1" 200 1742 "-" "-"
122.45.68.98 - - [16/Jan/2025:23:50:14 +0000] "GET / HTTP/1.0" 200 1761 "-" "Mozilla/5.0 (Linux; U; Android 4.0.3; ko-kr; LG-L160L Build/IML74K) AppleWebkit/534.30 (KHTML, like Gecko) Version/4.0 Mobile Safari/534.30"
172.104.11.51 - - [16/Jan/2025:23:52:51 +0000] "\x16\x03\x01" 400 523 "-" "-"
