193.41.206.24 - - [09/Jan/2025:16:35:18 +0000] "GET /api/.env HTTP/1.1" 302 386 "-" "-"
193.41.206.24 - - [09/Jan/2025:16:35:18 +0000] "GET /api/.env HTTP/1.1" 302 386 "-" "-"
193.41.206.24 - - [09/Jan/2025:16:35:20 +0000] "GET /app/.env HTTP/1.1" 302 386 "-" "-"
193.41.206.24 - - [09/Jan/2025:16:35:20 +0000] "GET /app/.env HTTP/1.1" 302 386 "-" "-"
179.43.191.146 - - [09/Jan/2025:16:49:15 +0000] "GET / HTTP/1.1" 200 1003 "-" "Mozilla/5.0 (Windows NT 10.0; Win64; x64) AppleWebKit/537.36 (KHTML, like Gecko) Chrome/90.0.4430.85 Safari/537.36 Edg/90.0.818.46"
139.59.101.104 - - [09/Jan/2025:16:52:52 +0000] "GET /cdn-cgi/trace HTTP/1.1" 302 350 "-" "Mozilla/5.0"
152.42.219.47 - - [09/Jan/2025:17:03:51 +0000] "GET /cdn-cgi/trace HTTP/1.1" 302 350 "-" "Mozilla/5.0"
185.16.39.104 - - [09/Jan/2025:17:04:15 +0000] "GET / HTTP/1.1" 200 1003 "-" "Mozilla/5.0 (Windows NT 10.0; Win64; x64) AppleWebKit/537.36 (KHTML, like Gecko) Chrome/90.0.4430.85 Safari/537.36 Edg/90.0.818.46"
152.42.219.47 - - [09/Jan/2025:17:04:17 +0000] "\x16\x03\x01\x01\v\x01" 400 526 "-" "-"
193.200.78.250 - - [09/Jan/2025:17:10:11 +0000] "GET / HTTP/1.1" 200 1003 "-" "Mozilla/5.0 (Windows NT 10.0; Win64; x64) AppleWebKit/537.36 (KHTML, like Gecko) Chrome/90.0.4430.85 Safari/537.36 Edg/90.0.818.46"
178.128.54.126 - - [09/Jan/2025:17:12:58 +0000] "GET /cdn-cgi/trace HTTP/1.1" 302 350 "-" "Mozilla/5.0"
178.128.54.126 - - [09/Jan/2025:17:13:33 +0000] "\x16\x03\x01\x01\v\x01" 400 526 "-" "-"
175.107.200.130 - - [09/Jan/2025:17:13:35 +0000] "GET / HTTP/1.0" 200 1761 "-" "curl/7.88.1"
175.107.200.130 - - [09/Jan/2025:17:13:37 +0000] "GET / HTTP/1.0" 200 1761 "-" "curl/7.88.1"
159.223.67.34 - - [09/Jan/2025:17:17:50 +0000] "GET /cdn-cgi/trace HTTP/1.1" 302 350 "-" "Mozilla/5.0"
159.223.67.34 - - [09/Jan/2025:17:17:57 +0000] "\x16\x03\x01\x01\v\x01" 400 526 "-" "-"
152.42.219.47 - - [09/Jan/2025:17:18:46 +0000] "GET /cdn-cgi/trace HTTP/1.1" 302 350 "-" "Mozilla/5.0"
152.42.219.47 - - [09/Jan/2025:17:18:57 +0000] "\x16\x03\x01\x01\v\x01" 400 526 "-" "-"
5.181.190.248 - - [09/Jan/2025:17:30:53 +0000] "GET / HTTP/1.1" 200 1742 "-" "-"
118.91.0.205 - - [09/Jan/2025:17:32:01 +0000] "GET / HTTP/1.0" 200 1761 "-" "curl/7.88.1"
78.153.140.149 - - [09/Jan/2025:17:43:53 +0000] "GET /.env HTTP/1.1" 302 387 "-" "Mozilla/5.0 (Windows NT 10.0; Win64; x64) AppleWebKit/537.36 (KHTML, like Gecko) Chrome/116.0.5845.140 Safari/537.36"
78.153.140.149 - - [09/Jan/2025:17:43:54 +0000] "POST / HTTP/1.1" 200 1003 "-" "Mozilla/5.0 (Windows NT 10.0; Win64; x64) AppleWebKit/537.36 (KHTML, like Gecko) Chrome/116.0.5845.140 Safari/537.36"
172.104.11.46 - - [09/Jan/2025:17:45:50 +0000] "\x16\x03\x01" 400 526 "-" "-"
221.157.29.239 - - [09/Jan/2025:17:57:28 +0000] "GET / HTTP/1.0" 200 1761 "-" "curl/7.88.1"
78.153.140.149 - - [09/Jan/2025:18:15:57 +0000] "GET /.env HTTP/1.1" 302 387 "-" "Mozilla/5.0 (Windows NT 10.0; Win64; x64) AppleWebKit/537.36 (KHTML, like Gecko) Chrome/116.0.5845.140 Safari/537.36"
78.153.140.149 - - [09/Jan/2025:18:15:57 +0000] "POST / HTTP/1.1" 200 1003 "-" "Mozilla/5.0 (Windows NT 10.0; Win64; x64) AppleWebKit/537.36 (KHTML, like Gecko) Chrome/116.0.5845.140 Safari/537.36"
93.174.93.12 - - [09/Jan/2025:18:43:38 +0000] "\x16\x03\x02\x01o\x01" 400 526 "-" "-"
91.223.3.201 - - [09/Jan/2025:18:44:49 +0000] "GET / HTTP/1.1" 200 1003 "-" "Mozilla/5.0 (Windows NT 10.0; Win64; x64) AppleWebKit/537.36 (KHTML, like Gecko) Chrome/90.0.4430.85 Safari/537.36 Edg/90.0.818.46"
179.43.191.146 - - [09/Jan/2025:18:52:37 +0000] "GET / HTTP/1.1" 200 1003 "-" "Mozilla/5.0 (Windows NT 10.0; Win64; x64) AppleWebKit/537.36 (KHTML, like Gecko) Chrome/90.0.4430.85 Safari/537.36 Edg/90.0.818.46"
45.95.147.253 - - [09/Jan/2025:19:03:55 +0000] "GET / HTTP/1.0" 200 1761 "-" "ivre-masscan/1.3 https://github.com/robertdavidgraham/"
205.210.31.81 - - [09/Jan/2025:19:19:24 +0000] "\x16\x03\x01" 400 526 "-" "-"
205.210.31.81 - - [09/Jan/2025:19:19:25 +0000] "\x16\x03\x01" 400 526 "-" "-"
78.153.140.149 - - [09/Jan/2025:19:41:01 +0000] "GET /.env HTTP/1.1" 302 387 "-" "Mozilla/5.0 (Windows NT 10.0; Win64; x64) AppleWebKit/537.36 (KHTML, like Gecko) Chrome/116.0.5845.140 Safari/537.36"
78.153.140.149 - - [09/Jan/2025:19:41:01 +0000] "POST / HTTP/1.1" 200 1003 "-" "Mozilla/5.0 (Windows NT 10.0; Win64; x64) AppleWebKit/537.36 (KHTML, like Gecko) Chrome/116.0.5845.140 Safari/537.36"
193.200.78.250 - - [09/Jan/2025:20:11:08 +0000] "GET / HTTP/1.1" 200 1003 "-" "Mozilla/5.0 (Windows NT 10.0; Win64; x64) AppleWebKit/537.36 (KHTML, like Gecko) Chrome/90.0.4430.85 Safari/537.36 Edg/90.0.818.46"
5.181.190.248 - - [09/Jan/2025:20:19:47 +0000] "GET / HTTP/1.1" 200 1742 "-" "-"
95.214.55.226 - - [09/Jan/2025:20:23:05 +0000] "GET / HTTP/1.1" 200 1742 "-" "-"
79.41.99.21 - - [09/Jan/2025:20:46:02 +0000] "GET / HTTP/1.0" 200 1761 "-" "curl/7.88.1"
78.153.140.149 - - [09/Jan/2025:21:08:32 +0000] "GET /.env HTTP/1.1" 302 387 "-" "Mozilla/5.0 (Windows NT 10.0; Win64; x64) AppleWebKit/537.36 (KHTML, like Gecko) Chrome/116.0.5845.140 Safari/537.36"
78.153.140.149 - - [09/Jan/2025:21:08:33 +0000] "POST / HTTP/1.1" 200 1003 "-" "Mozilla/5.0 (Windows NT 10.0; Win64; x64) AppleWebKit/537.36 (KHTML, like Gecko) Chrome/116.0.5845.140 Safari/537.36"
80.82.77.202 - - [09/Jan/2025:21:09:40 +0000] "GET / HTTP/1.0" 200 1761 "-" "WebCopier v4.6"
193.200.78.250 - - [09/Jan/2025:21:15:28 +0000] "GET / HTTP/1.1" 200 1003 "-" "Mozilla/5.0 (Windows NT 10.0; Win64; x64) AppleWebKit/537.36 (KHTML, like Gecko) Chrome/90.0.4430.85 Safari/537.36 Edg/90.0.818.46"
46.19.138.234 - - [09/Jan/2025:21:20:25 +0000] "GET / HTTP/1.1" 200 1003 "-" "Mozilla/5.0 (Windows NT 10.0; Win64; x64) AppleWebKit/537.36 (KHTML, like Gecko) Chrome/90.0.4430.85 Safari/537.36 Edg/90.0.818.46"
193.200.78.250 - - [09/Jan/2025:21:34:29 +0000] "GET /logon.htm HTTP/1.1" 302 331 "-" "Hello World"
178.215.236.132 - - [09/Jan/2025:21:42:37 +0000] "GET /_profiler/phpinfo HTTP/1.1" 302 350 "-" "Mozilla/5.0 (Linux; Android 9; EML-L09) AppleWebKit/537.36 (KHTML, like Gecko) Chrome/76.0.3809.89 Mobile Safari/537.36"
172.104.11.34 - - [09/Jan/2025:21:52:39 +0000] "\x16\x03\x01" 400 526 "-" "-"
87.121.79.3 - - [09/Jan/2025:21:59:48 +0000] "GET / HTTP/1.1" 200 1003 "-" "Mozilla/5.0 (Windows NT 10.0; Win64; x64) AppleWebKit/537.36 (KHTML, like Gecko) Chrome/90.0.4430.85 Safari/537.36 Edg/90.0.818.46"
205.210.31.149 - - [09/Jan/2025:22:00:15 +0000] "GET / HTTP/1.1" 200 947 "-" "Expanse, a Palo Alto Networks company, searches across the global IPv4 space multiple times per day to identify customers&#39; presences on the Internet. If you would like to be excluded from our scans, please send IP addresses/domains to: scaninfo@paloaltonetworks.com"
185.16.39.104 - - [09/Jan/2025:22:02:36 +0000] "GET / HTTP/1.1" 200 1003 "-" "Mozilla/5.0 (Windows NT 10.0; Win64; x64) AppleWebKit/537.36 (KHTML, like Gecko) Chrome/90.0.4430.85 Safari/537.36 Edg/90.0.818.46"
92.255.57.58 - - [09/Jan/2025:22:09:25 +0000] "GET /?XDEBUG_SESSION_START=phpstorm HTTP/1.1" 200 966 "-" "Mozilla/5.0 (Windows NT 10.0; Win64; x64) AppleWebKit/537.36 (KHTML, like Gecko) Chrome/78.0.3904.108 Safari/537.36"
193.200.78.250 - - [09/Jan/2025:22:10:31 +0000] "GET /logon.htm HTTP/1.1" 302 331 "-" "Hello World"
49.142.14.22 - - [09/Jan/2025:22:21:10 +0000] "GET / HTTP/1.0" 200 1761 "-" "curl/7.88.1"
103.67.162.206 - - [09/Jan/2025:22:22:30 +0000] "GET /.env HTTP/1.1" 302 387 "-" "Mozilla/5.0 (X11; Linux x86_64) AppleWebKit/537.36 (KHTML, like Gecko) Chrome/81.0.4044.129 Safari/537.36"
103.67.162.206 - - [09/Jan/2025:22:22:30 +0000] "POST / HTTP/1.1" 200 1003 "-" "Mozilla/5.0 (X11; Linux x86_64) AppleWebKit/537.36 (KHTML, like Gecko) Chrome/81.0.4044.129 Safari/537.36"
78.153.140.149 - - [09/Jan/2025:22:29:28 +0000] "GET /.env HTTP/1.1" 302 387 "-" "Mozilla/5.0 (Windows NT 10.0; Win64; x64) AppleWebKit/537.36 (KHTML, like Gecko) Chrome/116.0.5845.140 Safari/537.36"
78.153.140.149 - - [09/Jan/2025:22:29:28 +0000] "POST / HTTP/1.1" 200 1003 "-" "Mozilla/5.0 (Windows NT 10.0; Win64; x64) AppleWebKit/537.36 (KHTML, like Gecko) Chrome/116.0.5845.140 Safari/537.36"
134.236.118.82 - - [09/Jan/2025:22:43:34 +0000] "GET / HTTP/1.0" 200 1761 "-" "curl/7.88.1"
95.214.55.226 - - [09/Jan/2025:22:50:42 +0000] "GET / HTTP/1.1" 200 1742 "-" "-"
92.255.57.58 - - [09/Jan/2025:22:55:55 +0000] "GET /actuator/gateway/routes HTTP/1.1" 302 350 "-" "Mozilla/5.0 (Windows NT 10.0; Win64; x64) AppleWebKit/537.36 (KHTML, like Gecko) Chrome/78.0.3904.108 Safari/537.36"
92.255.57.58 - - [09/Jan/2025:22:55:56 +0000] "GET / HTTP/1.1" 200 966 "http://34.94.250.181:80/actuator/gateway/routes" "Mozilla/5.0 (Windows NT 10.0; Win64; x64) AppleWebKit/537.36 (KHTML, like Gecko) Chrome/78.0.3904.108 Safari/537.36"
193.34.212.75 - - [09/Jan/2025:22:59:54 +0000] "GET / HTTP/1.1" 200 1742 "-" "-"
92.255.57.58 - - [09/Jan/2025:23:19:23 +0000] "\x16\x03\x01\x05\xa8\x01" 400 526 "-" "-"
87.120.115.34 - - [09/Jan/2025:23:26:34 +0000] "GET /_profiler/phpinfo HTTP/1.1" 302 350 "-" "Mozilla/5.0 (Macintosh; Intel Mac OS X 10_15_7) AppleWebKit/605.1.15 (KHTML, like Gecko) Version/17.5 Safari/605.8.19"
91.223.3.201 - - [09/Jan/2025:23:40:54 +0000] "GET / HTTP/1.1" 200 1003 "-" "Mozilla/5.0 (Windows NT 10.0; Win64; x64) AppleWebKit/537.36 (KHTML, like Gecko) Chrome/90.0.4430.85 Safari/537.36 Edg/90.0.818.46"
93.174.93.12 - - [09/Jan/2025:23:52:42 +0000] "GET / HTTP/1.0" 200 1761 "-" "Mozilla/5.0 (Windows NT 10.0; Win64; x64) AppleWebKit/537.36 (KHTML, like Gecko) Chrome/74.0.3729.172 Safari/537.36 Vivaldi/2.5.1525.48"
193.177.182.119 - - [08/Jan/2025:00:09:04 +0000] "GET / HTTP/1.1" 200 947 "-" "Mozilla/5.0 zgrab/0.x"
147.185.132.67 - - [08/Jan/2025:00:22:55 +0000] "GET / HTTP/1.0" 200 1761 "-" "Expanse, a Palo Alto Networks company, searches across the global IPv4 space multiple times per day to identify customers&#39; presences on the Internet. If you would like to be excluded from our scans, please send IP addresses/domains to: scaninfo@paloaltonetworks.com"
78.153.140.148 - - [08/Jan/2025:00:30:16 +0000] "GET /.env HTTP/1.1" 302 387 "-" "Mozilla/5.0 (Windows NT 10.0; Win64; x64) AppleWebKit/537.36 (KHTML, like Gecko) Chrome/116.0.5845.140 Safari/537.36"
78.153.140.148 - - [08/Jan/2025:00:30:16 +0000] "POST / HTTP/1.1" 200 1003 "-" "Mozilla/5.0 (Windows NT 10.0; Win64; x64) AppleWebKit/537.36 (KHTML, like Gecko) Chrome/116.0.5845.140 Safari/537.36"
122.116.1.10 - - [08/Jan/2025:00:45:12 +0000] "GET / HTTP/1.0" 200 1761 "-" "curl/7.88.1"
178.128.54.126 - - [08/Jan/2025:00:55:21 +0000] "GET /cdn-cgi/trace HTTP/1.1" 302 350 "-" "Mozilla/5.0"
178.128.54.126 - - [08/Jan/2025:00:55:51 +0000] "\x16\x03\x01\x01\v\x01" 400 526 "-" "-"
178.128.54.126 - - [08/Jan/2025:01:03:01 +0000] "GET /cdn-cgi/trace HTTP/1.1" 302 350 "-" "Mozilla/5.0"
178.128.54.126 - - [08/Jan/2025:01:03:27 +0000] "\x16\x03\x01\x01\v\x01" 400 526 "-" "-"
193.41.206.36 - - [08/Jan/2025:01:03:56 +0000] "GET / HTTP/1.1" 200 1003 "-" "-"
193.41.206.36 - - [08/Jan/2025:01:03:58 +0000] "GET /.env HTTP/1.1" 302 386 "-" "-"
193.41.206.36 - - [08/Jan/2025:01:04:00 +0000] "GET /phpinfo HTTP/1.1" 302 386 "-" "-"
193.41.206.36 - - [08/Jan/2025:01:04:02 +0000] "GET /phpinfo.php HTTP/1.1" 302 386 "-" "-"
193.41.206.36 - - [08/Jan/2025:01:04:03 +0000] "GET /portal/.env HTTP/1.1" 302 386 "-" "-"
193.41.206.36 - - [08/Jan/2025:01:04:05 +0000] "GET /env/.env HTTP/1.1" 302 386 "-" "-"
193.41.206.36 - - [08/Jan/2025:01:04:07 +0000] "GET /api/.env HTTP/1.1" 302 386 "-" "-"
193.41.206.36 - - [08/Jan/2025:01:04:08 +0000] "GET /app/.env HTTP/1.1" 302 386 "-" "-"
193.41.206.36 - - [08/Jan/2025:01:04:10 +0000] "GET /dev/.env HTTP/1.1" 302 386 "-" "-"
193.41.206.36 - - [08/Jan/2025:01:04:12 +0000] "GET /new/.env HTTP/1.1" 302 386 "-" "-"
193.41.206.36 - - [08/Jan/2025:01:04:14 +0000] "GET /new/.env.local HTTP/1.1" 302 386 "-" "-"
193.41.206.36 - - [08/Jan/2025:01:04:17 +0000] "GET /new/.env.production HTTP/1.1" 302 386 "-" "-"
193.41.206.36 - - [08/Jan/2025:01:04:19 +0000] "GET /new/.env.staging HTTP/1.1" 302 386 "-" "-"
193.41.206.36 - - [08/Jan/2025:01:04:21 +0000] "GET /_phpinfo.php HTTP/1.1" 302 386 "-" "-"
193.41.206.36 - - [08/Jan/2025:01:04:23 +0000] "GET /_profiler/phpinfo HTTP/1.1" 302 386 "-" "-"
35.203.210.138 - - [08/Jan/2025:01:04:25 +0000] "GET / HTTP/1.1" 200 947 "-" "Expanse, a Palo Alto Networks company, searches across the global IPv4 space multiple times per day to identify customers&#39; presences on the Internet. If you would like to be excluded from our scans, please send IP addresses/domains to: scaninfo@paloaltonetworks.com"
193.41.206.36 - - [08/Jan/2025:01:04:26 +0000] "GET /_profiler/phpinfo/info.php HTTP/1.1" 302 386 "-" "-"
193.41.206.36 - - [08/Jan/2025:01:04:29 +0000] "GET /_profiler/phpinfo/phpinfo.php HTTP/1.1" 302 386 "-" "-"
193.41.206.36 - - [08/Jan/2025:01:04:32 +0000] "GET /wp-config HTTP/1.1" 302 386 "-" "-"
193.41.206.36 - - [08/Jan/2025:01:04:35 +0000] "GET /aws-secret.yaml HTTP/1.1" 302 386 "-" "-"
193.41.206.36 - - [08/Jan/2025:01:04:38 +0000] "GET /awstats/.env HTTP/1.1" 302 386 "-" "-"
193.41.206.36 - - [08/Jan/2025:01:04:41 +0000] "GET /conf/.env HTTP/1.1" 302 386 "-" "-"
193.41.206.36 - - [08/Jan/2025:01:04:44 +0000] "GET /cron/.env HTTP/1.1" 302 386 "-" "-"
193.41.206.36 - - [08/Jan/2025:01:04:47 +0000] "GET /www/.env HTTP/1.1" 302 386 "-" "-"
193.41.206.36 - - [08/Jan/2025:01:04:49 +0000] "GET /docker/.env HTTP/1.1" 302 386 "-" "-"
193.41.206.36 - - [08/Jan/2025:01:04:52 +0000] "GET /docker/app/.env HTTP/1.1" 302 386 "-" "-"
193.41.206.36 - - [08/Jan/2025:01:04:55 +0000] "GET /env.backup HTTP/1.1" 302 386 "-" "-"
193.41.206.36 - - [08/Jan/2025:01:04:59 +0000] "GET /xampp/phpinfo.php HTTP/1.1" 302 386 "-" "-"
193.41.206.36 - - [08/Jan/2025:01:05:03 +0000] "GET /lara/info.php HTTP/1.1" 302 386 "-" "-"
193.41.206.36 - - [08/Jan/2025:01:05:05 +0000] "GET /lara/phpinfo.php HTTP/1.1" 302 386 "-" "-"
193.41.206.36 - - [08/Jan/2025:01:05:08 +0000] "GET /laravel/info.php HTTP/1.1" 302 386 "-" "-"
193.41.206.36 - - [08/Jan/2025:01:05:11 +0000] "GET /.vscode/.env HTTP/1.1" 302 386 "-" "-"
193.41.206.36 - - [08/Jan/2025:01:05:14 +0000] "GET /js/.env HTTP/1.1" 302 386 "-" "-"
193.41.206.36 - - [08/Jan/2025:01:05:18 +0000] "GET /laravel/.env HTTP/1.1" 302 386 "-" "-"
193.41.206.36 - - [08/Jan/2025:01:05:20 +0000] "GET /laravel/core/.env HTTP/1.1" 302 386 "-" "-"
193.41.206.36 - - [08/Jan/2025:01:05:24 +0000] "GET /mail/.env HTTP/1.1" 302 386 "-" "-"
193.41.206.36 - - [08/Jan/2025:01:05:27 +0000] "GET /mailer/.env HTTP/1.1" 302 386 "-" "-"
193.41.206.36 - - [08/Jan/2025:01:05:30 +0000] "GET /nginx/.env HTTP/1.1" 302 386 "-" "-"
193.41.206.36 - - [08/Jan/2025:01:05:33 +0000] "GET /public/.env HTTP/1.1" 302 386 "-" "-"
193.41.206.36 - - [08/Jan/2025:01:05:36 +0000] "GET /site/.env HTTP/1.1" 302 386 "-" "-"
193.41.206.36 - - [08/Jan/2025:01:05:39 +0000] "GET /xampp/.env HTTP/1.1" 302 386 "-" "-"
193.41.206.36 - - [08/Jan/2025:01:05:42 +0000] "GET /main/.env HTTP/1.1" 302 386 "-" "-"
193.41.206.36 - - [08/Jan/2025:01:05:46 +0000] "GET /node_modules/.env HTTP/1.1" 302 386 "-" "-"
193.41.206.36 - - [08/Jan/2025:01:05:50 +0000] "GET /kyc/.env HTTP/1.1" 302 386 "-" "-"
193.41.206.36 - - [08/Jan/2025:01:05:54 +0000] "GET /admin/.env HTTP/1.1" 302 386 "-" "-"
193.41.206.36 - - [08/Jan/2025:01:05:59 +0000] "GET /prod/.env HTTP/1.1" 302 386 "-" "-"
193.41.206.36 - - [08/Jan/2025:01:06:03 +0000] "GET /.env.bak HTTP/1.1" 302 386 "-" "-"
193.41.206.36 - - [08/Jan/2025:01:06:08 +0000] "GET /api/shared/config/config.env HTTP/1.1" 302 386 "-" "-"
193.41.206.36 - - [08/Jan/2025:01:06:12 +0000] "GET /api/shared/config.env HTTP/1.1" 302 386 "-" "-"
193.41.206.36 - - [08/Jan/2025:01:06:17 +0000] "GET /config.env HTTP/1.1" 302 386 "-" "-"
193.41.206.36 - - [08/Jan/2025:01:06:21 +0000] "GET /website/.env HTTP/1.1" 302 386 "-" "-"
193.41.206.36 - - [08/Jan/2025:01:06:26 +0000] "GET /development/.env HTTP/1.1" 302 386 "-" "-"
193.41.206.36 - - [08/Jan/2025:01:06:30 +0000] "GET /backend/.env HTTP/1.1" 302 386 "-" "-"
193.41.206.36 - - [08/Jan/2025:01:06:34 +0000] "GET /api/shared/config/.env HTTP/1.1" 302 386 "-" "-"
193.41.206.36 - - [08/Jan/2025:01:06:38 +0000] "GET /api/shared/.env HTTP/1.1" 302 386 "-" "-"
193.41.206.36 - - [08/Jan/2025:01:06:42 +0000] "GET /api/config.env HTTP/1.1" 302 386 "-" "-"
193.41.206.36 - - [08/Jan/2025:01:06:44 +0000] "GET /service/email_service.py HTTP/1.1" 302 386 "-" "-"
193.41.206.36 - - [08/Jan/2025:01:06:48 +0000] "GET /node/.env_example HTTP/1.1" 302 386 "-" "-"
193.41.206.36 - - [08/Jan/2025:01:06:51 +0000] "GET /.env.production.local HTTP/1.1" 302 386 "-" "-"
193.41.206.36 - - [08/Jan/2025:01:06:54 +0000] "GET /.env.local HTTP/1.1" 302 386 "-" "-"
193.41.206.36 - - [08/Jan/2025:01:06:58 +0000] "GET /.env.example HTTP/1.1" 302 386 "-" "-"
193.41.206.36 - - [08/Jan/2025:01:07:02 +0000] "GET /.env.stage HTTP/1.1" 302 386 "-" "-"
193.41.206.36 - - [08/Jan/2025:01:07:05 +0000] "GET /server/config/database.js HTTP/1.1" 302 386 "-" "-"
193.41.206.36 - - [08/Jan/2025:01:07:08 +0000] "GET /.env.old HTTP/1.1" 302 386 "-" "-"
193.41.206.36 - - [08/Jan/2025:01:07:11 +0000] "GET /.env_sample HTTP/1.1" 302 386 "-" "-"
193.41.206.36 - - [08/Jan/2025:01:07:13 +0000] "GET /scripts/nodemailer.js HTTP/1.1" 302 386 "-" "-"
193.41.206.36 - - [08/Jan/2025:01:07:17 +0000] "GET /.env.prod HTTP/1.1" 302 386 "-" "-"
193.41.206.36 - - [08/Jan/2025:01:07:20 +0000] "GET /crm/.env HTTP/1.1" 302 386 "-" "-"
193.41.206.36 - - [08/Jan/2025:01:07:23 +0000] "GET /local/.env HTTP/1.1" 302 386 "-" "-"
193.41.206.36 - - [08/Jan/2025:01:07:27 +0000] "GET /core/.env HTTP/1.1" 302 386 "-" "-"
193.41.206.36 - - [08/Jan/2025:01:07:29 +0000] "GET /apps/.env HTTP/1.1" 302 386 "-" "-"
193.41.206.36 - - [08/Jan/2025:01:07:34 +0000] "GET /application/.env HTTP/1.1" 302 386 "-" "-"
193.41.206.36 - - [08/Jan/2025:01:07:36 +0000] "GET /web/.env HTTP/1.1" 302 386 "-" "-"
193.41.206.36 - - [08/Jan/2025:01:07:39 +0000] "GET /.aws/credentials HTTP/1.1" 302 386 "-" "-"
178.128.54.126 - - [08/Jan/2025:01:07:40 +0000] "GET /cdn-cgi/trace HTTP/1.1" 302 350 "-" "Mozilla/5.0"
193.41.206.36 - - [08/Jan/2025:01:07:42 +0000] "GET /wp-config.php.bak HTTP/1.1" 302 386 "-" "-"
193.41.206.36 - - [08/Jan/2025:01:07:45 +0000] "GET /info.php HTTP/1.1" 302 386 "-" "-"
178.128.54.126 - - [08/Jan/2025:01:07:47 +0000] "\x16\x03\x01\x01\v\x01" 400 526 "-" "-"
193.41.206.36 - - [08/Jan/2025:01:07:49 +0000] "GET /dashboard/phpinfo.php HTTP/1.1" 302 386 "-" "-"
193.41.206.36 - - [08/Jan/2025:01:07:51 +0000] "GET /static/js/main.141b0494.js HTTP/1.1" 302 386 "-" "-"
193.41.206.36 - - [08/Jan/2025:01:07:55 +0000] "GET /static/js/2.ca066a4b.chunk.js HTTP/1.1" 302 386 "-" "-"
193.41.206.36 - - [08/Jan/2025:01:07:58 +0000] "GET /static/js/main.e85f7a37.js HTTP/1.1" 302 386 "-" "-"
193.41.206.36 - - [08/Jan/2025:01:08:02 +0000] "GET /admin/server_info.php HTTP/1.1" 302 386 "-" "-"
193.41.206.36 - - [08/Jan/2025:01:08:05 +0000] "GET /server_info.php HTTP/1.1" 302 386 "-" "-"
193.41.206.36 - - [08/Jan/2025:01:08:09 +0000] "GET /app_dev.php/_profiler/phpinfo HTTP/1.1" 302 386 "-" "-"
193.41.206.36 - - [08/Jan/2025:01:08:13 +0000] "GET /test.php HTTP/1.1" 302 386 "-" "-"
159.223.67.34 - - [08/Jan/2025:01:08:15 +0000] "GET /cdn-cgi/trace HTTP/1.1" 302 350 "-" "Mozilla/5.0"
193.41.206.36 - - [08/Jan/2025:01:08:16 +0000] "GET /server-info HTTP/1.1" 302 386 "-" "-"
193.41.206.36 - - [08/Jan/2025:01:08:19 +0000] "GET /server-info.php HTTP/1.1" 302 386 "-" "-"
193.41.206.36 - - [08/Jan/2025:01:08:22 +0000] "GET /secured/phpinfo.php HTTP/1.1" 302 386 "-" "-"
159.223.67.34 - - [08/Jan/2025:01:08:26 +0000] "\x16\x03\x01\x01\v\x01" 400 526 "-" "-"
193.41.206.36 - - [08/Jan/2025:01:08:27 +0000] "GET /config.js HTTP/1.1" 302 386 "-" "-"
193.41.206.36 - - [08/Jan/2025:01:08:30 +0000] "GET /server.js HTTP/1.1" 302 386 "-" "-"
193.41.206.36 - - [08/Jan/2025:01:08:34 +0000] "GET /appsettings.json HTTP/1.1" 302 386 "-" "-"
193.41.206.36 - - [08/Jan/2025:01:08:37 +0000] "GET /shared/config/config.js HTTP/1.1" 302 386 "-" "-"
193.41.206.36 - - [08/Jan/2025:01:08:40 +0000] "GET /config/aws.yml HTTP/1.1" 302 386 "-" "-"
193.41.206.36 - - [08/Jan/2025:01:08:43 +0000] "GET /settings.py HTTP/1.1" 302 385 "-" "-"
193.41.206.36 - - [08/Jan/2025:01:08:46 +0000] "GET /config.json HTTP/1.1" 302 385 "-" "-"
193.41.206.36 - - [08/Jan/2025:01:08:49 +0000] "GET /main.js HTTP/1.1" 302 385 "-" "-"
193.41.206.36 - - [08/Jan/2025:01:08:52 +0000] "GET /config/constants.js HTTP/1.1" 302 385 "-" "-"
193.41.206.36 - - [08/Jan/2025:01:08:55 +0000] "GET /application.properties HTTP/1.1" 302 385 "-" "-"
193.41.206.36 - - [08/Jan/2025:01:08:59 +0000] "GET /public/js/main.js HTTP/1.1" 302 385 "-" "-"
193.41.206.36 - - [08/Jan/2025:01:09:02 +0000] "GET /js/main.js HTTP/1.1" 302 385 "-" "-"
193.41.206.36 - - [08/Jan/2025:01:09:06 +0000] "GET /?phpinfo=1 HTTP/1.1" 200 1001 "-" "-"
193.41.206.36 - - [08/Jan/2025:01:09:09 +0000] "GET /storage/logs/laravel.log HTTP/1.1" 302 385 "-" "-"
193.41.206.36 - - [08/Jan/2025:01:09:13 +0000] "GET /karma.conf.json HTTP/1.1" 302 350 "-" "-"
175.203.201.127 - - [08/Jan/2025:01:16:16 +0000] "GET / HTTP/1.0" 200 1761 "-" "curl/7.88.1"
180.11.83.118 - - [08/Jan/2025:01:24:50 +0000] "GET / HTTP/1.0" 200 1761 "-" "curl/7.88.1"
91.223.3.201 - - [08/Jan/2025:01:27:51 +0000] "GET / HTTP/1.1" 200 1003 "-" "Mozilla/5.0 (Windows NT 10.0; Win64; x64) AppleWebKit/537.36 (KHTML, like Gecko) Chrome/90.0.4430.85 Safari/537.36 Edg/90.0.818.46"
78.153.140.93 - - [08/Jan/2025:02:04:57 +0000] "GET /.env HTTP/1.1" 302 387 "-" "Mozilla/5.0 (Windows NT 10.0; Win64; x64) AppleWebKit/537.36 (KHTML, like Gecko) Chrome/116.0.5845.140 Safari/537.36"
78.153.140.93 - - [08/Jan/2025:02:04:57 +0000] "POST / HTTP/1.1" 200 1003 "-" "Mozilla/5.0 (Windows NT 10.0; Win64; x64) AppleWebKit/537.36 (KHTML, like Gecko) Chrome/116.0.5845.140 Safari/537.36"
179.43.191.146 - - [08/Jan/2025:02:16:33 +0000] "GET / HTTP/1.1" 200 1003 "-" "Mozilla/5.0 (Windows NT 10.0; Win64; x64) AppleWebKit/537.36 (KHTML, like Gecko) Chrome/90.0.4430.85 Safari/537.36 Edg/90.0.818.46"
46.19.138.234 - - [08/Jan/2025:02:19:07 +0000] "GET / HTTP/1.1" 200 1003 "-" "Mozilla/5.0 (Windows NT 10.0; Win64; x64) AppleWebKit/537.36 (KHTML, like Gecko) Chrome/90.0.4430.85 Safari/537.36 Edg/90.0.818.46"
45.156.129.131 - - [08/Jan/2025:02:36:23 +0000] "GET / HTTP/1.1" 200 947 "-" "Mozilla/5.0 (Windows NT 10.0; Win64; x64) AppleWebKit/537.36 (KHTML, like Gecko) Chrome/60.0.3112.113 Safari/537.36"
45.156.129.131 - - [08/Jan/2025:02:36:23 +0000] "GET /css/images/PTZOptics_powerby.png HTTP/1.1" 302 331 "-" "Mozilla/5.0 (Windows NT 10.0; Win64; x64) AppleWebKit/537.36 (KHTML, like Gecko) Chrome/60.0.3112.113 Safari/537.36"
193.34.212.75 - - [08/Jan/2025:02:47:35 +0000] "GET / HTTP/1.1" 200 1742 "-" "-"
92.63.196.142 - - [08/Jan/2025:03:12:42 +0000] "GET http://example.com/ HTTP/1.1" 200 947 "-" "Go-http-client/1.1"
92.63.196.142 - - [08/Jan/2025:03:12:42 +0000] "CONNECT example.com:443 HTTP/1.1" 302 331 "-" "Go-http-client/1.1"
198.235.24.51 - - [08/Jan/2025:03:13:51 +0000] "GET / HTTP/1.1" 200 947 "-" "Expanse, a Palo Alto Networks company, searches across the global IPv4 space multiple times per day to identify customers&#39; presences on the Internet. If you would like to be excluded from our scans, please send IP addresses/domains to: scaninfo@paloaltonetworks.com"
92.24.34.21 - - [08/Jan/2025:03:29:35 +0000] "GET / HTTP/1.0" 200 1761 "-" "curl/7.88.1"
195.178.110.57 - - [08/Jan/2025:03:42:58 +0000] "GET /.env HTTP/1.1" 302 350 "-" "Mozilla/5.0 (Unknown; UNIX BSD/SYSV system) AppleWebKit/538.1 (KHTML, like Gecko) QupZilla/1.7.0 Safari/538.1"
59.151.244.58 - - [08/Jan/2025:03:47:14 +0000] "GET / HTTP/1.0" 200 1761 "-" "curl/7.88.1"
87.121.79.3 - - [08/Jan/2025:03:49:43 +0000] "GET / HTTP/1.1" 200 1003 "-" "Mozilla/5.0 (Windows NT 10.0; Win64; x64) AppleWebKit/537.36 (KHTML, like Gecko) Chrome/90.0.4430.85 Safari/537.36 Edg/90.0.818.46"
69.110.172.17 - - [08/Jan/2025:03:56:13 +0000] "GET / HTTP/1.0" 200 1761 "-" "curl/7.88.1"
78.153.140.93 - - [08/Jan/2025:04:08:35 +0000] "GET /.env HTTP/1.1" 302 387 "-" "Mozilla/5.0 (Windows NT 10.0; Win64; x64) AppleWebKit/537.36 (KHTML, like Gecko) Chrome/116.0.5845.140 Safari/537.36"
78.153.140.93 - - [08/Jan/2025:04:08:35 +0000] "POST / HTTP/1.1" 200 1003 "-" "Mozilla/5.0 (Windows NT 10.0; Win64; x64) AppleWebKit/537.36 (KHTML, like Gecko) Chrome/116.0.5845.140 Safari/537.36"
195.3.223.55 - - [08/Jan/2025:04:21:26 +0000] "GET / HTTP/1.1" 200 1003 "-" "Mozilla/5.0 (Windows NT 10.0; Win64; x64) AppleWebKit/537.36 (KHTML, like Gecko) Chrome/90.0.4430.85 Safari/537.36 Edg/90.0.818.46"
78.153.140.93 - - [08/Jan/2025:04:44:43 +0000] "GET /.env HTTP/1.1" 302 387 "-" "Mozilla/5.0 (Windows NT 10.0; Win64; x64) AppleWebKit/537.36 (KHTML, like Gecko) Chrome/116.0.5845.140 Safari/537.36"
78.153.140.93 - - [08/Jan/2025:04:44:44 +0000] "POST / HTTP/1.1" 200 1003 "-" "Mozilla/5.0 (Windows NT 10.0; Win64; x64) AppleWebKit/537.36 (KHTML, like Gecko) Chrome/116.0.5845.140 Safari/537.36"
185.16.39.104 - - [08/Jan/2025:04:53:06 +0000] "GET / HTTP/1.1" 200 1003 "-" "Mozilla/5.0 (Windows NT 10.0; Win64; x64) AppleWebKit/537.36 (KHTML, like Gecko) Chrome/90.0.4430.85 Safari/537.36 Edg/90.0.818.46"
193.34.212.75 - - [08/Jan/2025:05:06:24 +0000] "GET / HTTP/1.1" 200 1742 "-" "-"
154.73.65.201 - - [08/Jan/2025:05:27:31 +0000] "GET / HTTP/1.1" 200 1742 "-" "Mozilla/5.0 (Windows NT 10.0; WOW64) AppleWebKit/537.36 (KHTML, like Gecko) Chrome/52.0.2743.116 Safari/537.36"
165.22.188.215 - - [08/Jan/2025:05:32:19 +0000] "POST /wsman HTTP/1.1" 302 350 "-" "Mozilla/5.0 (Macintosh; Intel Mac OS X 10_15_7) AppleWebKit/537.36 (KHTML, like Gecko) Chrome/92.0.4515.159 Safari/537.36"
157.245.190.62 - - [08/Jan/2025:05:32:19 +0000] "GET / HTTP/1.1" 200 966 "-" "Mozilla/5.0 (Macintosh; Intel Mac OS X 10_15_7) AppleWebKit/537.36 (KHTML, like Gecko) Chrome/92.0.4515.159 Safari/537.36"
165.22.188.215 - - [08/Jan/2025:05:32:19 +0000] "GET / HTTP/1.1" 200 966 "http://34.94.250.181:80/wsman" "Mozilla/5.0 (Macintosh; Intel Mac OS X 10_15_7) AppleWebKit/537.36 (KHTML, like Gecko) Chrome/92.0.4515.159 Safari/537.36"
167.71.122.25 - - [08/Jan/2025:05:32:20 +0000] "GET /auth1.html HTTP/1.1" 302 350 "-" "Mozilla/5.0 (Macintosh; Intel Mac OS X 10_15_7) AppleWebKit/537.36 (KHTML, like Gecko) Chrome/92.0.4515.159 Safari/537.36"
167.71.122.25 - - [08/Jan/2025:05:32:20 +0000] "GET /auth.html HTTP/1.1" 302 350 "-" "Mozilla/5.0 (Macintosh; Intel Mac OS X 10_15_7) AppleWebKit/537.36 (KHTML, like Gecko) Chrome/92.0.4515.159 Safari/537.36"
167.71.122.25 - - [08/Jan/2025:05:32:20 +0000] "GET /sslvpnLogin.html HTTP/1.1" 302 350 "-" "Mozilla/5.0 (Macintosh; Intel Mac OS X 10_15_7) AppleWebKit/537.36 (KHTML, like Gecko) Chrome/92.0.4515.159 Safari/537.36"
167.71.122.25 - - [08/Jan/2025:05:32:20 +0000] "GET / HTTP/1.1" 200 966 "-" "Mozilla/5.0 (Macintosh; Intel Mac OS X 10_15_7) AppleWebKit/537.36 (KHTML, like Gecko) Chrome/92.0.4515.159 Safari/537.36"
167.71.122.25 - - [08/Jan/2025:05:32:20 +0000] "GET /api/sonicos/auth HTTP/1.1" 302 350 "-" "Mozilla/5.0 (Macintosh; Intel Mac OS X 10_15_7) AppleWebKit/537.36 (KHTML, like Gecko) Chrome/92.0.4515.159 Safari/537.36"
167.71.122.25 - - [08/Jan/2025:05:32:21 +0000] "GET /api/sonicos/tfa HTTP/1.1" 302 350 "-" "Mozilla/5.0 (Macintosh; Intel Mac OS X 10_15_7) AppleWebKit/537.36 (KHTML, like Gecko) Chrome/92.0.4515.159 Safari/537.36"
167.71.122.25 - - [08/Jan/2025:05:32:21 +0000] "GET / HTTP/1.1" 200 966 "http://34.94.250.181:80/auth.html" "Mozilla/5.0 (Macintosh; Intel Mac OS X 10_15_7) AppleWebKit/537.36 (KHTML, like Gecko) Chrome/92.0.4515.159 Safari/537.36"
167.71.122.25 - - [08/Jan/2025:05:32:21 +0000] "GET / HTTP/1.1" 200 966 "http://34.94.250.181:80/sslvpnLogin.html" "Mozilla/5.0 (Macintosh; Intel Mac OS X 10_15_7) AppleWebKit/537.36 (KHTML, like Gecko) Chrome/92.0.4515.159 Safari/537.36"
167.71.122.25 - - [08/Jan/2025:05:32:21 +0000] "GET / HTTP/1.1" 200 966 "http://34.94.250.181:80/auth1.html" "Mozilla/5.0 (Macintosh; Intel Mac OS X 10_15_7) AppleWebKit/537.36 (KHTML, like Gecko) Chrome/92.0.4515.159 Safari/537.36"
167.71.122.25 - - [08/Jan/2025:05:32:21 +0000] "GET / HTTP/1.1" 200 966 "http://34.94.250.181:80/api/sonicos/auth" "Mozilla/5.0 (Macintosh; Intel Mac OS X 10_15_7) AppleWebKit/537.36 (KHTML, like Gecko) Chrome/92.0.4515.159 Safari/537.36"
167.71.122.25 - - [08/Jan/2025:05:32:21 +0000] "GET / HTTP/1.1" 200 966 "http://34.94.250.181:80/api/sonicos/tfa" "Mozilla/5.0 (Macintosh; Intel Mac OS X 10_15_7) AppleWebKit/537.36 (KHTML, like Gecko) Chrome/92.0.4515.159 Safari/537.36"
139.177.202.149 - - [08/Jan/2025:05:32:25 +0000] "GET / HTTP/1.1" 200 1742 "-" "Mozilla/5.0 (Windows NT 10.0; Win64; x64; rv:109.0) Gecko/20100101 Firefox/109.0"
159.65.99.126 - - [08/Jan/2025:05:35:45 +0000] "GET / HTTP/1.1" 200 947 "-" "Mozilla/5.0 (Windows NT 10.0; Win64; x64) AppleWebKit/537.36 (KHTML, like Gecko) Chrome/83.0.4103.61 Safari/537.36"
159.65.99.126 - - [08/Jan/2025:05:35:46 +0000] "GET /favicon.ico HTTP/1.1" 302 331 "-" "Mozilla/5.0 (Windows NT 10.0; Win64; x64) AppleWebKit/537.36 (KHTML, like Gecko) Chrome/83.0.4103.61 Safari/537.36"
159.65.99.126 - - [08/Jan/2025:05:35:46 +0000] "GET / HTTP/1.1" 200 889 "-" "Mozilla/5.0 (Windows NT 10.0; Win64; x64) AppleWebKit/537.36 (KHTML, like Gecko) Chrome/83.0.4103.61 Safari/537.36"
159.65.99.126 - - [08/Jan/2025:05:37:57 +0000] "GET / HTTP/1.1" 200 1003 "-" "Mozilla/5.0 (Windows NT 10.0; Win64; x64) AppleWebKit/537.36 (KHTML, like Gecko) Chrome/83.0.4103.61 Safari/537.36"
159.65.99.126 - - [08/Jan/2025:05:37:58 +0000] "GET /js/login.js HTTP/1.1" 200 922 "http://34.94.250.181/" "Mozilla/5.0 (Windows NT 10.0; Win64; x64) AppleWebKit/537.36 (KHTML, like Gecko) Chrome/83.0.4103.61 Safari/537.36"
159.65.99.126 - - [08/Jan/2025:05:37:58 +0000] "GET /js/brand.js HTTP/1.1" 200 569 "http://34.94.250.181/" "Mozilla/5.0 (Windows NT 10.0; Win64; x64) AppleWebKit/537.36 (KHTML, like Gecko) Chrome/83.0.4103.61 Safari/537.36"
159.65.99.126 - - [08/Jan/2025:05:37:58 +0000] "GET /js/services/LoggerService.js HTTP/1.1" 200 1344 "http://34.94.250.181/js/login.js" "Mozilla/5.0 (Windows NT 10.0; Win64; x64) AppleWebKit/537.36 (KHTML, like Gecko) Chrome/83.0.4103.61 Safari/537.36"
159.65.99.126 - - [08/Jan/2025:05:37:58 +0000] "GET /js/utils/json-manipulator.js HTTP/1.1" 200 564 "http://34.94.250.181/js/brand.js" "Mozilla/5.0 (Windows NT 10.0; Win64; x64) AppleWebKit/537.36 (KHTML, like Gecko) Chrome/83.0.4103.61 Safari/537.36"
185.242.226.10 - - [08/Jan/2025:05:46:54 +0000] "GET / HTTP/1.1" 200 947 "-" "Mozilla/5.0 (Windows NT 10.0; Win64; x64) AppleWebKit/537.36 (KHTML, like Gecko) Chrome/88.0.4324.190 Safari/537.36"
50.116.4.113 - - [08/Jan/2025:05:54:38 +0000] "GET / HTTP/1.0" 200 1761 "-" "-"
5.135.58.200 - - [08/Jan/2025:05:57:29 +0000] "GET / HTTP/1.1" 200 1761 "-" "Mozilla/5.0 (X11; Ubuntu; Linux x86_64; rv:130.0) Gecko/20100101 Firefox/130.0"
167.172.133.245 - - [08/Jan/2025:06:00:34 +0000] "GET / HTTP/1.0" 200 1761 "-" "-"
167.172.133.245 - - [08/Jan/2025:06:00:35 +0000] "Gh0st\xad" 400 526 "-" "-"
167.172.133.245 - - [08/Jan/2025:06:00:39 +0000] "HELP" 400 526 "-" "-"
167.172.133.245 - - [08/Jan/2025:06:00:39 +0000] "\x1b\x84\xd5\xb0]\xf4\xc4\x93\xc50\xc2X\x8c\xda\xb1\xd7\xac\xafn\x1d\xe1\x1e\x1a3*\x85\xb7\x1d'\xb1\xc9k\xbf\xf0\xbc\n" 400 526 "-" "-"
167.172.133.245 - - [08/Jan/2025:06:00:40 +0000] "\x16\x03\x01" 400 526 "-" "-"
167.172.133.245 - - [08/Jan/2025:06:00:42 +0000] "\xbd\xff\x9e\xffE\xff\x9e\xff\xbd\xff\x9e\xff\xa4\xff\x86\xff\xc4\xff\xbe\xff\xc7\xff\xdb\xff\xee\xff\xd9\xff\xed\xff\xa4\xff\x9d\xff\xcf\xff\xd8\xff\xe5\xff\x04\xff\x12\xff0\xff\xb1\xff\xbd\xff\xe7\xff\xe2\xff\xdd\xff\xdc\xff\xde\xff\xc8\xff\xcc\xff\xbe\xff\xf8\xff&\xff\x01\xff\x0f\xff\xf5\xff\x06\xff\xff\xff\xf7\xff!\xff\xde\xff\x02\xff&\xff\x0c\xff\x01\xff\xf5\xff\n" 400 526 "-" "-"
5.135.58.203 - - [08/Jan/2025:06:04:07 +0000] "GET /favicon.ico HTTP/1.1" 302 350 "-" "Mozilla/5.0 (X11; Ubuntu; Linux x86_64; rv:130.0) Gecko/20100101 Firefox/130.0"
78.153.140.93 - - [08/Jan/2025:06:24:28 +0000] "GET /.env HTTP/1.1" 302 387 "-" "Mozilla/5.0 (Windows NT 10.0; Win64; x64) AppleWebKit/537.36 (KHTML, like Gecko) Chrome/116.0.5845.140 Safari/537.36"
78.153.140.93 - - [08/Jan/2025:06:24:28 +0000] "POST / HTTP/1.1" 200 1003 "-" "Mozilla/5.0 (Windows NT 10.0; Win64; x64) AppleWebKit/537.36 (KHTML, like Gecko) Chrome/116.0.5845.140 Safari/537.36"
171.7.88.155 - - [08/Jan/2025:07:07:34 +0000] "GET / HTTP/1.0" 200 1761 "-" "curl/7.88.1"
195.178.110.57 - - [08/Jan/2025:07:08:06 +0000] "GET /.git/config HTTP/1.1" 302 350 "-" "Mozilla/5.0 (Windows NT 10.0; Win64; x64) AppleWebKit/537.36 (KHTML, like Gecko) Chrome/62.0.3202.94 Safari/537.36"
15.204.37.25 - - [08/Jan/2025:07:18:30 +0000] "GET / HTTP/1.1" 200 1761 "-" "Mozilla/5.0 (X11; Ubuntu; Linux x86_64; rv:130.0) Gecko/20100101 Firefox/130.0"
147.135.85.131 - - [08/Jan/2025:07:25:07 +0000] "GET /favicon.ico HTTP/1.1" 302 350 "-" "Mozilla/5.0 (X11; Ubuntu; Linux x86_64; rv:130.0) Gecko/20100101 Firefox/130.0"
103.218.123.104 - - [08/Jan/2025:07:35:13 +0000] "CONNECT www.google.com:443 HTTP/1.1" 302 331 "-" "Go-http-client/1.1"
87.120.115.119 - - [08/Jan/2025:07:49:53 +0000] "GET /.env HTTP/1.1" 302 350 "-" "Mozilla/5.0 (Linux; Android 8.0.0; SM-T820) AppleWebKit/537.36 (KHTML, like Gecko) Chrome/76.0.3809.89 Safari/537.36"
93.174.93.12 - - [08/Jan/2025:08:05:40 +0000] "\x16\x03\x02\x01o\x01" 400 526 "-" "-"
78.153.140.93 - - [08/Jan/2025:08:06:16 +0000] "GET /.env HTTP/1.1" 302 387 "-" "Mozilla/5.0 (Windows NT 10.0; Win64; x64) AppleWebKit/537.36 (KHTML, like Gecko) Chrome/116.0.5845.140 Safari/537.36"
78.153.140.93 - - [08/Jan/2025:08:06:16 +0000] "POST / HTTP/1.1" 200 1003 "-" "Mozilla/5.0 (Windows NT 10.0; Win64; x64) AppleWebKit/537.36 (KHTML, like Gecko) Chrome/116.0.5845.140 Safari/537.36"
78.153.140.93 - - [08/Jan/2025:08:51:02 +0000] "GET /.env HTTP/1.1" 302 387 "-" "Mozilla/5.0 (Windows NT 10.0; Win64; x64) AppleWebKit/537.36 (KHTML, like Gecko) Chrome/116.0.5845.140 Safari/537.36"
78.153.140.93 - - [08/Jan/2025:08:51:03 +0000] "POST / HTTP/1.1" 200 1003 "-" "Mozilla/5.0 (Windows NT 10.0; Win64; x64) AppleWebKit/537.36 (KHTML, like Gecko) Chrome/116.0.5845.140 Safari/537.36"
205.210.31.243 - - [08/Jan/2025:08:54:52 +0000] "\x16\x03\x01" 400 526 "-" "-"
205.210.31.243 - - [08/Jan/2025:08:54:52 +0000] "\x16\x03\x01" 400 526 "-" "-"
178.215.236.132 - - [08/Jan/2025:08:58:21 +0000] "GET /.env HTTP/1.1" 302 350 "-" "Mozilla/5.0 (Linux; U; Android 9; zh-cn; PCCM00 Build/PKQ1.190223.001) AppleWebKit/537.36 (KHTML, like Gecko) Version/4.0 Chrome/70.0.3538.80 Mobile Safari/537.36 OppoBrowser/20.6.0.0.2beta"
45.156.129.133 - - [08/Jan/2025:08:58:48 +0000] "GET / HTTP/1.1" 200 947 "-" "Mozilla/5.0 (Windows NT 10.0; Win64; x64) AppleWebKit/537.36 (KHTML, like Gecko) Chrome/60.0.3112.113 Safari/537.36"
91.223.3.201 - - [08/Jan/2025:09:03:17 +0000] "GET / HTTP/1.1" 200 1003 "-" "Mozilla/5.0 (Windows NT 10.0; Win64; x64) AppleWebKit/537.36 (KHTML, like Gecko) Chrome/90.0.4430.85 Safari/537.36 Edg/90.0.818.46"
46.19.138.234 - - [08/Jan/2025:09:03:29 +0000] "GET / HTTP/1.1" 200 1003 "-" "Mozilla/5.0 (Windows NT 10.0; Win64; x64) AppleWebKit/537.36 (KHTML, like Gecko) Chrome/90.0.4430.85 Safari/537.36 Edg/90.0.818.46"
179.43.191.146 - - [08/Jan/2025:09:04:12 +0000] "GET / HTTP/1.1" 200 1003 "-" "Mozilla/5.0 (Windows NT 10.0; Win64; x64) AppleWebKit/537.36 (KHTML, like Gecko) Chrome/90.0.4430.85 Safari/537.36 Edg/90.0.818.46"
211.114.119.184 - - [08/Jan/2025:09:05:49 +0000] "GET / HTTP/1.0" 200 1761 "-" "curl/7.88.1"
59.31.113.232 - - [08/Jan/2025:09:06:07 +0000] "GET / HTTP/1.0" 200 1761 "-" "curl/7.88.1"
185.16.39.104 - - [08/Jan/2025:09:08:13 +0000] "GET / HTTP/1.1" 200 1003 "-" "Mozilla/5.0 (Windows NT 10.0; Win64; x64) AppleWebKit/537.36 (KHTML, like Gecko) Chrome/90.0.4430.85 Safari/537.36 Edg/90.0.818.46"
195.3.223.55 - - [08/Jan/2025:09:16:04 +0000] "GET / HTTP/1.1" 200 1003 "-" "Mozilla/5.0 (Windows NT 10.0; Win64; x64) AppleWebKit/537.36 (KHTML, like Gecko) Chrome/90.0.4430.85 Safari/537.36 Edg/90.0.818.46"
193.34.212.75 - - [08/Jan/2025:09:22:49 +0000] "GET / HTTP/1.1" 200 1742 "-" "-"
87.236.176.220 - - [08/Jan/2025:09:45:16 +0000] "GET / HTTP/1.1" 200 966 "-" "Mozilla/5.0 (compatible; InternetMeasurement/1.0; +https://internet-measurement.com/)"
3.145.188.182 - - [08/Jan/2025:09:47:28 +0000] "\x16\x03\x01" 400 526 "-" "-"
3.145.188.182 - - [08/Jan/2025:09:47:36 +0000] "GET / HTTP/1.1" 200 947 "-" "Mozilla/5.0 (Macintosh; Intel Mac OS X 10_15_7) Chrome/126.0.0.0 Safari/537.36"
93.174.93.12 - - [08/Jan/2025:09:59:11 +0000] "GET / HTTP/1.0" 200 1761 "-" "Mozilla/5.0 (OS/2; Warp 4.5; rv:38.0) Gecko/20100101 Firefox/38.0"
78.153.140.93 - - [08/Jan/2025:10:05:38 +0000] "GET /.env HTTP/1.1" 302 387 "-" "Mozilla/5.0 (Windows NT 10.0; Win64; x64) AppleWebKit/537.36 (KHTML, like Gecko) Chrome/116.0.5845.140 Safari/537.36"
78.153.140.93 - - [08/Jan/2025:10:05:38 +0000] "POST / HTTP/1.1" 200 1003 "-" "Mozilla/5.0 (Windows NT 10.0; Win64; x64) AppleWebKit/537.36 (KHTML, like Gecko) Chrome/116.0.5845.140 Safari/537.36"
172.169.206.157 - - [08/Jan/2025:10:22:02 +0000] "GET /actuator/health HTTP/1.1" 302 331 "-" "Mozilla/5.0 zgrab/0.x"
121.186.191.198 - - [08/Jan/2025:10:36:17 +0000] "GET / HTTP/1.0" 200 1761 "-" "curl/7.88.1"
206.168.34.211 - - [08/Jan/2025:10:36:30 +0000] "GET / HTTP/1.1" 200 1742 "-" "-"
206.168.34.211 - - [08/Jan/2025:10:36:36 +0000] "GET / HTTP/1.1" 200 947 "-" "Mozilla/5.0 (compatible; CensysInspect/1.1; +https://about.censys.io/)"
206.168.34.211 - - [08/Jan/2025:10:36:37 +0000] "GET /favicon.ico HTTP/1.1" 302 350 "-" "Mozilla/5.0 (compatible; CensysInspect/1.1; +https://about.censys.io/)"
206.168.34.211 - - [08/Jan/2025:10:36:38 +0000] "GET / HTTP/1.1" 200 966 "http://34.94.250.181/favicon.ico" "Mozilla/5.0 (compatible; CensysInspect/1.1; +https://about.censys.io/)"
206.168.34.211 - - [08/Jan/2025:10:36:41 +0000] "PRI * HTTP/2.0" 400 526 "-" "-"
80.82.77.202 - - [08/Jan/2025:10:42:28 +0000] "GET / HTTP/1.0" 200 1761 "-" "Mozilla/5.0 (Windows NT 10.0; WOW64; Trident/7.0; MATBJS; rv:11.0) like Gecko"
64.62.197.213 - - [08/Jan/2025:10:48:15 +0000] "GET / HTTP/1.1" 200 947 "-" "Mozilla/5.0 (Macintosh; Intel Mac OS X 10_15_7) AppleWebKit/605.1.15 (KHTML, like Gecko) Version/15.6.1 Safari/605.1.15"
64.62.197.213 - - [08/Jan/2025:10:51:39 +0000] "GET /favicon.ico HTTP/1.1" 302 331 "-" "Mozilla/5.0 (X11; OpenBSD amd64; rv:109.0) Gecko/20100101 Firefox/115.0"
64.62.197.221 - - [08/Jan/2025:10:52:44 +0000] "GET /geoserver/web/ HTTP/1.1" 302 331 "-" "Mozilla/5.0 (Macintosh; Intel Mac OS X 10_15_7) AppleWebKit/605.1.15 (KHTML, like Gecko) Version/15.6.1 Safari/605.1.15"
78.153.140.93 - - [08/Jan/2025:11:14:58 +0000] "GET /.env HTTP/1.1" 302 387 "-" "Mozilla/5.0 (Windows NT 10.0; Win64; x64) AppleWebKit/537.36 (KHTML, like Gecko) Chrome/116.0.5845.140 Safari/537.36"
78.153.140.93 - - [08/Jan/2025:11:14:58 +0000] "POST / HTTP/1.1" 200 1003 "-" "Mozilla/5.0 (Windows NT 10.0; Win64; x64) AppleWebKit/537.36 (KHTML, like Gecko) Chrome/116.0.5845.140 Safari/537.36"
193.34.212.75 - - [08/Jan/2025:11:15:21 +0000] "GET / HTTP/1.1" 200 1742 "-" "-"
198.235.24.135 - - [08/Jan/2025:11:21:52 +0000] "GET / HTTP/1.1" 200 947 "-" "Expanse, a Palo Alto Networks company, searches across the global IPv4 space multiple times per day to identify customers&#39; presences on the Internet. If you would like to be excluded from our scans, please send IP addresses/domains to: scaninfo@paloaltonetworks.com"
125.139.73.245 - - [08/Jan/2025:12:08:55 +0000] "GET / HTTP/1.0" 200 1761 "-" "curl/7.88.1"
78.153.140.93 - - [08/Jan/2025:12:55:30 +0000] "GET /.env HTTP/1.1" 302 387 "-" "Mozilla/5.0 (Windows NT 10.0; Win64; x64) AppleWebKit/537.36 (KHTML, like Gecko) Chrome/116.0.5845.140 Safari/537.36"
78.153.140.93 - - [08/Jan/2025:12:55:30 +0000] "POST / HTTP/1.1" 200 1003 "-" "Mozilla/5.0 (Windows NT 10.0; Win64; x64) AppleWebKit/537.36 (KHTML, like Gecko) Chrome/116.0.5845.140 Safari/537.36"
167.71.198.162 - - [08/Jan/2025:13:07:47 +0000] "GET / HTTP/1.1" 200 966 "-" "Linux Gnu (cow)"
50.114.203.187 - - [08/Jan/2025:13:16:00 +0000] "GET /.env HTTP/1.1" 302 387 "-" "Mozilla/5.0 (Macintosh; U; Intel Mac OS X 10_6_8; en-us) AppleWebKit/534.50 (KHTML, like Gecko) Version/5.1 Safari/534.50"
50.114.203.187 - - [08/Jan/2025:13:16:00 +0000] "GET / HTTP/1.1" 200 944 "-" "Mozilla/5.0 (Macintosh; U; Intel Mac OS X 10_6_8; en-us) AppleWebKit/534.50 (KHTML, like Gecko) Version/5.1 Safari/534.50"
220.77.19.169 - - [08/Jan/2025:13:25:09 +0000] "GET / HTTP/1.0" 200 1761 "-" "curl/7.88.1"
195.3.223.55 - - [08/Jan/2025:14:08:05 +0000] "GET / HTTP/1.1" 200 1003 "-" "Mozilla/5.0 (Windows NT 10.0; Win64; x64) AppleWebKit/537.36 (KHTML, like Gecko) Chrome/90.0.4430.85 Safari/537.36 Edg/90.0.818.46"
123.200.25.54 - - [08/Jan/2025:14:14:09 +0000] "GET / HTTP/1.1" 200 1742 "-" "Mozilla/5.0 (Windows NT 10.0; WOW64) AppleWebKit/537.36 (KHTML, like Gecko) Chrome/52.0.2743.116 Safari/537.36"
65.49.20.68 - - [08/Jan/2025:14:18:19 +0000] "\x16\x03\x01" 400 526 "-" "-"
78.153.140.93 - - [08/Jan/2025:14:34:37 +0000] "GET /.env HTTP/1.1" 302 387 "-" "Mozilla/5.0 (Windows NT 10.0; Win64; x64) AppleWebKit/537.36 (KHTML, like Gecko) Chrome/116.0.5845.140 Safari/537.36"
78.153.140.93 - - [08/Jan/2025:14:34:37 +0000] "POST / HTTP/1.1" 200 1003 "-" "Mozilla/5.0 (Windows NT 10.0; Win64; x64) AppleWebKit/537.36 (KHTML, like Gecko) Chrome/116.0.5845.140 Safari/537.36"
185.16.39.104 - - [08/Jan/2025:14:38:11 +0000] "GET / HTTP/1.1" 200 1003 "-" "Mozilla/5.0 (Windows NT 10.0; Win64; x64) AppleWebKit/537.36 (KHTML, like Gecko) Chrome/90.0.4430.85 Safari/537.36 Edg/90.0.818.46"
179.43.191.146 - - [08/Jan/2025:14:49:07 +0000] "GET / HTTP/1.1" 200 1003 "-" "Mozilla/5.0 (Windows NT 10.0; Win64; x64) AppleWebKit/537.36 (KHTML, like Gecko) Chrome/90.0.4430.85 Safari/537.36 Edg/90.0.818.46"
34.76.133.13 - - [08/Jan/2025:14:55:58 +0000] "GET / HTTP/1.1" 200 1003 "-" "python-requests/2.32.3"
46.19.138.234 - - [08/Jan/2025:14:57:31 +0000] "GET / HTTP/1.1" 200 1003 "-" "Mozilla/5.0 (Windows NT 10.0; Win64; x64) AppleWebKit/537.36 (KHTML, like Gecko) Chrome/90.0.4430.85 Safari/537.36 Edg/90.0.818.46"
81.161.238.40 - - [08/Jan/2025:14:57:42 +0000] "GET /.env HTTP/1.1" 302 350 "-" "Mozilla/5.0 (compatible; MSIE 9.0; Windows NT 6.2; Trident/5.0)"
193.34.212.75 - - [08/Jan/2025:15:38:00 +0000] "GET / HTTP/1.1" 200 1742 "-" "-"
78.153.140.93 - - [08/Jan/2025:15:39:45 +0000] "GET /.env HTTP/1.1" 302 387 "-" "Mozilla/5.0 (Windows NT 10.0; Win64; x64) AppleWebKit/537.36 (KHTML, like Gecko) Chrome/116.0.5845.140 Safari/537.36"
78.153.140.93 - - [08/Jan/2025:15:39:46 +0000] "POST / HTTP/1.1" 200 1003 "-" "Mozilla/5.0 (Windows NT 10.0; Win64; x64) AppleWebKit/537.36 (KHTML, like Gecko) Chrome/116.0.5845.140 Safari/537.36"
66.175.213.4 - - [08/Jan/2025:15:50:53 +0000] "\x16\x03\x01" 400 526 "-" "-"
112.165.189.217 - - [08/Jan/2025:15:52:44 +0000] "GET / HTTP/1.0" 200 1761 "-" "curl/7.88.1"
154.213.187.172 - - [08/Jan/2025:16:04:45 +0000] "POST /boaform/admin/formLogin HTTP/1.1" 302 387 "http://34.94.250.181:80/admin/login.asp" "Mozilla/5.0 (X11; Ubuntu; Linux x86_64; rv:71.0) Gecko/20100101 Firefox/71.0"
139.59.101.104 - - [08/Jan/2025:16:34:33 +0000] "GET /cdn-cgi/trace HTTP/1.1" 302 350 "-" "Mozilla/5.0"
175.205.124.227 - - [08/Jan/2025:16:34:41 +0000] "GET / HTTP/1.0" 200 1761 "-" "Mozilla/5.0 (Linux; U; Android 4.0.3; ko-kr; LG-L160L Build/IML74K) AppleWebkit/534.30 (KHTML, like Gecko) Version/4.0 Mobile Safari/534.30"
222.8.28.162 - - [08/Jan/2025:17:02:35 +0000] "GET / HTTP/1.0" 200 1761 "-" "curl/7.88.1"
178.128.54.126 - - [08/Jan/2025:17:05:12 +0000] "GET /cdn-cgi/trace HTTP/1.1" 302 350 "-" "Mozilla/5.0"
178.128.54.126 - - [08/Jan/2025:17:05:44 +0000] "\x16\x03\x01\x01\v\x01" 400 526 "-" "-"
152.42.247.210 - - [08/Jan/2025:17:09:37 +0000] "GET /cdn-cgi/trace HTTP/1.1" 302 350 "-" "Mozilla/5.0"
78.153.140.93 - - [08/Jan/2025:17:09:40 +0000] "GET /.env HTTP/1.1" 302 387 "-" "Mozilla/5.0 (Windows NT 10.0; Win64; x64) AppleWebKit/537.36 (KHTML, like Gecko) Chrome/116.0.5845.140 Safari/537.36"
78.153.140.93 - - [08/Jan/2025:17:09:41 +0000] "POST / HTTP/1.1" 200 1003 "-" "Mozilla/5.0 (Windows NT 10.0; Win64; x64) AppleWebKit/537.36 (KHTML, like Gecko) Chrome/116.0.5845.140 Safari/537.36"
152.42.247.210 - - [08/Jan/2025:17:09:45 +0000] "\x16\x03\x01\x01\v\x01" 400 526 "-" "-"
159.223.69.51 - - [08/Jan/2025:17:10:31 +0000] "GET /cdn-cgi/trace HTTP/1.1" 302 350 "-" "Mozilla/5.0"
159.223.69.51 - - [08/Jan/2025:17:10:41 +0000] "\x16\x03\x01\x01\v\x01" 400 526 "-" "-"
91.223.3.201 - - [08/Jan/2025:17:12:23 +0000] "GET / HTTP/1.1" 200 1003 "-" "Mozilla/5.0 (Windows NT 10.0; Win64; x64) AppleWebKit/537.36 (KHTML, like Gecko) Chrome/90.0.4430.85 Safari/537.36 Edg/90.0.818.46"
154.213.184.132 - - [08/Jan/2025:17:30:37 +0000] "CONNECT google.com:443 HTTP/1.1" 302 331 "-" "Go-http-client/1.1"
35.241.129.65 - - [08/Jan/2025:17:48:17 +0000] "GET / HTTP/1.1" 200 1003 "-" "python-requests/2.32.3"
185.82.219.124 - - [08/Jan/2025:17:53:34 +0000] "GET /.env HTTP/1.0" 302 350 "-" "Mozilla/5.0 (Windows NT 6.0; rv:40.0) Gecko/20100101 Firefox/40.0"
78.153.140.93 - - [08/Jan/2025:17:54:28 +0000] "GET /.env HTTP/1.1" 302 387 "-" "Mozilla/5.0 (Windows NT 10.0; Win64; x64) AppleWebKit/537.36 (KHTML, like Gecko) Chrome/116.0.5845.140 Safari/537.36"
78.153.140.93 - - [08/Jan/2025:17:54:28 +0000] "POST / HTTP/1.1" 200 1003 "-" "Mozilla/5.0 (Windows NT 10.0; Win64; x64) AppleWebKit/537.36 (KHTML, like Gecko) Chrome/116.0.5845.140 Safari/537.36"
194.0.234.106 - - [08/Jan/2025:18:12:05 +0000] "GET /xml/info.xml HTTP/1.1" 302 331 "-" "Mozilla/5.0 zgrab/0.x"
194.0.234.106 - - [08/Jan/2025:18:12:06 +0000] "GET / HTTP/1.1" 200 947 "http://34.94.250.181/xml/info.xml" "Mozilla/5.0 zgrab/0.x"
193.36.99.48 - - [08/Jan/2025:18:31:02 +0000] "GET / HTTP/1.1" 200 1742 "-" "Mozilla/5.0 (Windows NT 10.0; WOW64) AppleWebKit/537.36 (KHTML, like Gecko) Chrome/51.0.2704.103 Safari/537.36"
193.34.212.75 - - [08/Jan/2025:18:40:23 +0000] "GET / HTTP/1.1" 200 1742 "-" "-"
59.28.2.247 - - [08/Jan/2025:18:45:42 +0000] "GET / HTTP/1.0" 200 1761 "-" "curl/7.88.1"
78.153.140.93 - - [08/Jan/2025:19:36:35 +0000] "GET /.env HTTP/1.1" 302 387 "-" "Mozilla/5.0 (Windows NT 10.0; Win64; x64) AppleWebKit/537.36 (KHTML, like Gecko) Chrome/116.0.5845.140 Safari/537.36"
78.153.140.93 - - [08/Jan/2025:19:36:35 +0000] "POST / HTTP/1.1" 200 1003 "-" "Mozilla/5.0 (Windows NT 10.0; Win64; x64) AppleWebKit/537.36 (KHTML, like Gecko) Chrome/116.0.5845.140 Safari/537.36"
91.223.3.201 - - [08/Jan/2025:19:37:02 +0000] "GET / HTTP/1.1" 200 1003 "-" "Mozilla/5.0 (Windows NT 10.0; Win64; x64) AppleWebKit/537.36 (KHTML, like Gecko) Chrome/90.0.4430.85 Safari/537.36 Edg/90.0.818.46"
185.16.39.104 - - [08/Jan/2025:19:37:28 +0000] "GET / HTTP/1.1" 200 1003 "-" "Mozilla/5.0 (Windows NT 10.0; Win64; x64) AppleWebKit/537.36 (KHTML, like Gecko) Chrome/90.0.4430.85 Safari/537.36 Edg/90.0.818.46"
31.13.224.222 - - [08/Jan/2025:20:11:42 +0000] "GET /.env HTTP/1.1" 302 350 "-" "Mozilla/5.0 (Linux; U; Android 2.2; en-us; SCH-I800 Build/FROYO) AppleWebKit/533.1 (KHTML, like Gecko) Version/4.0 Mobile Safari/533.1"
210.234.71.26 - - [08/Jan/2025:20:16:15 +0000] "GET / HTTP/1.0" 200 1761 "-" "curl/7.88.1"
185.196.220.253 - - [08/Jan/2025:20:20:55 +0000] "GET / HTTP/1.1" 200 1742 "-" "Hello World"
92.255.57.58 - - [08/Jan/2025:20:34:04 +0000] "GET /?XDEBUG_SESSION_START=phpstorm HTTP/1.1" 200 966 "-" "Mozilla/5.0 (Windows NT 10.0; Win64; x64) AppleWebKit/537.36 (KHTML, like Gecko) Chrome/78.0.3904.108 Safari/537.36"
46.19.138.234 - - [08/Jan/2025:20:55:48 +0000] "GET / HTTP/1.1" 200 1003 "-" "Mozilla/5.0 (Windows NT 10.0; Win64; x64) AppleWebKit/537.36 (KHTML, like Gecko) Chrome/90.0.4430.85 Safari/537.36 Edg/90.0.818.46"
78.153.140.93 - - [08/Jan/2025:21:07:27 +0000] "GET /.env HTTP/1.1" 302 387 "-" "Mozilla/5.0 (Windows NT 10.0; Win64; x64) AppleWebKit/537.36 (KHTML, like Gecko) Chrome/116.0.5845.140 Safari/537.36"
78.153.140.93 - - [08/Jan/2025:21:07:27 +0000] "POST / HTTP/1.1" 200 1003 "-" "Mozilla/5.0 (Windows NT 10.0; Win64; x64) AppleWebKit/537.36 (KHTML, like Gecko) Chrome/116.0.5845.140 Safari/537.36"
179.43.191.146 - - [08/Jan/2025:21:07:31 +0000] "GET / HTTP/1.1" 200 1003 "-" "Mozilla/5.0 (Windows NT 10.0; Win64; x64) AppleWebKit/537.36 (KHTML, like Gecko) Chrome/90.0.4430.85 Safari/537.36 Edg/90.0.818.46"
178.215.236.132 - - [08/Jan/2025:21:18:05 +0000] "GET /.git/config HTTP/1.1" 302 350 "-" "Mozilla/5.0 (X11; Ubuntu; Linux x86_64; rv:14.0) Gecko/20100101 Firefox/14.0.1"
91.223.3.201 - - [08/Jan/2025:21:38:50 +0000] "GET / HTTP/1.1" 200 1003 "-" "Mozilla/5.0 (Windows NT 10.0; Win64; x64) AppleWebKit/537.36 (KHTML, like Gecko) Chrome/90.0.4430.85 Safari/537.36 Edg/90.0.818.46"
103.130.212.236 - - [08/Jan/2025:21:39:23 +0000] "GET / HTTP/1.1" 200 1742 "-" "-"
101.51.41.253 - - [08/Jan/2025:21:44:18 +0000] "GET / HTTP/1.0" 200 1761 "-" "curl/7.88.1"
92.255.57.58 - - [08/Jan/2025:21:52:00 +0000] "GET /actuator/gateway/routes HTTP/1.1" 302 350 "-" "Mozilla/5.0 (Windows NT 10.0; Win64; x64) AppleWebKit/537.36 (KHTML, like Gecko) Chrome/78.0.3904.108 Safari/537.36"
205.210.31.247 - - [08/Jan/2025:21:52:02 +0000] "\x16\x03\x01" 400 526 "-" "-"
205.210.31.247 - - [08/Jan/2025:21:52:03 +0000] "\x16\x03\x01" 400 526 "-" "-"
92.255.57.58 - - [08/Jan/2025:21:52:03 +0000] "GET / HTTP/1.1" 200 966 "http://34.94.250.181:80/actuator/gateway/routes" "Mozilla/5.0 (Windows NT 10.0; Win64; x64) AppleWebKit/537.36 (KHTML, like Gecko) Chrome/78.0.3904.108 Safari/537.36"
47.237.115.100 - - [08/Jan/2025:21:58:39 +0000] "\x16\x03\x01" 400 526 "-" "-"
193.34.212.75 - - [08/Jan/2025:21:59:10 +0000] "GET / HTTP/1.1" 200 1742 "-" "-"
103.203.56.2 - - [08/Jan/2025:22:21:38 +0000] "GET / HTTP/1.1" 200 1761 "-" "HTTP Banner Detection (https://security.ipip.net)"
