92.255.57.58 - - [11/Jan/2025:00:00:11 +0000] "\x16\x03\x01\x05\xa8\x01" 400 524 "-" "-"
185.16.39.104 - - [11/Jan/2025:00:07:19 +0000] "GET / HTTP/1.1" 200 1003 "-" "Mozilla/5.0 (Windows NT 10.0; Win64; x64) AppleWebKit/537.36 (KHTML, like Gecko) Chrome/90.0.4430.85 Safari/537.36 Edg/90.0.818.46"
221.151.25.190 - - [11/Jan/2025:00:13:55 +0000] "GET / HTTP/1.0" 200 1761 "-" "curl/7.88.1"
80.82.77.202 - - [11/Jan/2025:00:15:00 +0000] "\x16\x03\x02\x01o\x01" 400 524 "-" "-"
91.223.3.201 - - [11/Jan/2025:00:20:37 +0000] "GET / HTTP/1.1" 200 1003 "-" "Mozilla/5.0 (Windows NT 10.0; Win64; x64) AppleWebKit/537.36 (KHTML, like Gecko) Chrome/90.0.4430.85 Safari/537.36 Edg/90.0.818.46"
162.216.150.110 - - [11/Jan/2025:00:21:14 +0000] "GET / HTTP/1.1" 200 947 "-" "Expanse, a Palo Alto Networks company, searches across the global IPv4 space multiple times per day to identify customers&#39; presences on the Internet. If you would like to be excluded from our scans, please send IP addresses/domains to: scaninfo@paloaltonetworks.com"
211.225.82.121 - - [11/Jan/2025:00:21:14 +0000] "GET / HTTP/1.0" 200 1761 "-" "curl/7.88.1"
206.168.34.123 - - [11/Jan/2025:00:29:48 +0000] "GET / HTTP/1.1" 200 947 "-" "Mozilla/5.0 (compatible; CensysInspect/1.1; +https://about.censys.io/)"
206.168.34.123 - - [11/Jan/2025:00:29:52 +0000] "GET /favicon.ico HTTP/1.1" 302 350 "-" "Mozilla/5.0 (compatible; CensysInspect/1.1; +https://about.censys.io/)"
206.168.34.123 - - [11/Jan/2025:00:29:58 +0000] "GET / HTTP/1.1" 200 966 "http://34.93.54.196/favicon.ico" "Mozilla/5.0 (compatible; CensysInspect/1.1; +https://about.censys.io/)"
206.168.34.123 - - [11/Jan/2025:00:30:01 +0000] "PRI * HTTP/2.0" 400 524 "-" "-"
68.183.9.141 - - [11/Jan/2025:00:33:08 +0000] "GET / HTTP/1.1" 200 947 "-" "Mozilla/5.0 zgrab/0.x"
172.206.141.63 - - [11/Jan/2025:00:52:50 +0000] "GET /druid/index.html HTTP/1.1" 302 331 "-" "Mozilla/5.0 zgrab/0.x"
106.75.67.217 - - [11/Jan/2025:00:53:20 +0000] "GET / HTTP/1.1" 200 1742 "-" "-"
78.153.140.148 - - [11/Jan/2025:00:58:40 +0000] "GET /.env HTTP/1.1" 302 387 "-" "Mozilla/5.0 (Windows NT 10.0; Win64; x64) AppleWebKit/537.36 (KHTML, like Gecko) Chrome/116.0.5845.140 Safari/537.36"
78.153.140.148 - - [11/Jan/2025:00:58:40 +0000] "POST / HTTP/1.1" 200 1003 "-" "Mozilla/5.0 (Windows NT 10.0; Win64; x64) AppleWebKit/537.36 (KHTML, like Gecko) Chrome/116.0.5845.140 Safari/537.36"
78.153.140.93 - - [11/Jan/2025:01:08:40 +0000] "GET /.env HTTP/1.1" 302 387 "-" "Mozilla/5.0 (Windows NT 10.0; Win64; x64) AppleWebKit/537.36 (KHTML, like Gecko) Chrome/116.0.5845.140 Safari/537.36"
78.153.140.93 - - [11/Jan/2025:01:08:40 +0000] "POST / HTTP/1.1" 200 1003 "-" "Mozilla/5.0 (Windows NT 10.0; Win64; x64) AppleWebKit/537.36 (KHTML, like Gecko) Chrome/116.0.5845.140 Safari/537.36"
198.235.24.141 - - [11/Jan/2025:01:48:49 +0000] "\x16\x03\x01" 400 524 "-" "-"
198.235.24.141 - - [11/Jan/2025:01:48:49 +0000] "\x16\x03\x01" 400 524 "-" "-"
78.153.140.93 - - [11/Jan/2025:02:06:43 +0000] "GET /.env HTTP/1.1" 302 387 "-" "Mozilla/5.0 (Windows NT 10.0; Win64; x64) AppleWebKit/537.36 (KHTML, like Gecko) Chrome/116.0.5845.140 Safari/537.36"
78.153.140.93 - - [11/Jan/2025:02:06:44 +0000] "POST / HTTP/1.1" 200 1003 "-" "Mozilla/5.0 (Windows NT 10.0; Win64; x64) AppleWebKit/537.36 (KHTML, like Gecko) Chrome/116.0.5845.140 Safari/537.36"
152.42.219.47 - - [11/Jan/2025:02:19:00 +0000] "GET /cdn-cgi/trace HTTP/1.1" 302 350 "-" "Mozilla/5.0"
152.42.219.47 - - [11/Jan/2025:02:19:10 +0000] "\x16\x03\x01\x01\v\x01" 400 524 "-" "-"
95.214.55.226 - - [11/Jan/2025:02:24:51 +0000] "GET / HTTP/1.1" 200 1742 "-" "-"
152.42.219.47 - - [11/Jan/2025:02:28:45 +0000] "GET /cdn-cgi/trace HTTP/1.1" 302 350 "-" "Mozilla/5.0"
152.42.219.47 - - [11/Jan/2025:02:28:53 +0000] "\x16\x03\x01\x01\v\x01" 400 524 "-" "-"
78.153.140.93 - - [11/Jan/2025:02:30:48 +0000] "GET /.env HTTP/1.1" 302 387 "-" "Mozilla/5.0 (Windows NT 10.0; Win64; x64) AppleWebKit/537.36 (KHTML, like Gecko) Chrome/116.0.5845.140 Safari/537.36"
78.153.140.93 - - [11/Jan/2025:02:30:48 +0000] "POST / HTTP/1.1" 200 1003 "-" "Mozilla/5.0 (Windows NT 10.0; Win64; x64) AppleWebKit/537.36 (KHTML, like Gecko) Chrome/116.0.5845.140 Safari/537.36"
152.42.247.210 - - [11/Jan/2025:02:33:51 +0000] "GET /cdn-cgi/trace HTTP/1.1" 302 350 "-" "Mozilla/5.0"
152.42.247.210 - - [11/Jan/2025:02:33:59 +0000] "\x16\x03\x01\x01\v\x01" 400 524 "-" "-"
152.42.219.47 - - [11/Jan/2025:02:34:16 +0000] "GET /cdn-cgi/trace HTTP/1.1" 302 350 "-" "Mozilla/5.0"
152.42.219.47 - - [11/Jan/2025:02:34:25 +0000] "\x16\x03\x01\x01\v\x01" 400 524 "-" "-"
86.185.227.60 - - [11/Jan/2025:02:50:43 +0000] "GET / HTTP/1.0" 200 1761 "-" "curl/7.88.1"
80.82.77.202 - - [11/Jan/2025:02:54:58 +0000] "GET / HTTP/1.0" 200 1761 "-" "Mozilla/5.0 (Macintosh; Intel Mac OS X 10_14_5) AppleWebKit/605.1.15 (KHTML, like Gecko) Version/12.1.1 Safari/605.1.15"
133.175.54.224 - - [11/Jan/2025:02:56:22 +0000] "GET / HTTP/1.0" 200 1761 "-" "curl/7.88.1"
81.158.57.197 - - [11/Jan/2025:02:59:17 +0000] "GET / HTTP/1.0" 200 1761 "-" "curl/7.88.1"
91.223.3.201 - - [11/Jan/2025:03:05:27 +0000] "GET / HTTP/1.1" 200 1003 "-" "Mozilla/5.0 (Windows NT 10.0; Win64; x64) AppleWebKit/537.36 (KHTML, like Gecko) Chrome/90.0.4430.85 Safari/537.36 Edg/90.0.818.46"
78.153.140.148 - - [11/Jan/2025:03:20:24 +0000] "GET /.env HTTP/1.1" 302 387 "-" "Mozilla/5.0 (Windows NT 10.0; Win64; x64) AppleWebKit/537.36 (KHTML, like Gecko) Chrome/116.0.5845.140 Safari/537.36"
78.153.140.148 - - [11/Jan/2025:03:20:24 +0000] "POST / HTTP/1.1" 200 1003 "-" "Mozilla/5.0 (Windows NT 10.0; Win64; x64) AppleWebKit/537.36 (KHTML, like Gecko) Chrome/116.0.5845.140 Safari/537.36"
78.153.140.93 - - [11/Jan/2025:03:28:07 +0000] "GET /.env HTTP/1.1" 302 387 "-" "Mozilla/5.0 (Windows NT 10.0; Win64; x64) AppleWebKit/537.36 (KHTML, like Gecko) Chrome/116.0.5845.140 Safari/537.36"
78.153.140.93 - - [11/Jan/2025:03:28:07 +0000] "POST / HTTP/1.1" 200 1003 "-" "Mozilla/5.0 (Windows NT 10.0; Win64; x64) AppleWebKit/537.36 (KHTML, like Gecko) Chrome/116.0.5845.140 Safari/537.36"
45.33.80.243 - - [11/Jan/2025:03:48:10 +0000] "\x16\x03\x01" 400 524 "-" "-"
46.19.138.234 - - [11/Jan/2025:03:53:03 +0000] "GET / HTTP/1.1" 200 1003 "-" "Mozilla/5.0 (Windows NT 10.0; Win64; x64) AppleWebKit/537.36 (KHTML, like Gecko) Chrome/90.0.4430.85 Safari/537.36 Edg/90.0.818.46"
179.43.191.146 - - [11/Jan/2025:04:03:36 +0000] "GET / HTTP/1.1" 200 1003 "-" "Mozilla/5.0 (Windows NT 10.0; Win64; x64) AppleWebKit/537.36 (KHTML, like Gecko) Chrome/90.0.4430.85 Safari/537.36 Edg/90.0.818.46"
211.225.185.40 - - [11/Jan/2025:04:44:18 +0000] "GET / HTTP/1.0" 200 1761 "-" "curl/7.88.1"
78.153.140.93 - - [11/Jan/2025:04:47:28 +0000] "GET /.env HTTP/1.1" 302 387 "-" "Mozilla/5.0 (Windows NT 10.0; Win64; x64) AppleWebKit/537.36 (KHTML, like Gecko) Chrome/116.0.5845.140 Safari/537.36"
78.153.140.93 - - [11/Jan/2025:04:47:28 +0000] "POST / HTTP/1.1" 200 1003 "-" "Mozilla/5.0 (Windows NT 10.0; Win64; x64) AppleWebKit/537.36 (KHTML, like Gecko) Chrome/116.0.5845.140 Safari/537.36"
78.153.140.148 - - [11/Jan/2025:04:52:24 +0000] "GET /.env HTTP/1.1" 302 387 "-" "Mozilla/5.0 (Windows NT 10.0; Win64; x64) AppleWebKit/537.36 (KHTML, like Gecko) Chrome/116.0.5845.140 Safari/537.36"
78.153.140.148 - - [11/Jan/2025:04:52:25 +0000] "POST / HTTP/1.1" 200 1003 "-" "Mozilla/5.0 (Windows NT 10.0; Win64; x64) AppleWebKit/537.36 (KHTML, like Gecko) Chrome/116.0.5845.140 Safari/537.36"
185.16.39.104 - - [11/Jan/2025:05:00:48 +0000] "GET / HTTP/1.1" 200 1003 "-" "Mozilla/5.0 (Windows NT 10.0; Win64; x64) AppleWebKit/537.36 (KHTML, like Gecko) Chrome/90.0.4430.85 Safari/537.36 Edg/90.0.818.46"
193.34.212.75 - - [11/Jan/2025:05:11:25 +0000] "GET / HTTP/1.1" 200 1742 "-" "-"
195.3.223.55 - - [11/Jan/2025:05:27:41 +0000] "GET / HTTP/1.1" 200 1003 "-" "Mozilla/5.0 (Windows NT 10.0; Win64; x64) AppleWebKit/537.36 (KHTML, like Gecko) Chrome/90.0.4430.85 Safari/537.36 Edg/90.0.818.46"
95.214.55.226 - - [11/Jan/2025:05:39:39 +0000] "GET / HTTP/1.1" 200 1742 "-" "-"
78.153.140.93 - - [11/Jan/2025:05:43:57 +0000] "GET /.env HTTP/1.1" 302 387 "-" "Mozilla/5.0 (Windows NT 10.0; Win64; x64) AppleWebKit/537.36 (KHTML, like Gecko) Chrome/116.0.5845.140 Safari/537.36"
78.153.140.93 - - [11/Jan/2025:05:43:58 +0000] "POST / HTTP/1.1" 200 1003 "-" "Mozilla/5.0 (Windows NT 10.0; Win64; x64) AppleWebKit/537.36 (KHTML, like Gecko) Chrome/116.0.5845.140 Safari/537.36"
147.185.132.120 - - [11/Jan/2025:05:59:35 +0000] "GET / HTTP/1.0" 200 1761 "-" "Expanse, a Palo Alto Networks company, searches across the global IPv4 space multiple times per day to identify customers&#39; presences on the Internet. If you would like to be excluded from our scans, please send IP addresses/domains to: scaninfo@paloaltonetworks.com"
87.120.115.119 - - [11/Jan/2025:06:01:00 +0000] "GET /.env HTTP/1.1" 302 350 "-" "ELinks/0.12~pre5-4"
78.153.140.148 - - [11/Jan/2025:06:07:13 +0000] "GET /.env HTTP/1.1" 302 387 "-" "Mozilla/5.0 (Windows NT 10.0; Win64; x64) AppleWebKit/537.36 (KHTML, like Gecko) Chrome/116.0.5845.140 Safari/537.36"
78.153.140.148 - - [11/Jan/2025:06:07:13 +0000] "POST / HTTP/1.1" 200 1003 "-" "Mozilla/5.0 (Windows NT 10.0; Win64; x64) AppleWebKit/537.36 (KHTML, like Gecko) Chrome/116.0.5845.140 Safari/537.36"
211.230.116.10 - - [11/Jan/2025:06:46:32 +0000] "GET / HTTP/1.0" 200 1761 "-" "curl/7.88.1"
78.153.140.93 - - [11/Jan/2025:06:50:52 +0000] "GET /.env HTTP/1.1" 302 387 "-" "Mozilla/5.0 (Windows NT 10.0; Win64; x64) AppleWebKit/537.36 (KHTML, like Gecko) Chrome/116.0.5845.140 Safari/537.36"
78.153.140.93 - - [11/Jan/2025:06:50:53 +0000] "POST / HTTP/1.1" 200 1003 "-" "Mozilla/5.0 (Windows NT 10.0; Win64; x64) AppleWebKit/537.36 (KHTML, like Gecko) Chrome/116.0.5845.140 Safari/537.36"
205.210.31.150 - - [11/Jan/2025:06:59:36 +0000] "GET / HTTP/1.1" 200 947 "-" "Expanse, a Palo Alto Networks company, searches across the global IPv4 space multiple times per day to identify customers&#39; presences on the Internet. If you would like to be excluded from our scans, please send IP addresses/domains to: scaninfo@paloaltonetworks.com"
87.2.45.28 - - [11/Jan/2025:07:04:07 +0000] "GET / HTTP/1.0" 200 1761 "-" "curl/7.88.1"
14.39.14.65 - - [11/Jan/2025:07:22:51 +0000] "GET / HTTP/1.0" 200 1761 "-" "curl/7.88.1"
78.153.140.93 - - [11/Jan/2025:07:24:54 +0000] "GET /.env HTTP/1.1" 302 387 "-" "Mozilla/5.0 (Windows NT 10.0; Win64; x64) AppleWebKit/537.36 (KHTML, like Gecko) Chrome/116.0.5845.140 Safari/537.36"
78.153.140.93 - - [11/Jan/2025:07:24:54 +0000] "POST / HTTP/1.1" 200 1003 "-" "Mozilla/5.0 (Windows NT 10.0; Win64; x64) AppleWebKit/537.36 (KHTML, like Gecko) Chrome/116.0.5845.140 Safari/537.36"
205.210.31.75 - - [11/Jan/2025:07:31:19 +0000] "\x16\x03\x01" 400 524 "-" "-"
205.210.31.75 - - [11/Jan/2025:07:31:20 +0000] "\x16\x03\x01" 400 524 "-" "-"
78.153.140.148 - - [11/Jan/2025:07:39:09 +0000] "GET /.env HTTP/1.1" 302 387 "-" "Mozilla/5.0 (Windows NT 10.0; Win64; x64) AppleWebKit/537.36 (KHTML, like Gecko) Chrome/116.0.5845.140 Safari/537.36"
78.153.140.148 - - [11/Jan/2025:07:39:10 +0000] "POST / HTTP/1.1" 200 1003 "-" "Mozilla/5.0 (Windows NT 10.0; Win64; x64) AppleWebKit/537.36 (KHTML, like Gecko) Chrome/116.0.5845.140 Safari/537.36"
95.214.55.226 - - [11/Jan/2025:07:39:10 +0000] "GET / HTTP/1.1" 200 1742 "-" "-"
18.226.200.54 - - [11/Jan/2025:07:39:24 +0000] "\x16\x03\x01" 400 524 "-" "-"
18.226.200.54 - - [11/Jan/2025:07:39:55 +0000] "GET / HTTP/1.1" 200 947 "-" "Mozilla/5.0 (Macintosh; Intel Mac OS X 10_15_7) Chrome/126.0.0.0 Safari/537.36"
193.34.212.75 - - [11/Jan/2025:07:48:27 +0000] "GET / HTTP/1.1" 200 1742 "-" "-"
45.79.181.251 - - [11/Jan/2025:07:50:06 +0000] "\x16\x03\x01" 400 524 "-" "-"
78.153.140.93 - - [11/Jan/2025:07:59:37 +0000] "GET /.env HTTP/1.1" 302 387 "-" "Mozilla/5.0 (Windows NT 10.0; Win64; x64) AppleWebKit/537.36 (KHTML, like Gecko) Chrome/116.0.5845.140 Safari/537.36"
78.153.140.93 - - [11/Jan/2025:07:59:38 +0000] "POST / HTTP/1.1" 200 1003 "-" "Mozilla/5.0 (Windows NT 10.0; Win64; x64) AppleWebKit/537.36 (KHTML, like Gecko) Chrome/116.0.5845.140 Safari/537.36"
205.210.31.137 - - [11/Jan/2025:08:20:46 +0000] "GET / HTTP/1.0" 200 1761 "-" "Expanse, a Palo Alto Networks company, searches across the global IPv4 space multiple times per day to identify customers&#39; presences on the Internet. If you would like to be excluded from our scans, please send IP addresses/domains to: scaninfo@paloaltonetworks.com"
78.153.140.148 - - [11/Jan/2025:08:37:04 +0000] "GET /.env HTTP/1.1" 302 387 "-" "Mozilla/5.0 (Windows NT 10.0; Win64; x64) AppleWebKit/537.36 (KHTML, like Gecko) Chrome/116.0.5845.140 Safari/537.36"
78.153.140.148 - - [11/Jan/2025:08:37:05 +0000] "POST / HTTP/1.1" 200 1003 "-" "Mozilla/5.0 (Windows NT 10.0; Win64; x64) AppleWebKit/537.36 (KHTML, like Gecko) Chrome/116.0.5845.140 Safari/537.36"
45.156.129.133 - - [11/Jan/2025:09:02:00 +0000] "GET / HTTP/1.1" 200 947 "-" "Mozilla/5.0 (Windows NT 10.0; Win64; x64) AppleWebKit/537.36 (KHTML, like Gecko) Chrome/60.0.3112.113 Safari/537.36"
179.43.191.146 - - [11/Jan/2025:09:06:46 +0000] "GET / HTTP/1.1" 200 1003 "-" "Mozilla/5.0 (Windows NT 10.0; Win64; x64) AppleWebKit/537.36 (KHTML, like Gecko) Chrome/90.0.4430.85 Safari/537.36 Edg/90.0.818.46"
78.153.140.93 - - [11/Jan/2025:09:27:46 +0000] "GET /.env HTTP/1.1" 302 387 "-" "Mozilla/5.0 (Windows NT 10.0; Win64; x64) AppleWebKit/537.36 (KHTML, like Gecko) Chrome/116.0.5845.140 Safari/537.36"
78.153.140.93 - - [11/Jan/2025:09:27:46 +0000] "POST / HTTP/1.1" 200 1003 "-" "Mozilla/5.0 (Windows NT 10.0; Win64; x64) AppleWebKit/537.36 (KHTML, like Gecko) Chrome/116.0.5845.140 Safari/537.36"
46.19.138.234 - - [11/Jan/2025:10:06:21 +0000] "GET / HTTP/1.1" 200 1003 "-" "Mozilla/5.0 (Windows NT 10.0; Win64; x64) AppleWebKit/537.36 (KHTML, like Gecko) Chrome/90.0.4430.85 Safari/537.36 Edg/90.0.818.46"
78.153.140.148 - - [11/Jan/2025:10:13:58 +0000] "GET /.env HTTP/1.1" 302 387 "-" "Mozilla/5.0 (Windows NT 10.0; Win64; x64) AppleWebKit/537.36 (KHTML, like Gecko) Chrome/116.0.5845.140 Safari/537.36"
78.153.140.148 - - [11/Jan/2025:10:13:58 +0000] "POST / HTTP/1.1" 200 1003 "-" "Mozilla/5.0 (Windows NT 10.0; Win64; x64) AppleWebKit/537.36 (KHTML, like Gecko) Chrome/116.0.5845.140 Safari/537.36"
193.34.212.75 - - [11/Jan/2025:10:28:04 +0000] "GET / HTTP/1.1" 200 1742 "-" "-"
183.134.104.173 - - [11/Jan/2025:10:32:20 +0000] "GET / HTTP/1.0" 200 1761 "-" "-"
115.238.44.234 - - [11/Jan/2025:10:34:41 +0000] "GET / HTTP/1.0" 200 1761 "-" "-"
115.238.44.234 - - [11/Jan/2025:10:35:09 +0000] "GET / HTTP/1.0" 200 1761 "-" "-"
78.153.140.93 - - [11/Jan/2025:10:38:08 +0000] "GET /.env HTTP/1.1" 302 387 "-" "Mozilla/5.0 (Windows NT 10.0; Win64; x64) AppleWebKit/537.36 (KHTML, like Gecko) Chrome/116.0.5845.140 Safari/537.36"
78.153.140.93 - - [11/Jan/2025:10:38:08 +0000] "POST / HTTP/1.1" 200 1003 "-" "Mozilla/5.0 (Windows NT 10.0; Win64; x64) AppleWebKit/537.36 (KHTML, like Gecko) Chrome/116.0.5845.140 Safari/537.36"
78.153.140.93 - - [11/Jan/2025:10:41:20 +0000] "GET /.env HTTP/1.1" 302 387 "-" "Mozilla/5.0 (Windows NT 10.0; Win64; x64) AppleWebKit/537.36 (KHTML, like Gecko) Chrome/116.0.5845.140 Safari/537.36"
78.153.140.93 - - [11/Jan/2025:10:41:20 +0000] "POST / HTTP/1.1" 200 1003 "-" "Mozilla/5.0 (Windows NT 10.0; Win64; x64) AppleWebKit/537.36 (KHTML, like Gecko) Chrome/116.0.5845.140 Safari/537.36"
66.240.192.84 - - [11/Jan/2025:10:54:01 +0000] "GET / HTTP/1.1" 200 947 "-" "Mozilla/5.0 zgrab/0.x"
178.215.236.132 - - [11/Jan/2025:11:08:16 +0000] "GET /_profiler/phpinfo HTTP/1.1" 302 350 "-" "Mozilla/5.0 (Linux; Android 9; SM-A705GM) AppleWebKit/537.36 (KHTML, like Gecko) Chrome/75.0.3770.143 Mobile Safari/537.36"
185.16.39.104 - - [11/Jan/2025:11:18:48 +0000] "GET / HTTP/1.1" 200 1003 "-" "Mozilla/5.0 (Windows NT 10.0; Win64; x64) AppleWebKit/537.36 (KHTML, like Gecko) Chrome/90.0.4430.85 Safari/537.36 Edg/90.0.818.46"
78.153.140.148 - - [11/Jan/2025:11:25:07 +0000] "GET /.env HTTP/1.1" 302 387 "-" "Mozilla/5.0 (Windows NT 10.0; Win64; x64) AppleWebKit/537.36 (KHTML, like Gecko) Chrome/116.0.5845.140 Safari/537.36"
78.153.140.148 - - [11/Jan/2025:11:25:07 +0000] "POST / HTTP/1.1" 200 1003 "-" "Mozilla/5.0 (Windows NT 10.0; Win64; x64) AppleWebKit/537.36 (KHTML, like Gecko) Chrome/116.0.5845.140 Safari/537.36"
52.160.38.231 - - [11/Jan/2025:11:25:12 +0000] "MGLNDD_34.93.54.196_80\n" 400 524 "-" "-"
74.82.47.2 - - [11/Jan/2025:11:35:14 +0000] "\x16\x03\x01" 400 524 "-" "-"
78.153.140.93 - - [11/Jan/2025:11:43:26 +0000] "GET /.env HTTP/1.1" 302 387 "-" "Mozilla/5.0 (Windows NT 10.0; Win64; x64) AppleWebKit/537.36 (KHTML, like Gecko) Chrome/116.0.5845.140 Safari/537.36"
78.153.140.93 - - [11/Jan/2025:11:43:26 +0000] "POST / HTTP/1.1" 200 1003 "-" "Mozilla/5.0 (Windows NT 10.0; Win64; x64) AppleWebKit/537.36 (KHTML, like Gecko) Chrome/116.0.5845.140 Safari/537.36"
185.242.226.10 - - [11/Jan/2025:12:12:33 +0000] "GET / HTTP/1.1" 200 947 "-" "Mozilla/5.0 (Windows NT 10.0; Win64; x64) AppleWebKit/537.36 (KHTML, like Gecko) Chrome/88.0.4324.190 Safari/537.36"
152.32.235.85 - - [11/Jan/2025:12:15:33 +0000] "GET / HTTP/1.1" 200 1742 "-" "-"
78.153.140.93 - - [11/Jan/2025:12:22:00 +0000] "GET /.env HTTP/1.1" 302 387 "-" "Mozilla/5.0 (Windows NT 10.0; Win64; x64) AppleWebKit/537.36 (KHTML, like Gecko) Chrome/116.0.5845.140 Safari/537.36"
78.153.140.93 - - [11/Jan/2025:12:22:01 +0000] "POST / HTTP/1.1" 200 1003 "-" "Mozilla/5.0 (Windows NT 10.0; Win64; x64) AppleWebKit/537.36 (KHTML, like Gecko) Chrome/116.0.5845.140 Safari/537.36"
78.153.140.148 - - [11/Jan/2025:12:22:40 +0000] "GET /.env HTTP/1.1" 302 387 "-" "Mozilla/5.0 (Windows NT 10.0; Win64; x64) AppleWebKit/537.36 (KHTML, like Gecko) Chrome/116.0.5845.140 Safari/537.36"
78.153.140.148 - - [11/Jan/2025:12:22:41 +0000] "POST / HTTP/1.1" 200 1003 "-" "Mozilla/5.0 (Windows NT 10.0; Win64; x64) AppleWebKit/537.36 (KHTML, like Gecko) Chrome/116.0.5845.140 Safari/537.36"
121.177.207.78 - - [11/Jan/2025:12:27:25 +0000] "GET / HTTP/1.0" 200 1761 "-" "curl/7.88.1"
139.59.101.104 - - [11/Jan/2025:12:50:20 +0000] "GET /cdn-cgi/trace HTTP/1.1" 302 350 "-" "Mozilla/5.0"
98.96.216.126 - - [11/Jan/2025:12:55:00 +0000] "CONNECT www.baidu.com:443 HTTP/1.1" 302 331 "-" "Go-http-client/1.1"
65.49.1.65 - - [11/Jan/2025:13:17:55 +0000] "GET / HTTP/1.1" 200 947 "-" "Mozilla/5.0 (Windows NT 10.0; Win64; x64) AppleWebKit/537.36 (KHTML, like Gecko) Chrome/123.0.0.0 Safari/537.36 Edg/123.0.0.0"
65.49.1.60 - - [11/Jan/2025:13:20:36 +0000] "GET /favicon.ico HTTP/1.1" 302 331 "-" "Mozilla/5.0 (Windows NT 10.0; Win64; x64) AppleWebKit/537.36 (KHTML, like Gecko) Chrome/110.0.0.0 Safari/537.36"
65.49.1.59 - - [11/Jan/2025:13:21:09 +0000] "GET /geoserver/web/ HTTP/1.1" 302 331 "-" "Mozilla/5.0 (Windows NT 10.0; Win64; x64) AppleWebKit/537.36 (KHTML, like Gecko) Chrome/123.0.0.0 Safari/537.36 Edg/123.0.0.0"
5.101.6.131 - - [11/Jan/2025:13:22:48 +0000] "GET / HTTP/1.0" 200 1761 "-" "Mozilla/4.0 (compatible; MSIE 5.5; Windows 98; Win 9x 4.90)"
5.101.6.131 - - [11/Jan/2025:13:23:07 +0000] "GET /server-status HTTP/1.1" 403 457 "-" "Go-http-client/1.1"
5.101.6.131 - - [11/Jan/2025:13:23:07 +0000] "\x16\x03\x01\x05\xa8\x01" 400 524 "-" "-"
5.101.0.66 - - [11/Jan/2025:13:23:07 +0000] "GET / HTTP/1.1" 200 1003 "-" "Mozilla/5.0 (Windows NT 10.0; Win64; x64) AppleWebKit/537.36 (KHTML, like Gecko) Chrome/104.0.0.0 Safari/537.36"
5.101.6.131 - - [11/Jan/2025:13:23:08 +0000] "GET /aaa9 HTTP/1.1" 302 350 "-" "Mozilla/5.0 (Windows NT 10.0; Win64; x64) AppleWebKit/537.36 (KHTML, like Gecko) Chrome/70.0.3538.77 Safari/537.36"
5.101.0.66 - - [11/Jan/2025:13:23:08 +0000] "GET /js/brand.js HTTP/1.1" 200 570 "http://34.93.54.196/" "Mozilla/5.0 (Windows NT 10.0; Win64; x64) AppleWebKit/537.36 (KHTML, like Gecko) Chrome/104.0.0.0 Safari/537.36"
5.101.0.66 - - [11/Jan/2025:13:23:08 +0000] "GET /css/login.css HTTP/1.1" 200 644 "http://34.93.54.196/" "Mozilla/5.0 (Windows NT 10.0; Win64; x64) AppleWebKit/537.36 (KHTML, like Gecko) Chrome/104.0.0.0 Safari/537.36"
5.101.0.66 - - [11/Jan/2025:13:23:08 +0000] "GET /js/utils/json-manipulator.js HTTP/1.1" 200 564 "http://34.93.54.196/js/brand.js" "Mozilla/5.0 (Windows NT 10.0; Win64; x64) AppleWebKit/537.36 (KHTML, like Gecko) Chrome/104.0.0.0 Safari/537.36"
5.101.0.66 - - [11/Jan/2025:13:23:08 +0000] "GET /js/login.js HTTP/1.1" 200 922 "http://34.93.54.196/" "Mozilla/5.0 (Windows NT 10.0; Win64; x64) AppleWebKit/537.36 (KHTML, like Gecko) Chrome/104.0.0.0 Safari/537.36"
5.101.6.131 - - [11/Jan/2025:13:23:08 +0000] "\x16\x03\x01\x05\xa8\x01" 400 524 "-" "-"
5.101.0.66 - - [11/Jan/2025:13:23:08 +0000] "GET /config/brand.json HTTP/1.1" 200 366 "http://34.93.54.196/" "Mozilla/5.0 (Windows NT 10.0; Win64; x64) AppleWebKit/537.36 (KHTML, like Gecko) Chrome/104.0.0.0 Safari/537.36"
5.101.0.66 - - [11/Jan/2025:13:23:08 +0000] "GET /js/services/LoggerService.js HTTP/1.1" 200 1344 "http://34.93.54.196/js/login.js" "Mozilla/5.0 (Windows NT 10.0; Win64; x64) AppleWebKit/537.36 (KHTML, like Gecko) Chrome/104.0.0.0 Safari/537.36"
5.101.6.131 - - [11/Jan/2025:13:23:09 +0000] "GET /aab9 HTTP/1.1" 302 350 "-" "Mozilla/5.0 (Windows NT 10.0; Win64; x64) AppleWebKit/537.36 (KHTML, like Gecko) Chrome/70.0.3538.77 Safari/537.36"
5.101.0.66 - - [11/Jan/2025:13:23:09 +0000] "GET /brands/Hikvision.png HTTP/1.1" 200 328878 "http://34.93.54.196/" "Mozilla/5.0 (Windows NT 10.0; Win64; x64) AppleWebKit/537.36 (KHTML, like Gecko) Chrome/104.0.0.0 Safari/537.36"
78.153.140.93 - - [11/Jan/2025:13:27:40 +0000] "GET /.env HTTP/1.1" 302 387 "-" "Mozilla/5.0 (Windows NT 10.0; Win64; x64) AppleWebKit/537.36 (KHTML, like Gecko) Chrome/116.0.5845.140 Safari/537.36"
78.153.140.93 - - [11/Jan/2025:13:27:41 +0000] "POST / HTTP/1.1" 200 1003 "-" "Mozilla/5.0 (Windows NT 10.0; Win64; x64) AppleWebKit/537.36 (KHTML, like Gecko) Chrome/116.0.5845.140 Safari/537.36"
95.214.55.226 - - [11/Jan/2025:13:47:36 +0000] "GET / HTTP/1.1" 200 1742 "-" "-"
78.153.140.148 - - [11/Jan/2025:14:04:31 +0000] "GET /.env HTTP/1.1" 302 387 "-" "Mozilla/5.0 (Windows NT 10.0; Win64; x64) AppleWebKit/537.36 (KHTML, like Gecko) Chrome/116.0.5845.140 Safari/537.36"
78.153.140.148 - - [11/Jan/2025:14:04:32 +0000] "POST / HTTP/1.1" 200 1003 "-" "Mozilla/5.0 (Windows NT 10.0; Win64; x64) AppleWebKit/537.36 (KHTML, like Gecko) Chrome/116.0.5845.140 Safari/537.36"
78.153.140.93 - - [11/Jan/2025:14:21:47 +0000] "GET /.env HTTP/1.1" 302 387 "-" "Mozilla/5.0 (Windows NT 10.0; Win64; x64) AppleWebKit/537.36 (KHTML, like Gecko) Chrome/116.0.5845.140 Safari/537.36"
78.153.140.93 - - [11/Jan/2025:14:21:48 +0000] "POST / HTTP/1.1" 200 1003 "-" "Mozilla/5.0 (Windows NT 10.0; Win64; x64) AppleWebKit/537.36 (KHTML, like Gecko) Chrome/116.0.5845.140 Safari/537.36"
92.114.59.139 - - [11/Jan/2025:14:37:06 +0000] "GET / HTTP/1.1" 200 1003 "-" "Mozilla/5.0 (Macintosh; Intel Mac OS X 10_12_3) AppleWebKit/537.36 (KHTML, like Gecko) Chrome/56.0.2924.87 Safari/537.36"
92.114.59.139 - - [11/Jan/2025:14:37:24 +0000] "POST / HTTP/1.1" 200 1003 "-" "python-requests/2.27.1"
92.114.59.139 - - [11/Jan/2025:14:37:28 +0000] "POST /index.action HTTP/1.1" 302 387 "-" "python-requests/2.27.1"
92.114.59.139 - - [11/Jan/2025:14:37:30 +0000] "GET / HTTP/1.1" 200 944 "-" "python-requests/2.27.1"
92.114.59.139 - - [11/Jan/2025:14:37:40 +0000] "POST /login.action HTTP/1.1" 302 387 "-" "python-requests/2.27.1"
92.114.59.139 - - [11/Jan/2025:14:37:41 +0000] "GET / HTTP/1.1" 200 944 "-" "python-requests/2.27.1"
92.114.59.139 - - [11/Jan/2025:14:37:51 +0000] "POST /index.do HTTP/1.1" 302 387 "-" "python-requests/2.27.1"
92.114.59.139 - - [11/Jan/2025:14:37:52 +0000] "GET / HTTP/1.1" 200 944 "-" "python-requests/2.27.1"
92.114.59.139 - - [11/Jan/2025:14:38:03 +0000] "POST /index.jsp HTTP/1.1" 302 387 "-" "python-requests/2.27.1"
92.114.59.139 - - [11/Jan/2025:14:38:04 +0000] "GET / HTTP/1.1" 200 944 "-" "python-requests/2.27.1"
92.114.59.139 - - [11/Jan/2025:14:38:16 +0000] "POST /login.do HTTP/1.1" 302 387 "-" "python-requests/2.27.1"
92.114.59.139 - - [11/Jan/2025:14:38:17 +0000] "GET / HTTP/1.1" 200 944 "-" "python-requests/2.27.1"
92.114.59.139 - - [11/Jan/2025:14:38:24 +0000] "POST /login.jsp HTTP/1.1" 302 387 "-" "python-requests/2.27.1"
92.114.59.139 - - [11/Jan/2025:14:38:25 +0000] "GET / HTTP/1.1" 200 944 "-" "python-requests/2.27.1"
92.114.59.139 - - [11/Jan/2025:14:38:35 +0000] "POST /main.jsp HTTP/1.1" 302 387 "-" "python-requests/2.27.1"
92.114.59.139 - - [11/Jan/2025:14:38:36 +0000] "GET / HTTP/1.1" 200 944 "-" "python-requests/2.27.1"
92.114.59.139 - - [11/Jan/2025:14:38:45 +0000] "POST /default.jsp HTTP/1.1" 302 387 "-" "python-requests/2.27.1"
92.114.59.139 - - [11/Jan/2025:14:38:46 +0000] "GET / HTTP/1.1" 200 944 "-" "python-requests/2.27.1"
92.114.59.139 - - [11/Jan/2025:14:38:56 +0000] "POST /register.jsp HTTP/1.1" 302 387 "-" "python-requests/2.27.1"
92.114.59.139 - - [11/Jan/2025:14:38:57 +0000] "GET / HTTP/1.1" 200 944 "-" "python-requests/2.27.1"
92.114.59.139 - - [11/Jan/2025:14:39:06 +0000] "POST /login/login.jsp HTTP/1.1" 302 387 "-" "python-requests/2.27.1"
92.114.59.139 - - [11/Jan/2025:14:39:08 +0000] "GET / HTTP/1.1" 200 944 "-" "python-requests/2.27.1"
92.114.59.139 - - [11/Jan/2025:14:39:17 +0000] "POST /login/indexAction.action HTTP/1.1" 302 387 "-" "python-requests/2.27.1"
92.114.59.139 - - [11/Jan/2025:14:39:19 +0000] "GET / HTTP/1.1" 200 944 "-" "python-requests/2.27.1"
92.114.59.139 - - [11/Jan/2025:14:39:28 +0000] "POST /indexAction.action HTTP/1.1" 302 387 "-" "python-requests/2.27.1"
92.114.59.139 - - [11/Jan/2025:14:39:29 +0000] "GET / HTTP/1.1" 200 944 "-" "python-requests/2.27.1"
92.114.59.139 - - [11/Jan/2025:14:39:39 +0000] "POST / HTTP/1.1" 200 1003 "-" "python-requests/2.27.1"
92.114.59.139 - - [11/Jan/2025:14:39:48 +0000] "POST /index.action HTTP/1.1" 302 387 "-" "python-requests/2.27.1"
92.114.59.139 - - [11/Jan/2025:14:39:49 +0000] "GET / HTTP/1.1" 200 944 "-" "python-requests/2.27.1"
92.114.59.139 - - [11/Jan/2025:14:40:01 +0000] "POST /login.action HTTP/1.1" 302 387 "-" "python-requests/2.27.1"
92.114.59.139 - - [11/Jan/2025:14:40:02 +0000] "GET / HTTP/1.1" 200 944 "-" "python-requests/2.27.1"
92.114.59.139 - - [11/Jan/2025:14:40:08 +0000] "POST /index.do HTTP/1.1" 302 387 "-" "python-requests/2.27.1"
92.114.59.139 - - [11/Jan/2025:14:40:10 +0000] "GET / HTTP/1.1" 200 944 "-" "python-requests/2.27.1"
193.34.212.75 - - [11/Jan/2025:14:49:59 +0000] "GET / HTTP/1.1" 200 1742 "-" "-"
78.153.140.148 - - [11/Jan/2025:15:17:20 +0000] "GET /.env HTTP/1.1" 302 387 "-" "Mozilla/5.0 (Windows NT 10.0; Win64; x64) AppleWebKit/537.36 (KHTML, like Gecko) Chrome/116.0.5845.140 Safari/537.36"
78.153.140.148 - - [11/Jan/2025:15:17:21 +0000] "POST / HTTP/1.1" 200 1003 "-" "Mozilla/5.0 (Windows NT 10.0; Win64; x64) AppleWebKit/537.36 (KHTML, like Gecko) Chrome/116.0.5845.140 Safari/537.36"
78.153.140.93 - - [11/Jan/2025:15:32:12 +0000] "GET /.env HTTP/1.1" 302 387 "-" "Mozilla/5.0 (Windows NT 10.0; Win64; x64) AppleWebKit/537.36 (KHTML, like Gecko) Chrome/116.0.5845.140 Safari/537.36"
78.153.140.93 - - [11/Jan/2025:15:32:12 +0000] "POST / HTTP/1.1" 200 1003 "-" "Mozilla/5.0 (Windows NT 10.0; Win64; x64) AppleWebKit/537.36 (KHTML, like Gecko) Chrome/116.0.5845.140 Safari/537.36"
198.98.60.244 - - [11/Jan/2025:15:42:47 +0000] "POST /boaform/admin/formLogin HTTP/1.1" 302 387 "http://34.93.54.196:80/admin/login.asp" "Mozilla/5.0 (X11; Ubuntu; Linux x86_64; rv:71.0) Gecko/20100101 Firefox/71.0"
179.43.191.146 - - [11/Jan/2025:15:50:07 +0000] "GET / HTTP/1.1" 200 1003 "-" "Mozilla/5.0 (Windows NT 10.0; Win64; x64) AppleWebKit/537.36 (KHTML, like Gecko) Chrome/90.0.4430.85 Safari/537.36 Edg/90.0.818.46"
185.16.39.104 - - [11/Jan/2025:16:04:23 +0000] "GET / HTTP/1.1" 200 1003 "-" "Mozilla/5.0 (Windows NT 10.0; Win64; x64) AppleWebKit/537.36 (KHTML, like Gecko) Chrome/90.0.4430.85 Safari/537.36 Edg/90.0.818.46"
193.200.78.250 - - [11/Jan/2025:16:08:27 +0000] "GET / HTTP/1.1" 200 1003 "-" "Mozilla/5.0 (Windows NT 10.0; Win64; x64) AppleWebKit/537.36 (KHTML, like Gecko) Chrome/90.0.4430.85 Safari/537.36 Edg/90.0.818.46"
195.3.223.55 - - [11/Jan/2025:16:09:32 +0000] "GET / HTTP/1.1" 200 1003 "-" "Mozilla/5.0 (Windows NT 10.0; Win64; x64) AppleWebKit/537.36 (KHTML, like Gecko) Chrome/90.0.4430.85 Safari/537.36 Edg/90.0.818.46"
141.94.145.70 - - [11/Jan/2025:16:15:29 +0000] "GET / HTTP/1.1" 200 966 "-" "Nokia3230/2.0 (5.0614.0) SymbianOS/7.0s Series60/2.1 Profile/MIDP-2.0 Configuration/CLDC-1.0"
141.94.145.70 - - [11/Jan/2025:16:15:42 +0000] "GET //unpkg.com/axios/dist/axios.min.js HTTP/1.1" 302 350 "-" "Mozilla/5.0 (Linux; Android 4.3; SPH-L710 Build/JSS15J) AppleWebKit/537.36 (KHTML, like Gecko) Chrome/32.0.1700.99 Mobile Safari/537.36"
141.94.145.70 - - [11/Jan/2025:16:15:42 +0000] "GET /js/brand.js HTTP/1.1" 200 533 "-" "Mozilla/5.0 (Linux; Android 9; SM-G973F) AppleWebKit/537.36 (KHTML, like Gecko) Chrome/76.0.3809.111 Mobile Safari/537.36"
141.94.145.70 - - [11/Jan/2025:16:15:42 +0000] "GET /js/login.js HTTP/1.1" 200 885 "-" "Mozilla/5.0 (Macintosh; Intel Mac OS X 10_14_0) AppleWebKit/537.36 (KHTML, like Gecko) Chrome/69.0.3497.100 Safari/537.36"
141.94.145.70 - - [11/Jan/2025:16:16:20 +0000] "GET //unpkg.com/axios/dist/axios.min.js HTTP/1.1" 302 350 "-" "Opera/9.80 (J2ME/MIDP; Opera Mini/5.0.16823/1428; U; en) Presto/2.2.0"
141.94.145.70 - - [11/Jan/2025:16:16:20 +0000] "GET /js/login.js HTTP/1.1" 200 885 "-" "Mozilla/5.0 (X11; U; Linux; i686; en-US; rv:1.6) Gecko Debian/1.6-7"
95.214.55.226 - - [11/Jan/2025:16:24:59 +0000] "GET / HTTP/1.1" 200 1742 "-" "-"
78.153.140.93 - - [11/Jan/2025:16:28:39 +0000] "GET /.env HTTP/1.1" 302 387 "-" "Mozilla/5.0 (Windows NT 10.0; Win64; x64) AppleWebKit/537.36 (KHTML, like Gecko) Chrome/116.0.5845.140 Safari/537.36"
78.153.140.93 - - [11/Jan/2025:16:28:40 +0000] "POST / HTTP/1.1" 200 1003 "-" "Mozilla/5.0 (Windows NT 10.0; Win64; x64) AppleWebKit/537.36 (KHTML, like Gecko) Chrome/116.0.5845.140 Safari/537.36"
46.19.138.234 - - [11/Jan/2025:16:46:31 +0000] "GET / HTTP/1.1" 200 1003 "-" "Mozilla/5.0 (Windows NT 10.0; Win64; x64) AppleWebKit/537.36 (KHTML, like Gecko) Chrome/90.0.4430.85 Safari/537.36 Edg/90.0.818.46"
152.42.247.210 - - [11/Jan/2025:16:59:16 +0000] "GET /cdn-cgi/trace HTTP/1.1" 302 350 "-" "Mozilla/5.0"
152.42.247.210 - - [11/Jan/2025:16:59:24 +0000] "\x16\x03\x01\x01\v\x01" 400 524 "-" "-"
159.223.67.34 - - [11/Jan/2025:17:07:40 +0000] "GET /cdn-cgi/trace HTTP/1.1" 302 350 "-" "Mozilla/5.0"
159.223.67.34 - - [11/Jan/2025:17:07:49 +0000] "\x16\x03\x01\x01\v\x01" 400 524 "-" "-"
178.128.54.126 - - [11/Jan/2025:17:13:01 +0000] "GET /cdn-cgi/trace HTTP/1.1" 302 350 "-" "Mozilla/5.0"
178.128.54.126 - - [11/Jan/2025:17:13:10 +0000] "\x16\x03\x01\x01\v\x01" 400 524 "-" "-"
159.223.67.34 - - [11/Jan/2025:17:13:34 +0000] "GET /cdn-cgi/trace HTTP/1.1" 302 350 "-" "Mozilla/5.0"
159.223.67.34 - - [11/Jan/2025:17:13:44 +0000] "\x16\x03\x01\x01\v\x01" 400 524 "-" "-"
193.200.78.250 - - [11/Jan/2025:17:18:20 +0000] "GET /logon.htm HTTP/1.1" 302 331 "-" "Hello World"
78.153.140.148 - - [11/Jan/2025:17:20:04 +0000] "GET /.env HTTP/1.1" 302 387 "-" "Mozilla/5.0 (Windows NT 10.0; Win64; x64) AppleWebKit/537.36 (KHTML, like Gecko) Chrome/116.0.5845.140 Safari/537.36"
78.153.140.148 - - [11/Jan/2025:17:20:05 +0000] "POST / HTTP/1.1" 200 1003 "-" "Mozilla/5.0 (Windows NT 10.0; Win64; x64) AppleWebKit/537.36 (KHTML, like Gecko) Chrome/116.0.5845.140 Safari/537.36"
93.174.93.12 - - [11/Jan/2025:17:24:23 +0000] "GET / HTTP/1.0" 200 1761 "-" "Mozilla/5.0 (Linux; Android 9; LLD-AL10) AppleWebKit/537.36 (KHTML, like Gecko) Chrome/76.0.3809.111 Mobile Safari/537.36"
193.34.212.75 - - [11/Jan/2025:18:03:29 +0000] "GET / HTTP/1.1" 200 1742 "-" "-"
78.153.140.93 - - [11/Jan/2025:18:22:46 +0000] "GET /.env HTTP/1.1" 302 387 "-" "Mozilla/5.0 (Windows NT 10.0; Win64; x64) AppleWebKit/537.36 (KHTML, like Gecko) Chrome/116.0.5845.140 Safari/537.36"
78.153.140.93 - - [11/Jan/2025:18:22:46 +0000] "POST / HTTP/1.1" 200 1003 "-" "Mozilla/5.0 (Windows NT 10.0; Win64; x64) AppleWebKit/537.36 (KHTML, like Gecko) Chrome/116.0.5845.140 Safari/537.36"
78.153.140.148 - - [11/Jan/2025:18:24:35 +0000] "GET /.env HTTP/1.1" 302 387 "-" "Mozilla/5.0 (Windows NT 10.0; Win64; x64) AppleWebKit/537.36 (KHTML, like Gecko) Chrome/116.0.5845.140 Safari/537.36"
78.153.140.148 - - [11/Jan/2025:18:24:36 +0000] "POST / HTTP/1.1" 200 1003 "-" "Mozilla/5.0 (Windows NT 10.0; Win64; x64) AppleWebKit/537.36 (KHTML, like Gecko) Chrome/116.0.5845.140 Safari/537.36"
162.142.125.44 - - [11/Jan/2025:18:57:55 +0000] "GET / HTTP/1.1" 200 1742 "-" "-"
162.142.125.44 - - [11/Jan/2025:18:58:01 +0000] "GET / HTTP/1.1" 200 947 "-" "Mozilla/5.0 (compatible; CensysInspect/1.1; +https://about.censys.io/)"
162.142.125.44 - - [11/Jan/2025:18:58:01 +0000] "GET /favicon.ico HTTP/1.1" 302 350 "-" "Mozilla/5.0 (compatible; CensysInspect/1.1; +https://about.censys.io/)"
162.142.125.44 - - [11/Jan/2025:18:58:02 +0000] "GET / HTTP/1.1" 200 966 "http://34.93.54.196/favicon.ico" "Mozilla/5.0 (compatible; CensysInspect/1.1; +https://about.censys.io/)"
162.142.125.44 - - [11/Jan/2025:18:58:04 +0000] "PRI * HTTP/2.0" 400 524 "-" "-"
95.214.55.226 - - [11/Jan/2025:18:59:39 +0000] "GET / HTTP/1.1" 200 1742 "-" "-"
205.210.31.23 - - [11/Jan/2025:19:03:36 +0000] "\x16\x03\x01" 400 524 "-" "-"
205.210.31.23 - - [11/Jan/2025:19:03:36 +0000] "\x16\x03\x01" 400 524 "-" "-"
78.153.140.93 - - [11/Jan/2025:19:05:59 +0000] "GET /.env HTTP/1.1" 302 387 "-" "Mozilla/5.0 (Windows NT 10.0; Win64; x64) AppleWebKit/537.36 (KHTML, like Gecko) Chrome/116.0.5845.140 Safari/537.36"
78.153.140.93 - - [11/Jan/2025:19:05:59 +0000] "POST / HTTP/1.1" 200 1003 "-" "Mozilla/5.0 (Windows NT 10.0; Win64; x64) AppleWebKit/537.36 (KHTML, like Gecko) Chrome/116.0.5845.140 Safari/537.36"
24.153.152.234 - - [11/Jan/2025:19:11:41 +0000] "GET / HTTP/1.0" 200 1761 "-" "curl/7.88.1"
24.153.152.234 - - [11/Jan/2025:19:11:43 +0000] "GET / HTTP/1.0" 200 1761 "-" "curl/7.88.1"
198.235.24.185 - - [11/Jan/2025:19:14:29 +0000] "GET / HTTP/1.0" 200 1761 "-" "Expanse, a Palo Alto Networks company, searches across the global IPv4 space multiple times per day to identify customers&#39; presences on the Internet. If you would like to be excluded from our scans, please send IP addresses/domains to: scaninfo@paloaltonetworks.com"
205.210.31.138 - - [11/Jan/2025:19:42:45 +0000] "GET / HTTP/1.1" 200 947 "-" "Expanse, a Palo Alto Networks company, searches across the global IPv4 space multiple times per day to identify customers&#39; presences on the Internet. If you would like to be excluded from our scans, please send IP addresses/domains to: scaninfo@paloaltonetworks.com"
78.153.140.148 - - [11/Jan/2025:19:46:27 +0000] "GET /.env HTTP/1.1" 302 387 "-" "Mozilla/5.0 (Windows NT 10.0; Win64; x64) AppleWebKit/537.36 (KHTML, like Gecko) Chrome/116.0.5845.140 Safari/537.36"
78.153.140.148 - - [11/Jan/2025:19:46:27 +0000] "POST / HTTP/1.1" 200 1003 "-" "Mozilla/5.0 (Windows NT 10.0; Win64; x64) AppleWebKit/537.36 (KHTML, like Gecko) Chrome/116.0.5845.140 Safari/537.36"
91.223.3.201 - - [11/Jan/2025:19:51:17 +0000] "GET / HTTP/1.1" 200 1003 "-" "Mozilla/5.0 (Windows NT 10.0; Win64; x64) AppleWebKit/537.36 (KHTML, like Gecko) Chrome/90.0.4430.85 Safari/537.36 Edg/90.0.818.46"
205.210.31.34 - - [11/Jan/2025:19:53:15 +0000] "GET / HTTP/1.0" 200 1761 "-" "Expanse, a Palo Alto Networks company, searches across the global IPv4 space multiple times per day to identify customers&#39; presences on the Internet. If you would like to be excluded from our scans, please send IP addresses/domains to: scaninfo@paloaltonetworks.com"
78.153.140.93 - - [11/Jan/2025:19:58:47 +0000] "GET /.env HTTP/1.1" 302 387 "-" "Mozilla/5.0 (Windows NT 10.0; Win64; x64) AppleWebKit/537.36 (KHTML, like Gecko) Chrome/116.0.5845.140 Safari/537.36"
78.153.140.93 - - [11/Jan/2025:19:58:47 +0000] "POST / HTTP/1.1" 200 1003 "-" "Mozilla/5.0 (Windows NT 10.0; Win64; x64) AppleWebKit/537.36 (KHTML, like Gecko) Chrome/116.0.5845.140 Safari/537.36"
46.19.138.234 - - [11/Jan/2025:20:11:46 +0000] "GET / HTTP/1.1" 200 1003 "-" "Mozilla/5.0 (Windows NT 10.0; Win64; x64) AppleWebKit/537.36 (KHTML, like Gecko) Chrome/90.0.4430.85 Safari/537.36 Edg/90.0.818.46"
193.34.212.75 - - [11/Jan/2025:20:18:01 +0000] "GET / HTTP/1.1" 200 1742 "-" "-"
80.82.77.202 - - [11/Jan/2025:20:29:42 +0000] "\x16\x03\x02\x01o\x01" 400 524 "-" "-"
78.153.140.93 - - [11/Jan/2025:20:43:48 +0000] "GET /.env HTTP/1.1" 302 387 "-" "Mozilla/5.0 (Windows NT 10.0; Win64; x64) AppleWebKit/537.36 (KHTML, like Gecko) Chrome/116.0.5845.140 Safari/537.36"
78.153.140.93 - - [11/Jan/2025:20:43:48 +0000] "POST / HTTP/1.1" 200 1003 "-" "Mozilla/5.0 (Windows NT 10.0; Win64; x64) AppleWebKit/537.36 (KHTML, like Gecko) Chrome/116.0.5845.140 Safari/537.36"
95.214.55.226 - - [11/Jan/2025:20:54:37 +0000] "GET / HTTP/1.1" 200 1742 "-" "-"
93.174.93.12 - - [11/Jan/2025:21:11:06 +0000] "\x16\x03\x02\x01o\x01" 400 524 "-" "-"
59.99.89.222 - - [11/Jan/2025:21:13:30 +0000] "GET /boaform/admin/formLogin?username=adminisp&psd=adminisp HTTP/1.0" 302 350 "-" "-"
195.3.223.55 - - [11/Jan/2025:21:36:43 +0000] "GET / HTTP/1.1" 200 1003 "-" "Mozilla/5.0 (Windows NT 10.0; Win64; x64) AppleWebKit/537.36 (KHTML, like Gecko) Chrome/90.0.4430.85 Safari/537.36 Edg/90.0.818.46"
185.16.39.104 - - [11/Jan/2025:21:40:47 +0000] "GET / HTTP/1.1" 200 1003 "-" "Mozilla/5.0 (Windows NT 10.0; Win64; x64) AppleWebKit/537.36 (KHTML, like Gecko) Chrome/90.0.4430.85 Safari/537.36 Edg/90.0.818.46"
192.155.90.118 - - [11/Jan/2025:21:45:36 +0000] "\x16\x03\x01" 400 524 "-" "-"
78.153.140.93 - - [11/Jan/2025:21:59:39 +0000] "GET /.env HTTP/1.1" 302 387 "-" "Mozilla/5.0 (Windows NT 10.0; Win64; x64) AppleWebKit/537.36 (KHTML, like Gecko) Chrome/116.0.5845.140 Safari/537.36"
78.153.140.93 - - [11/Jan/2025:21:59:39 +0000] "POST / HTTP/1.1" 200 1003 "-" "Mozilla/5.0 (Windows NT 10.0; Win64; x64) AppleWebKit/537.36 (KHTML, like Gecko) Chrome/116.0.5845.140 Safari/537.36"
78.153.140.148 - - [11/Jan/2025:22:02:08 +0000] "GET /.env HTTP/1.1" 302 387 "-" "Mozilla/5.0 (Windows NT 10.0; Win64; x64) AppleWebKit/537.36 (KHTML, like Gecko) Chrome/116.0.5845.140 Safari/537.36"
78.153.140.148 - - [11/Jan/2025:22:02:08 +0000] "POST / HTTP/1.1" 200 1003 "-" "Mozilla/5.0 (Windows NT 10.0; Win64; x64) AppleWebKit/537.36 (KHTML, like Gecko) Chrome/116.0.5845.140 Safari/537.36"
66.240.205.34 - - [11/Jan/2025:22:06:36 +0000] "Gh0st\xad" 400 524 "-" "-"
185.16.39.104 - - [11/Jan/2025:22:18:59 +0000] "GET / HTTP/1.1" 200 1003 "-" "-"
193.34.212.75 - - [11/Jan/2025:22:24:30 +0000] "GET / HTTP/1.1" 200 1742 "-" "-"
78.153.140.93 - - [11/Jan/2025:22:29:01 +0000] "GET /.env HTTP/1.1" 302 387 "-" "Mozilla/5.0 (Windows NT 10.0; Win64; x64) AppleWebKit/537.36 (KHTML, like Gecko) Chrome/116.0.5845.140 Safari/537.36"
78.153.140.93 - - [11/Jan/2025:22:29:01 +0000] "POST / HTTP/1.1" 200 1003 "-" "Mozilla/5.0 (Windows NT 10.0; Win64; x64) AppleWebKit/537.36 (KHTML, like Gecko) Chrome/116.0.5845.140 Safari/537.36"
78.153.140.148 - - [11/Jan/2025:22:30:23 +0000] "GET /.env HTTP/1.1" 302 387 "-" "Mozilla/5.0 (Windows NT 10.0; Win64; x64) AppleWebKit/537.36 (KHTML, like Gecko) Chrome/116.0.5845.140 Safari/537.36"
78.153.140.148 - - [11/Jan/2025:22:30:23 +0000] "POST / HTTP/1.1" 200 1003 "-" "Mozilla/5.0 (Windows NT 10.0; Win64; x64) AppleWebKit/537.36 (KHTML, like Gecko) Chrome/116.0.5845.140 Safari/537.36"
178.215.236.132 - - [11/Jan/2025:22:46:10 +0000] "GET /.git/config HTTP/1.1" 302 350 "-" "Mozilla/5.0 (Linux; Android 7.0; EVA-L09) AppleWebKit/537.36 (KHTML, like Gecko) Chrome/76.0.3809.111 Mobile Safari/537.36"
172.168.41.10 - - [11/Jan/2025:22:48:07 +0000] "GET /actuator/health HTTP/1.1" 302 331 "-" "Mozilla/5.0 zgrab/0.x"
92.255.57.58 - - [11/Jan/2025:23:07:04 +0000] "GET /?XDEBUG_SESSION_START=phpstorm HTTP/1.1" 200 966 "-" "Mozilla/5.0 (Windows NT 10.0; Win64; x64) AppleWebKit/537.36 (KHTML, like Gecko) Chrome/78.0.3904.108 Safari/537.36"
87.120.115.119 - - [11/Jan/2025:23:41:13 +0000] "GET /.git/config HTTP/1.1" 302 350 "-" "Mozilla/5.0 (X11; Linux x86_64) AppleWebKit/537.36 (KHTML, like Gecko) Ubuntu Chromium/76.0.3809.87 Chrome/76.0.3809.87 Safari/537.36"
78.153.140.93 - - [11/Jan/2025:23:45:49 +0000] "GET /.env HTTP/1.1" 302 387 "-" "Mozilla/5.0 (Windows NT 10.0; Win64; x64) AppleWebKit/537.36 (KHTML, like Gecko) Chrome/116.0.5845.140 Safari/537.36"
78.153.140.93 - - [11/Jan/2025:23:45:50 +0000] "POST / HTTP/1.1" 200 1003 "-" "Mozilla/5.0 (Windows NT 10.0; Win64; x64) AppleWebKit/537.36 (KHTML, like Gecko) Chrome/116.0.5845.140 Safari/537.36"
92.255.57.58 - - [11/Jan/2025:23:57:35 +0000] "GET /actuator/gateway/routes HTTP/1.1" 302 350 "-" "Mozilla/5.0 (Windows NT 10.0; Win64; x64) AppleWebKit/537.36 (KHTML, like Gecko) Chrome/78.0.3904.108 Safari/537.36"
92.255.57.58 - - [11/Jan/2025:23:57:36 +0000] "GET / HTTP/1.1" 200 966 "http://34.93.54.196:80/actuator/gateway/routes" "Mozilla/5.0 (Windows NT 10.0; Win64; x64) AppleWebKit/537.36 (KHTML, like Gecko) Chrome/78.0.3904.108 Safari/537.36"
