78.153.140.93 - - [12/Jan/2025:00:08:41 +0000] "GET /.env HTTP/1.1" 302 387 "-" "Mozilla/5.0 (Windows NT 10.0; Win64; x64) AppleWebKit/537.36 (KHTML, like Gecko) Chrome/116.0.5845.140 Safari/537.36"
78.153.140.93 - - [12/Jan/2025:00:08:41 +0000] "POST / HTTP/1.1" 200 1003 "-" "Mozilla/5.0 (Windows NT 10.0; Win64; x64) AppleWebKit/537.36 (KHTML, like Gecko) Chrome/116.0.5845.140 Safari/537.36"
171.241.126.58 - - [12/Jan/2025:00:23:54 +0000] "GET / HTTP/1.0" 200 1761 "-" "curl/7.88.1"
92.255.57.58 - - [12/Jan/2025:00:31:02 +0000] "\x16\x03\x01\x05\xa8\x01" 400 524 "-" "-"
78.153.140.148 - - [12/Jan/2025:00:48:29 +0000] "GET /.env HTTP/1.1" 302 387 "-" "Mozilla/5.0 (Windows NT 10.0; Win64; x64) AppleWebKit/537.36 (KHTML, like Gecko) Chrome/116.0.5845.140 Safari/537.36"
78.153.140.148 - - [12/Jan/2025:00:48:30 +0000] "POST / HTTP/1.1" 200 1003 "-" "Mozilla/5.0 (Windows NT 10.0; Win64; x64) AppleWebKit/537.36 (KHTML, like Gecko) Chrome/116.0.5845.140 Safari/537.36"
193.34.212.75 - - [12/Jan/2025:00:57:15 +0000] "GET / HTTP/1.1" 200 1742 "-" "-"
2.36.77.211 - - [12/Jan/2025:01:24:56 +0000] "GET / HTTP/1.0" 200 1761 "-" "curl/7.88.1"
78.153.140.93 - - [12/Jan/2025:01:26:40 +0000] "GET /.env HTTP/1.1" 302 387 "-" "Mozilla/5.0 (Windows NT 10.0; Win64; x64) AppleWebKit/537.36 (KHTML, like Gecko) Chrome/116.0.5845.140 Safari/537.36"
78.153.140.93 - - [12/Jan/2025:01:26:41 +0000] "POST / HTTP/1.1" 200 1003 "-" "Mozilla/5.0 (Windows NT 10.0; Win64; x64) AppleWebKit/537.36 (KHTML, like Gecko) Chrome/116.0.5845.140 Safari/537.36"
78.153.140.147 - - [12/Jan/2025:01:30:10 +0000] "GET /.env HTTP/1.1" 302 387 "-" "Mozilla/5.0 (Windows NT 10.0; Win64; x64) AppleWebKit/537.36 (KHTML, like Gecko) Chrome/116.0.5845.140 Safari/537.36"
78.153.140.147 - - [12/Jan/2025:01:30:11 +0000] "POST / HTTP/1.1" 200 1003 "-" "Mozilla/5.0 (Windows NT 10.0; Win64; x64) AppleWebKit/537.36 (KHTML, like Gecko) Chrome/116.0.5845.140 Safari/537.36"
93.174.93.12 - - [12/Jan/2025:01:36:32 +0000] "GET / HTTP/1.0" 200 1761 "-" "Mozilla/5.0 (Windows NT 6.1; WOW64) AppleWebKit/537.36 (KHTML, like Gecko) coc_coc_browser/80.0.180 Chrome/74.0.3729.180 Safari/537.36"
205.210.31.225 - - [12/Jan/2025:01:47:39 +0000] "\x16\x03\x01" 400 524 "-" "-"
205.210.31.225 - - [12/Jan/2025:01:47:39 +0000] "\x16\x03\x01" 400 524 "-" "-"
46.19.138.234 - - [12/Jan/2025:01:49:02 +0000] "GET / HTTP/1.1" 200 1003 "-" "Mozilla/5.0 (Windows NT 10.0; Win64; x64) AppleWebKit/537.36 (KHTML, like Gecko) Chrome/90.0.4430.85 Safari/537.36 Edg/90.0.818.46"
78.153.140.93 - - [12/Jan/2025:02:04:24 +0000] "GET /.env HTTP/1.1" 302 387 "-" "Mozilla/5.0 (Windows NT 10.0; Win64; x64) AppleWebKit/537.36 (KHTML, like Gecko) Chrome/116.0.5845.140 Safari/537.36"
78.153.140.93 - - [12/Jan/2025:02:04:24 +0000] "POST / HTTP/1.1" 200 1003 "-" "Mozilla/5.0 (Windows NT 10.0; Win64; x64) AppleWebKit/537.36 (KHTML, like Gecko) Chrome/116.0.5845.140 Safari/537.36"
195.3.223.55 - - [12/Jan/2025:02:05:51 +0000] "GET / HTTP/1.1" 200 1003 "-" "Mozilla/5.0 (Windows NT 10.0; Win64; x64) AppleWebKit/537.36 (KHTML, like Gecko) Chrome/90.0.4430.85 Safari/537.36 Edg/90.0.818.46"
91.208.197.167 - - [12/Jan/2025:02:24:41 +0000] "GET / HTTP/1.1" 200 966 "-" "Mozilla/5.0 (Macintosh; Intel Mac OS X 10_15_7) AppleWebKit/537.36 (KHTML, like Gecko) Chrome/113.0.0.0 Safari/537.36"
91.208.197.167 - - [12/Jan/2025:02:25:04 +0000] "GET /.env HTTP/1.1" 302 350 "-" "Mozilla/5.0 (Windows NT 10.0; Win64; x64) AppleWebKit/537.36 (KHTML, like Gecko) Chrome/58.0.3029.110 Safari/537.36"
211.230.176.92 - - [12/Jan/2025:02:27:57 +0000] "GET / HTTP/1.0" 200 1761 "-" "curl/7.88.1"
159.223.67.34 - - [12/Jan/2025:02:35:48 +0000] "GET /cdn-cgi/trace HTTP/1.1" 302 350 "-" "Mozilla/5.0"
159.223.67.34 - - [12/Jan/2025:02:35:58 +0000] "\x16\x03\x01\x01\v\x01" 400 524 "-" "-"
159.223.67.34 - - [12/Jan/2025:02:44:02 +0000] "GET /cdn-cgi/trace HTTP/1.1" 302 350 "-" "Mozilla/5.0"
159.223.67.34 - - [12/Jan/2025:02:44:08 +0000] "\x16\x03\x01\x01\v\x01" 400 524 "-" "-"
78.153.140.147 - - [12/Jan/2025:02:47:19 +0000] "GET /.env HTTP/1.1" 302 387 "-" "Mozilla/5.0 (Windows NT 10.0; Win64; x64) AppleWebKit/537.36 (KHTML, like Gecko) Chrome/116.0.5845.140 Safari/537.36"
78.153.140.147 - - [12/Jan/2025:02:47:20 +0000] "POST / HTTP/1.1" 200 1003 "-" "Mozilla/5.0 (Windows NT 10.0; Win64; x64) AppleWebKit/537.36 (KHTML, like Gecko) Chrome/116.0.5845.140 Safari/537.36"
159.223.69.51 - - [12/Jan/2025:02:48:41 +0000] "GET /cdn-cgi/trace HTTP/1.1" 302 350 "-" "Mozilla/5.0"
159.223.69.51 - - [12/Jan/2025:02:48:50 +0000] "\x16\x03\x01\x01\v\x01" 400 524 "-" "-"
159.223.69.51 - - [12/Jan/2025:02:49:16 +0000] "GET /cdn-cgi/trace HTTP/1.1" 302 350 "-" "Mozilla/5.0"
159.223.69.51 - - [12/Jan/2025:02:49:25 +0000] "\x16\x03\x01\x01\v\x01" 400 524 "-" "-"
34.22.216.244 - - [12/Jan/2025:02:52:59 +0000] "GET / HTTP/1.1" 200 1003 "-" "python-requests/2.32.3"
4.156.21.193 - - [12/Jan/2025:02:55:49 +0000] "GET / HTTP/1.1" 200 947 "-" "Mozilla/5.0 zgrab/0.x"
95.214.55.226 - - [12/Jan/2025:03:04:54 +0000] "GET / HTTP/1.1" 200 1742 "-" "-"
87.120.125.13 - - [12/Jan/2025:03:17:32 +0000] "POST /cgi-bin/%32%65%32%65/%32%65%32%65/%32%65%32%65/%32%65%32%65/%32%65%32%65/%32%65%32%65/%32%65%32%65/bin/sh HTTP/1.1" 302 331 "-" "Go-http-client/1.1"
87.120.125.13 - - [12/Jan/2025:03:17:32 +0000] "GET / HTTP/1.1" 200 947 "http://34.93.54.196/cgi-bin/%32%65%32%65/%32%65%32%65/%32%65%32%65/%32%65%32%65/%32%65%32%65/%32%65%32%65/%32%65%32%65/bin/sh" "Go-http-client/1.1"
78.153.140.93 - - [12/Jan/2025:03:23:27 +0000] "GET /.env HTTP/1.1" 302 387 "-" "Mozilla/5.0 (Windows NT 10.0; Win64; x64) AppleWebKit/537.36 (KHTML, like Gecko) Chrome/116.0.5845.140 Safari/537.36"
78.153.140.93 - - [12/Jan/2025:03:23:28 +0000] "POST / HTTP/1.1" 200 1003 "-" "Mozilla/5.0 (Windows NT 10.0; Win64; x64) AppleWebKit/537.36 (KHTML, like Gecko) Chrome/116.0.5845.140 Safari/537.36"
80.82.77.202 - - [12/Jan/2025:03:30:57 +0000] "GET / HTTP/1.0" 200 1761 "-" "Mozilla/5.0 (Windows NT 10.0; WOW64) AppleWebKit/537.36 (KHTML, like Gecko) Chrome/78.0.3880.4 Safari/537.36"
91.223.3.201 - - [12/Jan/2025:03:37:58 +0000] "GET / HTTP/1.1" 200 1003 "-" "Mozilla/5.0 (Windows NT 10.0; Win64; x64) AppleWebKit/537.36 (KHTML, like Gecko) Chrome/90.0.4430.85 Safari/537.36 Edg/90.0.818.46"
185.16.39.104 - - [12/Jan/2025:03:41:55 +0000] "GET / HTTP/1.1" 200 1003 "-" "-"
103.124.138.115 - - [12/Jan/2025:03:43:11 +0000] "GET /boaform/admin/formLogin?username=user&psd=user HTTP/1.0" 302 350 "-" "-"
78.153.140.93 - - [12/Jan/2025:04:16:19 +0000] "GET /.env HTTP/1.1" 302 387 "-" "Mozilla/5.0 (Windows NT 10.0; Win64; x64) AppleWebKit/537.36 (KHTML, like Gecko) Chrome/116.0.5845.140 Safari/537.36"
78.153.140.93 - - [12/Jan/2025:04:16:19 +0000] "POST / HTTP/1.1" 200 1003 "-" "Mozilla/5.0 (Windows NT 10.0; Win64; x64) AppleWebKit/537.36 (KHTML, like Gecko) Chrome/116.0.5845.140 Safari/537.36"
78.153.140.147 - - [12/Jan/2025:04:26:26 +0000] "GET /.env HTTP/1.1" 302 387 "-" "Mozilla/5.0 (Windows NT 10.0; Win64; x64) AppleWebKit/537.36 (KHTML, like Gecko) Chrome/116.0.5845.140 Safari/537.36"
78.153.140.147 - - [12/Jan/2025:04:26:27 +0000] "POST / HTTP/1.1" 200 1003 "-" "Mozilla/5.0 (Windows NT 10.0; Win64; x64) AppleWebKit/537.36 (KHTML, like Gecko) Chrome/116.0.5845.140 Safari/537.36"
91.223.3.201 - - [12/Jan/2025:05:00:19 +0000] "GET / HTTP/1.1" 200 1003 "-" "Mozilla/5.0 (Windows NT 10.0; Win64; x64) AppleWebKit/537.36 (KHTML, like Gecko) Chrome/90.0.4430.85 Safari/537.36 Edg/90.0.818.46"
193.34.212.75 - - [12/Jan/2025:05:17:53 +0000] "GET / HTTP/1.1" 200 1742 "-" "-"
130.211.96.179 - - [12/Jan/2025:05:19:13 +0000] "GET / HTTP/1.1" 200 1003 "-" "python-requests/2.32.3"
78.153.140.93 - - [12/Jan/2025:05:24:45 +0000] "GET /.env HTTP/1.1" 302 387 "-" "Mozilla/5.0 (Windows NT 10.0; Win64; x64) AppleWebKit/537.36 (KHTML, like Gecko) Chrome/116.0.5845.140 Safari/537.36"
78.153.140.93 - - [12/Jan/2025:05:24:45 +0000] "POST / HTTP/1.1" 200 1003 "-" "Mozilla/5.0 (Windows NT 10.0; Win64; x64) AppleWebKit/537.36 (KHTML, like Gecko) Chrome/116.0.5845.140 Safari/537.36"
206.168.34.209 - - [12/Jan/2025:05:25:28 +0000] "GET / HTTP/1.1" 200 1742 "-" "-"
206.168.34.209 - - [12/Jan/2025:05:25:41 +0000] "GET / HTTP/1.1" 200 947 "-" "Mozilla/5.0 (compatible; CensysInspect/1.1; +https://about.censys.io/)"
206.168.34.209 - - [12/Jan/2025:05:25:41 +0000] "GET /favicon.ico HTTP/1.1" 302 350 "-" "Mozilla/5.0 (compatible; CensysInspect/1.1; +https://about.censys.io/)"
206.168.34.209 - - [12/Jan/2025:05:25:42 +0000] "GET / HTTP/1.1" 200 966 "http://34.93.54.196/favicon.ico" "Mozilla/5.0 (compatible; CensysInspect/1.1; +https://about.censys.io/)"
206.168.34.209 - - [12/Jan/2025:05:25:43 +0000] "PRI * HTTP/2.0" 400 524 "-" "-"
217.142.184.125 - - [12/Jan/2025:05:28:58 +0000] "GET / HTTP/1.1" 200 966 "-" "Python/3.10 aiohttp/3.11.11"
118.44.148.41 - - [12/Jan/2025:05:41:50 +0000] "GET / HTTP/1.0" 200 1761 "-" "curl/7.88.1"
78.153.140.93 - - [12/Jan/2025:05:43:02 +0000] "GET /.env HTTP/1.1" 302 387 "-" "Mozilla/5.0 (Windows NT 10.0; Win64; x64) AppleWebKit/537.36 (KHTML, like Gecko) Chrome/116.0.5845.140 Safari/537.36"
78.153.140.93 - - [12/Jan/2025:05:43:02 +0000] "POST / HTTP/1.1" 200 1003 "-" "Mozilla/5.0 (Windows NT 10.0; Win64; x64) AppleWebKit/537.36 (KHTML, like Gecko) Chrome/116.0.5845.140 Safari/537.36"
78.153.140.147 - - [12/Jan/2025:06:05:04 +0000] "GET /.env HTTP/1.1" 302 387 "-" "Mozilla/5.0 (Windows NT 10.0; Win64; x64) AppleWebKit/537.36 (KHTML, like Gecko) Chrome/116.0.5845.140 Safari/537.36"
78.153.140.147 - - [12/Jan/2025:06:05:05 +0000] "POST / HTTP/1.1" 200 1003 "-" "Mozilla/5.0 (Windows NT 10.0; Win64; x64) AppleWebKit/537.36 (KHTML, like Gecko) Chrome/116.0.5845.140 Safari/537.36"
193.200.78.250 - - [12/Jan/2025:06:05:59 +0000] "GET / HTTP/1.1" 200 1003 "-" "Mozilla/5.0 (Windows NT 10.0; Win64; x64) AppleWebKit/537.36 (KHTML, like Gecko) Chrome/90.0.4430.85 Safari/537.36 Edg/90.0.818.46"
93.174.93.12 - - [12/Jan/2025:06:21:08 +0000] "\x16\x03\x02\x01o\x01" 400 524 "-" "-"
195.178.110.108 - - [12/Jan/2025:06:34:43 +0000] "GET / HTTP/1.1" 200 966 "-" "Mozilla/5.0 (Windows NT 10.0; Win64; x64) AppleWebKit/537.36 (KHTML, like Gecko) Chrome/108.0.0.0 Safari/537.36"
195.178.110.108 - - [12/Jan/2025:06:35:34 +0000] "GET / HTTP/1.1" 200 966 "-" "Mozilla/5.0 (Windows NT 10.0; Win64; x64) AppleWebKit/537.36 (KHTML, like Gecko) Chrome/108.0.0.0 Safari/537.36"
64.62.156.71 - - [12/Jan/2025:06:42:17 +0000] "\x16\x03\x01" 400 524 "-" "-"
78.153.140.93 - - [12/Jan/2025:06:42:23 +0000] "GET /.env HTTP/1.1" 302 387 "-" "Mozilla/5.0 (Windows NT 10.0; Win64; x64) AppleWebKit/537.36 (KHTML, like Gecko) Chrome/116.0.5845.140 Safari/537.36"
78.153.140.93 - - [12/Jan/2025:06:42:24 +0000] "POST / HTTP/1.1" 200 1003 "-" "Mozilla/5.0 (Windows NT 10.0; Win64; x64) AppleWebKit/537.36 (KHTML, like Gecko) Chrome/116.0.5845.140 Safari/537.36"
167.94.138.40 - - [12/Jan/2025:06:49:57 +0000] "GET / HTTP/1.1" 200 1742 "-" "-"
167.94.138.40 - - [12/Jan/2025:06:50:10 +0000] "GET / HTTP/1.1" 200 947 "-" "Mozilla/5.0 (compatible; CensysInspect/1.1; +https://about.censys.io/)"
167.94.138.40 - - [12/Jan/2025:06:50:12 +0000] "GET /favicon.ico HTTP/1.1" 302 350 "-" "Mozilla/5.0 (compatible; CensysInspect/1.1; +https://about.censys.io/)"
167.94.138.40 - - [12/Jan/2025:06:50:15 +0000] "GET / HTTP/1.1" 200 966 "http://34.93.54.196/favicon.ico" "Mozilla/5.0 (compatible; CensysInspect/1.1; +https://about.censys.io/)"
167.94.138.40 - - [12/Jan/2025:06:50:18 +0000] "PRI * HTTP/2.0" 400 524 "-" "-"
185.224.3.5 - - [12/Jan/2025:06:54:54 +0000] "CONNECT api.ip.pn:443 HTTP/1.1" 302 350 "-" "Mozilla/5.0"
2.57.122.161 - - [12/Jan/2025:07:06:54 +0000] "GET /3/3/3/3/3/3/3/3/3/3/3/3/3/3/3/3 HTTP/1.1" 302 331 "-" "Mozilla/5.0 zgrab/0.x"
45.232.225.116 - - [12/Jan/2025:07:11:52 +0000] "GET / HTTP/1.1" 200 1742 "-" "Mozilla/5.0 (Windows NT 10.0; WOW64) AppleWebKit/537.36 (KHTML, like Gecko) Chrome/51.0.2704.103 Safari/537.36"
185.109.55.185 - - [12/Jan/2025:07:14:16 +0000] "GET / HTTP/1.1" 200 1742 "-" "Mozilla/5.0 (Macintosh; Intel Mac OS X 10_11_6) AppleWebKit/601.7.7 (KHTML, like Gecko) Version/9.1.2 Safari/601.7.7"
178.215.236.132 - - [12/Jan/2025:07:14:54 +0000] "GET /.git/index HTTP/1.1" 302 350 "-" "Mozilla/5.0 (Windows NT 10.0; WOW64; rv:40.0) Gecko/20100101 Firefox/40.0"
78.153.140.147 - - [12/Jan/2025:07:35:35 +0000] "GET /.env HTTP/1.1" 302 387 "-" "Mozilla/5.0 (Windows NT 10.0; Win64; x64) AppleWebKit/537.36 (KHTML, like Gecko) Chrome/116.0.5845.140 Safari/537.36"
78.153.140.147 - - [12/Jan/2025:07:35:36 +0000] "POST / HTTP/1.1" 200 1003 "-" "Mozilla/5.0 (Windows NT 10.0; Win64; x64) AppleWebKit/537.36 (KHTML, like Gecko) Chrome/116.0.5845.140 Safari/537.36"
193.34.212.75 - - [12/Jan/2025:07:37:51 +0000] "GET / HTTP/1.1" 200 1742 "-" "-"
171.6.155.76 - - [12/Jan/2025:07:41:54 +0000] "GET / HTTP/1.0" 200 1761 "-" "curl/7.88.1"
172.105.128.13 - - [12/Jan/2025:07:47:57 +0000] "\x16\x03\x01" 400 524 "-" "-"
78.153.140.93 - - [12/Jan/2025:08:01:08 +0000] "GET /.env HTTP/1.1" 302 387 "-" "Mozilla/5.0 (Windows NT 10.0; Win64; x64) AppleWebKit/537.36 (KHTML, like Gecko) Chrome/116.0.5845.140 Safari/537.36"
78.153.140.93 - - [12/Jan/2025:08:01:08 +0000] "POST / HTTP/1.1" 200 1003 "-" "Mozilla/5.0 (Windows NT 10.0; Win64; x64) AppleWebKit/537.36 (KHTML, like Gecko) Chrome/116.0.5845.140 Safari/537.36"
195.3.223.55 - - [12/Jan/2025:08:13:49 +0000] "GET / HTTP/1.1" 200 1003 "-" "Mozilla/5.0 (Windows NT 10.0; Win64; x64) AppleWebKit/537.36 (KHTML, like Gecko) Chrome/90.0.4430.85 Safari/537.36 Edg/90.0.818.46"
108.67.204.255 - - [12/Jan/2025:08:14:59 +0000] "GET / HTTP/1.0" 200 1761 "-" "curl/7.88.1"
46.19.138.234 - - [12/Jan/2025:08:23:33 +0000] "GET / HTTP/1.1" 200 1003 "-" "Mozilla/5.0 (Windows NT 10.0; Win64; x64) AppleWebKit/537.36 (KHTML, like Gecko) Chrome/90.0.4430.85 Safari/537.36 Edg/90.0.818.46"
71.6.134.230 - - [12/Jan/2025:08:28:18 +0000] "\x16\x03\x01" 400 524 "-" "-"
193.200.78.250 - - [12/Jan/2025:08:40:00 +0000] "GET / HTTP/1.1" 200 1003 "-" "Mozilla/5.0 (Windows NT 10.0; Win64; x64) AppleWebKit/537.36 (KHTML, like Gecko) Chrome/90.0.4430.85 Safari/537.36 Edg/90.0.818.46"
78.153.140.93 - - [12/Jan/2025:08:43:50 +0000] "GET /.env HTTP/1.1" 302 387 "-" "Mozilla/5.0 (Windows NT 10.0; Win64; x64) AppleWebKit/537.36 (KHTML, like Gecko) Chrome/116.0.5845.140 Safari/537.36"
78.153.140.93 - - [12/Jan/2025:08:43:50 +0000] "POST / HTTP/1.1" 200 1003 "-" "Mozilla/5.0 (Windows NT 10.0; Win64; x64) AppleWebKit/537.36 (KHTML, like Gecko) Chrome/116.0.5845.140 Safari/537.36"
71.6.134.230 - - [12/Jan/2025:08:45:24 +0000] "GET / HTTP/1.1" 200 947 "-" "Mozilla/5.0 (Windows NT 10.0; Win64; x64) AppleWebKit/537.36 (KHTML, like Gecko) Chrome/102.0.0.0 Safari/537.36"
71.6.134.230 - - [12/Jan/2025:08:46:25 +0000] "GET /favicon.ico HTTP/1.1" 302 331 "-" "Mozilla/5.0 (Windows NT 10.0; Win64; x64) AppleWebKit/537.36 (KHTML, like Gecko) Chrome/102.0.0.0 Safari/537.36"
78.153.140.147 - - [12/Jan/2025:08:49:37 +0000] "GET /.env HTTP/1.1" 302 387 "-" "Mozilla/5.0 (Windows NT 10.0; Win64; x64) AppleWebKit/537.36 (KHTML, like Gecko) Chrome/116.0.5845.140 Safari/537.36"
78.153.140.147 - - [12/Jan/2025:08:49:38 +0000] "POST / HTTP/1.1" 200 1003 "-" "Mozilla/5.0 (Windows NT 10.0; Win64; x64) AppleWebKit/537.36 (KHTML, like Gecko) Chrome/116.0.5845.140 Safari/537.36"
95.214.55.226 - - [12/Jan/2025:08:56:44 +0000] "GET / HTTP/1.1" 200 1742 "-" "-"
185.16.39.104 - - [12/Jan/2025:09:02:51 +0000] "GET / HTTP/1.1" 200 1003 "-" "-"
203.251.162.32 - - [12/Jan/2025:09:16:03 +0000] "GET / HTTP/1.0" 200 1761 "-" "curl/7.88.1"
78.153.140.93 - - [12/Jan/2025:09:29:39 +0000] "GET /.env HTTP/1.1" 302 387 "-" "Mozilla/5.0 (Windows NT 10.0; Win64; x64) AppleWebKit/537.36 (KHTML, like Gecko) Chrome/116.0.5845.140 Safari/537.36"
78.153.140.93 - - [12/Jan/2025:09:29:39 +0000] "POST / HTTP/1.1" 200 1003 "-" "Mozilla/5.0 (Windows NT 10.0; Win64; x64) AppleWebKit/537.36 (KHTML, like Gecko) Chrome/116.0.5845.140 Safari/537.36"
91.223.3.201 - - [12/Jan/2025:09:37:03 +0000] "GET / HTTP/1.1" 200 1003 "-" "Mozilla/5.0 (Windows NT 10.0; Win64; x64) AppleWebKit/537.36 (KHTML, like Gecko) Chrome/90.0.4430.85 Safari/537.36 Edg/90.0.818.46"
203.138.147.67 - - [12/Jan/2025:09:47:16 +0000] "GET / HTTP/1.0" 200 1761 "-" "curl/7.88.1"
141.94.145.70 - - [12/Jan/2025:09:48:46 +0000] "GET /.git/config HTTP/1.1" 302 350 "-" "Mozilla/4.0 (compatible; Linux 2.6.22) NetFront/3.4 Kindle/2.0 (screen 600x800)"
78.153.140.147 - - [12/Jan/2025:10:18:24 +0000] "GET /.env HTTP/1.1" 302 387 "-" "Mozilla/5.0 (Windows NT 10.0; Win64; x64) AppleWebKit/537.36 (KHTML, like Gecko) Chrome/116.0.5845.140 Safari/537.36"
78.153.140.147 - - [12/Jan/2025:10:18:24 +0000] "POST / HTTP/1.1" 200 1003 "-" "Mozilla/5.0 (Windows NT 10.0; Win64; x64) AppleWebKit/537.36 (KHTML, like Gecko) Chrome/116.0.5845.140 Safari/537.36"
125.204.25.20 - - [12/Jan/2025:10:43:45 +0000] "GET / HTTP/1.0" 200 1761 "-" "curl/7.88.1"
78.153.140.93 - - [12/Jan/2025:11:03:20 +0000] "GET /.env HTTP/1.1" 302 387 "-" "Mozilla/5.0 (Windows NT 10.0; Win64; x64) AppleWebKit/537.36 (KHTML, like Gecko) Chrome/116.0.5845.140 Safari/537.36"
78.153.140.93 - - [12/Jan/2025:11:03:21 +0000] "POST / HTTP/1.1" 200 1003 "-" "Mozilla/5.0 (Windows NT 10.0; Win64; x64) AppleWebKit/537.36 (KHTML, like Gecko) Chrome/116.0.5845.140 Safari/537.36"
78.153.140.147 - - [12/Jan/2025:11:08:36 +0000] "GET /.env HTTP/1.1" 302 387 "-" "Mozilla/5.0 (Windows NT 10.0; Win64; x64) AppleWebKit/537.36 (KHTML, like Gecko) Chrome/116.0.5845.140 Safari/537.36"
78.153.140.147 - - [12/Jan/2025:11:08:37 +0000] "POST / HTTP/1.1" 200 1003 "-" "Mozilla/5.0 (Windows NT 10.0; Win64; x64) AppleWebKit/537.36 (KHTML, like Gecko) Chrome/116.0.5845.140 Safari/537.36"
193.34.212.75 - - [12/Jan/2025:11:10:22 +0000] "GET / HTTP/1.1" 200 1742 "-" "-"
78.153.140.93 - - [12/Jan/2025:11:15:13 +0000] "GET /.env HTTP/1.1" 302 387 "-" "Mozilla/5.0 (Windows NT 10.0; Win64; x64) AppleWebKit/537.36 (KHTML, like Gecko) Chrome/116.0.5845.140 Safari/537.36"
78.153.140.93 - - [12/Jan/2025:11:15:13 +0000] "POST / HTTP/1.1" 200 1003 "-" "Mozilla/5.0 (Windows NT 10.0; Win64; x64) AppleWebKit/537.36 (KHTML, like Gecko) Chrome/116.0.5845.140 Safari/537.36"
162.216.150.211 - - [12/Jan/2025:11:18:57 +0000] "GET / HTTP/1.1" 200 947 "-" "Expanse, a Palo Alto Networks company, searches across the global IPv4 space multiple times per day to identify customers&#39; presences on the Internet. If you would like to be excluded from our scans, please send IP addresses/domains to: scaninfo@paloaltonetworks.com"
193.200.78.250 - - [12/Jan/2025:11:27:52 +0000] "GET / HTTP/1.1" 200 1003 "-" "Mozilla/5.0 (Windows NT 10.0; Win64; x64) AppleWebKit/537.36 (KHTML, like Gecko) Chrome/90.0.4430.85 Safari/537.36 Edg/90.0.818.46"
185.242.226.10 - - [12/Jan/2025:11:44:34 +0000] "GET / HTTP/1.1" 200 947 "-" "Mozilla/5.0 (Windows NT 10.0; Win64; x64) AppleWebKit/537.36 (KHTML, like Gecko) Chrome/88.0.4324.190 Safari/537.36"
65.49.1.39 - - [12/Jan/2025:11:46:41 +0000] "GET / HTTP/1.1" 200 947 "-" "Mozilla/5.0 (Windows NT 10.0; Win64; x64) AppleWebKit/537.36 (KHTML, like Gecko) Chrome/113.0.0.0 Safari/537.36"
45.164.178.254 - - [12/Jan/2025:11:48:07 +0000] "POST /HNAP1/ HTTP/1.0" 302 350 "-" "-"
65.49.1.45 - - [12/Jan/2025:11:49:13 +0000] "GET /favicon.ico HTTP/1.1" 302 331 "-" "Mozilla/5.0 (X11; Linux x86_64; rv:124.0) Gecko/20100101 Firefox/124.0"
65.49.1.50 - - [12/Jan/2025:11:49:47 +0000] "GET /geoserver/web/ HTTP/1.1" 302 331 "-" "Mozilla/5.0 (Windows NT 10.0; Win64; x64) AppleWebKit/537.36 (KHTML, like Gecko) Chrome/113.0.0.0 Safari/537.36"
5.181.190.248 - - [12/Jan/2025:11:50:34 +0000] "GET / HTTP/1.1" 200 1742 "-" "-"
95.214.55.226 - - [12/Jan/2025:11:53:04 +0000] "GET / HTTP/1.1" 200 1742 "-" "-"
172.169.6.196 - - [12/Jan/2025:12:22:28 +0000] "GET /portal/redlion HTTP/1.1" 302 331 "-" "Mozilla/5.0 zgrab/0.x"
78.153.140.93 - - [12/Jan/2025:12:54:20 +0000] "GET /.env HTTP/1.1" 302 387 "-" "Mozilla/5.0 (Windows NT 10.0; Win64; x64) AppleWebKit/537.36 (KHTML, like Gecko) Chrome/116.0.5845.140 Safari/537.36"
78.153.140.93 - - [12/Jan/2025:12:54:20 +0000] "POST / HTTP/1.1" 200 1003 "-" "Mozilla/5.0 (Windows NT 10.0; Win64; x64) AppleWebKit/537.36 (KHTML, like Gecko) Chrome/116.0.5845.140 Safari/537.36"
78.153.140.147 - - [12/Jan/2025:13:02:54 +0000] "GET /.env HTTP/1.1" 302 387 "-" "Mozilla/5.0 (Windows NT 10.0; Win64; x64) AppleWebKit/537.36 (KHTML, like Gecko) Chrome/116.0.5845.140 Safari/537.36"
78.153.140.147 - - [12/Jan/2025:13:02:54 +0000] "POST / HTTP/1.1" 200 1003 "-" "Mozilla/5.0 (Windows NT 10.0; Win64; x64) AppleWebKit/537.36 (KHTML, like Gecko) Chrome/116.0.5845.140 Safari/537.36"
139.59.101.104 - - [12/Jan/2025:13:12:23 +0000] "GET /cdn-cgi/trace HTTP/1.1" 302 350 "-" "Mozilla/5.0"
78.153.140.93 - - [12/Jan/2025:13:15:24 +0000] "GET /.env HTTP/1.1" 302 387 "-" "Mozilla/5.0 (Windows NT 10.0; Win64; x64) AppleWebKit/537.36 (KHTML, like Gecko) Chrome/116.0.5845.140 Safari/537.36"
78.153.140.93 - - [12/Jan/2025:13:15:24 +0000] "POST / HTTP/1.1" 200 1003 "-" "Mozilla/5.0 (Windows NT 10.0; Win64; x64) AppleWebKit/537.36 (KHTML, like Gecko) Chrome/116.0.5845.140 Safari/537.36"
213.175.190.135 - - [12/Jan/2025:13:16:24 +0000] "GET / HTTP/1.0" 200 1798 "-" "Mozilla/5.0 (Windows NT 6.1; WOW64) AppleWebKit/537.36 (KHTML, like Gecko) Chrome/51.0.2704.103 Safari/537.36"
188.166.55.161 - - [12/Jan/2025:13:27:06 +0000] "GET / HTTP/1.1" 200 947 "-" "Mozilla/5.0 (compatible)"
188.166.55.161 - - [12/Jan/2025:13:27:06 +0000] "GET /favicon.ico HTTP/1.1" 302 331 "http://34.93.54.196/" "Mozilla/5.0 (compatible)"
193.200.78.250 - - [12/Jan/2025:13:30:32 +0000] "GET / HTTP/1.1" 200 1003 "-" "Mozilla/5.0 (Windows NT 10.0; Win64; x64) AppleWebKit/537.36 (KHTML, like Gecko) Chrome/90.0.4430.85 Safari/537.36 Edg/90.0.818.46"
195.3.223.55 - - [12/Jan/2025:13:32:55 +0000] "GET / HTTP/1.1" 200 1003 "-" "Mozilla/5.0 (Windows NT 10.0; Win64; x64) AppleWebKit/537.36 (KHTML, like Gecko) Chrome/90.0.4430.85 Safari/537.36 Edg/90.0.818.46"
46.19.138.234 - - [12/Jan/2025:13:47:04 +0000] "GET / HTTP/1.1" 200 1003 "-" "Mozilla/5.0 (Windows NT 10.0; Win64; x64) AppleWebKit/537.36 (KHTML, like Gecko) Chrome/90.0.4430.85 Safari/537.36 Edg/90.0.818.46"
78.153.140.93 - - [12/Jan/2025:13:56:19 +0000] "GET /.env HTTP/1.1" 302 387 "-" "Mozilla/5.0 (Windows NT 10.0; Win64; x64) AppleWebKit/537.36 (KHTML, like Gecko) Chrome/116.0.5845.140 Safari/537.36"
78.153.140.93 - - [12/Jan/2025:13:56:20 +0000] "POST / HTTP/1.1" 200 1003 "-" "Mozilla/5.0 (Windows NT 10.0; Win64; x64) AppleWebKit/537.36 (KHTML, like Gecko) Chrome/116.0.5845.140 Safari/537.36"
95.214.55.226 - - [12/Jan/2025:13:56:21 +0000] "GET / HTTP/1.1" 200 1742 "-" "-"
185.224.3.5 - - [12/Jan/2025:13:58:05 +0000] "CONNECT api.ip.pn:443 HTTP/1.1" 302 350 "-" "Mozilla/5.0"
185.16.39.104 - - [12/Jan/2025:14:30:27 +0000] "GET / HTTP/1.1" 200 1003 "-" "-"
193.34.212.75 - - [12/Jan/2025:14:31:51 +0000] "GET / HTTP/1.1" 200 1742 "-" "-"
75.75.205.214 - - [12/Jan/2025:14:39:11 +0000] "GET / HTTP/1.0" 200 1761 "-" "curl/7.88.1"
78.153.140.147 - - [12/Jan/2025:15:24:08 +0000] "GET /.env HTTP/1.1" 302 387 "-" "Mozilla/5.0 (Windows NT 10.0; Win64; x64) AppleWebKit/537.36 (KHTML, like Gecko) Chrome/116.0.5845.140 Safari/537.36"
78.153.140.147 - - [12/Jan/2025:15:24:08 +0000] "POST / HTTP/1.1" 200 1003 "-" "Mozilla/5.0 (Windows NT 10.0; Win64; x64) AppleWebKit/537.36 (KHTML, like Gecko) Chrome/116.0.5845.140 Safari/537.36"
106.155.226.253 - - [12/Jan/2025:15:33:38 +0000] "GET / HTTP/1.0" 200 1761 "-" "curl/7.88.1"
45.79.181.251 - - [12/Jan/2025:15:47:02 +0000] "\x16\x03\x01" 400 524 "-" "-"
78.153.140.93 - - [12/Jan/2025:15:50:45 +0000] "GET /.env HTTP/1.1" 302 387 "-" "Mozilla/5.0 (Windows NT 10.0; Win64; x64) AppleWebKit/537.36 (KHTML, like Gecko) Chrome/116.0.5845.140 Safari/537.36"
78.153.140.93 - - [12/Jan/2025:15:50:46 +0000] "POST / HTTP/1.1" 200 1003 "-" "Mozilla/5.0 (Windows NT 10.0; Win64; x64) AppleWebKit/537.36 (KHTML, like Gecko) Chrome/116.0.5845.140 Safari/537.36"
87.120.115.34 - - [12/Jan/2025:16:00:50 +0000] "GET /.env HTTP/1.1" 302 350 "-" "Mozilla/5.0 (Windows NT 6.1; Win64; x64; rv:84.0) Gecko/20100101 Firefox/84.0"
91.223.3.201 - - [12/Jan/2025:16:10:32 +0000] "GET / HTTP/1.1" 200 1003 "-" "Mozilla/5.0 (Windows NT 10.0; Win64; x64) AppleWebKit/537.36 (KHTML, like Gecko) Chrome/90.0.4430.85 Safari/537.36 Edg/90.0.818.46"
80.82.77.202 - - [12/Jan/2025:16:12:14 +0000] "\x16\x03\x02\x01o\x01" 400 524 "-" "-"
193.200.78.250 - - [12/Jan/2025:16:13:16 +0000] "GET /logon.htm HTTP/1.1" 302 331 "-" "Hello World"
220.213.18.103 - - [12/Jan/2025:16:16:13 +0000] "GET / HTTP/1.0" 200 1761 "-" "curl/7.88.1"
78.153.140.93 - - [12/Jan/2025:16:45:27 +0000] "GET /.env HTTP/1.1" 302 387 "-" "Mozilla/5.0 (Windows NT 10.0; Win64; x64) AppleWebKit/537.36 (KHTML, like Gecko) Chrome/116.0.5845.140 Safari/537.36"
78.153.140.93 - - [12/Jan/2025:16:45:27 +0000] "POST / HTTP/1.1" 200 1003 "-" "Mozilla/5.0 (Windows NT 10.0; Win64; x64) AppleWebKit/537.36 (KHTML, like Gecko) Chrome/116.0.5845.140 Safari/537.36"
152.42.247.210 - - [12/Jan/2025:16:58:19 +0000] "GET /cdn-cgi/trace HTTP/1.1" 302 350 "-" "Mozilla/5.0"
152.42.247.210 - - [12/Jan/2025:16:58:29 +0000] "\x16\x03\x01\x01\v\x01" 400 524 "-" "-"
159.223.67.34 - - [12/Jan/2025:17:06:41 +0000] "GET /cdn-cgi/trace HTTP/1.1" 302 350 "-" "Mozilla/5.0"
159.223.67.34 - - [12/Jan/2025:17:06:50 +0000] "\x16\x03\x01\x01\v\x01" 400 524 "-" "-"
159.223.69.51 - - [12/Jan/2025:17:11:34 +0000] "GET /cdn-cgi/trace HTTP/1.1" 302 350 "-" "Mozilla/5.0"
159.223.69.51 - - [12/Jan/2025:17:11:45 +0000] "\x16\x03\x01\x01\v\x01" 400 524 "-" "-"
178.128.54.126 - - [12/Jan/2025:17:12:08 +0000] "GET /cdn-cgi/trace HTTP/1.1" 302 350 "-" "Mozilla/5.0"
178.128.54.126 - - [12/Jan/2025:17:12:15 +0000] "\x16\x03\x01\x01\v\x01" 400 524 "-" "-"
59.98.197.38 - - [12/Jan/2025:17:22:02 +0000] "POST /GponForm/diag_Form?images/ HTTP/1.1" 302 387 "-" "Hello, World"
78.153.140.93 - - [12/Jan/2025:17:22:21 +0000] "GET /.env HTTP/1.1" 302 387 "-" "Mozilla/5.0 (Windows NT 10.0; Win64; x64) AppleWebKit/537.36 (KHTML, like Gecko) Chrome/116.0.5845.140 Safari/537.36"
78.153.140.93 - - [12/Jan/2025:17:22:22 +0000] "POST / HTTP/1.1" 200 1003 "-" "Mozilla/5.0 (Windows NT 10.0; Win64; x64) AppleWebKit/537.36 (KHTML, like Gecko) Chrome/116.0.5845.140 Safari/537.36"
78.153.140.147 - - [12/Jan/2025:17:27:33 +0000] "GET /.env HTTP/1.1" 302 387 "-" "Mozilla/5.0 (Windows NT 10.0; Win64; x64) AppleWebKit/537.36 (KHTML, like Gecko) Chrome/116.0.5845.140 Safari/537.36"
78.153.140.147 - - [12/Jan/2025:17:27:33 +0000] "POST / HTTP/1.1" 200 1003 "-" "Mozilla/5.0 (Windows NT 10.0; Win64; x64) AppleWebKit/537.36 (KHTML, like Gecko) Chrome/116.0.5845.140 Safari/537.36"
193.34.212.75 - - [12/Jan/2025:17:42:04 +0000] "GET / HTTP/1.1" 200 1742 "-" "-"
78.153.140.147 - - [12/Jan/2025:18:12:24 +0000] "GET /.env HTTP/1.1" 302 387 "-" "Mozilla/5.0 (Windows NT 10.0; Win64; x64) AppleWebKit/537.36 (KHTML, like Gecko) Chrome/116.0.5845.140 Safari/537.36"
78.153.140.147 - - [12/Jan/2025:18:12:24 +0000] "POST / HTTP/1.1" 200 1003 "-" "Mozilla/5.0 (Windows NT 10.0; Win64; x64) AppleWebKit/537.36 (KHTML, like Gecko) Chrome/116.0.5845.140 Safari/537.36"
195.3.223.55 - - [12/Jan/2025:18:16:27 +0000] "GET / HTTP/1.1" 200 1003 "-" "Mozilla/5.0 (Windows NT 10.0; Win64; x64) AppleWebKit/537.36 (KHTML, like Gecko) Chrome/90.0.4430.85 Safari/537.36 Edg/90.0.818.46"
154.213.184.23 - - [12/Jan/2025:18:21:44 +0000] "CONNECT web.realsysadm.in:443 HTTP/1.1" 302 331 "-" "Go-http-client/1.1"
78.153.140.93 - - [12/Jan/2025:18:33:45 +0000] "GET /.env HTTP/1.1" 302 387 "-" "Mozilla/5.0 (Windows NT 10.0; Win64; x64) AppleWebKit/537.36 (KHTML, like Gecko) Chrome/116.0.5845.140 Safari/537.36"
78.153.140.93 - - [12/Jan/2025:18:33:45 +0000] "POST / HTTP/1.1" 200 1003 "-" "Mozilla/5.0 (Windows NT 10.0; Win64; x64) AppleWebKit/537.36 (KHTML, like Gecko) Chrome/116.0.5845.140 Safari/537.36"
47.254.25.10 - - [12/Jan/2025:18:37:54 +0000] "GET / HTTP/1.1" 200 1003 "-" "Mozilla/5.0 (Linux; Android 10; LIO-AN00 Build/HUAWEILIO-AN00; wv) AppleWebKit/537.36 (KHTML, like Gecko) Chrome/103.0.5060.114 Mobile Safari/537.36"
47.88.94.161 - - [12/Jan/2025:18:37:54 +0000] "GET /Public/home/js/check.js HTTP/1.1" 302 387 "-" "Mozilla/5.0 (Linux; Android 10; LIO-AN00 Build/HUAWEILIO-AN00; wv) AppleWebKit/537.36 (KHTML, like Gecko) Chrome/103.0.5060.114 Mobile Safari/537.36"
47.88.94.159 - - [12/Jan/2025:18:37:55 +0000] "GET / HTTP/1.1" 200 1003 "http://34.93.54.196/Public/home/js/check.js" "Mozilla/5.0 (Linux; Android 10; LIO-AN00 Build/HUAWEILIO-AN00; wv) AppleWebKit/537.36 (KHTML, like Gecko) Chrome/103.0.5060.114 Mobile Safari/537.36"
47.88.94.28 - - [12/Jan/2025:18:37:57 +0000] "GET /static/admin/javascript/hetong.js HTTP/1.1" 302 387 "-" "Mozilla/5.0 (Linux; Android 10; LIO-AN00 Build/HUAWEILIO-AN00; wv) AppleWebKit/537.36 (KHTML, like Gecko) Chrome/103.0.5060.114 Mobile Safari/537.36"
47.251.14.232 - - [12/Jan/2025:18:37:57 +0000] "GET / HTTP/1.1" 200 1003 "http://34.93.54.196/static/admin/javascript/hetong.js" "Mozilla/5.0 (Linux; Android 10; LIO-AN00 Build/HUAWEILIO-AN00; wv) AppleWebKit/537.36 (KHTML, like Gecko) Chrome/103.0.5060.114 Mobile Safari/537.36"
87.236.176.160 - - [12/Jan/2025:18:46:59 +0000] "GET / HTTP/1.1" 200 966 "-" "Mozilla/5.0 (compatible; InternetMeasurement/1.0; +https://internet-measurement.com/)"
46.19.138.234 - - [12/Jan/2025:18:53:40 +0000] "GET / HTTP/1.1" 200 1003 "-" "Mozilla/5.0 (Windows NT 10.0; Win64; x64) AppleWebKit/537.36 (KHTML, like Gecko) Chrome/90.0.4430.85 Safari/537.36 Edg/90.0.818.46"
78.153.140.93 - - [12/Jan/2025:18:56:28 +0000] "GET /.env HTTP/1.1" 302 387 "-" "Mozilla/5.0 (Windows NT 10.0; Win64; x64) AppleWebKit/537.36 (KHTML, like Gecko) Chrome/116.0.5845.140 Safari/537.36"
78.153.140.93 - - [12/Jan/2025:18:56:29 +0000] "POST / HTTP/1.1" 200 1003 "-" "Mozilla/5.0 (Windows NT 10.0; Win64; x64) AppleWebKit/537.36 (KHTML, like Gecko) Chrome/116.0.5845.140 Safari/537.36"
121.161.120.134 - - [12/Jan/2025:18:57:08 +0000] "GET / HTTP/1.0" 200 1761 "-" "curl/7.88.1"
141.94.145.70 - - [12/Jan/2025:19:04:58 +0000] "GET /.git/config HTTP/1.1" 302 350 "-" "Mozilla/5.0 (Symbian/3; Series60/5.2 NokiaE6-00/021.002; Profile/MIDP-2.1 Configuration/CLDC-1.1) AppleWebKit/533.4 (KHTML, like Gecko) NokiaBrowser/7.3.1.16 Mobile Safari/533.4 3gpp-gba"
78.153.140.147 - - [12/Jan/2025:19:12:26 +0000] "GET /.env HTTP/1.1" 302 387 "-" "Mozilla/5.0 (Windows NT 10.0; Win64; x64) AppleWebKit/537.36 (KHTML, like Gecko) Chrome/116.0.5845.140 Safari/537.36"
78.153.140.147 - - [12/Jan/2025:19:12:27 +0000] "POST / HTTP/1.1" 200 1003 "-" "Mozilla/5.0 (Windows NT 10.0; Win64; x64) AppleWebKit/537.36 (KHTML, like Gecko) Chrome/116.0.5845.140 Safari/537.36"
205.210.31.186 - - [12/Jan/2025:19:37:00 +0000] "GET / HTTP/1.0" 200 1761 "-" "Expanse, a Palo Alto Networks company, searches across the global IPv4 space multiple times per day to identify customers&#39; presences on the Internet. If you would like to be excluded from our scans, please send IP addresses/domains to: scaninfo@paloaltonetworks.com"
18.191.217.75 - - [12/Jan/2025:19:38:36 +0000] "\x16\x03\x01" 400 524 "-" "-"
18.191.217.75 - - [12/Jan/2025:19:38:53 +0000] "GET / HTTP/1.1" 200 947 "-" "Mozilla/5.0 (Macintosh; Intel Mac OS X 10_15_7) Chrome/126.0.0.0 Safari/537.36"
198.235.24.12 - - [12/Jan/2025:19:44:02 +0000] "\x16\x03\x01" 400 524 "-" "-"
198.235.24.12 - - [12/Jan/2025:19:44:02 +0000] "\x16\x03\x01" 400 524 "-" "-"
172.104.11.51 - - [12/Jan/2025:19:45:53 +0000] "\x16\x03\x01" 400 524 "-" "-"
185.16.39.104 - - [12/Jan/2025:19:52:42 +0000] "GET / HTTP/1.1" 200 1003 "-" "-"
78.153.140.93 - - [12/Jan/2025:20:11:23 +0000] "GET /.env HTTP/1.1" 302 387 "-" "Mozilla/5.0 (Windows NT 10.0; Win64; x64) AppleWebKit/537.36 (KHTML, like Gecko) Chrome/116.0.5845.140 Safari/537.36"
78.153.140.93 - - [12/Jan/2025:20:11:24 +0000] "POST / HTTP/1.1" 200 1003 "-" "Mozilla/5.0 (Windows NT 10.0; Win64; x64) AppleWebKit/537.36 (KHTML, like Gecko) Chrome/116.0.5845.140 Safari/537.36"
95.214.55.226 - - [12/Jan/2025:20:18:46 +0000] "GET / HTTP/1.1" 200 1742 "-" "-"
206.168.34.203 - - [12/Jan/2025:20:29:39 +0000] "\x16\x03\x01" 400 524 "-" "-"
206.168.34.203 - - [12/Jan/2025:20:29:47 +0000] "GET / HTTP/1.1" 200 947 "-" "Mozilla/5.0 (compatible; CensysInspect/1.1; +https://about.censys.io/)"
206.168.34.203 - - [12/Jan/2025:20:29:50 +0000] "GET /favicon.ico HTTP/1.1" 302 350 "-" "Mozilla/5.0 (compatible; CensysInspect/1.1; +https://about.censys.io/)"
206.168.34.203 - - [12/Jan/2025:20:29:55 +0000] "GET / HTTP/1.1" 200 966 "http://34.93.54.196/favicon.ico" "Mozilla/5.0 (compatible; CensysInspect/1.1; +https://about.censys.io/)"
206.168.34.203 - - [12/Jan/2025:20:29:59 +0000] "PRI * HTTP/2.0" 400 524 "-" "-"
121.161.120.134 - - [12/Jan/2025:20:42:30 +0000] "GET / HTTP/1.0" 200 1761 "-" "curl/7.88.1"
91.223.3.201 - - [12/Jan/2025:20:46:57 +0000] "GET / HTTP/1.1" 200 1003 "-" "Mozilla/5.0 (Windows NT 10.0; Win64; x64) AppleWebKit/537.36 (KHTML, like Gecko) Chrome/90.0.4430.85 Safari/537.36 Edg/90.0.818.46"
78.153.140.93 - - [12/Jan/2025:20:59:46 +0000] "GET /.env HTTP/1.1" 302 387 "-" "Mozilla/5.0 (Windows NT 10.0; Win64; x64) AppleWebKit/537.36 (KHTML, like Gecko) Chrome/116.0.5845.140 Safari/537.36"
78.153.140.93 - - [12/Jan/2025:20:59:46 +0000] "POST / HTTP/1.1" 200 1003 "-" "Mozilla/5.0 (Windows NT 10.0; Win64; x64) AppleWebKit/537.36 (KHTML, like Gecko) Chrome/116.0.5845.140 Safari/537.36"
78.153.140.147 - - [12/Jan/2025:21:00:39 +0000] "GET /.env HTTP/1.1" 302 387 "-" "Mozilla/5.0 (Windows NT 10.0; Win64; x64) AppleWebKit/537.36 (KHTML, like Gecko) Chrome/116.0.5845.140 Safari/537.36"
78.153.140.147 - - [12/Jan/2025:21:00:39 +0000] "POST / HTTP/1.1" 200 1003 "-" "Mozilla/5.0 (Windows NT 10.0; Win64; x64) AppleWebKit/537.36 (KHTML, like Gecko) Chrome/116.0.5845.140 Safari/537.36"
80.82.77.202 - - [12/Jan/2025:21:24:05 +0000] "GET / HTTP/1.0" 200 1761 "-" "Mozilla/5.0 (X11; FreeBSD i386; rv:28.0) Gecko/20100101 Firefox/28.0 SeaMonkey/2.25"
167.94.146.49 - - [12/Jan/2025:21:26:38 +0000] "GET / HTTP/1.1" 200 1742 "-" "-"
167.94.146.49 - - [12/Jan/2025:21:26:42 +0000] "GET / HTTP/1.1" 200 947 "-" "Mozilla/5.0 (compatible; CensysInspect/1.1; +https://about.censys.io/)"
167.94.146.49 - - [12/Jan/2025:21:26:42 +0000] "GET /favicon.ico HTTP/1.1" 302 350 "-" "Mozilla/5.0 (compatible; CensysInspect/1.1; +https://about.censys.io/)"
167.94.146.49 - - [12/Jan/2025:21:26:43 +0000] "GET / HTTP/1.1" 200 966 "http://34.93.54.196/favicon.ico" "Mozilla/5.0 (compatible; CensysInspect/1.1; +https://about.censys.io/)"
167.94.146.49 - - [12/Jan/2025:21:26:43 +0000] "PRI * HTTP/2.0" 400 524 "-" "-"
87.120.127.198 - - [12/Jan/2025:21:31:18 +0000] "GET /.env HTTP/1.1" 302 350 "-" "Googlebot-Image/1.0"
217.15.164.190 - - [12/Jan/2025:21:53:04 +0000] "GET / HTTP/1.1" 200 1003 "-" "Mozilla/5.0 (Windows NT 10.0; Win64; x64) AppleWebKit/537.36 (KHTML, like Gecko) Chrome/58.0.3029.110 Safari/537.3"
45.148.10.242 - - [12/Jan/2025:21:56:56 +0000] "GET / HTTP/1.1" 200 1742 "-" "-"
205.210.31.6 - - [12/Jan/2025:21:58:18 +0000] "GET / HTTP/1.1" 200 947 "-" "Expanse, a Palo Alto Networks company, searches across the global IPv4 space multiple times per day to identify customers&#39; presences on the Internet. If you would like to be excluded from our scans, please send IP addresses/domains to: scaninfo@paloaltonetworks.com"
210.234.71.26 - - [12/Jan/2025:22:04:14 +0000] "GET / HTTP/1.0" 200 1761 "-" "curl/7.88.1"
95.214.55.226 - - [12/Jan/2025:22:19:41 +0000] "GET / HTTP/1.1" 200 1742 "-" "-"
78.153.140.93 - - [12/Jan/2025:22:22:05 +0000] "GET /.env HTTP/1.1" 302 387 "-" "Mozilla/5.0 (Windows NT 10.0; Win64; x64) AppleWebKit/537.36 (KHTML, like Gecko) Chrome/116.0.5845.140 Safari/537.36"
78.153.140.93 - - [12/Jan/2025:22:22:06 +0000] "POST / HTTP/1.1" 200 1003 "-" "Mozilla/5.0 (Windows NT 10.0; Win64; x64) AppleWebKit/537.36 (KHTML, like Gecko) Chrome/116.0.5845.140 Safari/537.36"
88.127.34.10 - - [12/Jan/2025:22:38:36 +0000] "\x16\x03\x01" 400 524 "-" "-"
88.127.34.10 - - [12/Jan/2025:22:38:37 +0000] "GET / HTTP/1.1" 200 1761 "-" "-"
181.49.205.58 - - [12/Jan/2025:22:49:44 +0000] "GET //libs/js/iframe.js HTTP/1.1" 302 387 "-" "python-requests/2.6.0 CPython/2.7.5 Linux/3.10.0-1160.el7.x86_64"
181.49.205.58 - - [12/Jan/2025:22:49:46 +0000] "GET / HTTP/1.1" 200 944 "-" "python-requests/2.6.0 CPython/2.7.5 Linux/3.10.0-1160.el7.x86_64"
109.159.182.174 - - [12/Jan/2025:23:03:04 +0000] "GET / HTTP/1.0" 200 1761 "-" "curl/7.88.1"
181.49.205.58 - - [12/Jan/2025:23:10:12 +0000] "GET //admin/config.php HTTP/1.1" 302 387 "-" "python-requests/2.6.0 CPython/2.7.5 Linux/3.10.0-1160.el7.x86_64"
181.49.205.58 - - [12/Jan/2025:23:10:14 +0000] "GET / HTTP/1.1" 200 944 "-" "python-requests/2.6.0 CPython/2.7.5 Linux/3.10.0-1160.el7.x86_64"
78.153.140.93 - - [12/Jan/2025:23:14:11 +0000] "GET /.env HTTP/1.1" 302 387 "-" "Mozilla/5.0 (Windows NT 10.0; Win64; x64) AppleWebKit/537.36 (KHTML, like Gecko) Chrome/116.0.5845.140 Safari/537.36"
78.153.140.93 - - [12/Jan/2025:23:14:11 +0000] "POST / HTTP/1.1" 200 1003 "-" "Mozilla/5.0 (Windows NT 10.0; Win64; x64) AppleWebKit/537.36 (KHTML, like Gecko) Chrome/116.0.5845.140 Safari/537.36"
105.156.27.19 - - [12/Jan/2025:23:25:47 +0000] "GET /.env HTTP/1.1" 302 387 "-" "Mozilla/5.0 (Linux; U; Android 4.4.2; en-US; HM NOTE 1W Build/KOT49H) AppleWebKit/534.30 (KHTML, like Gecko) Version/4.0 UCBrowser/11.0.5.850 U3/0.8.0 Mobile Safari/534.30"
105.156.27.19 - - [12/Jan/2025:23:25:47 +0000] "POST / HTTP/1.1" 200 1003 "-" "Mozilla/5.0 (Linux; U; Android 4.4.2; en-US; HM NOTE 1W Build/KOT49H) AppleWebKit/534.30 (KHTML, like Gecko) Version/4.0 UCBrowser/11.0.5.850 U3/0.8.0 Mobile Safari/534.30"
104.234.115.44 - - [12/Jan/2025:23:27:48 +0000] "" 400 524 "-" "-"
104.234.115.44 - - [12/Jan/2025:23:28:13 +0000] "\x16\x03\x01" 400 524 "-" "-"
104.234.115.44 - - [12/Jan/2025:23:28:43 +0000] "\x16\x03\x01" 400 524 "-" "-"
104.234.115.44 - - [12/Jan/2025:23:29:14 +0000] "GET /favicon.ico HTTP/1.1" 302 331 "-" "'Mozilla/5.0 (compatible; GenomeCrawlerd/1.0; https://www.nokia.com/genomecrawler)'"
104.234.115.44 - - [12/Jan/2025:23:29:45 +0000] "\x16\x03\x01" 400 524 "-" "-"
104.234.115.44 - - [12/Jan/2025:23:30:41 +0000] "GET /manage/account/login HTTP/1.1" 302 331 "-" "'Mozilla/5.0 (compatible; GenomeCrawlerd/1.0; https://www.nokia.com/genomecrawler)'"
104.234.115.44 - - [12/Jan/2025:23:32:07 +0000] "\x16\x03\x01" 400 524 "-" "-"
104.234.115.44 - - [12/Jan/2025:23:32:59 +0000] "GET /admin/index.html HTTP/1.1" 302 331 "-" "'Mozilla/5.0 (compatible; GenomeCrawlerd/1.0; https://www.nokia.com/genomecrawler)'"
78.153.140.147 - - [12/Jan/2025:23:33:23 +0000] "GET /.env HTTP/1.1" 302 387 "-" "Mozilla/5.0 (Windows NT 10.0; Win64; x64) AppleWebKit/537.36 (KHTML, like Gecko) Chrome/116.0.5845.140 Safari/537.36"
78.153.140.147 - - [12/Jan/2025:23:33:25 +0000] "POST / HTTP/1.1" 200 1003 "-" "Mozilla/5.0 (Windows NT 10.0; Win64; x64) AppleWebKit/537.36 (KHTML, like Gecko) Chrome/116.0.5845.140 Safari/537.36"
104.234.115.44 - - [12/Jan/2025:23:34:17 +0000] "\x16\x03\x01" 400 524 "-" "-"
92.255.57.58 - - [12/Jan/2025:23:34:24 +0000] "GET /?XDEBUG_SESSION_START=phpstorm HTTP/1.1" 200 966 "-" "Mozilla/5.0 (Windows NT 10.0; Win64; x64) AppleWebKit/537.36 (KHTML, like Gecko) Chrome/78.0.3904.108 Safari/537.36"
104.234.115.44 - - [12/Jan/2025:23:35:05 +0000] "GET /index.html HTTP/1.1" 302 331 "-" "'Mozilla/5.0 (compatible; GenomeCrawlerd/1.0; https://www.nokia.com/genomecrawler)'"
104.234.115.44 - - [12/Jan/2025:23:36:34 +0000] "\x16\x03\x01" 400 524 "-" "-"
104.234.115.44 - - [12/Jan/2025:23:37:28 +0000] "GET /+CSCOE+/logon.html HTTP/1.1" 302 331 "-" "'Mozilla/5.0 (compatible; GenomeCrawlerd/1.0; https://www.nokia.com/genomecrawler)'"
104.234.115.44 - - [12/Jan/2025:23:38:43 +0000] "\x16\x03\x01" 400 524 "-" "-"
104.234.115.44 - - [12/Jan/2025:23:39:36 +0000] "GET /cgi-bin/login.cgi HTTP/1.1" 302 331 "-" "'Mozilla/5.0 (compatible; GenomeCrawlerd/1.0; https://www.nokia.com/genomecrawler)'"
104.234.115.44 - - [12/Jan/2025:23:40:50 +0000] "\x16\x03\x01" 400 524 "-" "-"
104.234.115.44 - - [12/Jan/2025:23:41:34 +0000] "GET /logon.htm HTTP/1.1" 302 331 "-" "'Mozilla/5.0 (compatible; GenomeCrawlerd/1.0; https://www.nokia.com/genomecrawler)'"
104.234.115.44 - - [12/Jan/2025:23:43:01 +0000] "\x16\x03\x01" 400 524 "-" "-"
104.234.115.44 - - [12/Jan/2025:23:43:46 +0000] "GET /login.jsp HTTP/1.1" 302 331 "-" "'Mozilla/5.0 (compatible; GenomeCrawlerd/1.0; https://www.nokia.com/genomecrawler)'"
104.234.115.44 - - [12/Jan/2025:23:44:59 +0000] "\x16\x03\x01" 400 524 "-" "-"
104.234.115.44 - - [12/Jan/2025:23:45:52 +0000] "GET /doc/index.html HTTP/1.1" 302 331 "-" "'Mozilla/5.0 (compatible; GenomeCrawlerd/1.0; https://www.nokia.com/genomecrawler)'"
104.234.115.44 - - [12/Jan/2025:23:47:14 +0000] "\x16\x03\x01" 400 524 "-" "-"
104.234.115.44 - - [12/Jan/2025:23:48:02 +0000] "GET /remote/login HTTP/1.1" 302 331 "-" "'Mozilla/5.0 (compatible; GenomeCrawlerd/1.0; https://www.nokia.com/genomecrawler)'"
104.234.115.44 - - [12/Jan/2025:23:49:25 +0000] "\x16\x03\x01" 400 524 "-" "-"
49.143.19.117 - - [12/Jan/2025:23:49:33 +0000] "GET / HTTP/1.0" 200 1761 "-" "curl/7.88.1"
104.234.115.44 - - [12/Jan/2025:23:50:13 +0000] "GET / HTTP/1.1" 200 947 "-" "'Mozilla/5.0 (compatible; GenomeCrawlerd/1.0; https://www.nokia.com/genomecrawler)'"
178.215.236.132 - - [12/Jan/2025:23:54:23 +0000] "GET /.env HTTP/1.1" 302 350 "-" "Mozilla/5.0 (iPhone; CPU iPhone OS 12_4 like Mac OS X) AppleWebKit/605.1.15 (KHTML, like Gecko) OPT/1.10.1 Mobile/15E148"
