46.19.138.234 - - [13/Jan/2025:13:26:58 +0000] "GET / HTTP/1.1" 200 1003 "-" "Mozilla/5.0 (Windows NT 10.0; Win64; x64) AppleWebKit/537.36 (KHTML, like Gecko) Chrome/90.0.4430.85 Safari/537.36 Edg/90.0.818.46"
193.142.146.232 - - [13/Jan/2025:13:36:27 +0000] "\xff" 400 526 "-" "-"
122.96.31.120 - - [13/Jan/2025:13:42:25 +0000] "POST /HNAP1/ HTTP/1.0" 302 350 "-" "-"
164.52.24.179 - - [13/Jan/2025:13:44:38 +0000] "\x16\x03\x01\x02" 400 526 "-" "-"
164.52.24.179 - - [13/Jan/2025:13:45:14 +0000] "GET / HTTP/1.1" 200 1742 "-" "Mozilla/5.0 (Windows NT 10.0; Win64; x64) AppleWebKit/537.36 (KHTML, like Gecko) Chrome/114.0.0.0 Safari/537.36"
164.52.24.179 - - [13/Jan/2025:13:45:17 +0000] "GET / HTTP/1.1" 200 1742 "-" "-"
164.52.24.179 - - [13/Jan/2025:13:45:20 +0000] "GET /favicon.ico HTTP/1.1" 302 331 "-" "Mozilla/5.0 (Windows NT 10.0; Win64; x64) AppleWebKit/537.36 (KHTML, like Gecko) Chrome/114.0.0.0 Safari/537.36"
164.52.24.179 - - [13/Jan/2025:13:45:23 +0000] "GET / HTTP/1.1" 200 1684 "http://35.220.248.27/favicon.ico" "Mozilla/5.0 (Windows NT 10.0; Win64; x64) AppleWebKit/537.36 (KHTML, like Gecko) Chrome/114.0.0.0 Safari/537.36"
78.153.140.93 - - [13/Jan/2025:13:47:44 +0000] "GET /.env HTTP/1.1" 302 387 "-" "Mozilla/5.0 (Windows NT 10.0; Win64; x64) AppleWebKit/537.36 (KHTML, like Gecko) Chrome/116.0.5845.140 Safari/537.36"
78.153.140.93 - - [13/Jan/2025:13:47:44 +0000] "POST / HTTP/1.1" 200 1003 "-" "Mozilla/5.0 (Windows NT 10.0; Win64; x64) AppleWebKit/537.36 (KHTML, like Gecko) Chrome/116.0.5845.140 Safari/537.36"
162.216.149.8 - - [13/Jan/2025:13:49:18 +0000] "GET / HTTP/1.1" 200 947 "-" "Expanse, a Palo Alto Networks company, searches across the global IPv4 space multiple times per day to identify customers&#39; presences on the Internet. If you would like to be excluded from our scans, please send IP addresses/domains to: scaninfo@paloaltonetworks.com"
185.242.226.10 - - [13/Jan/2025:14:20:24 +0000] "GET / HTTP/1.1" 200 947 "-" "Mozilla/5.0 (Windows NT 10.0; Win64; x64) AppleWebKit/537.36 (KHTML, like Gecko) Chrome/88.0.4324.190 Safari/537.36"
78.153.140.93 - - [13/Jan/2025:14:36:14 +0000] "GET /.env HTTP/1.1" 302 387 "-" "Mozilla/5.0 (Windows NT 10.0; Win64; x64) AppleWebKit/537.36 (KHTML, like Gecko) Chrome/116.0.5845.140 Safari/537.36"
78.153.140.93 - - [13/Jan/2025:14:36:14 +0000] "POST / HTTP/1.1" 200 1003 "-" "Mozilla/5.0 (Windows NT 10.0; Win64; x64) AppleWebKit/537.36 (KHTML, like Gecko) Chrome/116.0.5845.140 Safari/537.36"
59.0.72.243 - - [13/Jan/2025:14:39:42 +0000] "GET / HTTP/1.0" 200 1761 "-" "Mozilla/5.0 (Linux; U; Android 4.0.3; ko-kr; LG-L160L Build/IML74K) AppleWebkit/534.30 (KHTML, like Gecko) Version/4.0 Mobile Safari/534.30"
31.13.224.222 - - [13/Jan/2025:14:43:29 +0000] "GET /.env HTTP/1.1" 302 350 "-" "Mozilla/5.0 (Macintosh; Intel Mac OS X 10_13_4) AppleWebKit/537.36 (KHTML, like Gecko) Chrome/75.0.3770.145 Safari/537.36 Vivaldi/2.6.1566.49"
220.158.94.204 - - [13/Jan/2025:14:44:11 +0000] "GET / HTTP/1.0" 200 1761 "-" "curl/7.88.1"
78.153.140.148 - - [13/Jan/2025:14:50:28 +0000] "GET /.env HTTP/1.1" 302 387 "-" "Mozilla/5.0 (Windows NT 10.0; Win64; x64) AppleWebKit/537.36 (KHTML, like Gecko) Chrome/116.0.5845.140 Safari/537.36"
78.153.140.148 - - [13/Jan/2025:14:50:29 +0000] "POST / HTTP/1.1" 200 1003 "-" "Mozilla/5.0 (Windows NT 10.0; Win64; x64) AppleWebKit/537.36 (KHTML, like Gecko) Chrome/116.0.5845.140 Safari/537.36"
60.191.125.35 - - [13/Jan/2025:15:12:35 +0000] "HEAD http://112.124.42.80:63435/ HTTP/1.1" 200 296 "-" "Mozilla/5.0 (Macintosh; Intel Mac OS X 10_11_6) AppleWebKit/537.36 (KHTML, like Gecko) Chrome/53.0.2785.143 Safari/537.36"
193.34.212.75 - - [13/Jan/2025:15:33:56 +0000] "GET / HTTP/1.1" 200 1742 "-" "-"
124.156.225.181 - - [13/Jan/2025:15:39:00 +0000] "GET / HTTP/1.1" 200 966 "-" "Mozilla/5.0 (iPhone; CPU iPhone OS 13_2_3 like Mac OS X) AppleWebKit/605.1.15 (KHTML, like Gecko) Version/13.0.3 Mobile/15E148 Safari/604.1"
18.118.135.178 - - [13/Jan/2025:15:47:34 +0000] "\x16\x03\x01" 400 526 "-" "-"
18.118.135.178 - - [13/Jan/2025:15:48:09 +0000] "GET / HTTP/1.1" 200 947 "-" "Mozilla/5.0 (Macintosh; Intel Mac OS X 10_15_7) Chrome/126.0.0.0 Safari/537.36"
139.59.101.104 - - [13/Jan/2025:15:56:59 +0000] "GET /cdn-cgi/trace HTTP/1.1" 302 350 "-" "Mozilla/5.0"
80.82.77.202 - - [13/Jan/2025:16:10:55 +0000] "GET / HTTP/1.0" 200 1761 "-" "Mozilla/5.0 (X11; Linux i686; rv:43.0) Gecko/20100101 Firefox/43.0"
78.153.140.148 - - [13/Jan/2025:16:25:20 +0000] "GET /.env HTTP/1.1" 302 387 "-" "Mozilla/5.0 (Windows NT 10.0; Win64; x64) AppleWebKit/537.36 (KHTML, like Gecko) Chrome/116.0.5845.140 Safari/537.36"
78.153.140.148 - - [13/Jan/2025:16:25:21 +0000] "POST / HTTP/1.1" 200 1003 "-" "Mozilla/5.0 (Windows NT 10.0; Win64; x64) AppleWebKit/537.36 (KHTML, like Gecko) Chrome/116.0.5845.140 Safari/537.36"
78.153.140.93 - - [13/Jan/2025:16:25:46 +0000] "GET /.env HTTP/1.1" 302 387 "-" "Mozilla/5.0 (Windows NT 10.0; Win64; x64) AppleWebKit/537.36 (KHTML, like Gecko) Chrome/116.0.5845.140 Safari/537.36"
78.153.140.93 - - [13/Jan/2025:16:25:46 +0000] "POST / HTTP/1.1" 200 1003 "-" "Mozilla/5.0 (Windows NT 10.0; Win64; x64) AppleWebKit/537.36 (KHTML, like Gecko) Chrome/116.0.5845.140 Safari/537.36"
153.162.165.201 - - [13/Jan/2025:16:40:25 +0000] "GET / HTTP/1.0" 200 1761 "-" "curl/7.88.1"
78.153.140.93 - - [13/Jan/2025:16:56:29 +0000] "GET /.env HTTP/1.1" 302 387 "-" "Mozilla/5.0 (Windows NT 10.0; Win64; x64) AppleWebKit/537.36 (KHTML, like Gecko) Chrome/116.0.5845.140 Safari/537.36"
78.153.140.93 - - [13/Jan/2025:16:56:29 +0000] "POST / HTTP/1.1" 200 1003 "-" "Mozilla/5.0 (Windows NT 10.0; Win64; x64) AppleWebKit/537.36 (KHTML, like Gecko) Chrome/116.0.5845.140 Safari/537.36"
87.120.115.119 - - [13/Jan/2025:16:56:44 +0000] "GET /.env HTTP/1.1" 302 350 "-" "Mozilla/5.0 (Windows NT 10.0; Win64; x64) AppleWebKit/537.36 (KHTML, like Gecko) Chrome/73.0.3683.103 Safari/537.36"
115.55.58.74 - - [13/Jan/2025:17:08:44 +0000] "POST /GponForm/diag_Form?images/ HTTP/1.1" 302 387 "-" "Hello, World"
5.181.190.248 - - [13/Jan/2025:17:11:17 +0000] "GET / HTTP/1.1" 200 1742 "-" "-"
185.16.39.104 - - [13/Jan/2025:17:13:03 +0000] "GET / HTTP/1.1" 200 1003 "-" "-"
20.118.68.133 - - [13/Jan/2025:17:22:18 +0000] "GET / HTTP/1.1" 200 947 "-" "Mozilla/5.0 zgrab/0.x"
152.42.219.47 - - [13/Jan/2025:17:29:47 +0000] "GET /cdn-cgi/trace HTTP/1.1" 302 350 "-" "Mozilla/5.0"
152.42.219.47 - - [13/Jan/2025:17:29:55 +0000] "\x16\x03\x01\x01\v\x01" 400 526 "-" "-"
78.153.140.148 - - [13/Jan/2025:17:32:26 +0000] "GET /.env HTTP/1.1" 302 387 "-" "Mozilla/5.0 (Windows NT 10.0; Win64; x64) AppleWebKit/537.36 (KHTML, like Gecko) Chrome/116.0.5845.140 Safari/537.36"
78.153.140.148 - - [13/Jan/2025:17:32:26 +0000] "POST / HTTP/1.1" 200 1003 "-" "Mozilla/5.0 (Windows NT 10.0; Win64; x64) AppleWebKit/537.36 (KHTML, like Gecko) Chrome/116.0.5845.140 Safari/537.36"
195.3.223.55 - - [13/Jan/2025:17:45:43 +0000] "GET / HTTP/1.1" 200 1003 "-" "-"
62.84.100.218 - - [13/Jan/2025:17:57:21 +0000] "GET / HTTP/1.1" 200 966 "-" "Mozilla/5.0 (Fedora; Linux i686) AppleWebKit/537.36 (KHTML, like Gecko) Chrome/118.0.0.0 Safari/537.36"
78.153.140.93 - - [13/Jan/2025:18:02:03 +0000] "GET /.env HTTP/1.1" 302 387 "-" "Mozilla/5.0 (Windows NT 10.0; Win64; x64) AppleWebKit/537.36 (KHTML, like Gecko) Chrome/116.0.5845.140 Safari/537.36"
78.153.140.93 - - [13/Jan/2025:18:02:03 +0000] "POST / HTTP/1.1" 200 1003 "-" "Mozilla/5.0 (Windows NT 10.0; Win64; x64) AppleWebKit/537.36 (KHTML, like Gecko) Chrome/116.0.5845.140 Safari/537.36"
179.43.191.146 - - [13/Jan/2025:18:03:33 +0000] "GET / HTTP/1.1" 200 1003 "-" "Mozilla/5.0 (Windows NT 10.0; Win64; x64) AppleWebKit/537.36 (KHTML, like Gecko) Chrome/90.0.4430.85 Safari/537.36 Edg/90.0.818.46"
194.50.16.36 - - [13/Jan/2025:18:07:10 +0000] "GET / HTTP/1.1" 200 1003 "-" "python-requests/2.32.3"
178.215.236.132 - - [13/Jan/2025:18:16:53 +0000] "GET /.git/index HTTP/1.1" 302 350 "-" "Mozilla/5.0 (X11; U; Linux x86_64; en-US; rv:1.9.0.3) Gecko/2008092814 (Debian-3.0.1-1)"
121.139.52.211 - - [13/Jan/2025:18:20:24 +0000] "GET / HTTP/1.0" 200 1761 "-" "curl/7.88.1"
112.94.97.174 - - [13/Jan/2025:19:05:09 +0000] "POST /HNAP1/ HTTP/1.0" 302 350 "-" "-"
95.214.55.226 - - [13/Jan/2025:19:09:35 +0000] "GET / HTTP/1.1" 200 1742 "-" "-"
78.153.140.93 - - [13/Jan/2025:19:14:51 +0000] "GET /.env HTTP/1.1" 302 387 "-" "Mozilla/5.0 (Windows NT 10.0; Win64; x64) AppleWebKit/537.36 (KHTML, like Gecko) Chrome/116.0.5845.140 Safari/537.36"
78.153.140.93 - - [13/Jan/2025:19:14:52 +0000] "POST / HTTP/1.1" 200 1003 "-" "Mozilla/5.0 (Windows NT 10.0; Win64; x64) AppleWebKit/537.36 (KHTML, like Gecko) Chrome/116.0.5845.140 Safari/537.36"
5.181.190.248 - - [13/Jan/2025:19:18:03 +0000] "GET / HTTP/1.1" 200 1742 "-" "-"
78.153.140.148 - - [13/Jan/2025:19:18:49 +0000] "GET /.env HTTP/1.1" 302 387 "-" "Mozilla/5.0 (Windows NT 10.0; Win64; x64) AppleWebKit/537.36 (KHTML, like Gecko) Chrome/116.0.5845.140 Safari/537.36"
78.153.140.148 - - [13/Jan/2025:19:18:49 +0000] "POST / HTTP/1.1" 200 1003 "-" "Mozilla/5.0 (Windows NT 10.0; Win64; x64) AppleWebKit/537.36 (KHTML, like Gecko) Chrome/116.0.5845.140 Safari/537.36"
172.105.128.13 - - [13/Jan/2025:19:46:38 +0000] "\x16\x03\x01" 400 526 "-" "-"
206.168.34.207 - - [13/Jan/2025:19:49:28 +0000] "GET / HTTP/1.1" 200 1742 "-" "-"
206.168.34.207 - - [13/Jan/2025:19:49:37 +0000] "GET / HTTP/1.1" 200 947 "-" "Mozilla/5.0 (compatible; CensysInspect/1.1; +https://about.censys.io/)"
206.168.34.207 - - [13/Jan/2025:19:49:39 +0000] "GET /favicon.ico HTTP/1.1" 302 350 "-" "Mozilla/5.0 (compatible; CensysInspect/1.1; +https://about.censys.io/)"
206.168.34.207 - - [13/Jan/2025:19:49:41 +0000] "GET / HTTP/1.1" 200 966 "http://35.220.248.27/favicon.ico" "Mozilla/5.0 (compatible; CensysInspect/1.1; +https://about.censys.io/)"
206.168.34.207 - - [13/Jan/2025:19:49:42 +0000] "PRI * HTTP/2.0" 400 526 "-" "-"
193.34.212.75 - - [13/Jan/2025:19:49:46 +0000] "GET / HTTP/1.1" 200 1742 "-" "-"
64.226.93.22 - - [13/Jan/2025:20:06:14 +0000] "GET / HTTP/1.1" 200 1003 "-" "Mozilla/5.0 (Windows NT 10.0; Win64; x64) AppleWebKit/537.36 (KHTML, like Gecko) Chrome/71.0.3578.98 Safari/537.36 OPR/56.0.3051.52"
46.19.138.234 - - [13/Jan/2025:20:08:58 +0000] "GET / HTTP/1.1" 200 1003 "-" "Mozilla/5.0 (Windows NT 10.0; Win64; x64) AppleWebKit/537.36 (KHTML, like Gecko) Chrome/90.0.4430.85 Safari/537.36 Edg/90.0.818.46"
78.153.140.93 - - [13/Jan/2025:20:11:58 +0000] "GET /.env HTTP/1.1" 302 387 "-" "Mozilla/5.0 (Windows NT 10.0; Win64; x64) AppleWebKit/537.36 (KHTML, like Gecko) Chrome/116.0.5845.140 Safari/537.36"
78.153.140.93 - - [13/Jan/2025:20:11:59 +0000] "POST / HTTP/1.1" 200 1003 "-" "Mozilla/5.0 (Windows NT 10.0; Win64; x64) AppleWebKit/537.36 (KHTML, like Gecko) Chrome/116.0.5845.140 Safari/537.36"
13.64.193.97 - - [13/Jan/2025:20:37:07 +0000] "GET /manager/html HTTP/1.1" 302 331 "-" "Mozilla/5.0 zgrab/0.x"
78.153.140.93 - - [13/Jan/2025:20:58:03 +0000] "GET /.env HTTP/1.1" 302 387 "-" "Mozilla/5.0 (Windows NT 10.0; Win64; x64) AppleWebKit/537.36 (KHTML, like Gecko) Chrome/116.0.5845.140 Safari/537.36"
78.153.140.93 - - [13/Jan/2025:20:58:04 +0000] "POST / HTTP/1.1" 200 1003 "-" "Mozilla/5.0 (Windows NT 10.0; Win64; x64) AppleWebKit/537.36 (KHTML, like Gecko) Chrome/116.0.5845.140 Safari/537.36"
78.153.140.148 - - [13/Jan/2025:21:11:39 +0000] "GET /.env HTTP/1.1" 302 387 "-" "Mozilla/5.0 (Windows NT 10.0; Win64; x64) AppleWebKit/537.36 (KHTML, like Gecko) Chrome/116.0.5845.140 Safari/537.36"
78.153.140.148 - - [13/Jan/2025:21:11:41 +0000] "POST / HTTP/1.1" 200 1003 "-" "Mozilla/5.0 (Windows NT 10.0; Win64; x64) AppleWebKit/537.36 (KHTML, like Gecko) Chrome/116.0.5845.140 Safari/537.36"
123.156.231.54 - - [13/Jan/2025:21:23:15 +0000] "POST /cgi-bin/.%2e/.%2e/.%2e/.%2e/.%2e/.%2e/.%2e/.%2e/.%2e/.%2e/bin/sh HTTP/1.1" 400 487 "-" "Custom-AsyncHttpClient"
123.156.231.54 - - [13/Jan/2025:21:23:17 +0000] "POST /cgi-bin/%%32%65%%32%65/%%32%65%%32%65/%%32%65%%32%65/%%32%65%%32%65/%%32%65%%32%65/%%32%65%%32%65/%%32%65%%32%65/bin/sh HTTP/1.1" 400 487 "-" "Custom-AsyncHttpClient"
123.156.231.54 - - [13/Jan/2025:21:23:20 +0000] "POST /hello.world?%ADd+allow_url_include%3d1+%ADd+auto_prepend_file%3dphp://input HTTP/1.1" 302 387 "-" "Custom-AsyncHttpClient"
123.156.231.54 - - [13/Jan/2025:21:23:22 +0000] "GET /vendor/phpunit/phpunit/src/Util/PHP/eval-stdin.php HTTP/1.1" 302 386 "-" "Custom-AsyncHttpClient"
123.156.231.54 - - [13/Jan/2025:21:23:23 +0000] "GET /vendor/phpunit/phpunit/Util/PHP/eval-stdin.php HTTP/1.1" 302 386 "-" "Custom-AsyncHttpClient"
123.156.231.54 - - [13/Jan/2025:21:23:27 +0000] "GET /vendor/phpunit/src/Util/PHP/eval-stdin.php HTTP/1.1" 302 386 "-" "Custom-AsyncHttpClient"
123.156.231.54 - - [13/Jan/2025:21:23:28 +0000] "GET /vendor/phpunit/Util/PHP/eval-stdin.php HTTP/1.1" 302 386 "-" "Custom-AsyncHttpClient"
95.214.55.226 - - [13/Jan/2025:21:39:19 +0000] "GET / HTTP/1.1" 200 1742 "-" "-"
78.153.140.148 - - [13/Jan/2025:21:40:46 +0000] "GET /.env HTTP/1.1" 302 387 "-" "Mozilla/5.0 (Windows NT 10.0; Win64; x64) AppleWebKit/537.36 (KHTML, like Gecko) Chrome/116.0.5845.140 Safari/537.36"
78.153.140.148 - - [13/Jan/2025:21:40:46 +0000] "POST / HTTP/1.1" 200 1003 "-" "Mozilla/5.0 (Windows NT 10.0; Win64; x64) AppleWebKit/537.36 (KHTML, like Gecko) Chrome/116.0.5845.140 Safari/537.36"
193.34.212.75 - - [13/Jan/2025:21:44:54 +0000] "GET / HTTP/1.1" 200 1742 "-" "-"
18.163.14.203 - - [13/Jan/2025:21:50:37 +0000] "\x16\x03\x01" 400 526 "-" "-"
18.163.14.203 - - [13/Jan/2025:21:51:16 +0000] "HEAD /actuator/env HTTP/1.1" 302 331 "-" "Mozilla/5.0 (Macintosh; Intel Mac OS X 10_15_7) AppleWebKit/605.1.15 (KHTML, like Gecko) Version/17.5 Safari/605.8.17"
198.235.24.35 - - [13/Jan/2025:22:04:13 +0000] "GET / HTTP/1.1" 200 947 "-" "Expanse, a Palo Alto Networks company, searches across the global IPv4 space multiple times per day to identify customers&#39; presences on the Internet. If you would like to be excluded from our scans, please send IP addresses/domains to: scaninfo@paloaltonetworks.com"
130.211.102.244 - - [13/Jan/2025:22:08:47 +0000] "GET / HTTP/1.1" 200 1003 "-" "python-requests/2.32.3"
14.55.1.100 - - [13/Jan/2025:22:09:40 +0000] "GET / HTTP/1.0" 200 1761 "-" "curl/7.88.1"
5.181.190.248 - - [13/Jan/2025:22:17:32 +0000] "GET / HTTP/1.1" 200 1742 "-" "-"
185.16.39.104 - - [13/Jan/2025:22:23:35 +0000] "GET / HTTP/1.1" 200 1003 "-" "-"
57.128.229.1 - - [13/Jan/2025:22:30:50 +0000] "GET / HTTP/1.1" 200 1003 "-" "Mozilla/5.0 (Windows NT 10.0; Win64; x64) AppleWebKit/537.36 (KHTML, like Gecko) Chrome/58.0.3029.110 Safari/537.36"
57.128.229.1 - - [13/Jan/2025:22:30:51 +0000] "GET /js/brand.js HTTP/1.1" 200 570 "-" "Mozilla/5.0 (Windows NT 10.0; Win64; x64) AppleWebKit/537.36 (KHTML, like Gecko) Chrome/58.0.3029.110 Safari/537.36"
57.128.229.1 - - [13/Jan/2025:22:30:51 +0000] "GET /js/login.js HTTP/1.1" 200 922 "-" "Mozilla/5.0 (Windows NT 10.0; Win64; x64) AppleWebKit/537.36 (KHTML, like Gecko) Chrome/58.0.3029.110 Safari/537.36"
195.3.223.55 - - [13/Jan/2025:22:31:35 +0000] "GET / HTTP/1.1" 200 1003 "-" "-"
78.153.140.93 - - [13/Jan/2025:22:38:36 +0000] "GET /.env HTTP/1.1" 302 387 "-" "Mozilla/5.0 (Windows NT 10.0; Win64; x64) AppleWebKit/537.36 (KHTML, like Gecko) Chrome/116.0.5845.140 Safari/537.36"
78.153.140.93 - - [13/Jan/2025:22:38:36 +0000] "POST / HTTP/1.1" 200 1003 "-" "Mozilla/5.0 (Windows NT 10.0; Win64; x64) AppleWebKit/537.36 (KHTML, like Gecko) Chrome/116.0.5845.140 Safari/537.36"
154.213.184.23 - - [13/Jan/2025:22:43:14 +0000] "CONNECT web.realsysadm.in:443 HTTP/1.1" 302 331 "-" "Go-http-client/1.1"
85.90.246.159 - - [13/Jan/2025:23:26:46 +0000] "\x16\x03\x01" 400 526 "-" "-"
78.153.140.93 - - [13/Jan/2025:23:33:11 +0000] "GET /.env HTTP/1.1" 302 387 "-" "Mozilla/5.0 (Windows NT 10.0; Win64; x64) AppleWebKit/537.36 (KHTML, like Gecko) Chrome/116.0.5845.140 Safari/537.36"
78.153.140.93 - - [13/Jan/2025:23:33:11 +0000] "POST / HTTP/1.1" 200 1003 "-" "Mozilla/5.0 (Windows NT 10.0; Win64; x64) AppleWebKit/537.36 (KHTML, like Gecko) Chrome/116.0.5845.140 Safari/537.36"
83.222.191.146 - - [13/Jan/2025:23:40:20 +0000] "GET / HTTP/1.1" 200 1742 "-" "Hello World"
43.153.123.3 - - [13/Jan/2025:23:43:19 +0000] "GET / HTTP/1.1" 200 966 "-" "Mozilla/5.0 (iPhone; CPU iPhone OS 13_2_3 like Mac OS X) AppleWebKit/605.1.15 (KHTML, like Gecko) Version/13.0.3 Mobile/15E148 Safari/604.1"
172.105.128.13 - - [13/Jan/2025:23:45:24 +0000] "\x16\x03\x01" 400 526 "-" "-"
172.105.128.12 - - [13/Jan/2025:23:46:25 +0000] "\x16\x03\x01" 400 526 "-" "-"
78.153.140.148 - - [13/Jan/2025:23:47:21 +0000] "GET /.env HTTP/1.1" 302 387 "-" "Mozilla/5.0 (Windows NT 10.0; Win64; x64) AppleWebKit/537.36 (KHTML, like Gecko) Chrome/116.0.5845.140 Safari/537.36"
78.153.140.148 - - [13/Jan/2025:23:47:22 +0000] "POST / HTTP/1.1" 200 1003 "-" "Mozilla/5.0 (Windows NT 10.0; Win64; x64) AppleWebKit/537.36 (KHTML, like Gecko) Chrome/116.0.5845.140 Safari/537.36"
134.122.69.39 - - [13/Jan/2025:23:57:19 +0000] "GET / HTTP/1.1" 400 526 "-" "Mozilla/5.0 (Windows NT 10.0; Win64; x64) AppleWebKit/537.36 (KHTML, like Gecko) Chrome/125.0.0.0 Safari/537.36"
42.82.191.119 - - [13/Jan/2025:23:59:53 +0000] "GET / HTTP/1.0" 200 1761 "-" "curl/7.88.1"
36.49.87.130 - - [12/Jan/2025:00:06:20 +0000] "GET / HTTP/1.0" 200 1761 "-" "-"
36.49.87.130 - - [12/Jan/2025:00:06:22 +0000] "HEAD / HTTP/1.1" 200 315 "-" "Mozilla/5.0(WindowsNT10.0;Win64;x64)AppleWebKit/537.36(KHTML,likeGecko)Chrome/86.0.4240.111Safari/537.36"
36.49.87.130 - - [12/Jan/2025:00:06:32 +0000] "\x16\x03\x01\x02" 400 526 "-" "-"
36.49.87.130 - - [12/Jan/2025:00:06:32 +0000] "\x16\x03\x01\x02" 400 526 "-" "-"
95.214.55.226 - - [12/Jan/2025:00:07:55 +0000] "GET / HTTP/1.1" 200 1742 "-" "-"
205.210.31.73 - - [12/Jan/2025:00:24:47 +0000] "\x16\x03\x01" 400 526 "-" "-"
205.210.31.73 - - [12/Jan/2025:00:24:47 +0000] "\x16\x03\x01" 400 526 "-" "-"
92.255.57.58 - - [12/Jan/2025:00:38:30 +0000] "\x16\x03\x01\x05\xa8\x01" 400 526 "-" "-"
139.180.48.101 - - [12/Jan/2025:00:52:35 +0000] "GET / HTTP/1.0" 200 1761 "-" "curl/7.88.1"
78.153.140.93 - - [12/Jan/2025:00:56:10 +0000] "GET /.env HTTP/1.1" 302 387 "-" "Mozilla/5.0 (Windows NT 10.0; Win64; x64) AppleWebKit/537.36 (KHTML, like Gecko) Chrome/116.0.5845.140 Safari/537.36"
78.153.140.93 - - [12/Jan/2025:00:56:10 +0000] "POST / HTTP/1.1" 200 1003 "-" "Mozilla/5.0 (Windows NT 10.0; Win64; x64) AppleWebKit/537.36 (KHTML, like Gecko) Chrome/116.0.5845.140 Safari/537.36"
78.153.140.148 - - [12/Jan/2025:00:56:18 +0000] "GET /.env HTTP/1.1" 302 387 "-" "Mozilla/5.0 (Windows NT 10.0; Win64; x64) AppleWebKit/537.36 (KHTML, like Gecko) Chrome/116.0.5845.140 Safari/537.36"
78.153.140.148 - - [12/Jan/2025:00:56:19 +0000] "POST / HTTP/1.1" 200 1003 "-" "Mozilla/5.0 (Windows NT 10.0; Win64; x64) AppleWebKit/537.36 (KHTML, like Gecko) Chrome/116.0.5845.140 Safari/537.36"
118.44.148.41 - - [12/Jan/2025:01:06:45 +0000] "GET / HTTP/1.0" 200 1761 "-" "curl/7.88.1"
193.34.212.75 - - [12/Jan/2025:01:09:36 +0000] "GET / HTTP/1.1" 200 1742 "-" "-"
46.19.138.234 - - [12/Jan/2025:01:20:42 +0000] "GET / HTTP/1.1" 200 1003 "-" "Mozilla/5.0 (Windows NT 10.0; Win64; x64) AppleWebKit/537.36 (KHTML, like Gecko) Chrome/90.0.4430.85 Safari/537.36 Edg/90.0.818.46"
78.153.140.93 - - [12/Jan/2025:01:31:31 +0000] "GET /.env HTTP/1.1" 302 387 "-" "Mozilla/5.0 (Windows NT 10.0; Win64; x64) AppleWebKit/537.36 (KHTML, like Gecko) Chrome/116.0.5845.140 Safari/537.36"
78.153.140.93 - - [12/Jan/2025:01:31:32 +0000] "POST / HTTP/1.1" 200 1003 "-" "Mozilla/5.0 (Windows NT 10.0; Win64; x64) AppleWebKit/537.36 (KHTML, like Gecko) Chrome/116.0.5845.140 Safari/537.36"
142.93.152.2 - - [12/Jan/2025:02:09:28 +0000] "GET / HTTP/1.1" 200 947 "-" "Mozilla/5.0 (compatible)"
142.93.152.2 - - [12/Jan/2025:02:09:29 +0000] "GET /favicon.ico HTTP/1.1" 302 331 "http://35.220.248.27/" "Mozilla/5.0 (compatible)"
78.153.140.148 - - [12/Jan/2025:02:25:50 +0000] "GET /.env HTTP/1.1" 302 387 "-" "Mozilla/5.0 (Windows NT 10.0; Win64; x64) AppleWebKit/537.36 (KHTML, like Gecko) Chrome/116.0.5845.140 Safari/537.36"
78.153.140.148 - - [12/Jan/2025:02:25:51 +0000] "POST / HTTP/1.1" 200 1003 "-" "Mozilla/5.0 (Windows NT 10.0; Win64; x64) AppleWebKit/537.36 (KHTML, like Gecko) Chrome/116.0.5845.140 Safari/537.36"
195.3.223.55 - - [12/Jan/2025:02:35:53 +0000] "GET / HTTP/1.1" 200 1003 "-" "Mozilla/5.0 (Windows NT 10.0; Win64; x64) AppleWebKit/537.36 (KHTML, like Gecko) Chrome/90.0.4430.85 Safari/537.36 Edg/90.0.818.46"
78.153.140.93 - - [12/Jan/2025:02:37:34 +0000] "GET /.env HTTP/1.1" 302 387 "-" "Mozilla/5.0 (Windows NT 10.0; Win64; x64) AppleWebKit/537.36 (KHTML, like Gecko) Chrome/116.0.5845.140 Safari/537.36"
78.153.140.93 - - [12/Jan/2025:02:37:35 +0000] "POST / HTTP/1.1" 200 1003 "-" "Mozilla/5.0 (Windows NT 10.0; Win64; x64) AppleWebKit/537.36 (KHTML, like Gecko) Chrome/116.0.5845.140 Safari/537.36"
172.169.4.209 - - [12/Jan/2025:02:38:19 +0000] "GET / HTTP/1.1" 200 947 "-" "Mozilla/5.0 zgrab/0.x"
159.223.69.51 - - [12/Jan/2025:02:57:26 +0000] "GET /cdn-cgi/trace HTTP/1.1" 302 350 "-" "Mozilla/5.0"
159.223.69.51 - - [12/Jan/2025:02:57:34 +0000] "\x16\x03\x01\x01\v\x01" 400 526 "-" "-"
78.153.140.93 - - [12/Jan/2025:03:16:30 +0000] "GET /.env HTTP/1.1" 302 387 "-" "Mozilla/5.0 (Windows NT 10.0; Win64; x64) AppleWebKit/537.36 (KHTML, like Gecko) Chrome/116.0.5845.140 Safari/537.36"
78.153.140.93 - - [12/Jan/2025:03:16:31 +0000] "POST / HTTP/1.1" 200 1003 "-" "Mozilla/5.0 (Windows NT 10.0; Win64; x64) AppleWebKit/537.36 (KHTML, like Gecko) Chrome/116.0.5845.140 Safari/537.36"
45.79.181.179 - - [12/Jan/2025:03:47:28 +0000] "\x16\x03\x01" 400 526 "-" "-"
185.16.39.104 - - [12/Jan/2025:04:14:23 +0000] "GET / HTTP/1.1" 200 1003 "-" "-"
78.153.140.93 - - [12/Jan/2025:04:15:38 +0000] "GET /.env HTTP/1.1" 302 387 "-" "Mozilla/5.0 (Windows NT 10.0; Win64; x64) AppleWebKit/537.36 (KHTML, like Gecko) Chrome/116.0.5845.140 Safari/537.36"
78.153.140.93 - - [12/Jan/2025:04:15:38 +0000] "POST / HTTP/1.1" 200 1003 "-" "Mozilla/5.0 (Windows NT 10.0; Win64; x64) AppleWebKit/537.36 (KHTML, like Gecko) Chrome/116.0.5845.140 Safari/537.36"
78.153.140.148 - - [12/Jan/2025:04:53:14 +0000] "GET /.env HTTP/1.1" 302 387 "-" "Mozilla/5.0 (Windows NT 10.0; Win64; x64) AppleWebKit/537.36 (KHTML, like Gecko) Chrome/116.0.5845.140 Safari/537.36"
78.153.140.148 - - [12/Jan/2025:04:53:15 +0000] "POST / HTTP/1.1" 200 1003 "-" "Mozilla/5.0 (Windows NT 10.0; Win64; x64) AppleWebKit/537.36 (KHTML, like Gecko) Chrome/116.0.5845.140 Safari/537.36"
78.153.140.93 - - [12/Jan/2025:05:27:37 +0000] "GET /.env HTTP/1.1" 302 387 "-" "Mozilla/5.0 (Windows NT 10.0; Win64; x64) AppleWebKit/537.36 (KHTML, like Gecko) Chrome/116.0.5845.140 Safari/537.36"
78.153.140.93 - - [12/Jan/2025:05:27:37 +0000] "POST / HTTP/1.1" 200 1003 "-" "Mozilla/5.0 (Windows NT 10.0; Win64; x64) AppleWebKit/537.36 (KHTML, like Gecko) Chrome/116.0.5845.140 Safari/537.36"
91.223.3.201 - - [12/Jan/2025:05:29:11 +0000] "GET / HTTP/1.1" 200 1003 "-" "Mozilla/5.0 (Windows NT 10.0; Win64; x64) AppleWebKit/537.36 (KHTML, like Gecko) Chrome/90.0.4430.85 Safari/537.36 Edg/90.0.818.46"
93.174.93.12 - - [12/Jan/2025:05:37:52 +0000] "\x16\x03\x02\x01o\x01" 400 526 "-" "-"
45.79.181.94 - - [12/Jan/2025:05:46:12 +0000] "\x16\x03\x01" 400 526 "-" "-"
193.41.206.24 - - [12/Jan/2025:05:48:40 +0000] "GET / HTTP/1.1" 200 1003 "-" "-"
193.41.206.24 - - [12/Jan/2025:05:48:40 +0000] "GET /.env HTTP/1.1" 302 386 "-" "-"
193.41.206.24 - - [12/Jan/2025:05:48:40 +0000] "GET /phpinfo HTTP/1.1" 302 386 "-" "-"
193.41.206.24 - - [12/Jan/2025:05:48:40 +0000] "GET /phpinfo.php HTTP/1.1" 302 386 "-" "-"
193.41.206.24 - - [12/Jan/2025:05:48:40 +0000] "GET /portal/.env HTTP/1.1" 302 386 "-" "-"
193.41.206.24 - - [12/Jan/2025:05:48:41 +0000] "GET /env/.env HTTP/1.1" 302 386 "-" "-"
193.41.206.24 - - [12/Jan/2025:05:48:41 +0000] "GET /api/.env HTTP/1.1" 302 386 "-" "-"
193.41.206.24 - - [12/Jan/2025:05:48:41 +0000] "GET /app/.env HTTP/1.1" 302 386 "-" "-"
193.41.206.24 - - [12/Jan/2025:05:48:41 +0000] "GET /dev/.env HTTP/1.1" 302 386 "-" "-"
193.41.206.24 - - [12/Jan/2025:05:48:41 +0000] "GET /new/.env HTTP/1.1" 302 386 "-" "-"
193.41.206.24 - - [12/Jan/2025:05:48:42 +0000] "GET /new/.env.local HTTP/1.1" 302 386 "-" "-"
193.41.206.24 - - [12/Jan/2025:05:48:42 +0000] "GET /new/.env.production HTTP/1.1" 302 386 "-" "-"
193.41.206.24 - - [12/Jan/2025:05:48:42 +0000] "GET /new/.env.staging HTTP/1.1" 302 386 "-" "-"
193.41.206.24 - - [12/Jan/2025:05:48:42 +0000] "GET /_phpinfo.php HTTP/1.1" 302 386 "-" "-"
193.41.206.24 - - [12/Jan/2025:05:48:42 +0000] "GET /_profiler/phpinfo HTTP/1.1" 302 386 "-" "-"
193.41.206.24 - - [12/Jan/2025:05:48:43 +0000] "GET /_profiler/phpinfo/info.php HTTP/1.1" 302 386 "-" "-"
193.41.206.24 - - [12/Jan/2025:05:48:43 +0000] "GET /_profiler/phpinfo/phpinfo.php HTTP/1.1" 302 386 "-" "-"
193.41.206.24 - - [12/Jan/2025:05:48:43 +0000] "GET /wp-config HTTP/1.1" 302 386 "-" "-"
193.41.206.24 - - [12/Jan/2025:05:48:43 +0000] "GET /aws-secret.yaml HTTP/1.1" 302 386 "-" "-"
193.41.206.24 - - [12/Jan/2025:05:48:43 +0000] "GET /awstats/.env HTTP/1.1" 302 386 "-" "-"
193.41.206.24 - - [12/Jan/2025:05:48:44 +0000] "GET /conf/.env HTTP/1.1" 302 386 "-" "-"
193.41.206.24 - - [12/Jan/2025:05:48:44 +0000] "GET /cron/.env HTTP/1.1" 302 386 "-" "-"
193.41.206.24 - - [12/Jan/2025:05:48:44 +0000] "GET /www/.env HTTP/1.1" 302 386 "-" "-"
193.41.206.24 - - [12/Jan/2025:05:48:45 +0000] "GET /docker/.env HTTP/1.1" 302 386 "-" "-"
193.41.206.24 - - [12/Jan/2025:05:48:45 +0000] "GET /docker/app/.env HTTP/1.1" 302 386 "-" "-"
193.41.206.24 - - [12/Jan/2025:05:48:45 +0000] "GET /env.backup HTTP/1.1" 302 386 "-" "-"
193.41.206.24 - - [12/Jan/2025:05:48:45 +0000] "GET /xampp/phpinfo.php HTTP/1.1" 302 386 "-" "-"
193.41.206.24 - - [12/Jan/2025:05:48:45 +0000] "GET /lara/info.php HTTP/1.1" 302 386 "-" "-"
193.41.206.24 - - [12/Jan/2025:05:48:46 +0000] "GET /lara/phpinfo.php HTTP/1.1" 302 386 "-" "-"
193.41.206.24 - - [12/Jan/2025:05:48:46 +0000] "GET /laravel/info.php HTTP/1.1" 302 386 "-" "-"
193.41.206.24 - - [12/Jan/2025:05:48:46 +0000] "GET /.vscode/.env HTTP/1.1" 302 386 "-" "-"
193.41.206.24 - - [12/Jan/2025:05:48:46 +0000] "GET /js/.env HTTP/1.1" 302 386 "-" "-"
193.41.206.24 - - [12/Jan/2025:05:48:46 +0000] "GET /laravel/.env HTTP/1.1" 302 386 "-" "-"
193.41.206.24 - - [12/Jan/2025:05:48:47 +0000] "GET /laravel/core/.env HTTP/1.1" 302 386 "-" "-"
193.41.206.24 - - [12/Jan/2025:05:48:47 +0000] "GET /mail/.env HTTP/1.1" 302 386 "-" "-"
193.41.206.24 - - [12/Jan/2025:05:48:47 +0000] "GET /mailer/.env HTTP/1.1" 302 386 "-" "-"
193.41.206.24 - - [12/Jan/2025:05:48:47 +0000] "GET /nginx/.env HTTP/1.1" 302 386 "-" "-"
193.41.206.24 - - [12/Jan/2025:05:48:47 +0000] "GET /public/.env HTTP/1.1" 302 386 "-" "-"
193.41.206.24 - - [12/Jan/2025:05:48:48 +0000] "GET /site/.env HTTP/1.1" 302 386 "-" "-"
193.41.206.24 - - [12/Jan/2025:05:48:48 +0000] "GET /xampp/.env HTTP/1.1" 302 386 "-" "-"
193.41.206.24 - - [12/Jan/2025:05:48:48 +0000] "GET /main/.env HTTP/1.1" 302 386 "-" "-"
193.41.206.24 - - [12/Jan/2025:05:48:48 +0000] "GET /node_modules/.env HTTP/1.1" 302 386 "-" "-"
193.41.206.24 - - [12/Jan/2025:05:48:48 +0000] "GET /kyc/.env HTTP/1.1" 302 386 "-" "-"
193.41.206.24 - - [12/Jan/2025:05:48:49 +0000] "GET /admin/.env HTTP/1.1" 302 386 "-" "-"
193.41.206.24 - - [12/Jan/2025:05:48:49 +0000] "GET /prod/.env HTTP/1.1" 302 386 "-" "-"
193.41.206.24 - - [12/Jan/2025:05:48:49 +0000] "GET /.env.bak HTTP/1.1" 302 386 "-" "-"
193.41.206.24 - - [12/Jan/2025:05:48:49 +0000] "GET /api/shared/config/config.env HTTP/1.1" 302 386 "-" "-"
193.41.206.24 - - [12/Jan/2025:05:48:50 +0000] "GET /api/shared/config.env HTTP/1.1" 302 386 "-" "-"
193.41.206.24 - - [12/Jan/2025:05:48:50 +0000] "GET /config.env HTTP/1.1" 302 386 "-" "-"
193.41.206.24 - - [12/Jan/2025:05:48:50 +0000] "GET /website/.env HTTP/1.1" 302 386 "-" "-"
193.41.206.24 - - [12/Jan/2025:05:48:50 +0000] "GET /development/.env HTTP/1.1" 302 386 "-" "-"
193.41.206.24 - - [12/Jan/2025:05:48:50 +0000] "GET /backend/.env HTTP/1.1" 302 386 "-" "-"
193.41.206.24 - - [12/Jan/2025:05:48:51 +0000] "GET /api/shared/config/.env HTTP/1.1" 302 386 "-" "-"
193.41.206.24 - - [12/Jan/2025:05:48:51 +0000] "GET /api/shared/.env HTTP/1.1" 302 386 "-" "-"
193.41.206.24 - - [12/Jan/2025:05:48:51 +0000] "GET /api/config.env HTTP/1.1" 302 386 "-" "-"
193.41.206.24 - - [12/Jan/2025:05:48:51 +0000] "GET /service/email_service.py HTTP/1.1" 302 386 "-" "-"
193.41.206.24 - - [12/Jan/2025:05:48:51 +0000] "GET /node/.env_example HTTP/1.1" 302 386 "-" "-"
193.41.206.24 - - [12/Jan/2025:05:48:52 +0000] "GET /.env.production.local HTTP/1.1" 302 386 "-" "-"
193.41.206.24 - - [12/Jan/2025:05:48:52 +0000] "GET /.env.local HTTP/1.1" 302 386 "-" "-"
193.41.206.24 - - [12/Jan/2025:05:48:52 +0000] "GET /.env.example HTTP/1.1" 302 386 "-" "-"
193.41.206.24 - - [12/Jan/2025:05:48:52 +0000] "GET /.env.stage HTTP/1.1" 302 386 "-" "-"
193.41.206.24 - - [12/Jan/2025:05:48:52 +0000] "GET /server/config/database.js HTTP/1.1" 302 386 "-" "-"
193.41.206.24 - - [12/Jan/2025:05:48:52 +0000] "GET /.env.old HTTP/1.1" 302 386 "-" "-"
193.41.206.24 - - [12/Jan/2025:05:48:53 +0000] "GET /.env_sample HTTP/1.1" 302 386 "-" "-"
193.41.206.24 - - [12/Jan/2025:05:48:53 +0000] "GET /scripts/nodemailer.js HTTP/1.1" 302 386 "-" "-"
193.41.206.24 - - [12/Jan/2025:05:48:53 +0000] "GET /.env.prod HTTP/1.1" 302 386 "-" "-"
193.41.206.24 - - [12/Jan/2025:05:48:53 +0000] "GET /crm/.env HTTP/1.1" 302 386 "-" "-"
193.41.206.24 - - [12/Jan/2025:05:48:53 +0000] "GET /local/.env HTTP/1.1" 302 386 "-" "-"
193.41.206.24 - - [12/Jan/2025:05:48:54 +0000] "GET /core/.env HTTP/1.1" 302 386 "-" "-"
193.41.206.24 - - [12/Jan/2025:05:48:54 +0000] "GET /apps/.env HTTP/1.1" 302 386 "-" "-"
193.41.206.24 - - [12/Jan/2025:05:48:54 +0000] "GET /application/.env HTTP/1.1" 302 386 "-" "-"
193.41.206.24 - - [12/Jan/2025:05:48:54 +0000] "GET /web/.env HTTP/1.1" 302 386 "-" "-"
193.41.206.24 - - [12/Jan/2025:05:48:54 +0000] "GET /.aws/credentials HTTP/1.1" 302 386 "-" "-"
193.41.206.24 - - [12/Jan/2025:05:48:55 +0000] "GET /wp-config.php.bak HTTP/1.1" 302 386 "-" "-"
193.41.206.24 - - [12/Jan/2025:05:48:55 +0000] "GET /info.php HTTP/1.1" 302 386 "-" "-"
193.41.206.24 - - [12/Jan/2025:05:48:55 +0000] "GET /dashboard/phpinfo.php HTTP/1.1" 302 386 "-" "-"
193.41.206.24 - - [12/Jan/2025:05:48:55 +0000] "GET /static/js/main.141b0494.js HTTP/1.1" 302 386 "-" "-"
193.41.206.24 - - [12/Jan/2025:05:48:55 +0000] "GET /static/js/2.ca066a4b.chunk.js HTTP/1.1" 302 386 "-" "-"
193.41.206.24 - - [12/Jan/2025:05:48:56 +0000] "GET /static/js/main.e85f7a37.js HTTP/1.1" 302 386 "-" "-"
193.41.206.24 - - [12/Jan/2025:05:48:56 +0000] "GET /admin/server_info.php HTTP/1.1" 302 386 "-" "-"
193.41.206.24 - - [12/Jan/2025:05:48:56 +0000] "GET /server_info.php HTTP/1.1" 302 386 "-" "-"
193.41.206.24 - - [12/Jan/2025:05:48:56 +0000] "GET /app_dev.php/_profiler/phpinfo HTTP/1.1" 302 386 "-" "-"
193.41.206.24 - - [12/Jan/2025:05:48:56 +0000] "GET /test.php HTTP/1.1" 302 386 "-" "-"
193.41.206.24 - - [12/Jan/2025:05:48:57 +0000] "GET /server-info HTTP/1.1" 302 386 "-" "-"
193.41.206.24 - - [12/Jan/2025:05:48:57 +0000] "GET /server-info.php HTTP/1.1" 302 386 "-" "-"
193.41.206.24 - - [12/Jan/2025:05:48:57 +0000] "GET /secured/phpinfo.php HTTP/1.1" 302 386 "-" "-"
193.41.206.24 - - [12/Jan/2025:05:48:57 +0000] "GET /config.js HTTP/1.1" 302 386 "-" "-"
193.41.206.24 - - [12/Jan/2025:05:48:57 +0000] "GET /server.js HTTP/1.1" 302 386 "-" "-"
193.41.206.24 - - [12/Jan/2025:05:48:58 +0000] "GET /appsettings.json HTTP/1.1" 302 386 "-" "-"
193.41.206.24 - - [12/Jan/2025:05:48:58 +0000] "GET /shared/config/config.js HTTP/1.1" 302 386 "-" "-"
193.41.206.24 - - [12/Jan/2025:05:48:58 +0000] "GET /config/aws.yml HTTP/1.1" 302 386 "-" "-"
193.41.206.24 - - [12/Jan/2025:05:48:58 +0000] "GET /settings.py HTTP/1.1" 302 385 "-" "-"
193.41.206.24 - - [12/Jan/2025:05:48:58 +0000] "GET /config.json HTTP/1.1" 302 385 "-" "-"
193.41.206.24 - - [12/Jan/2025:05:48:59 +0000] "GET /main.js HTTP/1.1" 302 385 "-" "-"
193.41.206.24 - - [12/Jan/2025:05:48:59 +0000] "GET /config/constants.js HTTP/1.1" 302 385 "-" "-"
193.41.206.24 - - [12/Jan/2025:05:48:59 +0000] "GET /application.properties HTTP/1.1" 302 385 "-" "-"
193.41.206.24 - - [12/Jan/2025:05:48:59 +0000] "GET /public/js/main.js HTTP/1.1" 302 385 "-" "-"
193.41.206.24 - - [12/Jan/2025:05:49:00 +0000] "GET /js/main.js HTTP/1.1" 302 385 "-" "-"
193.41.206.24 - - [12/Jan/2025:05:49:00 +0000] "GET /?phpinfo=1 HTTP/1.1" 200 1001 "-" "-"
193.41.206.24 - - [12/Jan/2025:05:49:00 +0000] "GET /storage/logs/laravel.log HTTP/1.1" 302 385 "-" "-"
193.41.206.24 - - [12/Jan/2025:05:49:00 +0000] "GET /karma.conf.json HTTP/1.1" 302 350 "-" "-"
167.94.138.119 - - [12/Jan/2025:05:52:27 +0000] "GET / HTTP/1.1" 200 1742 "-" "-"
167.94.138.119 - - [12/Jan/2025:05:52:33 +0000] "GET / HTTP/1.1" 200 947 "-" "Mozilla/5.0 (compatible; CensysInspect/1.1; +https://about.censys.io/)"
167.94.138.119 - - [12/Jan/2025:05:52:34 +0000] "GET /favicon.ico HTTP/1.1" 302 350 "-" "Mozilla/5.0 (compatible; CensysInspect/1.1; +https://about.censys.io/)"
167.94.138.119 - - [12/Jan/2025:05:52:36 +0000] "GET / HTTP/1.1" 200 966 "http://35.220.248.27/favicon.ico" "Mozilla/5.0 (compatible; CensysInspect/1.1; +https://about.censys.io/)"
167.94.138.119 - - [12/Jan/2025:05:52:38 +0000] "PRI * HTTP/2.0" 400 526 "-" "-"
217.142.184.125 - - [12/Jan/2025:06:03:35 +0000] "GET / HTTP/1.1" 200 966 "-" "Python/3.10 aiohttp/3.11.11"
193.200.78.250 - - [12/Jan/2025:06:13:26 +0000] "GET / HTTP/1.1" 200 1003 "-" "Mozilla/5.0 (Windows NT 10.0; Win64; x64) AppleWebKit/537.36 (KHTML, like Gecko) Chrome/90.0.4430.85 Safari/537.36 Edg/90.0.818.46"
185.224.3.5 - - [12/Jan/2025:06:33:29 +0000] "CONNECT api.ip.pn:443 HTTP/1.1" 302 350 "-" "Mozilla/5.0"
80.82.77.202 - - [12/Jan/2025:06:41:58 +0000] "\x16\x03\x02\x01o\x01" 400 526 "-" "-"
78.153.140.148 - - [12/Jan/2025:06:42:47 +0000] "GET /.env HTTP/1.1" 302 387 "-" "Mozilla/5.0 (Windows NT 10.0; Win64; x64) AppleWebKit/537.36 (KHTML, like Gecko) Chrome/116.0.5845.140 Safari/537.36"
78.153.140.148 - - [12/Jan/2025:06:42:48 +0000] "POST / HTTP/1.1" 200 1003 "-" "Mozilla/5.0 (Windows NT 10.0; Win64; x64) AppleWebKit/537.36 (KHTML, like Gecko) Chrome/116.0.5845.140 Safari/537.36"
148.153.45.238 - - [12/Jan/2025:06:58:49 +0000] "GET /1Umi HTTP/1.1" 302 350 "-" "Mozilla/5.0 (Macintosh; Intel Mac OS X 10.9; rv:32.0) Gecko/20100101 Firefox/32.0"
148.153.45.238 - - [12/Jan/2025:06:58:50 +0000] "GET / HTTP/1.1" 200 966 "http://35.220.248.27:80/1Umi" "Mozilla/5.0 (Macintosh; Intel Mac OS X 10.9; rv:32.0) Gecko/20100101 Firefox/32.0"
148.153.45.238 - - [12/Jan/2025:06:58:51 +0000] "GET /p5Se HTTP/1.1" 302 350 "-" "Mozilla/5.0 (Macintosh; Intel Mac OS X 10.9; rv:32.0) Gecko/20100101 Firefox/32.0"
148.153.45.238 - - [12/Jan/2025:06:58:51 +0000] "GET / HTTP/1.1" 200 966 "http://35.220.248.27:80/p5Se" "Mozilla/5.0 (Macintosh; Intel Mac OS X 10.9; rv:32.0) Gecko/20100101 Firefox/32.0"
148.153.45.238 - - [12/Jan/2025:06:58:53 +0000] "GET /aab8 HTTP/1.1" 302 350 "-" "Mozilla/5.0 (Macintosh; Intel Mac OS X 10.9; rv:32.0) Gecko/20100101 Firefox/32.0"
148.153.45.238 - - [12/Jan/2025:06:58:53 +0000] "GET / HTTP/1.1" 200 966 "http://35.220.248.27:80/aab8" "Mozilla/5.0 (Macintosh; Intel Mac OS X 10.9; rv:32.0) Gecko/20100101 Firefox/32.0"
148.153.45.238 - - [12/Jan/2025:06:58:54 +0000] "GET /aab9 HTTP/1.1" 302 350 "-" "Mozilla/5.0 (Macintosh; Intel Mac OS X 10.9; rv:32.0) Gecko/20100101 Firefox/32.0"
148.153.45.238 - - [12/Jan/2025:06:58:55 +0000] "GET / HTTP/1.1" 200 966 "http://35.220.248.27:80/aab9" "Mozilla/5.0 (Macintosh; Intel Mac OS X 10.9; rv:32.0) Gecko/20100101 Firefox/32.0"
185.10.68.236 - - [12/Jan/2025:07:19:58 +0000] "GET / HTTP/1.0" 200 1761 "-" "Mozilla/5.0 (Windows NT 10.0; Win64; x64) AppleWebKit/537.36 (KHTML, like Gecko) Chrome/131.0.0.0 Safari/537.36"
178.215.236.132 - - [12/Jan/2025:07:20:29 +0000] "GET /.git/index HTTP/1.1" 302 350 "-" "Mozilla/5.0 (Linux; Android 8.1.0; LM-Q925S) AppleWebKit/537.36 (KHTML, like Gecko) Chrome/76.0.3809.111 Mobile Safari/537.36"
78.153.140.93 - - [12/Jan/2025:07:23:10 +0000] "GET /.env HTTP/1.1" 302 387 "-" "Mozilla/5.0 (Windows NT 10.0; Win64; x64) AppleWebKit/537.36 (KHTML, like Gecko) Chrome/116.0.5845.140 Safari/537.36"
78.153.140.93 - - [12/Jan/2025:07:23:10 +0000] "POST / HTTP/1.1" 200 1003 "-" "Mozilla/5.0 (Windows NT 10.0; Win64; x64) AppleWebKit/537.36 (KHTML, like Gecko) Chrome/116.0.5845.140 Safari/537.36"
43.157.207.78 - - [12/Jan/2025:07:25:29 +0000] "GET / HTTP/1.1" 200 966 "-" "Mozilla/5.0 (iPhone; CPU iPhone OS 13_2_3 like Mac OS X) AppleWebKit/605.1.15 (KHTML, like Gecko) Version/13.0.3 Mobile/15E148 Safari/604.1"
193.34.212.75 - - [12/Jan/2025:07:30:00 +0000] "GET / HTTP/1.1" 200 1742 "-" "-"
195.3.223.55 - - [12/Jan/2025:07:41:21 +0000] "GET / HTTP/1.1" 200 1003 "-" "Mozilla/5.0 (Windows NT 10.0; Win64; x64) AppleWebKit/537.36 (KHTML, like Gecko) Chrome/90.0.4430.85 Safari/537.36 Edg/90.0.818.46"
78.153.140.148 - - [12/Jan/2025:07:44:14 +0000] "GET /.env HTTP/1.1" 302 387 "-" "Mozilla/5.0 (Windows NT 10.0; Win64; x64) AppleWebKit/537.36 (KHTML, like Gecko) Chrome/116.0.5845.140 Safari/537.36"
78.153.140.148 - - [12/Jan/2025:07:44:15 +0000] "POST / HTTP/1.1" 200 1003 "-" "Mozilla/5.0 (Windows NT 10.0; Win64; x64) AppleWebKit/537.36 (KHTML, like Gecko) Chrome/116.0.5845.140 Safari/537.36"
46.19.138.234 - - [12/Jan/2025:07:48:27 +0000] "GET / HTTP/1.1" 200 1003 "-" "Mozilla/5.0 (Windows NT 10.0; Win64; x64) AppleWebKit/537.36 (KHTML, like Gecko) Chrome/90.0.4430.85 Safari/537.36 Edg/90.0.818.46"
78.153.140.93 - - [12/Jan/2025:07:58:46 +0000] "GET /.env HTTP/1.1" 302 387 "-" "Mozilla/5.0 (Windows NT 10.0; Win64; x64) AppleWebKit/537.36 (KHTML, like Gecko) Chrome/116.0.5845.140 Safari/537.36"
78.153.140.93 - - [12/Jan/2025:07:58:47 +0000] "POST / HTTP/1.1" 200 1003 "-" "Mozilla/5.0 (Windows NT 10.0; Win64; x64) AppleWebKit/537.36 (KHTML, like Gecko) Chrome/116.0.5845.140 Safari/537.36"
217.128.131.213 - - [12/Jan/2025:08:18:09 +0000] "GET / HTTP/1.0" 200 1761 "-" "-"
167.94.145.99 - - [12/Jan/2025:08:57:36 +0000] "GET / HTTP/1.1" 200 1742 "-" "-"
167.94.145.99 - - [12/Jan/2025:08:57:39 +0000] "GET / HTTP/1.1" 200 947 "-" "Mozilla/5.0 (compatible; CensysInspect/1.1; +https://about.censys.io/)"
167.94.145.99 - - [12/Jan/2025:08:57:39 +0000] "GET /favicon.ico HTTP/1.1" 302 350 "-" "Mozilla/5.0 (compatible; CensysInspect/1.1; +https://about.censys.io/)"
167.94.145.99 - - [12/Jan/2025:08:57:40 +0000] "GET / HTTP/1.1" 200 966 "http://35.220.248.27/favicon.ico" "Mozilla/5.0 (compatible; CensysInspect/1.1; +https://about.censys.io/)"
167.94.145.99 - - [12/Jan/2025:08:57:40 +0000] "PRI * HTTP/2.0" 400 526 "-" "-"
95.214.55.226 - - [12/Jan/2025:08:59:35 +0000] "GET / HTTP/1.1" 200 1742 "-" "-"
78.153.140.93 - - [12/Jan/2025:09:02:48 +0000] "GET /.env HTTP/1.1" 302 387 "-" "Mozilla/5.0 (Windows NT 10.0; Win64; x64) AppleWebKit/537.36 (KHTML, like Gecko) Chrome/116.0.5845.140 Safari/537.36"
78.153.140.93 - - [12/Jan/2025:09:02:48 +0000] "POST / HTTP/1.1" 200 1003 "-" "Mozilla/5.0 (Windows NT 10.0; Win64; x64) AppleWebKit/537.36 (KHTML, like Gecko) Chrome/116.0.5845.140 Safari/537.36"
2.57.122.161 - - [12/Jan/2025:09:19:45 +0000] "GET /3/3/3/3/3/3/3/3/3/3/3/3/3/3/3/3 HTTP/1.1" 302 331 "-" "Mozilla/5.0 zgrab/0.x"
185.16.39.104 - - [12/Jan/2025:09:27:27 +0000] "GET / HTTP/1.1" 200 1003 "-" "-"
78.153.140.93 - - [12/Jan/2025:09:36:10 +0000] "GET /.env HTTP/1.1" 302 387 "-" "Mozilla/5.0 (Windows NT 10.0; Win64; x64) AppleWebKit/537.36 (KHTML, like Gecko) Chrome/116.0.5845.140 Safari/537.36"
78.153.140.93 - - [12/Jan/2025:09:36:10 +0000] "POST / HTTP/1.1" 200 1003 "-" "Mozilla/5.0 (Windows NT 10.0; Win64; x64) AppleWebKit/537.36 (KHTML, like Gecko) Chrome/116.0.5845.140 Safari/537.36"
78.153.140.148 - - [12/Jan/2025:09:39:13 +0000] "GET /.env HTTP/1.1" 302 387 "-" "Mozilla/5.0 (Windows NT 10.0; Win64; x64) AppleWebKit/537.36 (KHTML, like Gecko) Chrome/116.0.5845.140 Safari/537.36"
78.153.140.148 - - [12/Jan/2025:09:39:13 +0000] "POST / HTTP/1.1" 200 1003 "-" "Mozilla/5.0 (Windows NT 10.0; Win64; x64) AppleWebKit/537.36 (KHTML, like Gecko) Chrome/116.0.5845.140 Safari/537.36"
220.81.213.60 - - [12/Jan/2025:09:44:03 +0000] "GET / HTTP/1.1" 200 1761 "-" "GCore Labs Cyberthreat Research"
141.94.145.70 - - [12/Jan/2025:09:50:40 +0000] "GET /.git/config HTTP/1.1" 302 350 "-" "msnbot/1.0 ( http://search.msn.com/msnbot.htm)"
70.82.47.32 - - [12/Jan/2025:10:09:22 +0000] "GET / HTTP/1.0" 200 1761 "-" "curl/7.88.1"
193.34.212.75 - - [12/Jan/2025:10:11:40 +0000] "GET / HTTP/1.1" 200 1742 "-" "-"
198.235.24.151 - - [12/Jan/2025:10:26:04 +0000] "\x16\x03\x01" 400 526 "-" "-"
198.235.24.151 - - [12/Jan/2025:10:26:04 +0000] "\x16\x03\x01" 400 526 "-" "-"
128.134.103.171 - - [12/Jan/2025:10:36:43 +0000] "GET / HTTP/1.0" 200 1761 "-" "curl/7.88.1"
78.153.140.93 - - [12/Jan/2025:10:57:44 +0000] "GET /.env HTTP/1.1" 302 387 "-" "Mozilla/5.0 (Windows NT 10.0; Win64; x64) AppleWebKit/537.36 (KHTML, like Gecko) Chrome/116.0.5845.140 Safari/537.36"
78.153.140.93 - - [12/Jan/2025:10:57:45 +0000] "POST / HTTP/1.1" 200 1003 "-" "Mozilla/5.0 (Windows NT 10.0; Win64; x64) AppleWebKit/537.36 (KHTML, like Gecko) Chrome/116.0.5845.140 Safari/537.36"
193.200.78.250 - - [12/Jan/2025:11:05:28 +0000] "GET / HTTP/1.1" 200 1003 "-" "Mozilla/5.0 (Windows NT 10.0; Win64; x64) AppleWebKit/537.36 (KHTML, like Gecko) Chrome/90.0.4430.85 Safari/537.36 Edg/90.0.818.46"
78.153.140.148 - - [12/Jan/2025:11:26:10 +0000] "GET /.env HTTP/1.1" 302 387 "-" "Mozilla/5.0 (Windows NT 10.0; Win64; x64) AppleWebKit/537.36 (KHTML, like Gecko) Chrome/116.0.5845.140 Safari/537.36"
78.153.140.148 - - [12/Jan/2025:11:26:10 +0000] "POST / HTTP/1.1" 200 1003 "-" "Mozilla/5.0 (Windows NT 10.0; Win64; x64) AppleWebKit/537.36 (KHTML, like Gecko) Chrome/116.0.5845.140 Safari/537.36"
198.235.24.24 - - [12/Jan/2025:11:26:34 +0000] "GET / HTTP/1.0" 200 1761 "-" "Expanse, a Palo Alto Networks company, searches across the global IPv4 space multiple times per day to identify customers&#39; presences on the Internet. If you would like to be excluded from our scans, please send IP addresses/domains to: scaninfo@paloaltonetworks.com"
82.55.108.216 - - [12/Jan/2025:11:32:15 +0000] "GET / HTTP/1.0" 200 1761 "-" "curl/7.88.1"
93.174.93.12 - - [12/Jan/2025:11:34:10 +0000] "GET / HTTP/1.0" 200 1761 "-" "Mozilla/5.0 (Windows NT 6.1; WOW64) AppleWebKit/537.36 (KHTML, like Gecko) coc_coc_browser/80.0.180 Chrome/74.0.3729.180 Safari/537.36"
65.49.20.67 - - [12/Jan/2025:11:46:50 +0000] "GET / HTTP/1.1" 200 947 "-" "Mozilla/5.0 (Windows NT 6.1; WOW64; rv:54.0) Gecko/20100101 Firefox/54.0"
65.49.20.67 - - [12/Jan/2025:11:49:13 +0000] "GET /favicon.ico HTTP/1.1" 302 331 "-" "Mozilla/5.0 (X11; Linux x86_64; rv:56.0) Gecko/20100101 Firefox/56.0"
65.49.20.67 - - [12/Jan/2025:11:49:49 +0000] "GET /geoserver/web/ HTTP/1.1" 302 331 "-" "Mozilla/5.0 (Windows NT 6.1; WOW64; rv:54.0) Gecko/20100101 Firefox/54.0"
95.214.55.226 - - [12/Jan/2025:11:52:49 +0000] "GET / HTTP/1.1" 200 1742 "-" "-"
5.181.190.248 - - [12/Jan/2025:11:59:41 +0000] "GET / HTTP/1.1" 200 1742 "-" "-"
78.153.140.93 - - [12/Jan/2025:12:26:49 +0000] "GET /.env HTTP/1.1" 302 387 "-" "Mozilla/5.0 (Windows NT 10.0; Win64; x64) AppleWebKit/537.36 (KHTML, like Gecko) Chrome/116.0.5845.140 Safari/537.36"
78.153.140.93 - - [12/Jan/2025:12:26:50 +0000] "POST / HTTP/1.1" 200 1003 "-" "Mozilla/5.0 (Windows NT 10.0; Win64; x64) AppleWebKit/537.36 (KHTML, like Gecko) Chrome/116.0.5845.140 Safari/537.36"
78.153.140.148 - - [12/Jan/2025:12:32:26 +0000] "GET /.env HTTP/1.1" 302 387 "-" "Mozilla/5.0 (Windows NT 10.0; Win64; x64) AppleWebKit/537.36 (KHTML, like Gecko) Chrome/116.0.5845.140 Safari/537.36"
78.153.140.148 - - [12/Jan/2025:12:32:27 +0000] "POST / HTTP/1.1" 200 1003 "-" "Mozilla/5.0 (Windows NT 10.0; Win64; x64) AppleWebKit/537.36 (KHTML, like Gecko) Chrome/116.0.5845.140 Safari/537.36"
80.82.77.202 - - [12/Jan/2025:12:43:18 +0000] "GET / HTTP/1.0" 200 1761 "-" "Mozilla/5.0 (Windows NT 10.0; WOW64) AppleWebKit/537.36 (KHTML, like Gecko) Chrome/78.0.3880.4 Safari/537.36"
164.52.24.179 - - [12/Jan/2025:12:45:12 +0000] "\x16\x03\x01\x02" 400 526 "-" "-"
164.52.24.179 - - [12/Jan/2025:12:45:21 +0000] "GET / HTTP/1.1" 200 1742 "-" "Mozilla/5.0 (Windows NT 10.0; Win64; x64) AppleWebKit/537.36 (KHTML, like Gecko) Chrome/114.0.0.0 Safari/537.36"
164.52.24.179 - - [12/Jan/2025:12:45:24 +0000] "GET / HTTP/1.1" 200 1742 "-" "-"
164.52.24.179 - - [12/Jan/2025:12:45:27 +0000] "GET /favicon.ico HTTP/1.1" 302 331 "-" "Mozilla/5.0 (Windows NT 10.0; Win64; x64) AppleWebKit/537.36 (KHTML, like Gecko) Chrome/114.0.0.0 Safari/537.36"
164.52.24.179 - - [12/Jan/2025:12:45:30 +0000] "GET / HTTP/1.1" 200 1684 "http://35.220.248.27/favicon.ico" "Mozilla/5.0 (Windows NT 10.0; Win64; x64) AppleWebKit/537.36 (KHTML, like Gecko) Chrome/114.0.0.0 Safari/537.36"
185.242.226.10 - - [12/Jan/2025:12:46:52 +0000] "GET / HTTP/1.1" 200 947 "-" "Mozilla/5.0 (Windows NT 10.0; Win64; x64) AppleWebKit/537.36 (KHTML, like Gecko) Chrome/88.0.4324.190 Safari/537.36"
172.206.141.124 - - [12/Jan/2025:12:54:19 +0000] "GET /portal/redlion HTTP/1.1" 302 331 "-" "Mozilla/5.0 zgrab/0.x"
195.3.223.55 - - [12/Jan/2025:13:06:53 +0000] "GET / HTTP/1.1" 200 1003 "-" "Mozilla/5.0 (Windows NT 10.0; Win64; x64) AppleWebKit/537.36 (KHTML, like Gecko) Chrome/90.0.4430.85 Safari/537.36 Edg/90.0.818.46"
139.59.101.104 - - [12/Jan/2025:13:16:06 +0000] "GET /cdn-cgi/trace HTTP/1.1" 302 350 "-" "Mozilla/5.0"
78.153.140.93 - - [12/Jan/2025:13:25:27 +0000] "GET /.env HTTP/1.1" 302 387 "-" "Mozilla/5.0 (Windows NT 10.0; Win64; x64) AppleWebKit/537.36 (KHTML, like Gecko) Chrome/116.0.5845.140 Safari/537.36"
78.153.140.93 - - [12/Jan/2025:13:25:27 +0000] "POST / HTTP/1.1" 200 1003 "-" "Mozilla/5.0 (Windows NT 10.0; Win64; x64) AppleWebKit/537.36 (KHTML, like Gecko) Chrome/116.0.5845.140 Safari/537.36"
196.127.224.130 - - [12/Jan/2025:13:44:06 +0000] "GET / HTTP/1.0" 200 1761 "-" "curl/7.88.1"
193.200.78.250 - - [12/Jan/2025:13:57:48 +0000] "GET / HTTP/1.1" 200 1003 "-" "Mozilla/5.0 (Windows NT 10.0; Win64; x64) AppleWebKit/537.36 (KHTML, like Gecko) Chrome/90.0.4430.85 Safari/537.36 Edg/90.0.818.46"
193.34.212.75 - - [12/Jan/2025:14:06:46 +0000] "GET / HTTP/1.1" 200 1742 "-" "-"
217.15.164.190 - - [12/Jan/2025:14:11:03 +0000] "GET / HTTP/1.1" 200 1003 "-" "Mozilla/5.0 (Windows NT 10.0; Win64; x64) AppleWebKit/537.36 (KHTML, like Gecko) Chrome/58.0.3029.110 Safari/537.3"
78.153.140.148 - - [12/Jan/2025:14:13:14 +0000] "GET /.env HTTP/1.1" 302 387 "-" "Mozilla/5.0 (Windows NT 10.0; Win64; x64) AppleWebKit/537.36 (KHTML, like Gecko) Chrome/116.0.5845.140 Safari/537.36"
78.153.140.148 - - [12/Jan/2025:14:13:15 +0000] "POST / HTTP/1.1" 200 1003 "-" "Mozilla/5.0 (Windows NT 10.0; Win64; x64) AppleWebKit/537.36 (KHTML, like Gecko) Chrome/116.0.5845.140 Safari/537.36"
78.153.140.93 - - [12/Jan/2025:14:18:48 +0000] "GET /.env HTTP/1.1" 302 387 "-" "Mozilla/5.0 (Windows NT 10.0; Win64; x64) AppleWebKit/537.36 (KHTML, like Gecko) Chrome/116.0.5845.140 Safari/537.36"
78.153.140.93 - - [12/Jan/2025:14:18:48 +0000] "POST / HTTP/1.1" 200 1003 "-" "Mozilla/5.0 (Windows NT 10.0; Win64; x64) AppleWebKit/537.36 (KHTML, like Gecko) Chrome/116.0.5845.140 Safari/537.36"
95.214.55.226 - - [12/Jan/2025:14:24:29 +0000] "GET / HTTP/1.1" 200 1742 "-" "-"
46.19.138.234 - - [12/Jan/2025:14:26:41 +0000] "GET / HTTP/1.1" 200 1003 "-" "Mozilla/5.0 (Windows NT 10.0; Win64; x64) AppleWebKit/537.36 (KHTML, like Gecko) Chrome/90.0.4430.85 Safari/537.36 Edg/90.0.818.46"
98.154.21.142 - - [12/Jan/2025:14:34:01 +0000] "GET / HTTP/1.0" 200 1761 "-" "Mozilla/5.0 (Linux; U; Android 4.0.3; ko-kr; LG-L160L Build/IML74K) AppleWebkit/534.30 (KHTML, like Gecko) Version/4.0 Mobile Safari/534.30"
78.153.140.93 - - [12/Jan/2025:14:44:08 +0000] "GET /.env HTTP/1.1" 302 387 "-" "Mozilla/5.0 (Windows NT 10.0; Win64; x64) AppleWebKit/537.36 (KHTML, like Gecko) Chrome/116.0.5845.140 Safari/537.36"
78.153.140.93 - - [12/Jan/2025:14:44:09 +0000] "POST / HTTP/1.1" 200 1003 "-" "Mozilla/5.0 (Windows NT 10.0; Win64; x64) AppleWebKit/537.36 (KHTML, like Gecko) Chrome/116.0.5845.140 Safari/537.36"
185.16.39.104 - - [12/Jan/2025:14:53:12 +0000] "GET / HTTP/1.1" 200 1003 "-" "-"
78.153.140.148 - - [12/Jan/2025:15:00:46 +0000] "GET /.env HTTP/1.1" 302 387 "-" "Mozilla/5.0 (Windows NT 10.0; Win64; x64) AppleWebKit/537.36 (KHTML, like Gecko) Chrome/116.0.5845.140 Safari/537.36"
78.153.140.148 - - [12/Jan/2025:15:00:47 +0000] "POST / HTTP/1.1" 200 1003 "-" "Mozilla/5.0 (Windows NT 10.0; Win64; x64) AppleWebKit/537.36 (KHTML, like Gecko) Chrome/116.0.5845.140 Safari/537.36"
206.168.34.217 - - [12/Jan/2025:15:03:53 +0000] "GET / HTTP/1.1" 200 1742 "-" "-"
206.168.34.217 - - [12/Jan/2025:15:03:56 +0000] "GET / HTTP/1.1" 200 947 "-" "Mozilla/5.0 (compatible; CensysInspect/1.1; +https://about.censys.io/)"
206.168.34.217 - - [12/Jan/2025:15:03:57 +0000] "GET /favicon.ico HTTP/1.1" 302 350 "-" "Mozilla/5.0 (compatible; CensysInspect/1.1; +https://about.censys.io/)"
206.168.34.217 - - [12/Jan/2025:15:03:57 +0000] "GET / HTTP/1.1" 200 966 "http://35.220.248.27/favicon.ico" "Mozilla/5.0 (compatible; CensysInspect/1.1; +https://about.censys.io/)"
206.168.34.217 - - [12/Jan/2025:15:03:57 +0000] "PRI * HTTP/2.0" 400 526 "-" "-"
45.84.143.10 - - [12/Jan/2025:15:18:49 +0000] "GET / HTTP/1.0" 200 1761 "-" "curl/7.88.1"
49.51.204.74 - - [12/Jan/2025:15:22:22 +0000] "GET / HTTP/1.1" 200 966 "-" "Mozilla/5.0 (iPhone; CPU iPhone OS 13_2_3 like Mac OS X) AppleWebKit/605.1.15 (KHTML, like Gecko) Version/13.0.3 Mobile/15E148 Safari/604.1"
104.152.52.216 - - [12/Jan/2025:15:32:51 +0000] "GET / HTTP/1.0" 200 1761 "-" "masscan/1.3 (https://github.com/robertdavidgraham/masscan)"
