78.153.140.147 - - [18/Jan/2025:00:09:14 +0000] "GET /.env HTTP/1.1" 302 387 "-" "Mozilla/5.0 (Windows NT 10.0; Win64; x64) AppleWebKit/537.36 (KHTML, like Gecko) Chrome/116.0.5845.140 Safari/537.36"
78.153.140.147 - - [18/Jan/2025:00:09:14 +0000] "POST / HTTP/1.1" 200 1003 "-" "Mozilla/5.0 (Windows NT 10.0; Win64; x64) AppleWebKit/537.36 (KHTML, like Gecko) Chrome/116.0.5845.140 Safari/537.36"
95.214.55.226 - - [18/Jan/2025:00:15:35 +0000] "GET / HTTP/1.1" 200 1742 "-" "-"
147.135.85.139 - - [18/Jan/2025:00:19:08 +0000] "GET / HTTP/1.1" 200 1761 "-" "Mozilla/5.0 (X11; Ubuntu; Linux x86_64; rv:130.0) Gecko/20100101 Firefox/130.0"
135.148.63.208 - - [18/Jan/2025:00:26:04 +0000] "GET /favicon.ico HTTP/1.1" 302 350 "-" "Mozilla/5.0 (X11; Ubuntu; Linux x86_64; rv:130.0) Gecko/20100101 Firefox/130.0"
18.220.63.232 - - [18/Jan/2025:00:30:24 +0000] "\x16\x03\x01" 400 534 "-" "-"
24.153.152.234 - - [18/Jan/2025:00:31:22 +0000] "GET / HTTP/1.0" 200 1761 "-" "curl/7.88.1"
18.220.63.232 - - [18/Jan/2025:00:36:47 +0000] "GET / HTTP/1.1" 200 947 "-" "Mozilla/5.0 (Macintosh; Intel Mac OS X 10_15_7) Chrome/126.0.0.0 Safari/537.36"
31.13.224.222 - - [18/Jan/2025:00:40:34 +0000] "GET /.env HTTP/1.1" 302 350 "-" "Mozilla/5.0 (Macintosh; Intel Mac OS X 10_14_5) AppleWebKit/537.36 (KHTML, like Gecko) Chrome/69.0.3497.81 Safari/537.36"
64.62.156.103 - - [18/Jan/2025:00:59:15 +0000] "GET / HTTP/1.1" 200 947 "-" "Mozilla/5.0 (X11; Linux x86_64) Gecko/20060609 Firefox/123.0esr"
205.210.31.11 - - [18/Jan/2025:01:00:45 +0000] "GET / HTTP/1.1" 200 947 "-" "Expanse, a Palo Alto Networks company, searches across the global IPv4 space multiple times per day to identify customers&#39; presences on the Internet. If you would like to be excluded from our scans, please send IP addresses/domains to: scaninfo@paloaltonetworks.com"
64.62.156.94 - - [18/Jan/2025:01:01:30 +0000] "GET /favicon.ico HTTP/1.1" 302 331 "-" "Mozilla/5.0 (Windows NT 10.0; Win64; x64) AppleWebKit/537.36 (KHTML, like Gecko) Chrome/107.0.0.0 Safari/537.36"
64.62.156.99 - - [18/Jan/2025:01:02:11 +0000] "GET /geoserver/web/ HTTP/1.1" 302 331 "-" "Mozilla/5.0 (X11; Linux x86_64) Gecko/20060609 Firefox/123.0esr"
78.153.140.149 - - [18/Jan/2025:01:05:51 +0000] "GET /.env HTTP/1.1" 302 387 "-" "Mozilla/5.0 (Windows NT 10.0; Win64; x64) AppleWebKit/537.36 (KHTML, like Gecko) Chrome/116.0.5845.140 Safari/537.36"
78.153.140.149 - - [18/Jan/2025:01:05:52 +0000] "POST / HTTP/1.1" 200 1003 "-" "Mozilla/5.0 (Windows NT 10.0; Win64; x64) AppleWebKit/537.36 (KHTML, like Gecko) Chrome/116.0.5845.140 Safari/537.36"
106.13.112.250 - - [18/Jan/2025:01:06:36 +0000] "POST /cgi-bin/.%2e/.%2e/.%2e/.%2e/.%2e/.%2e/.%2e/.%2e/.%2e/.%2e/bin/sh HTTP/1.1" 400 485 "-" "Custom-AsyncHttpClient"
106.13.112.250 - - [18/Jan/2025:01:06:44 +0000] "POST /cgi-bin/%%32%65%%32%65/%%32%65%%32%65/%%32%65%%32%65/%%32%65%%32%65/%%32%65%%32%65/%%32%65%%32%65/%%32%65%%32%65/bin/sh HTTP/1.1" 400 485 "-" "Custom-AsyncHttpClient"
179.43.191.146 - - [18/Jan/2025:01:10:01 +0000] "GET / HTTP/1.1" 200 1003 "-" "Mozilla/5.0 (Windows NT 10.0; Win64; x64) AppleWebKit/537.36 (KHTML, like Gecko) Chrome/90.0.4430.85 Safari/537.36 Edg/90.0.818.46"
167.99.67.123 - - [18/Jan/2025:01:32:26 +0000] "GET /cdn-cgi/trace HTTP/1.1" 302 350 "-" "Mozilla/5.0"
167.99.67.123 - - [18/Jan/2025:01:32:39 +0000] "\x16\x03\x01\x01\v\x01" 400 534 "-" "-"
45.156.129.131 - - [18/Jan/2025:01:44:30 +0000] "GET / HTTP/1.1" 200 947 "-" "Mozilla/5.0 (Windows NT 10.0; Win64; x64) AppleWebKit/537.36 (KHTML, like Gecko) Chrome/60.0.3112.113 Safari/537.36"
45.79.181.179 - - [18/Jan/2025:01:51:24 +0000] "\x16\x03\x01" 400 534 "-" "-"
185.242.226.10 - - [18/Jan/2025:02:01:35 +0000] "GET / HTTP/1.1" 200 947 "-" "Mozilla/5.0 (Windows NT 10.0; Win64; x64) AppleWebKit/537.36 (KHTML, like Gecko) Chrome/88.0.4324.190 Safari/537.36"
148.113.193.79 - - [18/Jan/2025:02:22:59 +0000] "GET / HTTP/1.1" 200 947 "-" "Mozilla/5.0 (compatible; ModatScanner/1.0; +https://modat.io/)"
95.214.55.185 - - [18/Jan/2025:02:31:49 +0000] "GET / HTTP/1.1" 200 1003 "-" "Mozilla/5.0 (Windows NT 10.0; Win64; x64) AppleWebKit/537.36 (KHTML, like Gecko) Chrome/90.0.4430.85 Safari/537.36 Edg/90.0.818.46"
185.16.39.104 - - [18/Jan/2025:02:58:00 +0000] "GET / HTTP/1.1" 200 1003 "-" "Mozilla/5.0 (Windows NT 10.0; Win64; x64) AppleWebKit/537.36 (KHTML, like Gecko) Chrome/90.0.4430.85 Safari/537.36 Edg/90.0.818.46"
95.214.55.226 - - [18/Jan/2025:02:58:33 +0000] "GET / HTTP/1.1" 200 1742 "-" "-"
78.153.140.149 - - [18/Jan/2025:03:20:43 +0000] "GET /.env HTTP/1.1" 302 387 "-" "Mozilla/5.0 (Windows NT 10.0; Win64; x64) AppleWebKit/537.36 (KHTML, like Gecko) Chrome/116.0.5845.140 Safari/537.36"
78.153.140.149 - - [18/Jan/2025:03:20:44 +0000] "POST / HTTP/1.1" 200 1003 "-" "Mozilla/5.0 (Windows NT 10.0; Win64; x64) AppleWebKit/537.36 (KHTML, like Gecko) Chrome/116.0.5845.140 Safari/537.36"
172.169.1.85 - - [18/Jan/2025:03:37:09 +0000] "GET /druid/index.html HTTP/1.1" 302 331 "-" "Mozilla/5.0 zgrab/0.x"
5.181.190.248 - - [18/Jan/2025:03:46:17 +0000] "GET / HTTP/1.1" 200 1742 "-" "-"
172.105.128.11 - - [18/Jan/2025:03:47:06 +0000] "\x16\x03\x01" 400 534 "-" "-"
146.19.24.168 - - [18/Jan/2025:03:49:06 +0000] "GET / HTTP/1.1" 200 1742 "-" "-"
92.255.57.58 - - [18/Jan/2025:04:02:27 +0000] "GET /?XDEBUG_SESSION_START=phpstorm HTTP/1.1" 200 966 "-" "Mozilla/5.0 (Windows NT 10.0; Win64; x64) AppleWebKit/537.36 (KHTML, like Gecko) Chrome/78.0.3904.108 Safari/537.36"
193.142.146.175 - - [18/Jan/2025:04:11:53 +0000] "GET / HTTP/1.1" 200 1742 "-" "-"
193.142.146.175 - - [18/Jan/2025:04:11:53 +0000] "GET /logon.htm HTTP/1.1" 302 331 "-" "Hello World"
146.19.24.18 - - [18/Jan/2025:04:18:29 +0000] "GET / HTTP/1.1" 200 1742 "-" "-"
193.34.212.75 - - [18/Jan/2025:04:31:54 +0000] "GET / HTTP/1.1" 200 1003 "-" "Mozilla/5.0 (Windows NT 10.0; Win64; x64) AppleWebKit/537.36 (KHTML, like Gecko) Chrome/90.0.4430.85 Safari/537.36 Edg/90.0.818.46"
92.255.57.58 - - [18/Jan/2025:04:56:11 +0000] "GET /actuator/gateway/routes HTTP/1.1" 302 350 "-" "Mozilla/5.0 (Windows NT 10.0; Win64; x64) AppleWebKit/537.36 (KHTML, like Gecko) Chrome/78.0.3904.108 Safari/537.36"
92.255.57.58 - - [18/Jan/2025:04:56:12 +0000] "GET / HTTP/1.1" 200 966 "http://35.198.38.8:80/actuator/gateway/routes" "Mozilla/5.0 (Windows NT 10.0; Win64; x64) AppleWebKit/537.36 (KHTML, like Gecko) Chrome/78.0.3904.108 Safari/537.36"
220.128.233.7 - - [18/Jan/2025:05:03:21 +0000] "GET / HTTP/1.0" 200 1761 "-" "curl/7.88.1"
92.255.57.58 - - [18/Jan/2025:05:37:48 +0000] "\x16\x03\x01\x05\xa8\x01" 400 534 "-" "-"
95.214.55.226 - - [18/Jan/2025:05:40:38 +0000] "GET / HTTP/1.1" 200 1742 "-" "-"
46.19.138.234 - - [18/Jan/2025:05:55:58 +0000] "GET / HTTP/1.1" 200 1003 "-" "Mozilla/5.0 (Windows NT 10.0; Win64; x64) AppleWebKit/537.36 (KHTML, like Gecko) Chrome/90.0.4430.85 Safari/537.36 Edg/90.0.818.46"
78.153.140.149 - - [18/Jan/2025:05:59:02 +0000] "GET /.env HTTP/1.1" 302 387 "-" "Mozilla/5.0 (Windows NT 10.0; Win64; x64) AppleWebKit/537.36 (KHTML, like Gecko) Chrome/116.0.5845.140 Safari/537.36"
78.153.140.149 - - [18/Jan/2025:05:59:02 +0000] "POST / HTTP/1.1" 200 1003 "-" "Mozilla/5.0 (Windows NT 10.0; Win64; x64) AppleWebKit/537.36 (KHTML, like Gecko) Chrome/116.0.5845.140 Safari/537.36"
185.196.220.253 - - [18/Jan/2025:06:10:05 +0000] "GET / HTTP/1.1" 200 1742 "-" "Hello World"
5.181.190.248 - - [18/Jan/2025:06:10:18 +0000] "GET / HTTP/1.1" 200 1742 "-" "-"
146.19.24.168 - - [18/Jan/2025:06:52:36 +0000] "GET / HTTP/1.1" 200 1742 "-" "-"
35.202.9.133 - - [18/Jan/2025:07:06:31 +0000] "GET / HTTP/1.1" 200 947 "-" "Mozilla/5.0 (compatible; tchelebi/1.0; +http://tchelebi.io)"
78.153.140.149 - - [18/Jan/2025:07:14:31 +0000] "GET /.env HTTP/1.1" 302 387 "-" "Mozilla/5.0 (Windows NT 10.0; Win64; x64) AppleWebKit/537.36 (KHTML, like Gecko) Chrome/116.0.5845.140 Safari/537.36"
78.153.140.149 - - [18/Jan/2025:07:14:32 +0000] "POST / HTTP/1.1" 200 1003 "-" "Mozilla/5.0 (Windows NT 10.0; Win64; x64) AppleWebKit/537.36 (KHTML, like Gecko) Chrome/116.0.5845.140 Safari/537.36"
205.210.31.211 - - [18/Jan/2025:07:14:55 +0000] "GET / HTTP/1.0" 200 1761 "-" "Expanse, a Palo Alto Networks company, searches across the global IPv4 space multiple times per day to identify customers&#39; presences on the Internet. If you would like to be excluded from our scans, please send IP addresses/domains to: scaninfo@paloaltonetworks.com"
146.19.24.18 - - [18/Jan/2025:07:15:32 +0000] "GET / HTTP/1.1" 200 1742 "-" "-"
179.43.191.146 - - [18/Jan/2025:07:38:07 +0000] "GET / HTTP/1.1" 200 1003 "-" "Mozilla/5.0 (Windows NT 10.0; Win64; x64) AppleWebKit/537.36 (KHTML, like Gecko) Chrome/90.0.4430.85 Safari/537.36 Edg/90.0.818.46"
87.120.115.34 - - [18/Jan/2025:07:59:11 +0000] "GET /.env HTTP/1.1" 302 350 "-" "Mozilla/5.0 (Macintosh; Intel Mac OS X 10_15_7) AppleWebKit/605.1.15 (KHTML, like Gecko) Version/16.5 Safari/605.1.15"
65.49.1.20 - - [18/Jan/2025:08:12:58 +0000] "\x16\x03\x01" 400 534 "-" "-"
205.210.31.147 - - [18/Jan/2025:08:18:24 +0000] "\x16\x03\x01" 400 534 "-" "-"
205.210.31.147 - - [18/Jan/2025:08:18:24 +0000] "\x16\x03\x01" 400 534 "-" "-"
205.210.31.236 - - [18/Jan/2025:08:36:41 +0000] "\x16\x03\x01" 400 534 "-" "-"
205.210.31.236 - - [18/Jan/2025:08:36:41 +0000] "\x16\x03\x01" 400 534 "-" "-"
193.142.146.175 - - [18/Jan/2025:09:02:11 +0000] "GET / HTTP/1.1" 200 1742 "-" "-"
193.142.146.175 - - [18/Jan/2025:09:02:12 +0000] "GET /logon.htm HTTP/1.1" 302 331 "-" "Hello World"
95.214.55.226 - - [18/Jan/2025:09:09:23 +0000] "GET / HTTP/1.1" 200 1742 "-" "-"
78.153.140.149 - - [18/Jan/2025:09:23:41 +0000] "GET /.env HTTP/1.1" 302 387 "-" "Mozilla/5.0 (Windows NT 10.0; Win64; x64) AppleWebKit/537.36 (KHTML, like Gecko) Chrome/116.0.5845.140 Safari/537.36"
78.153.140.149 - - [18/Jan/2025:09:23:42 +0000] "POST / HTTP/1.1" 200 1003 "-" "Mozilla/5.0 (Windows NT 10.0; Win64; x64) AppleWebKit/537.36 (KHTML, like Gecko) Chrome/116.0.5845.140 Safari/537.36"
206.189.152.11 - - [18/Jan/2025:09:45:20 +0000] "GET /cdn-cgi/trace HTTP/1.1" 302 350 "-" "Mozilla/5.0"
206.189.152.11 - - [18/Jan/2025:09:45:32 +0000] "\x16\x03\x01\x01\v\x01" 400 534 "-" "-"
104.152.52.112 - - [18/Jan/2025:09:52:55 +0000] "GET / HTTP/1.0" 200 1761 "-" "masscan/1.3 (https://github.com/robertdavidgraham/masscan)"
45.79.181.179 - - [18/Jan/2025:09:55:04 +0000] "\x16\x03\x01" 400 534 "-" "-"
185.196.220.253 - - [18/Jan/2025:09:55:57 +0000] "GET / HTTP/1.1" 200 1742 "-" "Hello World"
5.11.76.106 - - [18/Jan/2025:10:01:33 +0000] "GET / HTTP/1.1" 200 1742 "-" "Mozilla/5.0 (Macintosh; Intel Mac OS X 10_11_6) AppleWebKit/601.7.7 (KHTML, like Gecko) Version/9.1.2 Safari/601.7.7"
141.94.145.70 - - [18/Jan/2025:10:13:57 +0000] "GET /.git/config HTTP/1.1" 302 350 "-" "Mozilla/5.0 (Windows NT 10.0; Win64; x64; rv:109.0) Gecko/20100101 Firefox/113.0"
95.214.55.185 - - [18/Jan/2025:10:20:42 +0000] "GET / HTTP/1.1" 200 1003 "-" "Mozilla/5.0 (Windows NT 10.0; Win64; x64) AppleWebKit/537.36 (KHTML, like Gecko) Chrome/90.0.4430.85 Safari/537.36 Edg/90.0.818.46"
78.153.140.149 - - [18/Jan/2025:10:25:43 +0000] "GET /.env HTTP/1.1" 302 387 "-" "Mozilla/5.0 (Windows NT 10.0; Win64; x64) AppleWebKit/537.36 (KHTML, like Gecko) Chrome/116.0.5845.140 Safari/537.36"
78.153.140.149 - - [18/Jan/2025:10:25:44 +0000] "POST / HTTP/1.1" 200 1003 "-" "Mozilla/5.0 (Windows NT 10.0; Win64; x64) AppleWebKit/537.36 (KHTML, like Gecko) Chrome/116.0.5845.140 Safari/537.36"
45.156.128.111 - - [18/Jan/2025:10:32:34 +0000] "GET / HTTP/1.1" 200 947 "-" "Mozilla/5.0 (Windows NT 10.0; Win64; x64) AppleWebKit/537.36 (KHTML, like Gecko) Chrome/60.0.3112.113 Safari/537.36"
45.156.128.114 - - [18/Jan/2025:10:33:05 +0000] "GET /sitecore/shell/sitecore.version.xml HTTP/1.1" 302 331 "-" "Mozilla/5.0 (Windows NT 10.0; Win64; x64) AppleWebKit/537.36 (KHTML, like Gecko) Chrome/60.0.3112.113 Safari/537.36"
45.156.128.114 - - [18/Jan/2025:10:33:06 +0000] "GET / HTTP/1.1" 200 947 "http://35.198.38.8/sitecore/shell/sitecore.version.xml" "Mozilla/5.0 (Windows NT 10.0; Win64; x64) AppleWebKit/537.36 (KHTML, like Gecko) Chrome/60.0.3112.113 Safari/537.36"
80.82.77.202 - - [18/Jan/2025:10:33:23 +0000] "GET / HTTP/1.0" 200 1761 "-" "Mozilla/5.0 (Windows NT 10.0; Win64; x64) AppleWebKit/537.36 (KHTML, like Gecko) Chrome/55.0.2869.0 Safari/537.36"
45.156.128.113 - - [18/Jan/2025:10:33:36 +0000] "GET /zabbix/favicon.ico HTTP/1.1" 302 331 "-" "Mozilla/5.0 (Windows NT 10.0; Win64; x64) AppleWebKit/537.36 (KHTML, like Gecko) Chrome/60.0.3112.113 Safari/537.36"
45.156.128.113 - - [18/Jan/2025:10:33:36 +0000] "GET / HTTP/1.1" 200 947 "http://35.198.38.8/zabbix/favicon.ico" "Mozilla/5.0 (Windows NT 10.0; Win64; x64) AppleWebKit/537.36 (KHTML, like Gecko) Chrome/60.0.3112.113 Safari/537.36"
112.120.57.189 - - [18/Jan/2025:10:33:50 +0000] "GET / HTTP/1.0" 200 1761 "-" "curl/7.88.1"
45.156.128.112 - - [18/Jan/2025:10:34:10 +0000] "GET / HTTP/1.1" 200 947 "-" "Mozilla/5.0 (Windows NT 10.0; Win64; x64) AppleWebKit/537.36 (KHTML, like Gecko) Chrome/60.0.3112.113 Safari/537.36"
45.156.128.114 - - [18/Jan/2025:10:34:11 +0000] "GET /index.jsp HTTP/1.1" 302 331 "-" "Mozilla/5.0 (Windows NT 10.0; Win64; x64) AppleWebKit/537.36 (KHTML, like Gecko) Chrome/60.0.3112.113 Safari/537.36"
45.156.128.114 - - [18/Jan/2025:10:34:12 +0000] "GET / HTTP/1.1" 200 947 "http://35.198.38.8/index.jsp" "Mozilla/5.0 (Windows NT 10.0; Win64; x64) AppleWebKit/537.36 (KHTML, like Gecko) Chrome/60.0.3112.113 Safari/537.36"
45.156.128.113 - - [18/Jan/2025:10:34:45 +0000] "GET /cf_scripts/scripts/ajax/ckeditor/ckeditor.js HTTP/1.1" 302 331 "-" "Mozilla/5.0 (Windows NT 10.0; Win64; x64) AppleWebKit/537.36 (KHTML, like Gecko) Chrome/60.0.3112.113 Safari/537.36"
45.156.128.113 - - [18/Jan/2025:10:34:45 +0000] "GET /identity HTTP/1.1" 302 331 "-" "Mozilla/5.0 (Windows NT 10.0; Win64; x64) AppleWebKit/537.36 (KHTML, like Gecko) Chrome/60.0.3112.113 Safari/537.36"
45.156.128.113 - - [18/Jan/2025:10:34:45 +0000] "GET / HTTP/1.1" 200 947 "http://35.198.38.8/identity" "Mozilla/5.0 (Windows NT 10.0; Win64; x64) AppleWebKit/537.36 (KHTML, like Gecko) Chrome/60.0.3112.113 Safari/537.36"
45.156.128.111 - - [18/Jan/2025:10:35:17 +0000] "GET /aspera/faspex/ HTTP/1.1" 302 331 "-" "Mozilla/5.0 (Windows NT 10.0; Win64; x64) AppleWebKit/537.36 (KHTML, like Gecko) Chrome/60.0.3112.113 Safari/537.36"
45.156.128.114 - - [18/Jan/2025:10:35:17 +0000] "GET /favicon.ico HTTP/1.1" 302 331 "-" "Mozilla/5.0 (Windows NT 10.0; Win64; x64) AppleWebKit/537.36 (KHTML, like Gecko) Chrome/60.0.3112.113 Safari/537.36"
45.156.128.114 - - [18/Jan/2025:10:35:18 +0000] "GET / HTTP/1.1" 200 947 "http://35.198.38.8/favicon.ico" "Mozilla/5.0 (Windows NT 10.0; Win64; x64) AppleWebKit/537.36 (KHTML, like Gecko) Chrome/60.0.3112.113 Safari/537.36"
45.156.128.111 - - [18/Jan/2025:10:35:48 +0000] "GET /static/historypage.js HTTP/1.1" 302 331 "-" "Mozilla/5.0 (Windows NT 10.0; Win64; x64) AppleWebKit/537.36 (KHTML, like Gecko) Chrome/60.0.3112.113 Safari/537.36"
45.156.128.111 - - [18/Jan/2025:10:35:48 +0000] "GET / HTTP/1.1" 200 947 "http://35.198.38.8/static/historypage.js" "Mozilla/5.0 (Windows NT 10.0; Win64; x64) AppleWebKit/537.36 (KHTML, like Gecko) Chrome/60.0.3112.113 Safari/537.36"
45.156.128.113 - - [18/Jan/2025:10:36:21 +0000] "GET /sugar_version.json HTTP/1.1" 302 331 "-" "Mozilla/5.0 (Windows NT 10.0; Win64; x64) AppleWebKit/537.36 (KHTML, like Gecko) Chrome/60.0.3112.113 Safari/537.36"
45.156.128.113 - - [18/Jan/2025:10:36:21 +0000] "GET / HTTP/1.1" 200 947 "http://35.198.38.8/sugar_version.json" "Mozilla/5.0 (Windows NT 10.0; Win64; x64) AppleWebKit/537.36 (KHTML, like Gecko) Chrome/60.0.3112.113 Safari/537.36"
45.156.128.113 - - [18/Jan/2025:10:36:51 +0000] "GET /webfig/ HTTP/1.1" 302 331 "-" "Mozilla/5.0 (Windows NT 10.0; Win64; x64) AppleWebKit/537.36 (KHTML, like Gecko) Chrome/60.0.3112.113 Safari/537.36"
45.156.128.113 - - [18/Jan/2025:10:36:51 +0000] "GET / HTTP/1.1" 200 947 "http://35.198.38.8/webfig/" "Mozilla/5.0 (Windows NT 10.0; Win64; x64) AppleWebKit/537.36 (KHTML, like Gecko) Chrome/60.0.3112.113 Safari/537.36"
45.156.128.113 - - [18/Jan/2025:10:37:15 +0000] "GET /partymgr/control/main HTTP/1.1" 302 331 "-" "Mozilla/5.0 (Windows NT 10.0; Win64; x64) AppleWebKit/537.36 (KHTML, like Gecko) Chrome/60.0.3112.113 Safari/537.36"
45.156.128.113 - - [18/Jan/2025:10:37:16 +0000] "GET / HTTP/1.1" 200 947 "http://35.198.38.8/partymgr/control/main" "Mozilla/5.0 (Windows NT 10.0; Win64; x64) AppleWebKit/537.36 (KHTML, like Gecko) Chrome/60.0.3112.113 Safari/537.36"
45.156.128.113 - - [18/Jan/2025:10:37:39 +0000] "GET /cgi-bin/main.pl HTTP/1.1" 302 331 "-" "Mozilla/5.0 (Windows NT 10.0; Win64; x64) AppleWebKit/537.36 (KHTML, like Gecko) Chrome/60.0.3112.113 Safari/537.36"
45.156.128.112 - - [18/Jan/2025:10:37:39 +0000] "GET /login.do HTTP/1.1" 302 331 "-" "Mozilla/5.0 (Windows NT 10.0; Win64; x64) AppleWebKit/537.36 (KHTML, like Gecko) Chrome/60.0.3112.113 Safari/537.36"
45.156.128.112 - - [18/Jan/2025:10:37:40 +0000] "GET / HTTP/1.1" 200 947 "http://35.198.38.8/login.do" "Mozilla/5.0 (Windows NT 10.0; Win64; x64) AppleWebKit/537.36 (KHTML, like Gecko) Chrome/60.0.3112.113 Safari/537.36"
45.156.128.114 - - [18/Jan/2025:10:38:00 +0000] "GET /js/NewWindow_2_all.js HTTP/1.1" 302 331 "-" "Mozilla/5.0 (Windows NT 10.0; Win64; x64) AppleWebKit/537.36 (KHTML, like Gecko) Chrome/60.0.3112.113 Safari/537.36"
45.156.128.114 - - [18/Jan/2025:10:38:00 +0000] "GET / HTTP/1.1" 200 947 "http://35.198.38.8/js/NewWindow_2_all.js" "Mozilla/5.0 (Windows NT 10.0; Win64; x64) AppleWebKit/537.36 (KHTML, like Gecko) Chrome/60.0.3112.113 Safari/537.36"
45.156.128.111 - - [18/Jan/2025:10:38:00 +0000] "GET /admin/ HTTP/1.1" 302 331 "-" "Mozilla/5.0 (Windows NT 10.0; Win64; x64) AppleWebKit/537.36 (KHTML, like Gecko) Chrome/60.0.3112.113 Safari/537.36"
45.156.128.113 - - [18/Jan/2025:10:38:01 +0000] "GET / HTTP/1.1" 200 947 "-" "Mozilla/5.0 (Windows NT 10.0; Win64; x64) AppleWebKit/537.36 (KHTML, like Gecko) Chrome/60.0.3112.113 Safari/537.36"
45.156.128.114 - - [18/Jan/2025:10:38:01 +0000] "GET /OA_HTML/AppsLocalLogin.jsp HTTP/1.1" 302 331 "-" "Mozilla/5.0 (Windows NT 10.0; Win64; x64) AppleWebKit/537.36 (KHTML, like Gecko) Chrome/60.0.3112.113 Safari/537.36"
45.156.128.114 - - [18/Jan/2025:10:38:01 +0000] "GET / HTTP/1.1" 200 947 "http://35.198.38.8/OA_HTML/AppsLocalLogin.jsp" "Mozilla/5.0 (Windows NT 10.0; Win64; x64) AppleWebKit/537.36 (KHTML, like Gecko) Chrome/60.0.3112.113 Safari/537.36"
45.156.128.111 - - [18/Jan/2025:10:38:21 +0000] "GET /license.txt HTTP/1.1" 302 331 "-" "Mozilla/5.0 (Windows NT 10.0; Win64; x64) AppleWebKit/537.36 (KHTML, like Gecko) Chrome/60.0.3112.113 Safari/537.36"
45.156.128.111 - - [18/Jan/2025:10:38:21 +0000] "GET / HTTP/1.1" 200 947 "http://35.198.38.8/license.txt" "Mozilla/5.0 (Windows NT 10.0; Win64; x64) AppleWebKit/537.36 (KHTML, like Gecko) Chrome/60.0.3112.113 Safari/537.36"
45.156.128.114 - - [18/Jan/2025:10:38:41 +0000] "GET /wp-json HTTP/1.1" 302 331 "-" "Mozilla/5.0 (Windows NT 10.0; Win64; x64) AppleWebKit/537.36 (KHTML, like Gecko) Chrome/60.0.3112.113 Safari/537.36"
45.156.128.114 - - [18/Jan/2025:10:38:41 +0000] "GET / HTTP/1.1" 200 947 "http://35.198.38.8/wp-json" "Mozilla/5.0 (Windows NT 10.0; Win64; x64) AppleWebKit/537.36 (KHTML, like Gecko) Chrome/60.0.3112.113 Safari/537.36"
45.156.128.114 - - [18/Jan/2025:10:38:58 +0000] "HEAD /icons/sphere1.png HTTP/1.1" 200 228 "-" "Mozilla/5.0 (Windows NT 10.0; Win64; x64) AppleWebKit/537.36 (KHTML, like Gecko) Chrome/60.0.3112.113 Safari/537.36"
45.156.128.111 - - [18/Jan/2025:10:38:58 +0000] "HEAD /icons/.%%32%65/.%%32%65/apache2/icons/non-existant-image.png HTTP/1.1" 400 161 "-" "Mozilla/5.0 (Windows NT 10.0; Win64; x64) AppleWebKit/537.36 (KHTML, like Gecko) Chrome/60.0.3112.113 Safari/537.36"
45.156.128.112 - - [18/Jan/2025:10:38:58 +0000] "HEAD /icons/.%2e/%2e%2e/apache2/icons/sphere1.png HTTP/1.1" 400 161 "-" "Mozilla/5.0 (Windows NT 10.0; Win64; x64) AppleWebKit/537.36 (KHTML, like Gecko) Chrome/60.0.3112.113 Safari/537.36"
45.156.128.112 - - [18/Jan/2025:10:38:59 +0000] "HEAD /icons/.%%32%65/.%%32%65/apache2/icons/sphere1.png HTTP/1.1" 400 161 "-" "Mozilla/5.0 (Windows NT 10.0; Win64; x64) AppleWebKit/537.36 (KHTML, like Gecko) Chrome/60.0.3112.113 Safari/537.36"
45.156.128.113 - - [18/Jan/2025:10:38:59 +0000] "GET /Telerik.Web.UI.WebResource.axd?type=rau HTTP/1.1" 302 331 "-" "Mozilla/5.0 (Windows NT 10.0; Win64; x64) AppleWebKit/537.36 (KHTML, like Gecko) Chrome/60.0.3112.113 Safari/537.36"
45.156.128.113 - - [18/Jan/2025:10:39:00 +0000] "GET / HTTP/1.1" 200 947 "http://35.198.38.8/Telerik.Web.UI.WebResource.axd?type=rau" "Mozilla/5.0 (Windows NT 10.0; Win64; x64) AppleWebKit/537.36 (KHTML, like Gecko) Chrome/60.0.3112.113 Safari/537.36"
45.156.128.112 - - [18/Jan/2025:10:39:15 +0000] "GET /api/session/properties HTTP/1.1" 302 331 "-" "Mozilla/5.0 (Windows NT 10.0; Win64; x64) AppleWebKit/537.36 (KHTML, like Gecko) Chrome/60.0.3112.113 Safari/537.36"
45.156.128.112 - - [18/Jan/2025:10:39:15 +0000] "GET / HTTP/1.1" 200 947 "http://35.198.38.8/api/session/properties" "Mozilla/5.0 (Windows NT 10.0; Win64; x64) AppleWebKit/537.36 (KHTML, like Gecko) Chrome/60.0.3112.113 Safari/537.36"
185.16.39.104 - - [18/Jan/2025:10:39:34 +0000] "GET / HTTP/1.1" 200 1003 "-" "Mozilla/5.0 (Windows NT 10.0; Win64; x64) AppleWebKit/537.36 (KHTML, like Gecko) Chrome/90.0.4430.85 Safari/537.36 Edg/90.0.818.46"
45.156.128.112 - - [18/Jan/2025:10:39:35 +0000] "GET /ext-js/app/common/zld_product_spec.js HTTP/1.1" 302 331 "-" "Mozilla/5.0 (Windows NT 10.0; Win64; x64) AppleWebKit/537.36 (KHTML, like Gecko) Chrome/60.0.3112.113 Safari/537.36"
45.156.128.114 - - [18/Jan/2025:10:39:36 +0000] "GET /showLogin.cc HTTP/1.1" 302 331 "-" "Mozilla/5.0 (Windows NT 10.0; Win64; x64) AppleWebKit/537.36 (KHTML, like Gecko) Chrome/60.0.3112.113 Safari/537.36"
45.156.128.114 - - [18/Jan/2025:10:39:36 +0000] "GET / HTTP/1.1" 200 947 "http://35.198.38.8/showLogin.cc" "Mozilla/5.0 (Windows NT 10.0; Win64; x64) AppleWebKit/537.36 (KHTML, like Gecko) Chrome/60.0.3112.113 Safari/537.36"
45.156.128.113 - - [18/Jan/2025:10:39:53 +0000] "GET / HTTP/1.1" 200 947 "-" "Mozilla/5.0 (Windows NT 10.0; Win64; x64) AppleWebKit/537.36 (KHTML, like Gecko) Chrome/60.0.3112.113 Safari/537.36"
45.156.128.114 - - [18/Jan/2025:10:39:53 +0000] "GET /WebInterface/ HTTP/1.1" 302 331 "-" "Mozilla/5.0 (Windows NT 10.0; Win64; x64) AppleWebKit/537.36 (KHTML, like Gecko) Chrome/60.0.3112.113 Safari/537.36"
45.156.128.114 - - [18/Jan/2025:10:39:53 +0000] "GET / HTTP/1.1" 200 947 "http://35.198.38.8/WebInterface/" "Mozilla/5.0 (Windows NT 10.0; Win64; x64) AppleWebKit/537.36 (KHTML, like Gecko) Chrome/60.0.3112.113 Safari/537.36"
5.181.190.248 - - [18/Jan/2025:10:39:54 +0000] "GET / HTTP/1.1" 200 1742 "-" "-"
45.156.128.113 - - [18/Jan/2025:10:40:06 +0000] "GET /favicon-32x32.png HTTP/1.1" 302 331 "-" "Mozilla/5.0 (Windows NT 10.0; Win64; x64) AppleWebKit/537.36 (KHTML, like Gecko) Chrome/60.0.3112.113 Safari/537.36"
45.156.128.113 - - [18/Jan/2025:10:40:07 +0000] "GET / HTTP/1.1" 200 947 "http://35.198.38.8/favicon-32x32.png" "Mozilla/5.0 (Windows NT 10.0; Win64; x64) AppleWebKit/537.36 (KHTML, like Gecko) Chrome/60.0.3112.113 Safari/537.36"
45.156.128.111 - - [18/Jan/2025:10:40:07 +0000] "GET /favicon.ico HTTP/1.1" 302 387 "-" "Mozilla/5.0 (Windows NT 10.0; WOW64) AppleWebKit/537.36 (KHTML, like Gecko) Chrome/66.0.3359.117 Safari/537.36"
45.156.128.111 - - [18/Jan/2025:10:40:08 +0000] "GET / HTTP/1.1" 200 944 "-" "Mozilla/5.0 (Windows NT 10.0; WOW64) AppleWebKit/537.36 (KHTML, like Gecko) Chrome/66.0.3359.117 Safari/537.36"
45.156.128.113 - - [18/Jan/2025:10:40:08 +0000] "GET /console HTTP/1.1" 302 331 "-" "Mozilla/5.0 (Windows NT 10.0; Win64; x64) AppleWebKit/537.36 (KHTML, like Gecko) Chrome/60.0.3112.113 Safari/537.36"
45.156.128.113 - - [18/Jan/2025:10:40:08 +0000] "GET / HTTP/1.1" 200 947 "http://35.198.38.8/console" "Mozilla/5.0 (Windows NT 10.0; Win64; x64) AppleWebKit/537.36 (KHTML, like Gecko) Chrome/60.0.3112.113 Safari/537.36"
45.156.128.113 - - [18/Jan/2025:10:40:19 +0000] "GET /cgi-bin/authLogin.cgi HTTP/1.1" 302 331 "-" "Mozilla/5.0 (Windows NT 10.0; Win64; x64) AppleWebKit/537.36 (KHTML, like Gecko) Chrome/60.0.3112.113 Safari/537.36"
45.156.128.113 - - [18/Jan/2025:10:40:19 +0000] "GET / HTTP/1.1" 200 947 "http://35.198.38.8/cgi-bin/authLogin.cgi" "Mozilla/5.0 (Windows NT 10.0; Win64; x64) AppleWebKit/537.36 (KHTML, like Gecko) Chrome/60.0.3112.113 Safari/537.36"
45.156.128.113 - - [18/Jan/2025:10:40:29 +0000] "GET /internal_forms_authentication HTTP/1.1" 302 331 "-" "Mozilla/5.0 (Windows NT 10.0; Win64; x64) AppleWebKit/537.36 (KHTML, like Gecko) Chrome/60.0.3112.113 Safari/537.36"
45.156.128.113 - - [18/Jan/2025:10:40:29 +0000] "GET / HTTP/1.1" 200 947 "http://35.198.38.8/internal_forms_authentication" "Mozilla/5.0 (Windows NT 10.0; Win64; x64) AppleWebKit/537.36 (KHTML, like Gecko) Chrome/60.0.3112.113 Safari/537.36"
45.156.128.113 - - [18/Jan/2025:10:40:42 +0000] "GET /owncloud/status.php HTTP/1.1" 302 331 "-" "Mozilla/5.0 (Windows NT 10.0; Win64; x64) AppleWebKit/537.36 (KHTML, like Gecko) Chrome/60.0.3112.113 Safari/537.36"
45.156.128.113 - - [18/Jan/2025:10:40:42 +0000] "GET / HTTP/1.1" 200 947 "http://35.198.38.8/owncloud/status.php" "Mozilla/5.0 (Windows NT 10.0; Win64; x64) AppleWebKit/537.36 (KHTML, like Gecko) Chrome/60.0.3112.113 Safari/537.36"
45.156.128.112 - - [18/Jan/2025:10:41:00 +0000] "GET /status.php HTTP/1.1" 302 331 "-" "Mozilla/5.0 (Windows NT 10.0; Win64; x64) AppleWebKit/537.36 (KHTML, like Gecko) Chrome/60.0.3112.113 Safari/537.36"
45.156.128.112 - - [18/Jan/2025:10:41:01 +0000] "GET / HTTP/1.1" 200 947 "http://35.198.38.8/status.php" "Mozilla/5.0 (Windows NT 10.0; Win64; x64) AppleWebKit/537.36 (KHTML, like Gecko) Chrome/60.0.3112.113 Safari/537.36"
45.156.128.112 - - [18/Jan/2025:10:41:15 +0000] "GET /solr/ HTTP/1.1" 302 331 "-" "Mozilla/5.0 (Windows NT 10.0; Win64; x64) AppleWebKit/537.36 (KHTML, like Gecko) Chrome/60.0.3112.113 Safari/537.36"
45.156.128.112 - - [18/Jan/2025:10:41:15 +0000] "GET / HTTP/1.1" 200 947 "http://35.198.38.8/solr/#/" "Mozilla/5.0 (Windows NT 10.0; Win64; x64) AppleWebKit/537.36 (KHTML, like Gecko) Chrome/60.0.3112.113 Safari/537.36"
46.19.138.234 - - [18/Jan/2025:11:04:51 +0000] "GET / HTTP/1.1" 200 1003 "-" "Mozilla/5.0 (Windows NT 10.0; Win64; x64) AppleWebKit/537.36 (KHTML, like Gecko) Chrome/90.0.4430.85 Safari/537.36 Edg/90.0.818.46"
193.142.146.175 - - [18/Jan/2025:11:06:07 +0000] "GET / HTTP/1.1" 200 1742 "-" "-"
193.142.146.175 - - [18/Jan/2025:11:06:08 +0000] "GET /logon.htm HTTP/1.1" 302 331 "-" "Hello World"
146.19.24.168 - - [18/Jan/2025:11:44:56 +0000] "GET / HTTP/1.1" 200 1742 "-" "-"
78.153.140.149 - - [18/Jan/2025:11:54:48 +0000] "GET /.env HTTP/1.1" 302 387 "-" "Mozilla/5.0 (Windows NT 10.0; Win64; x64) AppleWebKit/537.36 (KHTML, like Gecko) Chrome/116.0.5845.140 Safari/537.36"
78.153.140.149 - - [18/Jan/2025:11:54:49 +0000] "POST / HTTP/1.1" 200 1003 "-" "Mozilla/5.0 (Windows NT 10.0; Win64; x64) AppleWebKit/537.36 (KHTML, like Gecko) Chrome/116.0.5845.140 Safari/537.36"
206.168.34.192 - - [18/Jan/2025:12:01:12 +0000] "GET / HTTP/1.1" 200 1742 "-" "-"
206.168.34.192 - - [18/Jan/2025:12:01:18 +0000] "GET / HTTP/1.1" 200 947 "-" "Mozilla/5.0 (compatible; CensysInspect/1.1; +https://about.censys.io/)"
206.168.34.192 - - [18/Jan/2025:12:01:19 +0000] "GET /favicon.ico HTTP/1.1" 302 350 "-" "Mozilla/5.0 (compatible; CensysInspect/1.1; +https://about.censys.io/)"
206.168.34.192 - - [18/Jan/2025:12:01:19 +0000] "GET / HTTP/1.1" 200 966 "http://35.198.38.8/favicon.ico" "Mozilla/5.0 (compatible; CensysInspect/1.1; +https://about.censys.io/)"
206.168.34.192 - - [18/Jan/2025:12:01:20 +0000] "PRI * HTTP/2.0" 400 534 "-" "-"
13.64.59.29 - - [18/Jan/2025:12:11:35 +0000] "MGLNDD_35.198.38.8_80\n" 400 534 "-" "-"
47.47.12.146 - - [18/Jan/2025:12:26:54 +0000] "GET / HTTP/1.0" 200 1761 "-" "curl/7.88.1"
193.34.212.75 - - [18/Jan/2025:13:04:52 +0000] "GET / HTTP/1.1" 200 1003 "-" "Mozilla/5.0 (Windows NT 10.0; Win64; x64) AppleWebKit/537.36 (KHTML, like Gecko) Chrome/90.0.4430.85 Safari/537.36 Edg/90.0.818.46"
95.214.55.226 - - [18/Jan/2025:13:10:46 +0000] "GET / HTTP/1.1" 200 1742 "-" "-"
139.59.101.104 - - [18/Jan/2025:13:38:18 +0000] "GET /cdn-cgi/trace HTTP/1.1" 302 350 "-" "Mozilla/5.0"
139.162.71.210 - - [18/Jan/2025:13:45:46 +0000] "GET / HTTP/1.1" 200 947 "-" "Mozilla/5.0 zgrab/0.x"
5.181.190.248 - - [18/Jan/2025:13:46:00 +0000] "GET / HTTP/1.1" 200 1742 "-" "-"
78.153.140.149 - - [18/Jan/2025:13:46:51 +0000] "GET /.env HTTP/1.1" 302 387 "-" "Mozilla/5.0 (Windows NT 10.0; Win64; x64) AppleWebKit/537.36 (KHTML, like Gecko) Chrome/116.0.5845.140 Safari/537.36"
78.153.140.149 - - [18/Jan/2025:13:46:51 +0000] "POST / HTTP/1.1" 200 1003 "-" "Mozilla/5.0 (Windows NT 10.0; Win64; x64) AppleWebKit/537.36 (KHTML, like Gecko) Chrome/116.0.5845.140 Safari/537.36"
179.43.191.146 - - [18/Jan/2025:13:49:05 +0000] "GET / HTTP/1.1" 200 1003 "-" "Mozilla/5.0 (Windows NT 10.0; Win64; x64) AppleWebKit/537.36 (KHTML, like Gecko) Chrome/90.0.4430.85 Safari/537.36 Edg/90.0.818.46"
184.95.51.10 - - [18/Jan/2025:13:50:10 +0000] "GET /api/kernelspecs HTTP/1.1" 302 350 "-" "Mozilla/5.0 (Kubuntu; Linux x86_64) AppleWebKit/537.36 (KHTML, like Gecko) Chrome/124.0.0.0 Safari/537.36"
51.81.111.5 - - [18/Jan/2025:14:09:09 +0000] "GET / HTTP/1.1" 200 1761 "-" "Mozilla/5.0 (X11; Ubuntu; Linux x86_64; rv:130.0) Gecko/20100101 Firefox/130.0"
135.148.25.123 - - [18/Jan/2025:14:17:06 +0000] "GET /favicon.ico HTTP/1.1" 302 350 "-" "Mozilla/5.0 (X11; Ubuntu; Linux x86_64; rv:130.0) Gecko/20100101 Firefox/130.0"
193.142.146.175 - - [18/Jan/2025:14:33:45 +0000] "GET / HTTP/1.1" 200 1742 "-" "-"
193.142.146.175 - - [18/Jan/2025:14:33:45 +0000] "GET /logon.htm HTTP/1.1" 302 331 "-" "Hello World"
35.88.142.22 - - [18/Jan/2025:15:03:39 +0000] "GET /.git/config HTTP/1.1" 302 387 "-" "python-requests/2.25.1"
5.196.113.7 - - [18/Jan/2025:15:05:14 +0000] "\x16\x03\x03\x01\xa4\x01" 400 534 "-" "-"
5.196.113.5 - - [18/Jan/2025:15:05:18 +0000] "GET / HTTP/1.1" 200 1761 "-" "Mozilla/5.0 (X11; Ubuntu; Linux x86_64; rv:130.0) Gecko/20100101 Firefox/130.0"
153.232.81.213 - - [18/Jan/2025:15:09:45 +0000] "GET / HTTP/1.1" 200 1742 "-" "Mozilla/5.0 (Windows NT 10.0; WOW64) AppleWebKit/537.36 (KHTML, like Gecko) Chrome/51.0.2704.103 Safari/537.36"
51.178.236.251 - - [18/Jan/2025:15:11:41 +0000] "\x16\x03\x03\x01\xa4\x01" 400 534 "-" "-"
51.178.236.248 - - [18/Jan/2025:15:11:42 +0000] "GET /favicon.ico HTTP/1.1" 302 350 "-" "Mozilla/5.0 (X11; Ubuntu; Linux x86_64; rv:130.0) Gecko/20100101 Firefox/130.0"
87.120.115.34 - - [18/Jan/2025:15:16:39 +0000] "GET /_profiler/phpinfo HTTP/1.1" 302 350 "-" "Mozilla/5.0 (Macintosh; Intel Mac OS X 10_15_7) AppleWebKit/605.1.15 (KHTML, like Gecko) Version/17.4.1 Safari/605.6.21"
78.153.140.149 - - [18/Jan/2025:16:05:48 +0000] "GET /.env HTTP/1.1" 302 387 "-" "Mozilla/5.0 (Windows NT 10.0; Win64; x64) AppleWebKit/537.36 (KHTML, like Gecko) Chrome/116.0.5845.140 Safari/537.36"
78.153.140.149 - - [18/Jan/2025:16:05:49 +0000] "POST / HTTP/1.1" 200 1003 "-" "Mozilla/5.0 (Windows NT 10.0; Win64; x64) AppleWebKit/537.36 (KHTML, like Gecko) Chrome/116.0.5845.140 Safari/537.36"
193.142.146.175 - - [18/Jan/2025:16:05:51 +0000] "GET / HTTP/1.1" 200 1742 "-" "-"
193.142.146.175 - - [18/Jan/2025:16:05:51 +0000] "GET /logon.htm HTTP/1.1" 302 331 "-" "Hello World"
139.59.101.104 - - [18/Jan/2025:16:13:02 +0000] "GET /cdn-cgi/trace HTTP/1.1" 302 350 "-" "Mozilla/5.0"
185.196.220.253 - - [18/Jan/2025:16:15:06 +0000] "GET / HTTP/1.1" 200 1742 "-" "Hello World"
46.19.138.234 - - [18/Jan/2025:17:02:52 +0000] "GET / HTTP/1.1" 200 1003 "-" "Mozilla/5.0 (Windows NT 10.0; Win64; x64) AppleWebKit/537.36 (KHTML, like Gecko) Chrome/90.0.4430.85 Safari/537.36 Edg/90.0.818.46"
78.153.140.149 - - [18/Jan/2025:17:20:55 +0000] "GET /.env HTTP/1.1" 302 387 "-" "Mozilla/5.0 (Windows NT 10.0; Win64; x64) AppleWebKit/537.36 (KHTML, like Gecko) Chrome/116.0.5845.140 Safari/537.36"
78.153.140.149 - - [18/Jan/2025:17:20:56 +0000] "POST / HTTP/1.1" 200 1003 "-" "Mozilla/5.0 (Windows NT 10.0; Win64; x64) AppleWebKit/537.36 (KHTML, like Gecko) Chrome/116.0.5845.140 Safari/537.36"
167.172.90.143 - - [18/Jan/2025:17:52:24 +0000] "GET /cdn-cgi/trace HTTP/1.1" 302 350 "-" "Mozilla/5.0"
167.172.90.143 - - [18/Jan/2025:17:52:38 +0000] "\x16\x03\x01\x01\v\x01" 400 534 "-" "-"
122.116.1.10 - - [18/Jan/2025:18:03:04 +0000] "GET / HTTP/1.0" 200 1761 "-" "curl/7.88.1"
198.235.24.10 - - [18/Jan/2025:18:04:21 +0000] "GET / HTTP/1.0" 200 1761 "-" "Expanse, a Palo Alto Networks company, searches across the global IPv4 space multiple times per day to identify customers&#39; presences on the Internet. If you would like to be excluded from our scans, please send IP addresses/domains to: scaninfo@paloaltonetworks.com"
57.128.229.1 - - [18/Jan/2025:18:05:55 +0000] "GET / HTTP/1.1" 200 1003 "-" "Mozilla/5.0 (Windows NT 10.0; Win64; x64) AppleWebKit/537.36 (KHTML, like Gecko) Chrome/58.0.3029.110 Safari/537.36"
57.128.229.1 - - [18/Jan/2025:18:05:55 +0000] "GET /js/brand.js HTTP/1.1" 200 570 "-" "Mozilla/5.0 (Windows NT 10.0; Win64; x64) AppleWebKit/537.36 (KHTML, like Gecko) Chrome/58.0.3029.110 Safari/537.36"
57.128.229.1 - - [18/Jan/2025:18:05:56 +0000] "GET /js/login.js HTTP/1.1" 200 922 "-" "Mozilla/5.0 (Windows NT 10.0; Win64; x64) AppleWebKit/537.36 (KHTML, like Gecko) Chrome/58.0.3029.110 Safari/537.36"
78.153.140.149 - - [18/Jan/2025:18:12:36 +0000] "GET /.env HTTP/1.1" 302 387 "-" "Mozilla/5.0 (Windows NT 10.0; Win64; x64) AppleWebKit/537.36 (KHTML, like Gecko) Chrome/116.0.5845.140 Safari/537.36"
78.153.140.149 - - [18/Jan/2025:18:12:37 +0000] "POST / HTTP/1.1" 200 1003 "-" "Mozilla/5.0 (Windows NT 10.0; Win64; x64) AppleWebKit/537.36 (KHTML, like Gecko) Chrome/116.0.5845.140 Safari/537.36"
193.142.146.175 - - [18/Jan/2025:18:18:39 +0000] "GET / HTTP/1.1" 200 1742 "-" "-"
193.142.146.175 - - [18/Jan/2025:18:18:39 +0000] "GET /logon.htm HTTP/1.1" 302 331 "-" "Hello World"
146.19.24.168 - - [18/Jan/2025:18:46:23 +0000] "GET / HTTP/1.1" 200 1742 "-" "-"
95.214.55.185 - - [18/Jan/2025:18:55:10 +0000] "GET / HTTP/1.1" 200 1003 "-" "Mozilla/5.0 (Windows NT 10.0; Win64; x64) AppleWebKit/537.36 (KHTML, like Gecko) Chrome/90.0.4430.85 Safari/537.36 Edg/90.0.818.46"
185.16.39.104 - - [18/Jan/2025:19:27:25 +0000] "GET / HTTP/1.1" 200 1003 "-" "Mozilla/5.0 (Windows NT 10.0; Win64; x64) AppleWebKit/537.36 (KHTML, like Gecko) Chrome/90.0.4430.85 Safari/537.36 Edg/90.0.818.46"
179.43.191.146 - - [18/Jan/2025:19:31:25 +0000] "GET / HTTP/1.1" 200 1003 "-" "Mozilla/5.0 (Windows NT 10.0; Win64; x64) AppleWebKit/537.36 (KHTML, like Gecko) Chrome/90.0.4430.85 Safari/537.36 Edg/90.0.818.46"
68.56.176.109 - - [18/Jan/2025:19:32:04 +0000] "GET / HTTP/1.0" 200 1761 "-" "curl/7.88.1"
68.56.176.109 - - [18/Jan/2025:19:32:09 +0000] "GET / HTTP/1.0" 200 1761 "-" "curl/7.88.1"
205.210.31.233 - - [18/Jan/2025:19:42:39 +0000] "GET / HTTP/1.0" 200 1761 "-" "Expanse, a Palo Alto Networks company, searches across the global IPv4 space multiple times per day to identify customers&#39; presences on the Internet. If you would like to be excluded from our scans, please send IP addresses/domains to: scaninfo@paloaltonetworks.com"
146.19.24.168 - - [18/Jan/2025:19:47:06 +0000] "GET / HTTP/1.1" 200 1742 "-" "-"
78.153.140.149 - - [18/Jan/2025:20:37:22 +0000] "GET /.env HTTP/1.1" 302 387 "-" "Mozilla/5.0 (Windows NT 10.0; Win64; x64) AppleWebKit/537.36 (KHTML, like Gecko) Chrome/116.0.5845.140 Safari/537.36"
78.153.140.149 - - [18/Jan/2025:20:37:23 +0000] "POST / HTTP/1.1" 200 1003 "-" "Mozilla/5.0 (Windows NT 10.0; Win64; x64) AppleWebKit/537.36 (KHTML, like Gecko) Chrome/116.0.5845.140 Safari/537.36"
185.196.220.253 - - [18/Jan/2025:20:41:00 +0000] "GET / HTTP/1.1" 200 1742 "-" "Hello World"
47.236.255.52 - - [18/Jan/2025:20:51:39 +0000] "GET / HTTP/1.1" 200 1742 "-" "curl/7.64.1"
5.181.190.248 - - [18/Jan/2025:20:57:44 +0000] "GET / HTTP/1.1" 200 1742 "-" "-"
98.4.166.247 - - [18/Jan/2025:21:01:19 +0000] "GET / HTTP/1.0" 200 1761 "-" "curl/7.88.1"
78.153.140.149 - - [18/Jan/2025:21:03:34 +0000] "GET /.env HTTP/1.1" 302 387 "-" "Mozilla/5.0 (Windows NT 10.0; Win64; x64) AppleWebKit/537.36 (KHTML, like Gecko) Chrome/116.0.5845.140 Safari/537.36"
78.153.140.149 - - [18/Jan/2025:21:03:35 +0000] "POST / HTTP/1.1" 200 1003 "-" "Mozilla/5.0 (Windows NT 10.0; Win64; x64) AppleWebKit/537.36 (KHTML, like Gecko) Chrome/116.0.5845.140 Safari/537.36"
45.164.177.151 - - [18/Jan/2025:21:10:31 +0000] "GET /boaform/admin/formLogin?username=adminisp&psd=adminisp HTTP/1.0" 302 350 "-" "-"
193.142.146.175 - - [18/Jan/2025:21:13:42 +0000] "GET / HTTP/1.1" 200 1742 "-" "-"
193.142.146.175 - - [18/Jan/2025:21:13:43 +0000] "GET /logon.htm HTTP/1.1" 302 331 "-" "Hello World"
198.235.24.30 - - [18/Jan/2025:21:28:31 +0000] "\x16\x03\x01" 400 534 "-" "-"
198.235.24.30 - - [18/Jan/2025:21:28:32 +0000] "\x16\x03\x01" 400 534 "-" "-"
193.34.212.75 - - [18/Jan/2025:21:46:05 +0000] "GET / HTTP/1.1" 200 1003 "-" "Mozilla/5.0 (Windows NT 10.0; Win64; x64) AppleWebKit/537.36 (KHTML, like Gecko) Chrome/90.0.4430.85 Safari/537.36 Edg/90.0.818.46"
146.19.24.168 - - [18/Jan/2025:21:56:01 +0000] "GET / HTTP/1.1" 200 1742 "-" "-"
178.215.236.132 - - [18/Jan/2025:22:05:44 +0000] "GET /.env HTTP/1.1" 302 350 "-" "Mozilla/5.0 (Linux; Android 8.1.0; Redmi 6) AppleWebKit/537.36 (KHTML, like Gecko) Chrome/73.0.3683.90 Mobile Safari/537.36"
193.142.146.175 - - [18/Jan/2025:23:04:32 +0000] "GET / HTTP/1.1" 200 1742 "-" "-"
193.142.146.175 - - [18/Jan/2025:23:04:32 +0000] "GET /logon.htm HTTP/1.1" 302 331 "-" "Hello World"
91.134.4.55 - - [18/Jan/2025:23:09:50 +0000] "GET / HTTP/1.1" 200 1003 "-" "Mozilla/5.0 (Windows NT 10.0; Win64; x64) AppleWebKit/537.36 (KHTML, like Gecko) Chrome/58.0.3029.110 Safari/537.36"
91.134.4.55 - - [18/Jan/2025:23:09:50 +0000] "GET /js/brand.js HTTP/1.1" 200 570 "-" "Mozilla/5.0 (Windows NT 10.0; Win64; x64) AppleWebKit/537.36 (KHTML, like Gecko) Chrome/58.0.3029.110 Safari/537.36"
91.134.4.55 - - [18/Jan/2025:23:09:51 +0000] "GET /js/login.js HTTP/1.1" 200 922 "-" "Mozilla/5.0 (Windows NT 10.0; Win64; x64) AppleWebKit/537.36 (KHTML, like Gecko) Chrome/58.0.3029.110 Safari/537.36"
172.206.142.166 - - [18/Jan/2025:23:10:54 +0000] "GET /actuator/health HTTP/1.1" 302 331 "-" "Mozilla/5.0 zgrab/0.x"
146.19.24.18 - - [18/Jan/2025:23:32:41 +0000] "GET / HTTP/1.1" 200 1742 "-" "-"
195.3.223.40 - - [18/Jan/2025:23:46:24 +0000] "GET / HTTP/1.1" 200 1003 "-" "Mozilla/5.0 (Windows NT 10.0; Win64; x64) AppleWebKit/537.36 (KHTML, like Gecko) Chrome/90.0.4430.85 Safari/537.36 Edg/90.0.818.46"
80.82.77.202 - - [18/Jan/2025:23:50:15 +0000] "\x16\x03\x02\x01o\x01" 400 534 "-" "-"
78.153.140.149 - - [18/Jan/2025:23:51:27 +0000] "GET /.env HTTP/1.1" 302 387 "-" "Mozilla/5.0 (Windows NT 10.0; Win64; x64) AppleWebKit/537.36 (KHTML, like Gecko) Chrome/116.0.5845.140 Safari/537.36"
78.153.140.149 - - [18/Jan/2025:23:51:28 +0000] "POST / HTTP/1.1" 200 1003 "-" "Mozilla/5.0 (Windows NT 10.0; Win64; x64) AppleWebKit/537.36 (KHTML, like Gecko) Chrome/116.0.5845.140 Safari/537.36"
104.181.39.40 - - [18/Jan/2025:23:57:09 +0000] "GET / HTTP/1.0" 200 1761 "-" "Mozilla/5.0 (Linux; U; Android 4.0.3; ko-kr; LG-L160L Build/IML74K) AppleWebkit/534.30 (KHTML, like Gecko) Version/4.0 Mobile Safari/534.30"
