173.14.148.82 - - [09/Jan/2025:00:43:53 +0000] "GET / HTTP/1.0" 400 533 "-" "curl/7.88.1"
78.153.140.149 - - [09/Jan/2025:00:45:58 +0000] "GET /.env HTTP/1.1" 302 387 "-" "Mozilla/5.0 (Windows NT 10.0; Win64; x64) AppleWebKit/537.36 (KHTML, like Gecko) Chrome/116.0.5845.140 Safari/537.36"
78.153.140.149 - - [09/Jan/2025:00:45:59 +0000] "POST / HTTP/1.1" 200 1003 "-" "Mozilla/5.0 (Windows NT 10.0; Win64; x64) AppleWebKit/537.36 (KHTML, like Gecko) Chrome/116.0.5845.140 Safari/537.36"
147.185.132.37 - - [09/Jan/2025:00:46:48 +0000] "\x16\x03\x01" 400 533 "-" "-"
147.185.132.37 - - [09/Jan/2025:00:46:48 +0000] "\x16\x03\x01" 400 533 "-" "-"
185.16.39.104 - - [09/Jan/2025:00:48:16 +0000] "GET / HTTP/1.1" 200 1003 "-" "Mozilla/5.0 (Windows NT 10.0; Win64; x64) AppleWebKit/537.36 (KHTML, like Gecko) Chrome/90.0.4430.85 Safari/537.36 Edg/90.0.818.46"
193.34.212.75 - - [09/Jan/2025:01:04:46 +0000] "GET / HTTP/1.1" 200 1742 "-" "-"
5.181.190.248 - - [09/Jan/2025:01:05:15 +0000] "GET / HTTP/1.1" 200 1742 "-" "-"
20.118.69.83 - - [09/Jan/2025:01:06:08 +0000] "GET /portal/redlion HTTP/1.1" 302 331 "-" "Mozilla/5.0 zgrab/0.x"
78.153.140.149 - - [09/Jan/2025:01:14:23 +0000] "GET /.env HTTP/1.1" 302 387 "-" "Mozilla/5.0 (Windows NT 10.0; Win64; x64) AppleWebKit/537.36 (KHTML, like Gecko) Chrome/116.0.5845.140 Safari/537.36"
78.153.140.149 - - [09/Jan/2025:01:14:24 +0000] "POST / HTTP/1.1" 200 1003 "-" "Mozilla/5.0 (Windows NT 10.0; Win64; x64) AppleWebKit/537.36 (KHTML, like Gecko) Chrome/116.0.5845.140 Safari/537.36"
14.51.137.135 - - [09/Jan/2025:01:56:01 +0000] "GET / HTTP/1.0" 400 533 "-" "curl/7.88.1"
162.216.149.192 - - [09/Jan/2025:01:56:42 +0000] "GET / HTTP/1.1" 200 947 "-" "Expanse, a Palo Alto Networks company, searches across the global IPv4 space multiple times per day to identify customers&#39; presences on the Internet. If you would like to be excluded from our scans, please send IP addresses/domains to: scaninfo@paloaltonetworks.com"
185.196.220.253 - - [09/Jan/2025:01:57:42 +0000] "GET / HTTP/1.1" 200 1742 "-" "Hello World"
152.42.247.210 - - [09/Jan/2025:02:13:13 +0000] "GET /cdn-cgi/trace HTTP/1.1" 302 350 "-" "Mozilla/5.0"
152.42.247.210 - - [09/Jan/2025:02:13:18 +0000] "\x16\x03\x01\x01\v\x01" 400 533 "-" "-"
172.212.60.217 - - [09/Jan/2025:02:17:13 +0000] "GET /manager/text/list HTTP/1.1" 302 331 "-" "Mozilla/5.0 zgrab/0.x"
78.153.140.149 - - [09/Jan/2025:02:35:04 +0000] "GET /.env HTTP/1.1" 302 387 "-" "Mozilla/5.0 (Windows NT 10.0; Win64; x64) AppleWebKit/537.36 (KHTML, like Gecko) Chrome/116.0.5845.140 Safari/537.36"
78.153.140.149 - - [09/Jan/2025:02:35:04 +0000] "POST / HTTP/1.1" 200 1003 "-" "Mozilla/5.0 (Windows NT 10.0; Win64; x64) AppleWebKit/537.36 (KHTML, like Gecko) Chrome/116.0.5845.140 Safari/537.36"
87.121.79.3 - - [09/Jan/2025:02:39:19 +0000] "GET / HTTP/1.1" 200 1003 "-" "Mozilla/5.0 (Windows NT 10.0; Win64; x64) AppleWebKit/537.36 (KHTML, like Gecko) Chrome/90.0.4430.85 Safari/537.36 Edg/90.0.818.46"
179.43.191.146 - - [09/Jan/2025:02:46:59 +0000] "GET / HTTP/1.1" 200 1003 "-" "Mozilla/5.0 (Windows NT 10.0; Win64; x64) AppleWebKit/537.36 (KHTML, like Gecko) Chrome/90.0.4430.85 Safari/537.36 Edg/90.0.818.46"
80.82.77.202 - - [09/Jan/2025:02:59:31 +0000] "GET / HTTP/1.0" 200 1761 "-" "Mozilla/5.0 (Macintosh; Intel Mac OS X 10_11_6) AppleWebKit/537.36 (KHTML, like Gecko) Chrome/64.0.3282.186 Safari/537.36"
46.19.138.234 - - [09/Jan/2025:02:59:59 +0000] "GET / HTTP/1.1" 200 1003 "-" "Mozilla/5.0 (Windows NT 10.0; Win64; x64) AppleWebKit/537.36 (KHTML, like Gecko) Chrome/90.0.4430.85 Safari/537.36 Edg/90.0.818.46"
64.23.201.216 - - [09/Jan/2025:03:15:13 +0000] "GET /admin/assets/js/views/login.js HTTP/1.0" 302 350 "-" "xfa1"
35.202.9.133 - - [09/Jan/2025:03:53:38 +0000] "GET / HTTP/1.1" 200 947 "-" "Mozilla/5.0 (compatible; tchelebi/1.0; +http://tchelebi.io)"
175.203.249.6 - - [09/Jan/2025:04:04:13 +0000] "GET / HTTP/1.0" 400 533 "-" "curl/7.88.1"
193.34.212.75 - - [09/Jan/2025:04:17:53 +0000] "GET / HTTP/1.1" 200 1742 "-" "-"
179.43.191.146 - - [09/Jan/2025:04:19:30 +0000] "GET / HTTP/1.1" 200 1003 "-" "Mozilla/5.0 (Windows NT 10.0; Win64; x64) AppleWebKit/537.36 (KHTML, like Gecko) Chrome/90.0.4430.85 Safari/537.36 Edg/90.0.818.46"
78.153.140.149 - - [09/Jan/2025:04:22:40 +0000] "GET /.env HTTP/1.1" 302 387 "-" "Mozilla/5.0 (Windows NT 10.0; Win64; x64) AppleWebKit/537.36 (KHTML, like Gecko) Chrome/116.0.5845.140 Safari/537.36"
78.153.140.149 - - [09/Jan/2025:04:22:40 +0000] "POST / HTTP/1.1" 200 1003 "-" "Mozilla/5.0 (Windows NT 10.0; Win64; x64) AppleWebKit/537.36 (KHTML, like Gecko) Chrome/116.0.5845.140 Safari/537.36"
93.174.93.12 - - [09/Jan/2025:04:27:51 +0000] "\x16\x03\x02\x01o\x01" 400 533 "-" "-"
119.201.200.233 - - [09/Jan/2025:04:30:29 +0000] "GET / HTTP/1.0" 400 533 "-" "curl/7.88.1"
195.3.223.55 - - [09/Jan/2025:04:42:31 +0000] "GET / HTTP/1.1" 200 1003 "-" "Mozilla/5.0 (Windows NT 10.0; Win64; x64) AppleWebKit/537.36 (KHTML, like Gecko) Chrome/90.0.4430.85 Safari/537.36 Edg/90.0.818.46"
78.153.140.149 - - [09/Jan/2025:04:53:02 +0000] "GET /.env HTTP/1.1" 302 387 "-" "Mozilla/5.0 (Windows NT 10.0; Win64; x64) AppleWebKit/537.36 (KHTML, like Gecko) Chrome/116.0.5845.140 Safari/537.36"
78.153.140.149 - - [09/Jan/2025:04:53:02 +0000] "POST / HTTP/1.1" 200 1003 "-" "Mozilla/5.0 (Windows NT 10.0; Win64; x64) AppleWebKit/537.36 (KHTML, like Gecko) Chrome/116.0.5845.140 Safari/537.36"
167.94.145.106 - - [09/Jan/2025:04:57:57 +0000] "GET / HTTP/1.1" 200 1742 "-" "-"
167.94.145.106 - - [09/Jan/2025:04:58:02 +0000] "GET / HTTP/1.1" 200 947 "-" "Mozilla/5.0 (compatible; CensysInspect/1.1; +https://about.censys.io/)"
167.94.145.106 - - [09/Jan/2025:04:58:03 +0000] "GET /favicon.ico HTTP/1.1" 302 350 "-" "Mozilla/5.0 (compatible; CensysInspect/1.1; +https://about.censys.io/)"
167.94.145.106 - - [09/Jan/2025:04:58:03 +0000] "GET / HTTP/1.1" 200 966 "http://34.176.179.0/favicon.ico" "Mozilla/5.0 (compatible; CensysInspect/1.1; +https://about.censys.io/)"
167.94.145.106 - - [09/Jan/2025:04:58:04 +0000] "PRI * HTTP/2.0" 400 533 "-" "-"
222.149.38.95 - - [09/Jan/2025:05:03:30 +0000] "GET / HTTP/1.0" 400 533 "-" "curl/7.88.1"
154.213.184.132 - - [09/Jan/2025:05:04:24 +0000] "CONNECT google.com:443 HTTP/1.1" 302 331 "-" "Go-http-client/1.1"
78.153.140.149 - - [09/Jan/2025:05:08:33 +0000] "GET /.env HTTP/1.1" 302 387 "-" "Mozilla/5.0 (Windows NT 10.0; Win64; x64) AppleWebKit/537.36 (KHTML, like Gecko) Chrome/116.0.5845.140 Safari/537.36"
78.153.140.149 - - [09/Jan/2025:05:08:33 +0000] "POST / HTTP/1.1" 200 1003 "-" "Mozilla/5.0 (Windows NT 10.0; Win64; x64) AppleWebKit/537.36 (KHTML, like Gecko) Chrome/116.0.5845.140 Safari/537.36"
122.116.81.92 - - [09/Jan/2025:05:10:38 +0000] "GET / HTTP/1.0" 400 533 "-" "curl/7.88.1"
87.121.79.3 - - [09/Jan/2025:05:44:33 +0000] "GET / HTTP/1.1" 200 1003 "-" "Mozilla/5.0 (Windows NT 10.0; Win64; x64) AppleWebKit/537.36 (KHTML, like Gecko) Chrome/90.0.4430.85 Safari/537.36 Edg/90.0.818.46"
45.79.128.205 - - [09/Jan/2025:05:46:30 +0000] "\x16\x03\x01" 400 533 "-" "-"
87.121.79.3 - - [09/Jan/2025:05:52:12 +0000] "GET / HTTP/1.1" 200 1003 "-" "Mozilla/5.0 (Windows NT 10.0; Win64; x64) AppleWebKit/537.36 (KHTML, like Gecko) Chrome/90.0.4430.85 Safari/537.36 Edg/90.0.818.46"
80.82.77.202 - - [09/Jan/2025:06:02:00 +0000] "\x16\x03\x02\x01o\x01" 400 533 "-" "-"
93.42.132.177 - - [09/Jan/2025:06:12:58 +0000] "GET / HTTP/1.0" 200 1761 "-" "-"
198.235.24.155 - - [09/Jan/2025:06:13:03 +0000] "\x16\x03\x01" 400 533 "-" "-"
198.235.24.155 - - [09/Jan/2025:06:13:03 +0000] "\x16\x03\x01" 400 533 "-" "-"
91.223.3.201 - - [09/Jan/2025:06:19:08 +0000] "GET / HTTP/1.1" 200 1003 "-" "Mozilla/5.0 (Windows NT 10.0; Win64; x64) AppleWebKit/537.36 (KHTML, like Gecko) Chrome/90.0.4430.85 Safari/537.36 Edg/90.0.818.46"
65.49.1.41 - - [09/Jan/2025:06:19:31 +0000] "GET / HTTP/1.1" 200 947 "-" "Mozilla/5.0 (Macintosh; Intel Mac OS X 10_15_7) AppleWebKit/605.1.15 (KHTML, like Gecko) Version/17.1 Safari/605.1.15"
65.49.1.43 - - [09/Jan/2025:06:22:29 +0000] "GET /favicon.ico HTTP/1.1" 302 331 "-" "Mozilla/5.0 (X11; Linux x86_64) AppleWebKit/537.36 (KHTML, like Gecko) HeadlessChrome/122.0.6261.94 Safari/537.36"
65.49.1.49 - - [09/Jan/2025:06:23:09 +0000] "GET /geoserver/web/ HTTP/1.1" 302 331 "-" "Mozilla/5.0 (Macintosh; Intel Mac OS X 10_15_7) AppleWebKit/605.1.15 (KHTML, like Gecko) Version/17.1 Safari/605.1.15"
157.230.181.227 - - [09/Jan/2025:06:34:31 +0000] "POST /wsman HTTP/1.1" 302 350 "-" "Mozilla/5.0 (Macintosh; Intel Mac OS X 10_15_7) AppleWebKit/537.36 (KHTML, like Gecko) Chrome/92.0.4515.159 Safari/537.36"
72.14.187.71 - - [09/Jan/2025:06:34:31 +0000] "GET / HTTP/1.1" 200 966 "-" "Mozilla/5.0 (Macintosh; Intel Mac OS X 10_15_7) AppleWebKit/537.36 (KHTML, like Gecko) Chrome/92.0.4515.159 Safari/537.36"
157.230.181.227 - - [09/Jan/2025:06:34:31 +0000] "GET / HTTP/1.1" 200 966 "http://34.176.179.0:80/wsman" "Mozilla/5.0 (Macintosh; Intel Mac OS X 10_15_7) AppleWebKit/537.36 (KHTML, like Gecko) Chrome/92.0.4515.159 Safari/537.36"
66.175.217.11 - - [09/Jan/2025:06:34:31 +0000] "GET / HTTP/1.1" 200 1742 "-" "Mozilla/5.0 (Windows NT 10.0; Win64; x64) AppleWebKit/537.36 (KHTML, like Gecko) Chrome/109.0.0.0 Safari/537.36"
194.195.210.60 - - [09/Jan/2025:06:34:32 +0000] "GET /auth1.html HTTP/1.1" 302 350 "-" "Mozilla/5.0 (Macintosh; Intel Mac OS X 10_15_7) AppleWebKit/537.36 (KHTML, like Gecko) Chrome/92.0.4515.159 Safari/537.36"
194.195.210.60 - - [09/Jan/2025:06:34:32 +0000] "GET /api/sonicos/auth HTTP/1.1" 302 350 "-" "Mozilla/5.0 (Macintosh; Intel Mac OS X 10_15_7) AppleWebKit/537.36 (KHTML, like Gecko) Chrome/92.0.4515.159 Safari/537.36"
194.195.210.60 - - [09/Jan/2025:06:34:32 +0000] "GET /sslvpnLogin.html HTTP/1.1" 302 350 "-" "Mozilla/5.0 (Macintosh; Intel Mac OS X 10_15_7) AppleWebKit/537.36 (KHTML, like Gecko) Chrome/92.0.4515.159 Safari/537.36"
194.195.210.60 - - [09/Jan/2025:06:34:32 +0000] "GET / HTTP/1.1" 200 966 "-" "Mozilla/5.0 (Macintosh; Intel Mac OS X 10_15_7) AppleWebKit/537.36 (KHTML, like Gecko) Chrome/92.0.4515.159 Safari/537.36"
194.195.210.60 - - [09/Jan/2025:06:34:32 +0000] "GET /auth.html HTTP/1.1" 302 350 "-" "Mozilla/5.0 (Macintosh; Intel Mac OS X 10_15_7) AppleWebKit/537.36 (KHTML, like Gecko) Chrome/92.0.4515.159 Safari/537.36"
194.195.210.60 - - [09/Jan/2025:06:34:32 +0000] "GET /api/sonicos/tfa HTTP/1.1" 302 350 "-" "Mozilla/5.0 (Macintosh; Intel Mac OS X 10_15_7) AppleWebKit/537.36 (KHTML, like Gecko) Chrome/92.0.4515.159 Safari/537.36"
194.195.210.60 - - [09/Jan/2025:06:34:32 +0000] "GET / HTTP/1.1" 200 966 "http://34.176.179.0:80/api/sonicos/auth" "Mozilla/5.0 (Macintosh; Intel Mac OS X 10_15_7) AppleWebKit/537.36 (KHTML, like Gecko) Chrome/92.0.4515.159 Safari/537.36"
194.195.210.60 - - [09/Jan/2025:06:34:32 +0000] "GET / HTTP/1.1" 200 966 "http://34.176.179.0:80/auth1.html" "Mozilla/5.0 (Macintosh; Intel Mac OS X 10_15_7) AppleWebKit/537.36 (KHTML, like Gecko) Chrome/92.0.4515.159 Safari/537.36"
194.195.210.60 - - [09/Jan/2025:06:34:32 +0000] "GET / HTTP/1.1" 200 966 "http://34.176.179.0:80/auth.html" "Mozilla/5.0 (Macintosh; Intel Mac OS X 10_15_7) AppleWebKit/537.36 (KHTML, like Gecko) Chrome/92.0.4515.159 Safari/537.36"
194.195.210.60 - - [09/Jan/2025:06:34:32 +0000] "GET / HTTP/1.1" 200 966 "http://34.176.179.0:80/sslvpnLogin.html" "Mozilla/5.0 (Macintosh; Intel Mac OS X 10_15_7) AppleWebKit/537.36 (KHTML, like Gecko) Chrome/92.0.4515.159 Safari/537.36"
194.195.210.60 - - [09/Jan/2025:06:34:32 +0000] "GET / HTTP/1.1" 200 966 "http://34.176.179.0:80/api/sonicos/tfa" "Mozilla/5.0 (Macintosh; Intel Mac OS X 10_15_7) AppleWebKit/537.36 (KHTML, like Gecko) Chrome/92.0.4515.159 Safari/537.36"
165.227.27.211 - - [09/Jan/2025:06:34:58 +0000] "GET / HTTP/1.0" 200 1761 "-" "-"
45.56.101.131 - - [09/Jan/2025:06:35:15 +0000] "GET / HTTP/1.0" 200 1761 "-" "-"
45.56.101.131 - - [09/Jan/2025:06:35:17 +0000] "Gh0st\xad" 400 533 "-" "-"
45.56.101.131 - - [09/Jan/2025:06:35:21 +0000] "HELP" 400 533 "-" "-"
45.56.101.131 - - [09/Jan/2025:06:35:21 +0000] "\x1b\x84\xd5\xb0]\xf4\xc4\x93\xc50\xc2X\x8c\xda\xb1\xd7\xac\xafn\x1d\xe1\x1e\x1a3*\x85\xb7\x1d'\xb1\xc9k\xbf\xf0\xbc\n" 400 533 "-" "-"
45.56.101.131 - - [09/Jan/2025:06:35:23 +0000] "\x16\x03\x01" 400 533 "-" "-"
45.56.101.131 - - [09/Jan/2025:06:35:25 +0000] "\xbd\xff\x9e\xffE\xff\x9e\xff\xbd\xff\x9e\xff\xa4\xff\x86\xff\xc4\xff\xbe\xff\xc7\xff\xdb\xff\xee\xff\xd9\xff\xed\xff\xa4\xff\x9d\xff\xcf\xff\xd8\xff\xe5\xff\x04\xff\x12\xff0\xff\xb1\xff\xbd\xff\xe7\xff\xe2\xff\xdd\xff\xdc\xff\xde\xff\xc8\xff\xcc\xff\xbe\xff\xf8\xff&\xff\x01\xff\x0f\xff\xf5\xff\x06\xff\xff\xff\xf7\xff!\xff\xde\xff\x02\xff&\xff\x0c\xff\x01\xff\xf5\xff\n" 400 533 "-" "-"
50.116.4.252 - - [09/Jan/2025:06:35:27 +0000] "GET / HTTP/1.1" 200 947 "-" "Mozilla/5.0 (Windows NT 10.0; Win64; x64) AppleWebKit/537.36 (KHTML, like Gecko) Chrome/83.0.4103.61 Safari/537.36"
50.116.4.252 - - [09/Jan/2025:06:35:27 +0000] "GET /favicon.ico HTTP/1.1" 302 331 "-" "Mozilla/5.0 (Windows NT 10.0; Win64; x64) AppleWebKit/537.36 (KHTML, like Gecko) Chrome/83.0.4103.61 Safari/537.36"
50.116.4.252 - - [09/Jan/2025:06:35:27 +0000] "GET / HTTP/1.1" 200 889 "-" "Mozilla/5.0 (Windows NT 10.0; Win64; x64) AppleWebKit/537.36 (KHTML, like Gecko) Chrome/83.0.4103.61 Safari/537.36"
185.16.39.104 - - [09/Jan/2025:06:37:04 +0000] "GET / HTTP/1.1" 200 1003 "-" "Mozilla/5.0 (Windows NT 10.0; Win64; x64) AppleWebKit/537.36 (KHTML, like Gecko) Chrome/90.0.4430.85 Safari/537.36 Edg/90.0.818.46"
50.116.4.252 - - [09/Jan/2025:06:41:16 +0000] "GET / HTTP/1.1" 200 1003 "-" "Mozilla/5.0 (Windows NT 10.0; Win64; x64) AppleWebKit/537.36 (KHTML, like Gecko) Chrome/83.0.4103.61 Safari/537.36"
50.116.4.252 - - [09/Jan/2025:06:41:16 +0000] "GET /js/brand.js HTTP/1.1" 200 569 "http://34.176.179.0/" "Mozilla/5.0 (Windows NT 10.0; Win64; x64) AppleWebKit/537.36 (KHTML, like Gecko) Chrome/83.0.4103.61 Safari/537.36"
50.116.4.252 - - [09/Jan/2025:06:41:17 +0000] "GET /js/login.js HTTP/1.1" 200 922 "http://34.176.179.0/" "Mozilla/5.0 (Windows NT 10.0; Win64; x64) AppleWebKit/537.36 (KHTML, like Gecko) Chrome/83.0.4103.61 Safari/537.36"
50.116.4.252 - - [09/Jan/2025:06:41:17 +0000] "GET /js/utils/json-manipulator.js HTTP/1.1" 200 564 "http://34.176.179.0/js/brand.js" "Mozilla/5.0 (Windows NT 10.0; Win64; x64) AppleWebKit/537.36 (KHTML, like Gecko) Chrome/83.0.4103.61 Safari/537.36"
50.116.4.252 - - [09/Jan/2025:06:41:17 +0000] "GET /js/services/LoggerService.js HTTP/1.1" 200 1344 "http://34.176.179.0/js/login.js" "Mozilla/5.0 (Windows NT 10.0; Win64; x64) AppleWebKit/537.36 (KHTML, like Gecko) Chrome/83.0.4103.61 Safari/537.36"
193.34.212.75 - - [09/Jan/2025:06:42:48 +0000] "GET / HTTP/1.1" 200 1742 "-" "-"
112.186.34.220 - - [09/Jan/2025:07:27:53 +0000] "GET / HTTP/1.0" 400 533 "-" "curl/7.88.1"
78.153.140.149 - - [09/Jan/2025:07:31:56 +0000] "GET /.env HTTP/1.1" 302 387 "-" "Mozilla/5.0 (Windows NT 10.0; Win64; x64) AppleWebKit/537.36 (KHTML, like Gecko) Chrome/116.0.5845.140 Safari/537.36"
78.153.140.149 - - [09/Jan/2025:07:31:56 +0000] "POST / HTTP/1.1" 200 1003 "-" "Mozilla/5.0 (Windows NT 10.0; Win64; x64) AppleWebKit/537.36 (KHTML, like Gecko) Chrome/116.0.5845.140 Safari/537.36"
14.37.72.151 - - [09/Jan/2025:07:41:38 +0000] "GET / HTTP/1.0" 400 533 "-" "curl/7.88.1"
47.237.115.100 - - [09/Jan/2025:07:58:05 +0000] "\x16\x03\x01" 400 533 "-" "-"
78.153.140.149 - - [09/Jan/2025:08:26:19 +0000] "GET /.env HTTP/1.1" 302 387 "-" "Mozilla/5.0 (Windows NT 10.0; Win64; x64) AppleWebKit/537.36 (KHTML, like Gecko) Chrome/116.0.5845.140 Safari/537.36"
78.153.140.149 - - [09/Jan/2025:08:26:19 +0000] "POST / HTTP/1.1" 200 1003 "-" "Mozilla/5.0 (Windows NT 10.0; Win64; x64) AppleWebKit/537.36 (KHTML, like Gecko) Chrome/116.0.5845.140 Safari/537.36"
185.196.220.253 - - [09/Jan/2025:08:26:56 +0000] "GET / HTTP/1.1" 200 1742 "-" "Hello World"
165.154.36.91 - - [09/Jan/2025:08:35:35 +0000] "GET / HTTP/1.1" 200 1742 "-" "-"
18.118.133.247 - - [09/Jan/2025:08:45:39 +0000] "\x16\x03\x01" 400 533 "-" "-"
18.118.133.247 - - [09/Jan/2025:08:46:59 +0000] "GET / HTTP/1.1" 200 947 "-" "Mozilla/5.0 (Macintosh; Intel Mac OS X 10_15_7) Chrome/126.0.0.0 Safari/537.36"
78.153.140.149 - - [09/Jan/2025:08:47:05 +0000] "GET /.env HTTP/1.1" 302 387 "-" "Mozilla/5.0 (Windows NT 10.0; Win64; x64) AppleWebKit/537.36 (KHTML, like Gecko) Chrome/116.0.5845.140 Safari/537.36"
78.153.140.149 - - [09/Jan/2025:08:47:05 +0000] "POST / HTTP/1.1" 200 1003 "-" "Mozilla/5.0 (Windows NT 10.0; Win64; x64) AppleWebKit/537.36 (KHTML, like Gecko) Chrome/116.0.5845.140 Safari/537.36"
46.19.138.234 - - [09/Jan/2025:09:14:41 +0000] "GET / HTTP/1.1" 200 1003 "-" "Mozilla/5.0 (Windows NT 10.0; Win64; x64) AppleWebKit/537.36 (KHTML, like Gecko) Chrome/90.0.4430.85 Safari/537.36 Edg/90.0.818.46"
176.115.36.72 - - [09/Jan/2025:09:33:11 +0000] "GET / HTTP/1.1" 200 1742 "-" "Mozilla/5.0 (Windows NT 10.0; WOW64) AppleWebKit/537.36 (KHTML, like Gecko) Chrome/52.0.2743.116 Safari/537.36"
185.91.127.81 - - [09/Jan/2025:09:42:50 +0000] "CONNECT api.ip.pn:443 HTTP/1.1" 302 350 "-" "Mozilla/5.0"
167.71.224.8 - - [09/Jan/2025:09:43:53 +0000] "GET / HTTP/1.1" 200 947 "-" "Mozilla/5.0 (compatible)"
167.71.224.8 - - [09/Jan/2025:09:43:54 +0000] "GET /favicon.ico HTTP/1.1" 302 331 "http://34.176.179.0/" "Mozilla/5.0 (compatible)"
45.79.181.251 - - [09/Jan/2025:09:50:28 +0000] "\x16\x03\x01" 400 533 "-" "-"
45.79.181.223 - - [09/Jan/2025:09:54:45 +0000] "\x16\x03\x01" 400 533 "-" "-"
195.3.223.55 - - [09/Jan/2025:10:00:52 +0000] "GET / HTTP/1.1" 200 1003 "-" "Mozilla/5.0 (Windows NT 10.0; Win64; x64) AppleWebKit/537.36 (KHTML, like Gecko) Chrome/90.0.4430.85 Safari/537.36 Edg/90.0.818.46"
45.140.17.52 - - [09/Jan/2025:10:13:41 +0000] "\x03" 400 533 "-" "-"
64.23.201.216 - - [09/Jan/2025:10:14:03 +0000] "GET /admin/assets/js/views/login.js HTTP/1.0" 302 350 "-" "xfa1"
193.34.212.75 - - [09/Jan/2025:10:20:50 +0000] "GET / HTTP/1.1" 200 1742 "-" "-"
179.43.191.146 - - [09/Jan/2025:10:26:43 +0000] "GET / HTTP/1.1" 200 1003 "-" "Mozilla/5.0 (Windows NT 10.0; Win64; x64) AppleWebKit/537.36 (KHTML, like Gecko) Chrome/90.0.4430.85 Safari/537.36 Edg/90.0.818.46"
78.153.140.149 - - [09/Jan/2025:10:33:52 +0000] "GET /.env HTTP/1.1" 302 387 "-" "Mozilla/5.0 (Windows NT 10.0; Win64; x64) AppleWebKit/537.36 (KHTML, like Gecko) Chrome/116.0.5845.140 Safari/537.36"
78.153.140.149 - - [09/Jan/2025:10:33:53 +0000] "POST / HTTP/1.1" 200 1003 "-" "Mozilla/5.0 (Windows NT 10.0; Win64; x64) AppleWebKit/537.36 (KHTML, like Gecko) Chrome/116.0.5845.140 Safari/537.36"
154.213.184.132 - - [09/Jan/2025:11:08:34 +0000] "CONNECT google.com:443 HTTP/1.1" 302 331 "-" "Go-http-client/1.1"
78.153.140.149 - - [09/Jan/2025:11:33:57 +0000] "GET /.env HTTP/1.1" 302 387 "-" "Mozilla/5.0 (Windows NT 10.0; Win64; x64) AppleWebKit/537.36 (KHTML, like Gecko) Chrome/116.0.5845.140 Safari/537.36"
78.153.140.149 - - [09/Jan/2025:11:33:58 +0000] "POST / HTTP/1.1" 200 1003 "-" "Mozilla/5.0 (Windows NT 10.0; Win64; x64) AppleWebKit/537.36 (KHTML, like Gecko) Chrome/116.0.5845.140 Safari/537.36"
114.166.231.106 - - [09/Jan/2025:11:35:21 +0000] "GET / HTTP/1.0" 400 533 "-" "curl/7.88.1"
121.144.67.140 - - [09/Jan/2025:11:43:18 +0000] "GET / HTTP/1.0" 400 533 "-" "curl/7.88.1"
185.16.39.104 - - [09/Jan/2025:12:11:12 +0000] "GET / HTTP/1.1" 200 1003 "-" "Mozilla/5.0 (Windows NT 10.0; Win64; x64) AppleWebKit/537.36 (KHTML, like Gecko) Chrome/90.0.4430.85 Safari/537.36 Edg/90.0.818.46"
154.213.184.23 - - [09/Jan/2025:12:19:59 +0000] "CONNECT web.realsysadm.in:443 HTTP/1.1" 302 331 "-" "Go-http-client/1.1"
74.82.47.3 - - [09/Jan/2025:12:46:05 +0000] "\x16\x03\x01" 400 533 "-" "-"
91.223.3.201 - - [09/Jan/2025:13:01:06 +0000] "GET / HTTP/1.1" 200 1003 "-" "Mozilla/5.0 (Windows NT 10.0; Win64; x64) AppleWebKit/537.36 (KHTML, like Gecko) Chrome/90.0.4430.85 Safari/537.36 Edg/90.0.818.46"
34.38.239.34 - - [09/Jan/2025:13:05:32 +0000] "GET / HTTP/1.1" 200 1003 "-" "python-requests/2.32.3"
57.151.48.46 - - [09/Jan/2025:13:09:40 +0000] "GET /hudson HTTP/1.1" 302 331 "-" "Mozilla/5.0 zgrab/0.x"
121.151.9.187 - - [09/Jan/2025:13:10:20 +0000] "GET / HTTP/1.0" 400 533 "-" "curl/7.88.1"
193.34.212.75 - - [09/Jan/2025:13:23:17 +0000] "GET / HTTP/1.1" 200 1742 "-" "-"
45.83.66.125 - - [09/Jan/2025:13:36:56 +0000] "GET / HTTP/1.1" 200 1003 "-" "Mozilla/5.0 (Windows NT 10.0; Win64; x64; rv:65.0) Gecko/20100101 Firefox/65.0"
45.83.64.130 - - [09/Jan/2025:13:36:58 +0000] "GET /favicon.ico HTTP/1.1" 302 387 "-" "Mozilla/5.0 (Windows NT 10.0; Win64; x64; rv:65.0) Gecko/20100101 Firefox/65.0"
45.83.64.130 - - [09/Jan/2025:13:36:58 +0000] "GET / HTTP/1.1" 200 1002 "http://34.176.179.0:80/favicon.ico" "Mozilla/5.0 (Windows NT 10.0; Win64; x64; rv:65.0) Gecko/20100101 Firefox/65.0"
172.105.128.13 - - [09/Jan/2025:13:45:34 +0000] "\x16\x03\x01" 400 533 "-" "-"
78.153.140.149 - - [09/Jan/2025:13:50:31 +0000] "GET /.env HTTP/1.1" 302 387 "-" "Mozilla/5.0 (Windows NT 10.0; Win64; x64) AppleWebKit/537.36 (KHTML, like Gecko) Chrome/116.0.5845.140 Safari/537.36"
78.153.140.149 - - [09/Jan/2025:13:50:32 +0000] "POST / HTTP/1.1" 200 1003 "-" "Mozilla/5.0 (Windows NT 10.0; Win64; x64) AppleWebKit/537.36 (KHTML, like Gecko) Chrome/116.0.5845.140 Safari/537.36"
193.200.78.250 - - [09/Jan/2025:14:09:03 +0000] "GET / HTTP/1.1" 200 1003 "-" "Mozilla/5.0 (Windows NT 10.0; Win64; x64) AppleWebKit/537.36 (KHTML, like Gecko) Chrome/90.0.4430.85 Safari/537.36 Edg/90.0.818.46"
206.168.34.213 - - [09/Jan/2025:14:22:08 +0000] "GET / HTTP/1.1" 200 1742 "-" "-"
206.168.34.213 - - [09/Jan/2025:14:22:17 +0000] "GET / HTTP/1.1" 200 947 "-" "Mozilla/5.0 (compatible; CensysInspect/1.1; +https://about.censys.io/)"
206.168.34.213 - - [09/Jan/2025:14:22:18 +0000] "GET /favicon.ico HTTP/1.1" 302 350 "-" "Mozilla/5.0 (compatible; CensysInspect/1.1; +https://about.censys.io/)"
206.168.34.213 - - [09/Jan/2025:14:22:19 +0000] "GET / HTTP/1.1" 200 966 "http://34.176.179.0/favicon.ico" "Mozilla/5.0 (compatible; CensysInspect/1.1; +https://about.censys.io/)"
206.168.34.213 - - [09/Jan/2025:14:22:21 +0000] "PRI * HTTP/2.0" 400 533 "-" "-"
162.142.125.211 - - [09/Jan/2025:14:28:31 +0000] "GET / HTTP/1.1" 200 1742 "-" "-"
162.142.125.211 - - [09/Jan/2025:14:28:39 +0000] "GET / HTTP/1.1" 200 947 "-" "Mozilla/5.0 (compatible; CensysInspect/1.1; +https://about.censys.io/)"
162.142.125.211 - - [09/Jan/2025:14:28:40 +0000] "GET /favicon.ico HTTP/1.1" 302 350 "-" "Mozilla/5.0 (compatible; CensysInspect/1.1; +https://about.censys.io/)"
162.142.125.211 - - [09/Jan/2025:14:28:40 +0000] "GET / HTTP/1.1" 200 966 "http://0.179.176.34.bc.googleusercontent.com/favicon.ico" "Mozilla/5.0 (compatible; CensysInspect/1.1; +https://about.censys.io/)"
162.142.125.211 - - [09/Jan/2025:14:28:41 +0000] "PRI * HTTP/2.0" 400 533 "-" "-"
195.3.223.55 - - [09/Jan/2025:14:52:47 +0000] "GET / HTTP/1.1" 200 1003 "-" "Mozilla/5.0 (Windows NT 10.0; Win64; x64) AppleWebKit/537.36 (KHTML, like Gecko) Chrome/90.0.4430.85 Safari/537.36 Edg/90.0.818.46"
46.19.138.234 - - [09/Jan/2025:14:57:25 +0000] "GET / HTTP/1.1" 200 1003 "-" "Mozilla/5.0 (Windows NT 10.0; Win64; x64) AppleWebKit/537.36 (KHTML, like Gecko) Chrome/90.0.4430.85 Safari/537.36 Edg/90.0.818.46"
45.140.17.52 - - [09/Jan/2025:15:02:11 +0000] "\x03" 400 533 "-" "-"
87.121.79.3 - - [09/Jan/2025:15:02:33 +0000] "GET / HTTP/1.1" 200 1003 "-" "Mozilla/5.0 (Windows NT 10.0; Win64; x64) AppleWebKit/537.36 (KHTML, like Gecko) Chrome/90.0.4430.85 Safari/537.36 Edg/90.0.818.46"
185.196.220.253 - - [09/Jan/2025:15:04:39 +0000] "GET / HTTP/1.1" 200 1742 "-" "Hello World"
78.153.140.149 - - [09/Jan/2025:15:14:00 +0000] "GET /.env HTTP/1.1" 302 387 "-" "Mozilla/5.0 (Windows NT 10.0; Win64; x64) AppleWebKit/537.36 (KHTML, like Gecko) Chrome/116.0.5845.140 Safari/537.36"
78.153.140.149 - - [09/Jan/2025:15:14:01 +0000] "POST / HTTP/1.1" 200 1003 "-" "Mozilla/5.0 (Windows NT 10.0; Win64; x64) AppleWebKit/537.36 (KHTML, like Gecko) Chrome/116.0.5845.140 Safari/537.36"
49.143.109.139 - - [09/Jan/2025:15:29:28 +0000] "GET / HTTP/1.0" 400 533 "-" "curl/7.88.1"
172.169.111.12 - - [09/Jan/2025:15:41:18 +0000] "MGLNDD_34.176.179.0_80\n" 400 533 "-" "-"
59.23.83.226 - - [09/Jan/2025:15:46:14 +0000] "GET / HTTP/1.0" 400 533 "-" "curl/7.88.1"
78.153.140.149 - - [09/Jan/2025:15:51:15 +0000] "GET /.env HTTP/1.1" 302 387 "-" "Mozilla/5.0 (Windows NT 10.0; Win64; x64) AppleWebKit/537.36 (KHTML, like Gecko) Chrome/116.0.5845.140 Safari/537.36"
78.153.140.149 - - [09/Jan/2025:15:51:15 +0000] "POST / HTTP/1.1" 200 1003 "-" "Mozilla/5.0 (Windows NT 10.0; Win64; x64) AppleWebKit/537.36 (KHTML, like Gecko) Chrome/116.0.5845.140 Safari/537.36"
220.77.19.106 - - [09/Jan/2025:16:04:25 +0000] "GET / HTTP/1.0" 400 533 "-" "curl/7.88.1"
139.59.101.104 - - [09/Jan/2025:16:20:54 +0000] "GET /cdn-cgi/trace HTTP/1.1" 302 350 "-" "Mozilla/5.0"
5.135.58.192 - - [09/Jan/2025:16:24:08 +0000] "GET / HTTP/1.1" 200 1761 "-" "Mozilla/5.0 (X11; Ubuntu; Linux x86_64; rv:130.0) Gecko/20100101 Firefox/130.0"
121.128.81.181 - - [09/Jan/2025:16:27:23 +0000] "GET / HTTP/1.0" 400 533 "-" "curl/7.88.1"
179.43.191.146 - - [09/Jan/2025:16:27:30 +0000] "GET / HTTP/1.1" 200 1003 "-" "Mozilla/5.0 (Windows NT 10.0; Win64; x64) AppleWebKit/537.36 (KHTML, like Gecko) Chrome/90.0.4430.85 Safari/537.36 Edg/90.0.818.46"
193.41.206.24 - - [09/Jan/2025:16:35:18 +0000] "GET / HTTP/1.1" 200 1003 "-" "-"
193.41.206.24 - - [09/Jan/2025:16:35:18 +0000] "GET / HTTP/1.1" 200 1003 "-" "-"
193.41.206.24 - - [09/Jan/2025:16:35:21 +0000] "GET /.env HTTP/1.1" 302 386 "-" "-"
193.41.206.24 - - [09/Jan/2025:16:35:21 +0000] "GET /.env HTTP/1.1" 302 386 "-" "-"
159.223.67.34 - - [09/Jan/2025:16:49:04 +0000] "GET /cdn-cgi/trace HTTP/1.1" 302 350 "-" "Mozilla/5.0"
159.223.67.34 - - [09/Jan/2025:16:49:09 +0000] "\x16\x03\x01\x01\v\x01" 400 533 "-" "-"
51.254.59.113 - - [09/Jan/2025:16:51:56 +0000] "GET / HTTP/1.1" 200 1761 "-" "Mozilla/5.0 (Windows NT 6.1) AppleWebKit/537.36 (KHTML, like Gecko) Chrome/41.0.2228.0 Safari/537.36"
185.16.39.104 - - [09/Jan/2025:17:11:39 +0000] "GET / HTTP/1.1" 200 1003 "-" "Mozilla/5.0 (Windows NT 10.0; Win64; x64) AppleWebKit/537.36 (KHTML, like Gecko) Chrome/90.0.4430.85 Safari/537.36 Edg/90.0.818.46"
193.200.78.250 - - [09/Jan/2025:17:14:13 +0000] "GET / HTTP/1.1" 200 1003 "-" "Mozilla/5.0 (Windows NT 10.0; Win64; x64) AppleWebKit/537.36 (KHTML, like Gecko) Chrome/90.0.4430.85 Safari/537.36 Edg/90.0.818.46"
5.181.190.248 - - [09/Jan/2025:17:42:51 +0000] "GET / HTTP/1.1" 200 1742 "-" "-"
64.23.201.216 - - [09/Jan/2025:17:48:36 +0000] "GET /admin/assets/js/views/login.js HTTP/1.0" 302 350 "-" "xfa1"
51.81.181.173 - - [09/Jan/2025:18:04:56 +0000] "GET / HTTP/1.1" 200 1761 "-" "Mozilla/5.0 (X11; Ubuntu; Linux x86_64; rv:130.0) Gecko/20100101 Firefox/130.0"
114.187.95.18 - - [09/Jan/2025:18:14:02 +0000] "GET / HTTP/1.0" 400 533 "-" "curl/7.88.1"
78.153.140.149 - - [09/Jan/2025:18:30:00 +0000] "GET /.env HTTP/1.1" 302 387 "-" "Mozilla/5.0 (Windows NT 10.0; Win64; x64) AppleWebKit/537.36 (KHTML, like Gecko) Chrome/116.0.5845.140 Safari/537.36"
78.153.140.149 - - [09/Jan/2025:18:30:01 +0000] "POST / HTTP/1.1" 200 1003 "-" "Mozilla/5.0 (Windows NT 10.0; Win64; x64) AppleWebKit/537.36 (KHTML, like Gecko) Chrome/116.0.5845.140 Safari/537.36"
87.121.79.3 - - [09/Jan/2025:18:41:16 +0000] "GET / HTTP/1.1" 200 1003 "-" "Mozilla/5.0 (Windows NT 10.0; Win64; x64) AppleWebKit/537.36 (KHTML, like Gecko) Chrome/90.0.4430.85 Safari/537.36 Edg/90.0.818.46"
179.43.191.146 - - [09/Jan/2025:18:51:05 +0000] "GET / HTTP/1.1" 200 1003 "-" "Mozilla/5.0 (Windows NT 10.0; Win64; x64) AppleWebKit/537.36 (KHTML, like Gecko) Chrome/90.0.4430.85 Safari/537.36 Edg/90.0.818.46"
93.174.93.12 - - [09/Jan/2025:18:53:51 +0000] "GET / HTTP/1.0" 200 1761 "-" "Mozilla/5.0 (Linux; Android 4.3; SPH-L710 Build/JSS15J) AppleWebKit/537.36 (KHTML, like Gecko) Chrome/32.0.1700.99 Mobile Safari/537.36"
139.59.101.104 - - [09/Jan/2025:19:32:24 +0000] "GET /cdn-cgi/trace HTTP/1.1" 302 350 "-" "Mozilla/5.0"
45.79.181.251 - - [09/Jan/2025:19:49:17 +0000] "\x16\x03\x01" 400 533 "-" "-"
62.64.9.53 - - [09/Jan/2025:20:00:39 +0000] "GET / HTTP/1.1" 200 1742 "-" "Mozilla/5.0 (Windows NT 10.0; WOW64) AppleWebKit/537.36 (KHTML, like Gecko) Chrome/52.0.2743.116 Safari/537.36"
66.240.205.34 - - [09/Jan/2025:20:03:17 +0000] "Gh0st\xad" 400 533 "-" "-"
91.223.3.201 - - [09/Jan/2025:20:12:43 +0000] "GET / HTTP/1.1" 200 1003 "-" "Mozilla/5.0 (Windows NT 10.0; Win64; x64) AppleWebKit/537.36 (KHTML, like Gecko) Chrome/90.0.4430.85 Safari/537.36 Edg/90.0.818.46"
45.156.129.125 - - [09/Jan/2025:20:20:04 +0000] "GET / HTTP/1.1" 200 947 "-" "Mozilla/5.0 (Windows NT 10.0; Win64; x64) AppleWebKit/537.36 (KHTML, like Gecko) Chrome/60.0.3112.113 Safari/537.36"
45.156.129.128 - - [09/Jan/2025:20:20:24 +0000] "GET /license.txt HTTP/1.1" 302 331 "-" "Mozilla/5.0 (Windows NT 10.0; Win64; x64) AppleWebKit/537.36 (KHTML, like Gecko) Chrome/60.0.3112.113 Safari/537.36"
45.156.129.128 - - [09/Jan/2025:20:20:24 +0000] "GET / HTTP/1.1" 200 947 "http://34.176.179.0/license.txt" "Mozilla/5.0 (Windows NT 10.0; Win64; x64) AppleWebKit/537.36 (KHTML, like Gecko) Chrome/60.0.3112.113 Safari/537.36"
45.156.129.128 - - [09/Jan/2025:20:20:43 +0000] "GET /wp-json HTTP/1.1" 302 331 "-" "Mozilla/5.0 (Windows NT 10.0; Win64; x64) AppleWebKit/537.36 (KHTML, like Gecko) Chrome/60.0.3112.113 Safari/537.36"
45.156.129.128 - - [09/Jan/2025:20:20:43 +0000] "GET / HTTP/1.1" 200 947 "http://34.176.179.0/wp-json" "Mozilla/5.0 (Windows NT 10.0; Win64; x64) AppleWebKit/537.36 (KHTML, like Gecko) Chrome/60.0.3112.113 Safari/537.36"
45.156.129.128 - - [09/Jan/2025:20:21:00 +0000] "GET /login.do HTTP/1.1" 302 331 "-" "Mozilla/5.0 (Windows NT 10.0; Win64; x64) AppleWebKit/537.36 (KHTML, like Gecko) Chrome/60.0.3112.113 Safari/537.36"
45.156.129.128 - - [09/Jan/2025:20:21:00 +0000] "GET / HTTP/1.1" 200 947 "http://34.176.179.0/login.do" "Mozilla/5.0 (Windows NT 10.0; Win64; x64) AppleWebKit/537.36 (KHTML, like Gecko) Chrome/60.0.3112.113 Safari/537.36"
45.156.129.125 - - [09/Jan/2025:20:21:15 +0000] "GET /ext-js/app/common/zld_product_spec.js HTTP/1.1" 302 331 "-" "Mozilla/5.0 (Windows NT 10.0; Win64; x64) AppleWebKit/537.36 (KHTML, like Gecko) Chrome/60.0.3112.113 Safari/537.36"
45.156.129.127 - - [09/Jan/2025:20:21:15 +0000] "GET /Telerik.Web.UI.WebResource.axd?type=rau HTTP/1.1" 302 331 "-" "Mozilla/5.0 (Windows NT 10.0; Win64; x64) AppleWebKit/537.36 (KHTML, like Gecko) Chrome/60.0.3112.113 Safari/537.36"
45.156.129.127 - - [09/Jan/2025:20:21:15 +0000] "GET / HTTP/1.1" 200 947 "http://34.176.179.0/Telerik.Web.UI.WebResource.axd?type=rau" "Mozilla/5.0 (Windows NT 10.0; Win64; x64) AppleWebKit/537.36 (KHTML, like Gecko) Chrome/60.0.3112.113 Safari/537.36"
45.156.129.126 - - [09/Jan/2025:20:21:29 +0000] "GET /solr/ HTTP/1.1" 302 331 "-" "Mozilla/5.0 (Windows NT 10.0; Win64; x64) AppleWebKit/537.36 (KHTML, like Gecko) Chrome/60.0.3112.113 Safari/537.36"
45.156.129.126 - - [09/Jan/2025:20:21:30 +0000] "GET / HTTP/1.1" 200 947 "http://34.176.179.0/solr/#/" "Mozilla/5.0 (Windows NT 10.0; Win64; x64) AppleWebKit/537.36 (KHTML, like Gecko) Chrome/60.0.3112.113 Safari/537.36"
45.156.129.125 - - [09/Jan/2025:20:21:44 +0000] "GET /favicon.ico HTTP/1.1" 302 387 "-" "Mozilla/5.0 (Windows NT 10.0; WOW64) AppleWebKit/537.36 (KHTML, like Gecko) Chrome/66.0.3359.117 Safari/537.36"
45.156.129.125 - - [09/Jan/2025:20:21:44 +0000] "GET / HTTP/1.1" 200 944 "-" "Mozilla/5.0 (Windows NT 10.0; WOW64) AppleWebKit/537.36 (KHTML, like Gecko) Chrome/66.0.3359.117 Safari/537.36"
45.156.129.126 - - [09/Jan/2025:20:21:44 +0000] "GET /identity HTTP/1.1" 302 331 "-" "Mozilla/5.0 (Windows NT 10.0; Win64; x64) AppleWebKit/537.36 (KHTML, like Gecko) Chrome/60.0.3112.113 Safari/537.36"
45.156.129.126 - - [09/Jan/2025:20:21:44 +0000] "GET / HTTP/1.1" 200 947 "http://34.176.179.0/identity" "Mozilla/5.0 (Windows NT 10.0; Win64; x64) AppleWebKit/537.36 (KHTML, like Gecko) Chrome/60.0.3112.113 Safari/537.36"
45.156.129.126 - - [09/Jan/2025:20:21:58 +0000] "GET /owncloud/status.php HTTP/1.1" 302 331 "-" "Mozilla/5.0 (Windows NT 10.0; Win64; x64) AppleWebKit/537.36 (KHTML, like Gecko) Chrome/60.0.3112.113 Safari/537.36"
45.156.129.126 - - [09/Jan/2025:20:21:58 +0000] "GET / HTTP/1.1" 200 947 "http://34.176.179.0/owncloud/status.php" "Mozilla/5.0 (Windows NT 10.0; Win64; x64) AppleWebKit/537.36 (KHTML, like Gecko) Chrome/60.0.3112.113 Safari/537.36"
198.235.24.156 - - [09/Jan/2025:20:21:58 +0000] "GET / HTTP/1.1" 200 947 "-" "Expanse, a Palo Alto Networks company, searches across the global IPv4 space multiple times per day to identify customers&#39; presences on the Internet. If you would like to be excluded from our scans, please send IP addresses/domains to: scaninfo@paloaltonetworks.com"
195.3.223.55 - - [09/Jan/2025:20:22:08 +0000] "GET / HTTP/1.1" 200 1003 "-" "Mozilla/5.0 (Windows NT 10.0; Win64; x64) AppleWebKit/537.36 (KHTML, like Gecko) Chrome/90.0.4430.85 Safari/537.36 Edg/90.0.818.46"
45.156.129.126 - - [09/Jan/2025:20:22:12 +0000] "GET /status.php HTTP/1.1" 302 331 "-" "Mozilla/5.0 (Windows NT 10.0; Win64; x64) AppleWebKit/537.36 (KHTML, like Gecko) Chrome/60.0.3112.113 Safari/537.36"
45.156.129.126 - - [09/Jan/2025:20:22:12 +0000] "GET / HTTP/1.1" 200 947 "http://34.176.179.0/status.php" "Mozilla/5.0 (Windows NT 10.0; Win64; x64) AppleWebKit/537.36 (KHTML, like Gecko) Chrome/60.0.3112.113 Safari/537.36"
45.156.129.126 - - [09/Jan/2025:20:22:24 +0000] "GET /WebInterface/ HTTP/1.1" 302 331 "-" "Mozilla/5.0 (Windows NT 10.0; Win64; x64) AppleWebKit/537.36 (KHTML, like Gecko) Chrome/60.0.3112.113 Safari/537.36"
45.156.129.126 - - [09/Jan/2025:20:22:24 +0000] "GET / HTTP/1.1" 200 947 "http://34.176.179.0/WebInterface/" "Mozilla/5.0 (Windows NT 10.0; Win64; x64) AppleWebKit/537.36 (KHTML, like Gecko) Chrome/60.0.3112.113 Safari/537.36"
45.156.129.126 - - [09/Jan/2025:20:22:37 +0000] "GET /partymgr/control/main HTTP/1.1" 302 331 "-" "Mozilla/5.0 (Windows NT 10.0; Win64; x64) AppleWebKit/537.36 (KHTML, like Gecko) Chrome/60.0.3112.113 Safari/537.36"
45.156.129.126 - - [09/Jan/2025:20:22:38 +0000] "GET / HTTP/1.1" 200 947 "http://34.176.179.0/partymgr/control/main" "Mozilla/5.0 (Windows NT 10.0; Win64; x64) AppleWebKit/537.36 (KHTML, like Gecko) Chrome/60.0.3112.113 Safari/537.36"
45.156.129.127 - - [09/Jan/2025:20:22:51 +0000] "GET /webfig/ HTTP/1.1" 302 331 "-" "Mozilla/5.0 (Windows NT 10.0; Win64; x64) AppleWebKit/537.36 (KHTML, like Gecko) Chrome/60.0.3112.113 Safari/537.36"
45.156.129.127 - - [09/Jan/2025:20:22:51 +0000] "GET / HTTP/1.1" 200 947 "http://34.176.179.0/webfig/" "Mozilla/5.0 (Windows NT 10.0; Win64; x64) AppleWebKit/537.36 (KHTML, like Gecko) Chrome/60.0.3112.113 Safari/537.36"
45.156.129.126 - - [09/Jan/2025:20:23:04 +0000] "GET / HTTP/1.1" 200 947 "-" "Mozilla/5.0 (Windows NT 10.0; Win64; x64) AppleWebKit/537.36 (KHTML, like Gecko) Chrome/60.0.3112.113 Safari/537.36"
45.156.129.127 - - [09/Jan/2025:20:23:04 +0000] "GET /cf_scripts/scripts/ajax/ckeditor/ckeditor.js HTTP/1.1" 302 331 "-" "Mozilla/5.0 (Windows NT 10.0; Win64; x64) AppleWebKit/537.36 (KHTML, like Gecko) Chrome/60.0.3112.113 Safari/537.36"
45.156.129.128 - - [09/Jan/2025:20:23:04 +0000] "GET /console HTTP/1.1" 302 331 "-" "Mozilla/5.0 (Windows NT 10.0; Win64; x64) AppleWebKit/537.36 (KHTML, like Gecko) Chrome/60.0.3112.113 Safari/537.36"
45.156.129.128 - - [09/Jan/2025:20:23:04 +0000] "GET / HTTP/1.1" 200 947 "http://34.176.179.0/console" "Mozilla/5.0 (Windows NT 10.0; Win64; x64) AppleWebKit/537.36 (KHTML, like Gecko) Chrome/60.0.3112.113 Safari/537.36"
45.156.129.125 - - [09/Jan/2025:20:23:14 +0000] "GET /js/NewWindow_2_all.js HTTP/1.1" 302 331 "-" "Mozilla/5.0 (Windows NT 10.0; Win64; x64) AppleWebKit/537.36 (KHTML, like Gecko) Chrome/60.0.3112.113 Safari/537.36"
45.156.129.125 - - [09/Jan/2025:20:23:14 +0000] "GET / HTTP/1.1" 200 947 "http://34.176.179.0/js/NewWindow_2_all.js" "Mozilla/5.0 (Windows NT 10.0; Win64; x64) AppleWebKit/537.36 (KHTML, like Gecko) Chrome/60.0.3112.113 Safari/537.36"
45.156.129.127 - - [09/Jan/2025:20:23:15 +0000] "GET /zabbix/favicon.ico HTTP/1.1" 302 331 "-" "Mozilla/5.0 (Windows NT 10.0; Win64; x64) AppleWebKit/537.36 (KHTML, like Gecko) Chrome/60.0.3112.113 Safari/537.36"
45.156.129.127 - - [09/Jan/2025:20:23:15 +0000] "GET / HTTP/1.1" 200 947 "http://34.176.179.0/zabbix/favicon.ico" "Mozilla/5.0 (Windows NT 10.0; Win64; x64) AppleWebKit/537.36 (KHTML, like Gecko) Chrome/60.0.3112.113 Safari/537.36"
45.156.129.126 - - [09/Jan/2025:20:23:22 +0000] "GET /internal_forms_authentication HTTP/1.1" 302 331 "-" "Mozilla/5.0 (Windows NT 10.0; Win64; x64) AppleWebKit/537.36 (KHTML, like Gecko) Chrome/60.0.3112.113 Safari/537.36"
45.156.129.126 - - [09/Jan/2025:20:23:22 +0000] "GET / HTTP/1.1" 200 947 "http://34.176.179.0/internal_forms_authentication" "Mozilla/5.0 (Windows NT 10.0; Win64; x64) AppleWebKit/537.36 (KHTML, like Gecko) Chrome/60.0.3112.113 Safari/537.36"
45.156.129.125 - - [09/Jan/2025:20:23:32 +0000] "GET / HTTP/1.1" 200 947 "-" "Mozilla/5.0 (Windows NT 10.0; Win64; x64) AppleWebKit/537.36 (KHTML, like Gecko) Chrome/60.0.3112.113 Safari/537.36"
45.156.129.128 - - [09/Jan/2025:20:23:32 +0000] "GET /index.jsp HTTP/1.1" 302 331 "-" "Mozilla/5.0 (Windows NT 10.0; Win64; x64) AppleWebKit/537.36 (KHTML, like Gecko) Chrome/60.0.3112.113 Safari/537.36"
45.156.129.128 - - [09/Jan/2025:20:23:32 +0000] "GET / HTTP/1.1" 200 947 "http://34.176.179.0/index.jsp" "Mozilla/5.0 (Windows NT 10.0; Win64; x64) AppleWebKit/537.36 (KHTML, like Gecko) Chrome/60.0.3112.113 Safari/537.36"
45.156.129.126 - - [09/Jan/2025:20:23:40 +0000] "GET /cgi-bin/main.pl HTTP/1.1" 302 331 "-" "Mozilla/5.0 (Windows NT 10.0; Win64; x64) AppleWebKit/537.36 (KHTML, like Gecko) Chrome/60.0.3112.113 Safari/537.36"
45.156.129.127 - - [09/Jan/2025:20:23:41 +0000] "GET /aspera/faspex/ HTTP/1.1" 302 331 "-" "Mozilla/5.0 (Windows NT 10.0; Win64; x64) AppleWebKit/537.36 (KHTML, like Gecko) Chrome/60.0.3112.113 Safari/537.36"
45.156.129.126 - - [09/Jan/2025:20:23:42 +0000] "GET /sitecore/shell/sitecore.version.xml HTTP/1.1" 302 331 "-" "Mozilla/5.0 (Windows NT 10.0; Win64; x64) AppleWebKit/537.36 (KHTML, like Gecko) Chrome/60.0.3112.113 Safari/537.36"
45.156.129.126 - - [09/Jan/2025:20:23:42 +0000] "GET / HTTP/1.1" 200 947 "http://34.176.179.0/sitecore/shell/sitecore.version.xml" "Mozilla/5.0 (Windows NT 10.0; Win64; x64) AppleWebKit/537.36 (KHTML, like Gecko) Chrome/60.0.3112.113 Safari/537.36"
45.156.129.127 - - [09/Jan/2025:20:23:53 +0000] "GET /api/session/properties HTTP/1.1" 302 331 "-" "Mozilla/5.0 (Windows NT 10.0; Win64; x64) AppleWebKit/537.36 (KHTML, like Gecko) Chrome/60.0.3112.113 Safari/537.36"
45.156.129.127 - - [09/Jan/2025:20:23:53 +0000] "GET / HTTP/1.1" 200 947 "http://34.176.179.0/api/session/properties" "Mozilla/5.0 (Windows NT 10.0; Win64; x64) AppleWebKit/537.36 (KHTML, like Gecko) Chrome/60.0.3112.113 Safari/537.36"
45.156.129.127 - - [09/Jan/2025:20:24:01 +0000] "HEAD /icons/sphere1.png HTTP/1.1" 200 228 "-" "Mozilla/5.0 (Windows NT 10.0; Win64; x64) AppleWebKit/537.36 (KHTML, like Gecko) Chrome/60.0.3112.113 Safari/537.36"
45.156.129.125 - - [09/Jan/2025:20:24:02 +0000] "HEAD /icons/.%%32%65/.%%32%65/apache2/icons/non-existant-image.png HTTP/1.1" 400 161 "-" "Mozilla/5.0 (Windows NT 10.0; Win64; x64) AppleWebKit/537.36 (KHTML, like Gecko) Chrome/60.0.3112.113 Safari/537.36"
45.156.129.126 - - [09/Jan/2025:20:24:02 +0000] "HEAD /icons/.%%32%65/.%%32%65/apache2/icons/sphere1.png HTTP/1.1" 400 161 "-" "Mozilla/5.0 (Windows NT 10.0; Win64; x64) AppleWebKit/537.36 (KHTML, like Gecko) Chrome/60.0.3112.113 Safari/537.36"
45.156.129.128 - - [09/Jan/2025:20:24:02 +0000] "HEAD /icons/.%2e/%2e%2e/apache2/icons/sphere1.png HTTP/1.1" 400 161 "-" "Mozilla/5.0 (Windows NT 10.0; Win64; x64) AppleWebKit/537.36 (KHTML, like Gecko) Chrome/60.0.3112.113 Safari/537.36"
45.156.129.126 - - [09/Jan/2025:20:24:03 +0000] "GET /OA_HTML/AppsLocalLogin.jsp HTTP/1.1" 302 331 "-" "Mozilla/5.0 (Windows NT 10.0; Win64; x64) AppleWebKit/537.36 (KHTML, like Gecko) Chrome/60.0.3112.113 Safari/537.36"
45.156.129.126 - - [09/Jan/2025:20:24:03 +0000] "GET / HTTP/1.1" 200 947 "http://34.176.179.0/OA_HTML/AppsLocalLogin.jsp" "Mozilla/5.0 (Windows NT 10.0; Win64; x64) AppleWebKit/537.36 (KHTML, like Gecko) Chrome/60.0.3112.113 Safari/537.36"
45.156.129.126 - - [09/Jan/2025:20:24:10 +0000] "GET /cgi-bin/authLogin.cgi HTTP/1.1" 302 331 "-" "Mozilla/5.0 (Windows NT 10.0; Win64; x64) AppleWebKit/537.36 (KHTML, like Gecko) Chrome/60.0.3112.113 Safari/537.36"
45.156.129.126 - - [09/Jan/2025:20:24:10 +0000] "GET / HTTP/1.1" 200 947 "http://34.176.179.0/cgi-bin/authLogin.cgi" "Mozilla/5.0 (Windows NT 10.0; Win64; x64) AppleWebKit/537.36 (KHTML, like Gecko) Chrome/60.0.3112.113 Safari/537.36"
45.156.129.127 - - [09/Jan/2025:20:24:18 +0000] "GET /static/historypage.js HTTP/1.1" 302 331 "-" "Mozilla/5.0 (Windows NT 10.0; Win64; x64) AppleWebKit/537.36 (KHTML, like Gecko) Chrome/60.0.3112.113 Safari/537.36"
45.156.129.127 - - [09/Jan/2025:20:24:18 +0000] "GET / HTTP/1.1" 200 947 "http://34.176.179.0/static/historypage.js" "Mozilla/5.0 (Windows NT 10.0; Win64; x64) AppleWebKit/537.36 (KHTML, like Gecko) Chrome/60.0.3112.113 Safari/537.36"
45.156.129.125 - - [09/Jan/2025:20:24:27 +0000] "GET /admin/ HTTP/1.1" 302 331 "-" "Mozilla/5.0 (Windows NT 10.0; Win64; x64) AppleWebKit/537.36 (KHTML, like Gecko) Chrome/60.0.3112.113 Safari/537.36"
45.156.129.127 - - [09/Jan/2025:20:24:28 +0000] "GET /sugar_version.json HTTP/1.1" 302 331 "-" "Mozilla/5.0 (Windows NT 10.0; Win64; x64) AppleWebKit/537.36 (KHTML, like Gecko) Chrome/60.0.3112.113 Safari/537.36"
45.156.129.127 - - [09/Jan/2025:20:24:28 +0000] "GET / HTTP/1.1" 200 947 "http://34.176.179.0/sugar_version.json" "Mozilla/5.0 (Windows NT 10.0; Win64; x64) AppleWebKit/537.36 (KHTML, like Gecko) Chrome/60.0.3112.113 Safari/537.36"
45.156.129.127 - - [09/Jan/2025:20:24:39 +0000] "GET /favicon.ico HTTP/1.1" 302 331 "-" "Mozilla/5.0 (Windows NT 10.0; Win64; x64) AppleWebKit/537.36 (KHTML, like Gecko) Chrome/60.0.3112.113 Safari/537.36"
45.156.129.127 - - [09/Jan/2025:20:24:39 +0000] "GET / HTTP/1.1" 200 947 "http://34.176.179.0/favicon.ico" "Mozilla/5.0 (Windows NT 10.0; Win64; x64) AppleWebKit/537.36 (KHTML, like Gecko) Chrome/60.0.3112.113 Safari/537.36"
45.156.129.128 - - [09/Jan/2025:20:24:47 +0000] "GET /showLogin.cc HTTP/1.1" 302 331 "-" "Mozilla/5.0 (Windows NT 10.0; Win64; x64) AppleWebKit/537.36 (KHTML, like Gecko) Chrome/60.0.3112.113 Safari/537.36"
45.156.129.128 - - [09/Jan/2025:20:24:47 +0000] "GET / HTTP/1.1" 200 947 "http://34.176.179.0/showLogin.cc" "Mozilla/5.0 (Windows NT 10.0; Win64; x64) AppleWebKit/537.36 (KHTML, like Gecko) Chrome/60.0.3112.113 Safari/537.36"
45.156.129.125 - - [09/Jan/2025:20:24:55 +0000] "GET / HTTP/1.1" 200 947 "-" "Mozilla/5.0 (Windows NT 10.0; Win64; x64) AppleWebKit/537.36 (KHTML, like Gecko) Chrome/60.0.3112.113 Safari/537.36"
45.156.129.125 - - [09/Jan/2025:20:24:55 +0000] "GET /favicon-32x32.png HTTP/1.1" 302 331 "-" "Mozilla/5.0 (Windows NT 10.0; Win64; x64) AppleWebKit/537.36 (KHTML, like Gecko) Chrome/60.0.3112.113 Safari/537.36"
45.156.129.125 - - [09/Jan/2025:20:24:55 +0000] "GET / HTTP/1.1" 200 947 "http://34.176.179.0/favicon-32x32.png" "Mozilla/5.0 (Windows NT 10.0; Win64; x64) AppleWebKit/537.36 (KHTML, like Gecko) Chrome/60.0.3112.113 Safari/537.36"
95.214.55.226 - - [09/Jan/2025:20:27:41 +0000] "GET / HTTP/1.1" 200 1742 "-" "-"
5.181.190.248 - - [09/Jan/2025:20:30:52 +0000] "GET / HTTP/1.1" 200 1742 "-" "-"
78.153.140.149 - - [09/Jan/2025:20:34:47 +0000] "GET /.env HTTP/1.1" 302 387 "-" "Mozilla/5.0 (Windows NT 10.0; Win64; x64) AppleWebKit/537.36 (KHTML, like Gecko) Chrome/116.0.5845.140 Safari/537.36"
78.153.140.149 - - [09/Jan/2025:20:34:48 +0000] "POST / HTTP/1.1" 200 1003 "-" "Mozilla/5.0 (Windows NT 10.0; Win64; x64) AppleWebKit/537.36 (KHTML, like Gecko) Chrome/116.0.5845.140 Safari/537.36"
46.19.138.234 - - [09/Jan/2025:20:56:01 +0000] "GET / HTTP/1.1" 200 1003 "-" "Mozilla/5.0 (Windows NT 10.0; Win64; x64) AppleWebKit/537.36 (KHTML, like Gecko) Chrome/90.0.4430.85 Safari/537.36 Edg/90.0.818.46"
93.174.93.12 - - [09/Jan/2025:21:01:58 +0000] "\x16\x03\x02\x01o\x01" 400 533 "-" "-"
193.200.78.250 - - [09/Jan/2025:21:02:06 +0000] "GET / HTTP/1.1" 200 1003 "-" "Mozilla/5.0 (Windows NT 10.0; Win64; x64) AppleWebKit/537.36 (KHTML, like Gecko) Chrome/90.0.4430.85 Safari/537.36 Edg/90.0.818.46"
154.213.184.132 - - [09/Jan/2025:21:10:35 +0000] "CONNECT google.com:443 HTTP/1.1" 302 331 "-" "Go-http-client/1.1"
80.82.77.202 - - [09/Jan/2025:21:18:38 +0000] "GET / HTTP/1.0" 200 1761 "-" "WebCopier v4.6"
206.168.34.192 - - [09/Jan/2025:21:23:56 +0000] "\x16\x03\x01" 400 533 "-" "-"
206.168.34.192 - - [09/Jan/2025:21:24:09 +0000] "GET / HTTP/1.1" 200 947 "-" "Mozilla/5.0 (compatible; CensysInspect/1.1; +https://about.censys.io/)"
206.168.34.192 - - [09/Jan/2025:21:24:12 +0000] "GET /favicon.ico HTTP/1.1" 302 350 "-" "Mozilla/5.0 (compatible; CensysInspect/1.1; +https://about.censys.io/)"
206.168.34.192 - - [09/Jan/2025:21:24:15 +0000] "GET / HTTP/1.1" 200 966 "http://34.176.179.0/favicon.ico" "Mozilla/5.0 (compatible; CensysInspect/1.1; +https://about.censys.io/)"
206.168.34.192 - - [09/Jan/2025:21:24:17 +0000] "PRI * HTTP/2.0" 400 533 "-" "-"
103.203.56.2 - - [09/Jan/2025:21:27:04 +0000] "GET / HTTP/1.1" 200 1761 "-" "HTTP Banner Detection (https://security.ipip.net)"
178.215.236.132 - - [09/Jan/2025:21:35:22 +0000] "GET /_profiler/phpinfo HTTP/1.1" 302 350 "-" "Mozilla/5.0 (Macintosh; Intel Mac OS X 10_10_5) AppleWebKit/602.2.14 (KHTML, like Gecko) Version/10.0.1 Safari/602.2.14"
92.255.57.58 - - [09/Jan/2025:21:46:43 +0000] "GET /?XDEBUG_SESSION_START=phpstorm HTTP/1.1" 200 966 "-" "Mozilla/5.0 (Windows NT 10.0; Win64; x64) AppleWebKit/537.36 (KHTML, like Gecko) Chrome/78.0.3904.108 Safari/537.36"
185.196.220.253 - - [09/Jan/2025:21:52:10 +0000] "GET / HTTP/1.1" 200 1742 "-" "Hello World"
64.23.201.216 - - [09/Jan/2025:22:03:21 +0000] "GET /admin/assets/js/views/login.js HTTP/1.0" 302 350 "-" "xfa1"
78.153.140.149 - - [09/Jan/2025:22:04:42 +0000] "GET /.env HTTP/1.1" 302 387 "-" "Mozilla/5.0 (Windows NT 10.0; Win64; x64) AppleWebKit/537.36 (KHTML, like Gecko) Chrome/116.0.5845.140 Safari/537.36"
78.153.140.149 - - [09/Jan/2025:22:04:42 +0000] "POST / HTTP/1.1" 200 1003 "-" "Mozilla/5.0 (Windows NT 10.0; Win64; x64) AppleWebKit/537.36 (KHTML, like Gecko) Chrome/116.0.5845.140 Safari/537.36"
193.200.78.250 - - [09/Jan/2025:22:04:54 +0000] "GET /logon.htm HTTP/1.1" 302 331 "-" "Hello World"
45.95.147.253 - - [09/Jan/2025:22:06:41 +0000] "GET / HTTP/1.0" 200 1761 "-" "ivre-masscan/1.3 https://github.com/robertdavidgraham/"
185.16.39.104 - - [09/Jan/2025:22:11:14 +0000] "GET / HTTP/1.1" 200 1003 "-" "Mozilla/5.0 (Windows NT 10.0; Win64; x64) AppleWebKit/537.36 (KHTML, like Gecko) Chrome/90.0.4430.85 Safari/537.36 Edg/90.0.818.46"
87.121.79.3 - - [09/Jan/2025:22:12:52 +0000] "GET / HTTP/1.1" 200 1003 "-" "Mozilla/5.0 (Windows NT 10.0; Win64; x64) AppleWebKit/537.36 (KHTML, like Gecko) Chrome/90.0.4430.85 Safari/537.36 Edg/90.0.818.46"
31.120.216.225 - - [09/Jan/2025:22:25:30 +0000] "GET / HTTP/1.0" 400 533 "-" "curl/7.88.1"
78.153.140.149 - - [09/Jan/2025:22:55:09 +0000] "GET /.env HTTP/1.1" 302 387 "-" "Mozilla/5.0 (Windows NT 10.0; Win64; x64) AppleWebKit/537.36 (KHTML, like Gecko) Chrome/116.0.5845.140 Safari/537.36"
78.153.140.149 - - [09/Jan/2025:22:55:10 +0000] "POST / HTTP/1.1" 200 1003 "-" "Mozilla/5.0 (Windows NT 10.0; Win64; x64) AppleWebKit/537.36 (KHTML, like Gecko) Chrome/116.0.5845.140 Safari/537.36"
92.255.57.58 - - [09/Jan/2025:22:55:11 +0000] "GET /actuator/gateway/routes HTTP/1.1" 302 350 "-" "Mozilla/5.0 (Windows NT 10.0; Win64; x64) AppleWebKit/537.36 (KHTML, like Gecko) Chrome/78.0.3904.108 Safari/537.36"
92.255.57.58 - - [09/Jan/2025:22:55:13 +0000] "GET / HTTP/1.1" 200 966 "http://34.176.179.0:80/actuator/gateway/routes" "Mozilla/5.0 (Windows NT 10.0; Win64; x64) AppleWebKit/537.36 (KHTML, like Gecko) Chrome/78.0.3904.108 Safari/537.36"
121.155.167.254 - - [09/Jan/2025:23:04:09 +0000] "GET / HTTP/1.0" 400 533 "-" "curl/7.88.1"
87.120.115.34 - - [09/Jan/2025:23:15:16 +0000] "GET /_profiler/phpinfo HTTP/1.1" 302 350 "-" "Mozilla/5.0 (Macintosh; Intel Mac OS X 17_4_1) AppleWebKit/605.1.15 (KHTML, like Gecko) Version/17.0 Safari/605.1.15"
91.223.3.201 - - [09/Jan/2025:23:22:36 +0000] "GET / HTTP/1.1" 200 1003 "-" "Mozilla/5.0 (Windows NT 10.0; Win64; x64) AppleWebKit/537.36 (KHTML, like Gecko) Chrome/90.0.4430.85 Safari/537.36 Edg/90.0.818.46"
92.255.57.58 - - [09/Jan/2025:23:30:39 +0000] "\x16\x03\x01\x05\xa8\x01" 400 533 "-" "-"
79.24.153.32 - - [09/Jan/2025:23:34:07 +0000] "GET / HTTP/1.0" 400 533 "-" "curl/7.88.1"
114.33.3.24 - - [09/Jan/2025:23:55:41 +0000] "GET / HTTP/1.0" 400 533 "-" "curl/7.88.1"
106.107.222.30 - - [09/Jan/2025:23:56:12 +0000] "GET / HTTP/1.0" 400 533 "-" "curl/7.88.1"
45.156.129.54 - - [09/Jan/2025:23:56:56 +0000] "GET / HTTP/1.1" 200 947 "-" "Mozilla/5.0 (Windows NT 10.0; Win64; x64) AppleWebKit/537.36 (KHTML, like Gecko) Chrome/60.0.3112.113 Safari/537.36"
45.156.129.131 - - [09/Jan/2025:23:56:56 +0000] "GET /css/images/PTZOptics_powerby.png HTTP/1.1" 302 331 "-" "Mozilla/5.0 (Windows NT 10.0; Win64; x64) AppleWebKit/537.36 (KHTML, like Gecko) Chrome/60.0.3112.113 Safari/537.36"
