179.43.191.146 - - [18/Jan/2025:20:09:08 +0000] "GET / HTTP/1.1" 200 1003 "-" "Mozilla/5.0 (Windows NT 10.0; Win64; x64) AppleWebKit/537.36 (KHTML, like Gecko) Chrome/90.0.4430.85 Safari/537.36 Edg/90.0.818.46"
147.185.132.183 - - [18/Jan/2025:20:09:50 +0000] "\x16\x03\x01" 400 524 "-" "-"
147.185.132.183 - - [18/Jan/2025:20:09:51 +0000] "\x16\x03\x01" 400 524 "-" "-"
78.153.140.147 - - [18/Jan/2025:20:16:56 +0000] "GET /.env HTTP/1.1" 302 387 "-" "Mozilla/5.0 (Windows NT 10.0; Win64; x64) AppleWebKit/537.36 (KHTML, like Gecko) Chrome/116.0.5845.140 Safari/537.36"
78.153.140.147 - - [18/Jan/2025:20:16:58 +0000] "POST / HTTP/1.1" 200 1003 "-" "Mozilla/5.0 (Windows NT 10.0; Win64; x64) AppleWebKit/537.36 (KHTML, like Gecko) Chrome/116.0.5845.140 Safari/537.36"
5.181.190.248 - - [18/Jan/2025:20:24:48 +0000] "GET / HTTP/1.1" 200 1742 "-" "-"
185.196.220.253 - - [18/Jan/2025:20:53:32 +0000] "GET / HTTP/1.1" 200 1742 "-" "Hello World"
193.142.146.175 - - [18/Jan/2025:21:24:17 +0000] "GET / HTTP/1.1" 200 1742 "-" "-"
193.142.146.175 - - [18/Jan/2025:21:24:18 +0000] "GET /logon.htm HTTP/1.1" 302 331 "-" "Hello World"
78.153.140.147 - - [18/Jan/2025:21:38:48 +0000] "GET /.env HTTP/1.1" 302 387 "-" "Mozilla/5.0 (Windows NT 10.0; Win64; x64) AppleWebKit/537.36 (KHTML, like Gecko) Chrome/116.0.5845.140 Safari/537.36"
78.153.140.147 - - [18/Jan/2025:21:38:48 +0000] "POST / HTTP/1.1" 200 1003 "-" "Mozilla/5.0 (Windows NT 10.0; Win64; x64) AppleWebKit/537.36 (KHTML, like Gecko) Chrome/116.0.5845.140 Safari/537.36"
45.79.181.94 - - [18/Jan/2025:21:46:21 +0000] "\x16\x03\x01" 400 524 "-" "-"
146.19.24.168 - - [18/Jan/2025:21:51:18 +0000] "GET / HTTP/1.1" 200 1742 "-" "-"
178.215.236.132 - - [18/Jan/2025:22:00:21 +0000] "GET /.env HTTP/1.1" 302 350 "-" "Mozilla/5.0 (Windows NT 10.0; WOW64) AppleWebKit/537.36 (KHTML, like Gecko) Chrome/53.0.2785.90 Safari/537.36 Vivaldi/1.4.589.11"
195.178.110.108 - - [18/Jan/2025:22:06:05 +0000] "GET / HTTP/1.1" 200 966 "-" "Mozilla/5.0 (Windows NT 10.0; Win64; x64) AppleWebKit/537.36 (KHTML, like Gecko) Chrome/108.0.0.0 Safari/537.36"
195.178.110.108 - - [18/Jan/2025:22:06:53 +0000] "GET / HTTP/1.1" 200 966 "-" "Mozilla/5.0 (Windows NT 10.0; Win64; x64) AppleWebKit/537.36 (KHTML, like Gecko) Chrome/108.0.0.0 Safari/537.36"
193.34.212.75 - - [18/Jan/2025:22:10:11 +0000] "GET / HTTP/1.1" 200 1003 "-" "Mozilla/5.0 (Windows NT 10.0; Win64; x64) AppleWebKit/537.36 (KHTML, like Gecko) Chrome/90.0.4430.85 Safari/537.36 Edg/90.0.818.46"
5.181.190.248 - - [18/Jan/2025:22:42:01 +0000] "GET / HTTP/1.1" 200 1742 "-" "-"
48.217.212.6 - - [18/Jan/2025:22:59:30 +0000] "GET /actuator/health HTTP/1.1" 302 331 "-" "Mozilla/5.0 zgrab/0.x"
78.153.140.147 - - [18/Jan/2025:23:01:05 +0000] "GET /.env HTTP/1.1" 302 387 "-" "Mozilla/5.0 (Windows NT 10.0; Win64; x64) AppleWebKit/537.36 (KHTML, like Gecko) Chrome/116.0.5845.140 Safari/537.36"
78.153.140.147 - - [18/Jan/2025:23:01:05 +0000] "POST / HTTP/1.1" 200 1003 "-" "Mozilla/5.0 (Windows NT 10.0; Win64; x64) AppleWebKit/537.36 (KHTML, like Gecko) Chrome/116.0.5845.140 Safari/537.36"
193.142.146.175 - - [18/Jan/2025:23:36:08 +0000] "GET / HTTP/1.1" 200 1742 "-" "-"
193.142.146.175 - - [18/Jan/2025:23:36:08 +0000] "GET /logon.htm HTTP/1.1" 302 331 "-" "Hello World"
45.33.80.243 - - [18/Jan/2025:23:54:23 +0000] "\x16\x03\x01" 400 524 "-" "-"
35.187.186.25 - - [09/Jan/2025:00:01:42 +0000] "GET / HTTP/1.1" 200 1003 "-" "python-requests/2.32.3"
110.67.179.123 - - [09/Jan/2025:00:20:59 +0000] "GET / HTTP/1.0" 200 1761 "-" "curl/7.88.1"
198.235.24.32 - - [09/Jan/2025:00:36:35 +0000] "\x16\x03\x01" 400 524 "-" "-"
198.235.24.32 - - [09/Jan/2025:00:36:35 +0000] "\x16\x03\x01" 400 524 "-" "-"
220.124.6.88 - - [09/Jan/2025:00:51:45 +0000] "GET / HTTP/1.0" 200 1761 "-" "curl/7.88.1"
78.153.140.148 - - [09/Jan/2025:00:56:12 +0000] "GET /.env HTTP/1.1" 302 387 "-" "Mozilla/5.0 (Windows NT 10.0; Win64; x64) AppleWebKit/537.36 (KHTML, like Gecko) Chrome/116.0.5845.140 Safari/537.36"
78.153.140.148 - - [09/Jan/2025:00:56:12 +0000] "POST / HTTP/1.1" 200 1003 "-" "Mozilla/5.0 (Windows NT 10.0; Win64; x64) AppleWebKit/537.36 (KHTML, like Gecko) Chrome/116.0.5845.140 Safari/537.36"
193.34.212.75 - - [09/Jan/2025:01:05:27 +0000] "GET / HTTP/1.1" 200 1742 "-" "-"
185.82.219.124 - - [09/Jan/2025:01:06:14 +0000] "GET /.env HTTP/1.0" 302 350 "-" "Mozilla/5.0 (Windows NT 6.0; rv:40.0) Gecko/20100101 Firefox/40.0"
5.181.190.248 - - [09/Jan/2025:01:10:28 +0000] "GET / HTTP/1.1" 200 1742 "-" "-"
185.16.39.104 - - [09/Jan/2025:01:31:00 +0000] "GET / HTTP/1.1" 200 1003 "-" "Mozilla/5.0 (Windows NT 10.0; Win64; x64) AppleWebKit/537.36 (KHTML, like Gecko) Chrome/90.0.4430.85 Safari/537.36 Edg/90.0.818.46"
78.153.140.93 - - [09/Jan/2025:01:54:07 +0000] "GET /.env HTTP/1.1" 302 387 "-" "Mozilla/5.0 (Windows NT 10.0; Win64; x64) AppleWebKit/537.36 (KHTML, like Gecko) Chrome/116.0.5845.140 Safari/537.36"
78.153.140.93 - - [09/Jan/2025:01:54:08 +0000] "POST / HTTP/1.1" 200 1003 "-" "Mozilla/5.0 (Windows NT 10.0; Win64; x64) AppleWebKit/537.36 (KHTML, like Gecko) Chrome/116.0.5845.140 Safari/537.36"
185.196.220.253 - - [09/Jan/2025:01:57:14 +0000] "GET / HTTP/1.1" 200 1742 "-" "Hello World"
42.127.81.129 - - [09/Jan/2025:02:00:55 +0000] "GET / HTTP/1.0" 200 1761 "-" "curl/7.88.1"
78.153.140.93 - - [09/Jan/2025:02:06:36 +0000] "GET /.env HTTP/1.1" 302 387 "-" "Mozilla/5.0 (Windows NT 10.0; Win64; x64) AppleWebKit/537.36 (KHTML, like Gecko) Chrome/116.0.5845.140 Safari/537.36"
78.153.140.93 - - [09/Jan/2025:02:06:37 +0000] "POST / HTTP/1.1" 200 1003 "-" "Mozilla/5.0 (Windows NT 10.0; Win64; x64) AppleWebKit/537.36 (KHTML, like Gecko) Chrome/116.0.5845.140 Safari/537.36"
162.216.149.188 - - [09/Jan/2025:02:12:56 +0000] "GET / HTTP/1.1" 200 947 "-" "Expanse, a Palo Alto Networks company, searches across the global IPv4 space multiple times per day to identify customers&#39; presences on the Internet. If you would like to be excluded from our scans, please send IP addresses/domains to: scaninfo@paloaltonetworks.com"
152.42.219.47 - - [09/Jan/2025:02:28:23 +0000] "GET /cdn-cgi/trace HTTP/1.1" 302 350 "-" "Mozilla/5.0"
152.42.219.47 - - [09/Jan/2025:02:28:32 +0000] "\x16\x03\x01\x01\v\x01" 400 524 "-" "-"
159.223.69.51 - - [09/Jan/2025:02:37:21 +0000] "GET /cdn-cgi/trace HTTP/1.1" 302 350 "-" "Mozilla/5.0"
159.223.69.51 - - [09/Jan/2025:02:37:28 +0000] "\x16\x03\x01\x01\v\x01" 400 524 "-" "-"
152.42.247.210 - - [09/Jan/2025:02:43:18 +0000] "GET /cdn-cgi/trace HTTP/1.1" 302 350 "-" "Mozilla/5.0"
152.42.247.210 - - [09/Jan/2025:02:43:26 +0000] "\x16\x03\x01\x01\v\x01" 400 524 "-" "-"
152.42.219.47 - - [09/Jan/2025:02:43:38 +0000] "GET /cdn-cgi/trace HTTP/1.1" 302 350 "-" "Mozilla/5.0"
152.42.219.47 - - [09/Jan/2025:02:43:45 +0000] "\x16\x03\x01\x01\v\x01" 400 524 "-" "-"
4.151.38.168 - - [09/Jan/2025:02:50:45 +0000] "GET /manager/text/list HTTP/1.1" 302 331 "-" "Mozilla/5.0 zgrab/0.x"
179.43.191.146 - - [09/Jan/2025:02:57:10 +0000] "GET / HTTP/1.1" 200 1003 "-" "Mozilla/5.0 (Windows NT 10.0; Win64; x64) AppleWebKit/537.36 (KHTML, like Gecko) Chrome/90.0.4430.85 Safari/537.36 Edg/90.0.818.46"
198.235.24.32 - - [09/Jan/2025:03:11:28 +0000] "GET / HTTP/1.0" 200 1761 "-" "Expanse, a Palo Alto Networks company, searches across the global IPv4 space multiple times per day to identify customers&#39; presences on the Internet. If you would like to be excluded from our scans, please send IP addresses/domains to: scaninfo@paloaltonetworks.com"
46.19.138.234 - - [09/Jan/2025:03:33:01 +0000] "GET / HTTP/1.1" 200 1003 "-" "Mozilla/5.0 (Windows NT 10.0; Win64; x64) AppleWebKit/537.36 (KHTML, like Gecko) Chrome/90.0.4430.85 Safari/537.36 Edg/90.0.818.46"
45.79.181.94 - - [09/Jan/2025:03:46:22 +0000] "\x16\x03\x01" 400 524 "-" "-"
179.43.191.146 - - [09/Jan/2025:03:53:46 +0000] "GET / HTTP/1.1" 200 1003 "-" "Mozilla/5.0 (Windows NT 10.0; Win64; x64) AppleWebKit/537.36 (KHTML, like Gecko) Chrome/90.0.4430.85 Safari/537.36 Edg/90.0.818.46"
45.156.129.57 - - [09/Jan/2025:04:05:10 +0000] "GET / HTTP/1.1" 200 947 "-" "Mozilla/5.0 (Windows NT 10.0; Win64; x64) AppleWebKit/537.36 (KHTML, like Gecko) Chrome/60.0.3112.113 Safari/537.36"
35.202.9.133 - - [09/Jan/2025:04:08:47 +0000] "GET / HTTP/1.1" 200 947 "-" "Mozilla/5.0 (compatible; tchelebi/1.0; +http://tchelebi.io)"
78.153.140.93 - - [09/Jan/2025:04:25:21 +0000] "GET /.env HTTP/1.1" 302 387 "-" "Mozilla/5.0 (Windows NT 10.0; Win64; x64) AppleWebKit/537.36 (KHTML, like Gecko) Chrome/116.0.5845.140 Safari/537.36"
78.153.140.93 - - [09/Jan/2025:04:25:22 +0000] "POST / HTTP/1.1" 200 1003 "-" "Mozilla/5.0 (Windows NT 10.0; Win64; x64) AppleWebKit/537.36 (KHTML, like Gecko) Chrome/116.0.5845.140 Safari/537.36"
198.235.24.100 - - [09/Jan/2025:04:43:29 +0000] "\x16\x03\x01" 400 524 "-" "-"
198.235.24.100 - - [09/Jan/2025:04:43:29 +0000] "\x16\x03\x01" 400 524 "-" "-"
193.34.212.75 - - [09/Jan/2025:04:45:42 +0000] "GET / HTTP/1.1" 200 1742 "-" "-"
95.214.53.198 - - [09/Jan/2025:04:57:56 +0000] "GET / HTTP/1.1" 200 1761 "-" "-"
209.58.184.129 - - [09/Jan/2025:05:02:59 +0000] "GET / HTTP/1.1" 200 947 "-" "Mozilla/5.0 (compatible; ModatScanner/1.0; +https://modat.io/)"
185.196.10.11 - - [09/Jan/2025:05:40:33 +0000] "GET /.git/config HTTP/1.1" 302 350 "-" "Mozilla/5.0 (Macintosh; Intel Mac OS X 10_14_5) AppleWebKit/607.2.6 (KHTML, like Gecko) Version/12.1.1 Safari/607.2.6 Maxthon/5.1.132"
78.153.140.93 - - [09/Jan/2025:05:45:53 +0000] "GET /.env HTTP/1.1" 302 387 "-" "Mozilla/5.0 (Windows NT 10.0; Win64; x64) AppleWebKit/537.36 (KHTML, like Gecko) Chrome/116.0.5845.140 Safari/537.36"
78.153.140.93 - - [09/Jan/2025:05:45:54 +0000] "POST / HTTP/1.1" 200 1003 "-" "Mozilla/5.0 (Windows NT 10.0; Win64; x64) AppleWebKit/537.36 (KHTML, like Gecko) Chrome/116.0.5845.140 Safari/537.36"
87.120.115.34 - - [09/Jan/2025:05:57:52 +0000] "GET /.env HTTP/1.1" 302 350 "-" "Mozilla/5.0 (Macintosh; Intel Mac OS X 10_15_7) AppleWebKit/605.1.15 (KHTML, like Gecko) Version/17.5 Safari/605.1.18"
184.105.247.194 - - [09/Jan/2025:06:08:53 +0000] "\x16\x03\x01" 400 524 "-" "-"
184.105.247.252 - - [09/Jan/2025:06:19:10 +0000] "GET / HTTP/1.1" 200 947 "-" "Mozilla/5.0 (X11; Linux x86_64; rv:125.0) Gecko/20100101 Firefox/125.0"
184.105.247.252 - - [09/Jan/2025:06:21:44 +0000] "GET /favicon.ico HTTP/1.1" 302 331 "-" "Mozilla/5.0 (X11; Linux x86_64) AppleWebKit/537.36 (KHTML, like Gecko) Chrome/108.0.0.0 Safari/537.36"
184.105.247.252 - - [09/Jan/2025:06:22:31 +0000] "GET /geoserver/web/ HTTP/1.1" 302 331 "-" "Mozilla/5.0 (X11; Linux x86_64; rv:125.0) Gecko/20100101 Firefox/125.0"
78.153.140.93 - - [09/Jan/2025:06:40:33 +0000] "GET /.env HTTP/1.1" 302 387 "-" "Mozilla/5.0 (Windows NT 10.0; Win64; x64) AppleWebKit/537.36 (KHTML, like Gecko) Chrome/116.0.5845.140 Safari/537.36"
78.153.140.93 - - [09/Jan/2025:06:40:33 +0000] "POST / HTTP/1.1" 200 1003 "-" "Mozilla/5.0 (Windows NT 10.0; Win64; x64) AppleWebKit/537.36 (KHTML, like Gecko) Chrome/116.0.5845.140 Safari/537.36"
193.34.212.75 - - [09/Jan/2025:06:45:25 +0000] "GET / HTTP/1.1" 200 1742 "-" "-"
185.16.39.104 - - [09/Jan/2025:06:50:44 +0000] "GET / HTTP/1.1" 200 1003 "-" "Mozilla/5.0 (Windows NT 10.0; Win64; x64) AppleWebKit/537.36 (KHTML, like Gecko) Chrome/90.0.4430.85 Safari/537.36 Edg/90.0.818.46"
91.223.3.201 - - [09/Jan/2025:07:00:14 +0000] "GET / HTTP/1.1" 200 1003 "-" "Mozilla/5.0 (Windows NT 10.0; Win64; x64) AppleWebKit/537.36 (KHTML, like Gecko) Chrome/90.0.4430.85 Safari/537.36 Edg/90.0.818.46"
87.120.112.187 - - [09/Jan/2025:07:43:00 +0000] "GET /.env HTTP/1.1" 302 350 "-" "Mozilla/5.0 (Linux; Android 9; Mi A1) AppleWebKit/537.36 (KHTML, like Gecko) Chrome/74.0.3729.157 Mobile Safari/537.36"
78.153.140.93 - - [09/Jan/2025:08:00:44 +0000] "GET /.env HTTP/1.1" 302 387 "-" "Mozilla/5.0 (Windows NT 10.0; Win64; x64) AppleWebKit/537.36 (KHTML, like Gecko) Chrome/116.0.5845.140 Safari/537.36"
78.153.140.93 - - [09/Jan/2025:08:00:44 +0000] "POST / HTTP/1.1" 200 1003 "-" "Mozilla/5.0 (Windows NT 10.0; Win64; x64) AppleWebKit/537.36 (KHTML, like Gecko) Chrome/116.0.5845.140 Safari/537.36"
47.91.91.123 - - [09/Jan/2025:08:12:48 +0000] "\x16\x03\x01" 400 524 "-" "-"
87.121.79.3 - - [09/Jan/2025:08:14:29 +0000] "GET / HTTP/1.1" 200 1003 "-" "Mozilla/5.0 (Windows NT 10.0; Win64; x64) AppleWebKit/537.36 (KHTML, like Gecko) Chrome/90.0.4430.85 Safari/537.36 Edg/90.0.818.46"
86.152.143.50 - - [09/Jan/2025:08:21:06 +0000] "GET / HTTP/1.0" 200 1761 "-" "curl/7.88.1"
185.196.220.253 - - [09/Jan/2025:08:27:13 +0000] "GET / HTTP/1.1" 200 1742 "-" "Hello World"
171.6.2.147 - - [09/Jan/2025:08:51:42 +0000] "GET / HTTP/1.0" 200 1761 "-" "Mozilla/5.0 (Linux; U; Android 4.0.3; ko-kr; LG-L160L Build/IML74K) AppleWebkit/534.30 (KHTML, like Gecko) Version/4.0 Mobile Safari/534.30"
115.55.193.10 - - [09/Jan/2025:09:34:44 +0000] "GET /boaform/admin/formLogin?username=admin&psd=admin HTTP/1.0" 302 350 "-" "-"
185.91.127.81 - - [09/Jan/2025:09:37:17 +0000] "CONNECT api.ip.pn:443 HTTP/1.1" 302 350 "-" "Mozilla/5.0"
154.213.184.132 - - [09/Jan/2025:09:39:51 +0000] "CONNECT google.com:443 HTTP/1.1" 302 331 "-" "Go-http-client/1.1"
195.3.223.55 - - [09/Jan/2025:09:47:18 +0000] "GET / HTTP/1.1" 200 1003 "-" "Mozilla/5.0 (Windows NT 10.0; Win64; x64) AppleWebKit/537.36 (KHTML, like Gecko) Chrome/90.0.4430.85 Safari/537.36 Edg/90.0.818.46"
167.94.146.61 - - [09/Jan/2025:09:53:36 +0000] "GET / HTTP/1.1" 200 1742 "-" "-"
167.94.146.61 - - [09/Jan/2025:09:53:39 +0000] "GET / HTTP/1.1" 200 947 "-" "Mozilla/5.0 (compatible; CensysInspect/1.1; +https://about.censys.io/)"
167.94.146.61 - - [09/Jan/2025:09:53:40 +0000] "GET /favicon.ico HTTP/1.1" 302 350 "-" "Mozilla/5.0 (compatible; CensysInspect/1.1; +https://about.censys.io/)"
167.94.146.61 - - [09/Jan/2025:09:53:41 +0000] "GET / HTTP/1.1" 200 966 "http://34.93.54.196/favicon.ico" "Mozilla/5.0 (compatible; CensysInspect/1.1; +https://about.censys.io/)"
167.94.146.61 - - [09/Jan/2025:09:53:42 +0000] "PRI * HTTP/2.0" 400 524 "-" "-"
193.34.212.75 - - [09/Jan/2025:09:55:51 +0000] "GET / HTTP/1.1" 200 1742 "-" "-"
46.19.138.234 - - [09/Jan/2025:09:55:52 +0000] "GET / HTTP/1.1" 200 1003 "-" "Mozilla/5.0 (Windows NT 10.0; Win64; x64) AppleWebKit/537.36 (KHTML, like Gecko) Chrome/90.0.4430.85 Safari/537.36 Edg/90.0.818.46"
125.138.124.37 - - [09/Jan/2025:09:59:01 +0000] "GET / HTTP/1.0" 200 1761 "-" "curl/7.88.1"
80.82.77.202 - - [09/Jan/2025:10:00:22 +0000] "GET / HTTP/1.0" 200 1761 "-" "Mozilla/5.0 (Macintosh; Intel Mac OS X 10_11_6) AppleWebKit/537.36 (KHTML, like Gecko) Chrome/64.0.3282.186 Safari/537.36"
121.139.52.211 - - [09/Jan/2025:10:02:42 +0000] "GET / HTTP/1.0" 200 1761 "-" "curl/7.88.1"
78.153.140.93 - - [09/Jan/2025:10:12:47 +0000] "GET /.env HTTP/1.1" 302 387 "-" "Mozilla/5.0 (Windows NT 10.0; Win64; x64) AppleWebKit/537.36 (KHTML, like Gecko) Chrome/116.0.5845.140 Safari/537.36"
78.153.140.93 - - [09/Jan/2025:10:12:47 +0000] "POST / HTTP/1.1" 200 1003 "-" "Mozilla/5.0 (Windows NT 10.0; Win64; x64) AppleWebKit/537.36 (KHTML, like Gecko) Chrome/116.0.5845.140 Safari/537.36"
125.129.80.82 - - [09/Jan/2025:10:16:58 +0000] "GET / HTTP/1.0" 200 1761 "-" "curl/7.88.1"
45.140.17.52 - - [09/Jan/2025:10:19:05 +0000] "\x03" 400 524 "-" "-"
179.43.191.146 - - [09/Jan/2025:10:23:07 +0000] "GET / HTTP/1.1" 200 1003 "-" "Mozilla/5.0 (Windows NT 10.0; Win64; x64) AppleWebKit/537.36 (KHTML, like Gecko) Chrome/90.0.4430.85 Safari/537.36 Edg/90.0.818.46"
87.120.125.126 - - [09/Jan/2025:10:30:28 +0000] "GET /.env HTTP/1.1" 302 350 "-" "Mozilla/5.0 (Linux; Android 9; Pixel 3a) AppleWebKit/537.36 (KHTML, like Gecko) Chrome/76.0.3809.89 Mobile Safari/537.36"
78.153.140.93 - - [09/Jan/2025:10:35:49 +0000] "GET /.env HTTP/1.1" 302 387 "-" "Mozilla/5.0 (Windows NT 10.0; Win64; x64) AppleWebKit/537.36 (KHTML, like Gecko) Chrome/116.0.5845.140 Safari/537.36"
78.153.140.93 - - [09/Jan/2025:10:35:49 +0000] "POST / HTTP/1.1" 200 1003 "-" "Mozilla/5.0 (Windows NT 10.0; Win64; x64) AppleWebKit/537.36 (KHTML, like Gecko) Chrome/116.0.5845.140 Safari/537.36"
5.101.6.131 - - [09/Jan/2025:10:44:15 +0000] "\x16\x03\x02\x01o\x01" 400 524 "-" "-"
5.101.6.131 - - [09/Jan/2025:10:44:57 +0000] "\x16\x03\x01\x05\xa8\x01" 400 524 "-" "-"
5.101.6.131 - - [09/Jan/2025:10:44:57 +0000] "GET /server-status HTTP/1.1" 403 457 "-" "Go-http-client/1.1"
5.101.6.131 - - [09/Jan/2025:10:44:58 +0000] "GET /aaa9 HTTP/1.1" 302 350 "-" "Mozilla/5.0 (Windows NT 10.0; Win64; x64) AppleWebKit/537.36 (KHTML, like Gecko) Chrome/70.0.3538.77 Safari/537.36"
5.101.6.131 - - [09/Jan/2025:10:44:58 +0000] "\x16\x03\x01\x05\xa8\x01" 400 524 "-" "-"
5.101.6.131 - - [09/Jan/2025:10:44:59 +0000] "GET /aab9 HTTP/1.1" 302 350 "-" "Mozilla/5.0 (Windows NT 10.0; Win64; x64) AppleWebKit/537.36 (KHTML, like Gecko) Chrome/70.0.3538.77 Safari/537.36"
3.141.19.25 - - [09/Jan/2025:10:47:03 +0000] "\x16\x03\x01" 400 524 "-" "-"
3.141.19.25 - - [09/Jan/2025:10:48:25 +0000] "GET / HTTP/1.1" 200 947 "-" "Mozilla/5.0 (Macintosh; Intel Mac OS X 10_15_7) Chrome/126.0.0.0 Safari/537.36"
45.83.66.240 - - [09/Jan/2025:10:50:01 +0000] "GET / HTTP/1.1" 200 1003 "-" "Mozilla/5.0 (Windows NT 10.0; Win64; x64; rv:65.0) Gecko/20100101 Firefox/65.0"
45.83.64.211 - - [09/Jan/2025:10:50:02 +0000] "GET /favicon.ico HTTP/1.1" 302 387 "-" "Mozilla/5.0 (Windows NT 10.0; Win64; x64; rv:65.0) Gecko/20100101 Firefox/65.0"
45.83.64.211 - - [09/Jan/2025:10:50:02 +0000] "GET / HTTP/1.1" 200 1002 "http://34.93.54.196:80/favicon.ico" "Mozilla/5.0 (Windows NT 10.0; Win64; x64; rv:65.0) Gecko/20100101 Firefox/65.0"
154.213.184.132 - - [09/Jan/2025:11:01:51 +0000] "CONNECT google.com:443 HTTP/1.1" 302 331 "-" "Go-http-client/1.1"
87.120.127.198 - - [09/Jan/2025:11:04:37 +0000] "GET /.env HTTP/1.1" 302 350 "-" "Mozilla/5.0 (Macintosh; Intel Mac OS X 10_14_6) AppleWebKit/537.36 (KHTML, like Gecko) Chrome/78.0.3872.0 Safari/537.36 Edg/78.0.244.0"
112.168.75.207 - - [09/Jan/2025:11:10:43 +0000] "GET / HTTP/1.0" 200 1761 "-" "curl/7.88.1"
80.82.77.202 - - [09/Jan/2025:11:33:34 +0000] "\x16\x03\x02\x01o\x01" 400 524 "-" "-"
34.76.105.151 - - [09/Jan/2025:11:34:34 +0000] "GET / HTTP/1.1" 200 1003 "-" "python-requests/2.32.3"
18.118.133.247 - - [09/Jan/2025:11:34:37 +0000] "\x16\x03\x01" 400 524 "-" "-"
18.118.133.247 - - [09/Jan/2025:11:35:55 +0000] "GET / HTTP/1.1" 200 947 "-" "Mozilla/5.0 (Macintosh; Intel Mac OS X 10_15_7) Chrome/126.0.0.0 Safari/537.36"
144.129.35.242 - - [09/Jan/2025:11:36:31 +0000] "GET / HTTP/1.0" 200 1761 "-" "curl/7.88.1"
143.255.242.165 - - [09/Jan/2025:12:07:23 +0000] "GET / HTTP/1.1" 200 1742 "-" "Mozilla/5.0 (Windows NT 6.1; WOW64) AppleWebKit/537.36 (KHTML, like Gecko) Chrome/51.0.2704.103 Safari/537.36"
185.16.39.104 - - [09/Jan/2025:12:13:04 +0000] "GET / HTTP/1.1" 200 1003 "-" "Mozilla/5.0 (Windows NT 10.0; Win64; x64) AppleWebKit/537.36 (KHTML, like Gecko) Chrome/90.0.4430.85 Safari/537.36 Edg/90.0.818.46"
93.174.93.12 - - [09/Jan/2025:12:17:56 +0000] "\x16\x03\x02\x01o\x01" 400 524 "-" "-"
87.120.117.61 - - [09/Jan/2025:12:24:59 +0000] "HEAD / HTTP/1.1" 200 296 "-" "Mozilla/5.0 (Linux; U; Android 4.4.2; en-US; HM NOTE 1W Build/KOT49H) AppleWebKit/534.30 (KHTML, like Gecko) Version/4.0 UCBrowser/11.0.5.850 U3/0.8.0 Mobile Safari/534.30"
87.120.117.61 - - [09/Jan/2025:12:24:59 +0000] "GET /.env HTTP/1.1" 302 331 "-" "Mozilla/5.0 (Linux; U; Android 4.4.2; en-US; HM NOTE 1W Build/KOT49H) AppleWebKit/534.30 (KHTML, like Gecko) Version/4.0 UCBrowser/11.0.5.850 U3/0.8.0 Mobile Safari/534.30"
87.120.117.61 - - [09/Jan/2025:12:24:59 +0000] "POST / HTTP/1.1" 200 947 "-" "Mozilla/5.0 (Linux; U; Android 4.4.2; en-US; HM NOTE 1W Build/KOT49H) AppleWebKit/534.30 (KHTML, like Gecko) Version/4.0 UCBrowser/11.0.5.850 U3/0.8.0 Mobile Safari/534.30"
86.128.193.147 - - [09/Jan/2025:12:33:21 +0000] "GET / HTTP/1.0" 200 1761 "-" "curl/7.88.1"
154.213.184.23 - - [09/Jan/2025:12:36:07 +0000] "CONNECT web.realsysadm.in:443 HTTP/1.1" 302 331 "-" "Go-http-client/1.1"
91.223.3.201 - - [09/Jan/2025:12:38:27 +0000] "GET / HTTP/1.1" 200 1003 "-" "Mozilla/5.0 (Windows NT 10.0; Win64; x64) AppleWebKit/537.36 (KHTML, like Gecko) Chrome/90.0.4430.85 Safari/537.36 Edg/90.0.818.46"
146.190.167.253 - - [09/Jan/2025:12:52:30 +0000] "GET / HTTP/1.1" 200 947 "-" "Mozilla/5.0 (compatible)"
146.190.167.253 - - [09/Jan/2025:12:52:30 +0000] "GET /favicon.ico HTTP/1.1" 302 331 "http://34.93.54.196/" "Mozilla/5.0 (compatible)"
93.174.93.12 - - [09/Jan/2025:13:16:51 +0000] "GET / HTTP/1.0" 200 1761 "-" "Mozilla/5.0 (Linux; Android 4.3; SPH-L710 Build/JSS15J) AppleWebKit/537.36 (KHTML, like Gecko) Chrome/32.0.1700.99 Mobile Safari/537.36"
172.206.141.63 - - [09/Jan/2025:13:32:56 +0000] "GET /hudson HTTP/1.1" 302 331 "-" "Mozilla/5.0 zgrab/0.x"
78.153.140.93 - - [09/Jan/2025:13:34:38 +0000] "GET /.env HTTP/1.1" 302 387 "-" "Mozilla/5.0 (Windows NT 10.0; Win64; x64) AppleWebKit/537.36 (KHTML, like Gecko) Chrome/116.0.5845.140 Safari/537.36"
78.153.140.93 - - [09/Jan/2025:13:34:38 +0000] "POST / HTTP/1.1" 200 1003 "-" "Mozilla/5.0 (Windows NT 10.0; Win64; x64) AppleWebKit/537.36 (KHTML, like Gecko) Chrome/116.0.5845.140 Safari/537.36"
45.33.80.243 - - [09/Jan/2025:13:46:42 +0000] "\x16\x03\x01" 400 524 "-" "-"
193.34.212.75 - - [09/Jan/2025:13:57:09 +0000] "GET / HTTP/1.1" 200 1742 "-" "-"
121.188.168.95 - - [09/Jan/2025:14:02:08 +0000] "GET / HTTP/1.0" 200 1761 "-" "curl/7.88.1"
87.121.79.3 - - [09/Jan/2025:14:13:47 +0000] "GET / HTTP/1.1" 200 1003 "-" "Mozilla/5.0 (Windows NT 10.0; Win64; x64) AppleWebKit/537.36 (KHTML, like Gecko) Chrome/90.0.4430.85 Safari/537.36 Edg/90.0.818.46"
78.153.140.93 - - [09/Jan/2025:14:42:26 +0000] "GET /.env HTTP/1.1" 302 387 "-" "Mozilla/5.0 (Windows NT 10.0; Win64; x64) AppleWebKit/537.36 (KHTML, like Gecko) Chrome/116.0.5845.140 Safari/537.36"
78.153.140.93 - - [09/Jan/2025:14:42:27 +0000] "POST / HTTP/1.1" 200 1003 "-" "Mozilla/5.0 (Windows NT 10.0; Win64; x64) AppleWebKit/537.36 (KHTML, like Gecko) Chrome/116.0.5845.140 Safari/537.36"
195.3.223.55 - - [09/Jan/2025:14:53:57 +0000] "GET / HTTP/1.1" 200 1003 "-" "Mozilla/5.0 (Windows NT 10.0; Win64; x64) AppleWebKit/537.36 (KHTML, like Gecko) Chrome/90.0.4430.85 Safari/537.36 Edg/90.0.818.46"
193.200.78.250 - - [09/Jan/2025:14:58:27 +0000] "GET / HTTP/1.1" 200 1003 "-" "Mozilla/5.0 (Windows NT 10.0; Win64; x64) AppleWebKit/537.36 (KHTML, like Gecko) Chrome/90.0.4430.85 Safari/537.36 Edg/90.0.818.46"
45.140.17.52 - - [09/Jan/2025:15:09:29 +0000] "\x03" 400 524 "-" "-"
209.38.33.11 - - [09/Jan/2025:15:13:54 +0000] "GET / HTTP/1.1" 200 1742 "-" "Mozilla/5.0 (Windows NT 10.0; Win64; x64; rv:109.0) Gecko/20100101 Firefox/118.0"
105.184.155.84 - - [09/Jan/2025:15:15:21 +0000] "GET /boaform/admin/formLogin?username=adminisp&psd=adminisp HTTP/1.0" 302 350 "-" "-"
58.76.178.15 - - [09/Jan/2025:15:27:26 +0000] "GET / HTTP/1.0" 200 1761 "-" "curl/7.88.1"
46.19.138.234 - - [09/Jan/2025:15:29:10 +0000] "GET / HTTP/1.1" 200 1003 "-" "Mozilla/5.0 (Windows NT 10.0; Win64; x64) AppleWebKit/537.36 (KHTML, like Gecko) Chrome/90.0.4430.85 Safari/537.36 Edg/90.0.818.46"
185.196.220.253 - - [09/Jan/2025:15:33:54 +0000] "GET / HTTP/1.1" 200 1742 "-" "Hello World"
13.87.245.145 - - [09/Jan/2025:15:57:16 +0000] "MGLNDD_34.93.54.196_80\n" 400 524 "-" "-"
78.153.140.93 - - [09/Jan/2025:16:14:48 +0000] "GET /.env HTTP/1.1" 302 387 "-" "Mozilla/5.0 (Windows NT 10.0; Win64; x64) AppleWebKit/537.36 (KHTML, like Gecko) Chrome/116.0.5845.140 Safari/537.36"
78.153.140.93 - - [09/Jan/2025:16:14:48 +0000] "POST / HTTP/1.1" 200 1003 "-" "Mozilla/5.0 (Windows NT 10.0; Win64; x64) AppleWebKit/537.36 (KHTML, like Gecko) Chrome/116.0.5845.140 Safari/537.36"
80.82.77.202 - - [09/Jan/2025:16:41:55 +0000] "GET / HTTP/1.0" 200 1761 "-" "WebCopier v4.6"
220.89.200.125 - - [09/Jan/2025:16:47:23 +0000] "GET / HTTP/1.0" 200 1761 "-" "curl/7.88.1"
139.59.101.104 - - [09/Jan/2025:16:48:09 +0000] "GET /cdn-cgi/trace HTTP/1.1" 302 350 "-" "Mozilla/5.0"
103.203.56.3 - - [09/Jan/2025:17:01:46 +0000] "GET / HTTP/1.1" 200 1761 "-" "HTTP Banner Detection (https://security.ipip.net)"
159.223.67.34 - - [09/Jan/2025:17:03:25 +0000] "GET /cdn-cgi/trace HTTP/1.1" 302 350 "-" "Mozilla/5.0"
159.223.67.34 - - [09/Jan/2025:17:03:31 +0000] "\x16\x03\x01\x01\v\x01" 400 524 "-" "-"
179.43.191.146 - - [09/Jan/2025:17:06:54 +0000] "GET / HTTP/1.1" 200 1003 "-" "Mozilla/5.0 (Windows NT 10.0; Win64; x64) AppleWebKit/537.36 (KHTML, like Gecko) Chrome/90.0.4430.85 Safari/537.36 Edg/90.0.818.46"
152.42.247.210 - - [09/Jan/2025:17:12:16 +0000] "GET /cdn-cgi/trace HTTP/1.1" 302 350 "-" "Mozilla/5.0"
152.42.247.210 - - [09/Jan/2025:17:12:23 +0000] "\x16\x03\x01\x01\v\x01" 400 524 "-" "-"
185.16.39.104 - - [09/Jan/2025:17:12:45 +0000] "GET / HTTP/1.1" 200 1003 "-" "Mozilla/5.0 (Windows NT 10.0; Win64; x64) AppleWebKit/537.36 (KHTML, like Gecko) Chrome/90.0.4430.85 Safari/537.36 Edg/90.0.818.46"
152.42.219.47 - - [09/Jan/2025:17:17:53 +0000] "GET /cdn-cgi/trace HTTP/1.1" 302 350 "-" "Mozilla/5.0"
152.42.219.47 - - [09/Jan/2025:17:18:03 +0000] "\x16\x03\x01\x01\v\x01" 400 524 "-" "-"
178.128.54.126 - - [09/Jan/2025:17:18:27 +0000] "GET /cdn-cgi/trace HTTP/1.1" 302 350 "-" "Mozilla/5.0"
178.128.54.126 - - [09/Jan/2025:17:18:37 +0000] "\x16\x03\x01\x01\v\x01" 400 524 "-" "-"
193.200.78.250 - - [09/Jan/2025:17:32:44 +0000] "GET / HTTP/1.1" 200 1003 "-" "Mozilla/5.0 (Windows NT 10.0; Win64; x64) AppleWebKit/537.36 (KHTML, like Gecko) Chrome/90.0.4430.85 Safari/537.36 Edg/90.0.818.46"
78.153.140.93 - - [09/Jan/2025:17:44:48 +0000] "GET /.env HTTP/1.1" 302 387 "-" "Mozilla/5.0 (Windows NT 10.0; Win64; x64) AppleWebKit/537.36 (KHTML, like Gecko) Chrome/116.0.5845.140 Safari/537.36"
78.153.140.93 - - [09/Jan/2025:17:44:49 +0000] "POST / HTTP/1.1" 200 1003 "-" "Mozilla/5.0 (Windows NT 10.0; Win64; x64) AppleWebKit/537.36 (KHTML, like Gecko) Chrome/116.0.5845.140 Safari/537.36"
59.91.174.139 - - [09/Jan/2025:17:47:32 +0000] "GET / HTTP/1.1" 200 1742 "-" "Mozilla/5.0 (Macintosh; Intel Mac OS X 10_11_6) AppleWebKit/601.7.7 (KHTML, like Gecko) Version/9.1.2 Safari/601.7.7"
139.162.71.210 - - [09/Jan/2025:18:12:26 +0000] "GET / HTTP/1.1" 200 947 "-" "Mozilla/5.0 zgrab/0.x"
87.121.79.3 - - [09/Jan/2025:18:17:44 +0000] "GET / HTTP/1.1" 200 1003 "-" "Mozilla/5.0 (Windows NT 10.0; Win64; x64) AppleWebKit/537.36 (KHTML, like Gecko) Chrome/90.0.4430.85 Safari/537.36 Edg/90.0.818.46"
14.47.67.181 - - [09/Jan/2025:18:43:05 +0000] "GET / HTTP/1.0" 200 1761 "-" "curl/7.88.1"
8.211.47.221 - - [09/Jan/2025:18:58:37 +0000] "GET / HTTP/1.1" 200 1742 "-" "curl/7.64.1"
167.94.145.107 - - [09/Jan/2025:18:59:02 +0000] "GET / HTTP/1.1" 200 1742 "-" "-"
167.94.145.107 - - [09/Jan/2025:18:59:05 +0000] "GET / HTTP/1.1" 200 947 "-" "Mozilla/5.0 (compatible; CensysInspect/1.1; +https://about.censys.io/)"
167.94.145.107 - - [09/Jan/2025:18:59:05 +0000] "GET /favicon.ico HTTP/1.1" 302 350 "-" "Mozilla/5.0 (compatible; CensysInspect/1.1; +https://about.censys.io/)"
167.94.145.107 - - [09/Jan/2025:18:59:06 +0000] "GET / HTTP/1.1" 200 966 "http://34.93.54.196/favicon.ico" "Mozilla/5.0 (compatible; CensysInspect/1.1; +https://about.censys.io/)"
167.94.145.107 - - [09/Jan/2025:18:59:06 +0000] "PRI * HTTP/2.0" 400 524 "-" "-"
185.196.220.253 - - [09/Jan/2025:19:02:17 +0000] "GET / HTTP/1.1" 200 1742 "-" "Hello World"
206.168.34.196 - - [09/Jan/2025:19:10:06 +0000] "GET / HTTP/1.1" 200 1742 "-" "-"
206.168.34.196 - - [09/Jan/2025:19:10:12 +0000] "GET / HTTP/1.1" 200 947 "-" "Mozilla/5.0 (compatible; CensysInspect/1.1; +https://about.censys.io/)"
206.168.34.196 - - [09/Jan/2025:19:10:14 +0000] "GET /favicon.ico HTTP/1.1" 302 350 "-" "Mozilla/5.0 (compatible; CensysInspect/1.1; +https://about.censys.io/)"
206.168.34.196 - - [09/Jan/2025:19:10:17 +0000] "GET / HTTP/1.1" 200 966 "http://34.93.54.196/favicon.ico" "Mozilla/5.0 (compatible; CensysInspect/1.1; +https://about.censys.io/)"
206.168.34.196 - - [09/Jan/2025:19:10:19 +0000] "PRI * HTTP/2.0" 400 524 "-" "-"
78.153.140.93 - - [09/Jan/2025:19:22:03 +0000] "GET /.env HTTP/1.1" 302 387 "-" "Mozilla/5.0 (Windows NT 10.0; Win64; x64) AppleWebKit/537.36 (KHTML, like Gecko) Chrome/116.0.5845.140 Safari/537.36"
78.153.140.93 - - [09/Jan/2025:19:22:03 +0000] "POST / HTTP/1.1" 200 1003 "-" "Mozilla/5.0 (Windows NT 10.0; Win64; x64) AppleWebKit/537.36 (KHTML, like Gecko) Chrome/116.0.5845.140 Safari/537.36"
59.187.232.69 - - [09/Jan/2025:19:31:58 +0000] "GET / HTTP/1.0" 200 1761 "-" "curl/7.88.1"
78.153.140.93 - - [09/Jan/2025:19:40:07 +0000] "GET /.env HTTP/1.1" 302 387 "-" "Mozilla/5.0 (Windows NT 10.0; Win64; x64) AppleWebKit/537.36 (KHTML, like Gecko) Chrome/116.0.5845.140 Safari/537.36"
78.153.140.93 - - [09/Jan/2025:19:40:07 +0000] "POST / HTTP/1.1" 200 1003 "-" "Mozilla/5.0 (Windows NT 10.0; Win64; x64) AppleWebKit/537.36 (KHTML, like Gecko) Chrome/116.0.5845.140 Safari/537.36"
179.43.191.146 - - [09/Jan/2025:20:15:52 +0000] "GET / HTTP/1.1" 200 1003 "-" "Mozilla/5.0 (Windows NT 10.0; Win64; x64) AppleWebKit/537.36 (KHTML, like Gecko) Chrome/90.0.4430.85 Safari/537.36 Edg/90.0.818.46"
80.82.77.202 - - [09/Jan/2025:20:23:28 +0000] "\x16\x03\x02\x01o\x01" 400 524 "-" "-"
112.186.140.32 - - [09/Jan/2025:20:25:45 +0000] "GET / HTTP/1.0" 200 1761 "-" "curl/7.88.1"
195.3.223.55 - - [09/Jan/2025:20:33:59 +0000] "GET / HTTP/1.1" 200 1003 "-" "Mozilla/5.0 (Windows NT 10.0; Win64; x64) AppleWebKit/537.36 (KHTML, like Gecko) Chrome/90.0.4430.85 Safari/537.36 Edg/90.0.818.46"
95.214.55.226 - - [09/Jan/2025:20:35:12 +0000] "GET / HTTP/1.1" 200 1742 "-" "-"
91.223.3.201 - - [09/Jan/2025:20:42:19 +0000] "GET / HTTP/1.1" 200 1003 "-" "Mozilla/5.0 (Windows NT 10.0; Win64; x64) AppleWebKit/537.36 (KHTML, like Gecko) Chrome/90.0.4430.85 Safari/537.36 Edg/90.0.818.46"
78.153.140.93 - - [09/Jan/2025:20:53:54 +0000] "GET /.env HTTP/1.1" 302 387 "-" "Mozilla/5.0 (Windows NT 10.0; Win64; x64) AppleWebKit/537.36 (KHTML, like Gecko) Chrome/116.0.5845.140 Safari/537.36"
78.153.140.93 - - [09/Jan/2025:20:53:54 +0000] "POST / HTTP/1.1" 200 1003 "-" "Mozilla/5.0 (Windows NT 10.0; Win64; x64) AppleWebKit/537.36 (KHTML, like Gecko) Chrome/116.0.5845.140 Safari/537.36"
193.200.78.250 - - [09/Jan/2025:21:01:43 +0000] "GET / HTTP/1.1" 200 1003 "-" "Mozilla/5.0 (Windows NT 10.0; Win64; x64) AppleWebKit/537.36 (KHTML, like Gecko) Chrome/90.0.4430.85 Safari/537.36 Edg/90.0.818.46"
46.19.138.234 - - [09/Jan/2025:21:06:35 +0000] "GET / HTTP/1.1" 200 1003 "-" "Mozilla/5.0 (Windows NT 10.0; Win64; x64) AppleWebKit/537.36 (KHTML, like Gecko) Chrome/90.0.4430.85 Safari/537.36 Edg/90.0.818.46"
185.196.220.253 - - [09/Jan/2025:21:16:46 +0000] "GET / HTTP/1.1" 200 1742 "-" "Hello World"
154.213.184.132 - - [09/Jan/2025:21:17:51 +0000] "CONNECT google.com:443 HTTP/1.1" 302 331 "-" "Go-http-client/1.1"
115.23.112.185 - - [09/Jan/2025:21:34:55 +0000] "GET / HTTP/1.0" 200 1761 "-" "curl/7.88.1"
178.215.236.132 - - [09/Jan/2025:21:41:36 +0000] "GET /_profiler/phpinfo HTTP/1.1" 302 350 "-" "Mozilla/5.0 (Macintosh; U; Intel Mac OS X 10_7; en-us) AppleWebKit/534.20.8 (KHTML, like Gecko) Version/5.1 Safari/534.20.8"
92.255.57.58 - - [09/Jan/2025:21:49:01 +0000] "GET /?XDEBUG_SESSION_START=phpstorm HTTP/1.1" 200 966 "-" "Mozilla/5.0 (Windows NT 10.0; Win64; x64) AppleWebKit/537.36 (KHTML, like Gecko) Chrome/78.0.3904.108 Safari/537.36"
193.34.212.75 - - [09/Jan/2025:21:53:22 +0000] "GET / HTTP/1.1" 200 1742 "-" "-"
193.200.78.250 - - [09/Jan/2025:22:00:44 +0000] "GET /logon.htm HTTP/1.1" 302 331 "-" "Hello World"
18.97.5.32 - - [09/Jan/2025:22:01:31 +0000] "GET / HTTP/1.1" 200 1003 "-" "Mozilla/5.0 (Windows NT 6.2;en-US) AppleWebKit/537.32.36 (KHTML, live Gecko) Chrome/60.0.3019.80 Safari/537.32"
78.153.140.93 - - [09/Jan/2025:22:18:16 +0000] "GET /.env HTTP/1.1" 302 387 "-" "Mozilla/5.0 (Windows NT 10.0; Win64; x64) AppleWebKit/537.36 (KHTML, like Gecko) Chrome/116.0.5845.140 Safari/537.36"
78.153.140.93 - - [09/Jan/2025:22:18:17 +0000] "POST / HTTP/1.1" 200 1003 "-" "Mozilla/5.0 (Windows NT 10.0; Win64; x64) AppleWebKit/537.36 (KHTML, like Gecko) Chrome/116.0.5845.140 Safari/537.36"
91.223.3.201 - - [09/Jan/2025:22:32:25 +0000] "GET / HTTP/1.1" 200 1003 "-" "Mozilla/5.0 (Windows NT 10.0; Win64; x64) AppleWebKit/537.36 (KHTML, like Gecko) Chrome/90.0.4430.85 Safari/537.36 Edg/90.0.818.46"
185.16.39.104 - - [09/Jan/2025:22:32:39 +0000] "GET / HTTP/1.1" 200 1003 "-" "Mozilla/5.0 (Windows NT 10.0; Win64; x64) AppleWebKit/537.36 (KHTML, like Gecko) Chrome/90.0.4430.85 Safari/537.36 Edg/90.0.818.46"
112.165.189.217 - - [09/Jan/2025:22:50:01 +0000] "GET / HTTP/1.0" 200 1761 "-" "curl/7.88.1"
92.255.57.58 - - [09/Jan/2025:22:52:21 +0000] "GET /actuator/gateway/routes HTTP/1.1" 302 350 "-" "Mozilla/5.0 (Windows NT 10.0; Win64; x64) AppleWebKit/537.36 (KHTML, like Gecko) Chrome/78.0.3904.108 Safari/537.36"
92.255.57.58 - - [09/Jan/2025:22:52:23 +0000] "GET / HTTP/1.1" 200 966 "http://34.93.54.196:80/actuator/gateway/routes" "Mozilla/5.0 (Windows NT 10.0; Win64; x64) AppleWebKit/537.36 (KHTML, like Gecko) Chrome/78.0.3904.108 Safari/537.36"
193.200.78.250 - - [09/Jan/2025:22:52:45 +0000] "GET / HTTP/1.1" 200 1003 "-" "Mozilla/5.0 (Windows NT 10.0; Win64; x64) AppleWebKit/537.36 (KHTML, like Gecko) Chrome/90.0.4430.85 Safari/537.36 Edg/90.0.818.46"
206.168.34.220 - - [09/Jan/2025:23:01:25 +0000] "\x16\x03\x01" 400 524 "-" "-"
206.168.34.220 - - [09/Jan/2025:23:01:34 +0000] "GET / HTTP/1.1" 200 947 "-" "Mozilla/5.0 (compatible; CensysInspect/1.1; +https://about.censys.io/)"
206.168.34.220 - - [09/Jan/2025:23:01:36 +0000] "GET /favicon.ico HTTP/1.1" 302 350 "-" "Mozilla/5.0 (compatible; CensysInspect/1.1; +https://about.censys.io/)"
206.168.34.220 - - [09/Jan/2025:23:01:38 +0000] "GET / HTTP/1.1" 200 966 "http://34.93.54.196/favicon.ico" "Mozilla/5.0 (compatible; CensysInspect/1.1; +https://about.censys.io/)"
206.168.34.220 - - [09/Jan/2025:23:01:40 +0000] "PRI * HTTP/2.0" 400 524 "-" "-"
92.255.57.58 - - [09/Jan/2025:23:22:47 +0000] "\x16\x03\x01\x05\xa8\x01" 400 524 "-" "-"
78.153.140.93 - - [09/Jan/2025:23:22:51 +0000] "GET /.env HTTP/1.1" 302 387 "-" "Mozilla/5.0 (Windows NT 10.0; Win64; x64) AppleWebKit/537.36 (KHTML, like Gecko) Chrome/116.0.5845.140 Safari/537.36"
78.153.140.93 - - [09/Jan/2025:23:22:51 +0000] "POST / HTTP/1.1" 200 1003 "-" "Mozilla/5.0 (Windows NT 10.0; Win64; x64) AppleWebKit/537.36 (KHTML, like Gecko) Chrome/116.0.5845.140 Safari/537.36"
87.120.115.34 - - [09/Jan/2025:23:22:54 +0000] "GET /_profiler/phpinfo HTTP/1.1" 302 350 "-" "Mozilla/5.0 (Knoppix; Linux x86_64; rv:124.0) Gecko/20100101 Firefox/124.0"
210.222.188.194 - - [09/Jan/2025:23:23:36 +0000] "GET / HTTP/1.0" 200 1761 "-" "curl/7.88.1"
95.214.55.226 - - [09/Jan/2025:23:41:50 +0000] "GET / HTTP/1.1" 200 1742 "-" "-"
87.121.79.3 - - [09/Jan/2025:23:50:57 +0000] "GET / HTTP/1.1" 200 1003 "-" "Mozilla/5.0 (Windows NT 10.0; Win64; x64) AppleWebKit/537.36 (KHTML, like Gecko) Chrome/90.0.4430.85 Safari/537.36 Edg/90.0.818.46"
78.153.140.147 - - [08/Jan/2025:00:03:57 +0000] "GET /.env HTTP/1.1" 302 387 "-" "Mozilla/5.0 (Windows NT 10.0; Win64; x64) AppleWebKit/537.36 (KHTML, like Gecko) Chrome/116.0.5845.140 Safari/537.36"
78.153.140.147 - - [08/Jan/2025:00:03:57 +0000] "POST / HTTP/1.1" 200 1003 "-" "Mozilla/5.0 (Windows NT 10.0; Win64; x64) AppleWebKit/537.36 (KHTML, like Gecko) Chrome/116.0.5845.140 Safari/537.36"
193.177.182.119 - - [08/Jan/2025:00:09:35 +0000] "GET / HTTP/1.1" 200 947 "-" "Mozilla/5.0 zgrab/0.x"
205.210.31.18 - - [08/Jan/2025:00:10:50 +0000] "GET / HTTP/1.1" 200 947 "-" "Expanse, a Palo Alto Networks company, searches across the global IPv4 space multiple times per day to identify customers&#39; presences on the Internet. If you would like to be excluded from our scans, please send IP addresses/domains to: scaninfo@paloaltonetworks.com"
121.146.60.160 - - [08/Jan/2025:00:14:17 +0000] "GET / HTTP/1.0" 200 1761 "-" "Mozilla/5.0 (Linux; U; Android 4.0.3; ko-kr; LG-L160L Build/IML74K) AppleWebkit/534.30 (KHTML, like Gecko) Version/4.0 Mobile Safari/534.30"
176.105.203.35 - - [08/Jan/2025:00:17:41 +0000] "GET / HTTP/1.1" 200 1742 "-" "Mozilla/5.0 (Macintosh; Intel Mac OS X 10_11_6) AppleWebKit/601.7.7 (KHTML, like Gecko) Version/9.1.2 Safari/601.7.7"
93.39.112.214 - - [08/Jan/2025:00:27:05 +0000] "GET / HTTP/1.1" 200 1742 "-" "Mozilla/5.0 (Windows NT 6.1; WOW64) AppleWebKit/537.36 (KHTML, like Gecko) Chrome/51.0.2704.103 Safari/537.36"
1.10.133.211 - - [08/Jan/2025:00:27:09 +0000] "GET / HTTP/1.0" 200 1761 "-" "Mozilla/5.0 (Linux; U; Android 4.0.3; ko-kr; LG-L160L Build/IML74K) AppleWebkit/534.30 (KHTML, like Gecko) Version/4.0 Mobile Safari/534.30"
152.42.219.47 - - [08/Jan/2025:00:54:52 +0000] "GET /cdn-cgi/trace HTTP/1.1" 302 350 "-" "Mozilla/5.0"
152.42.219.47 - - [08/Jan/2025:00:55:02 +0000] "\x16\x03\x01\x01\v\x01" 400 524 "-" "-"
193.41.206.36 - - [08/Jan/2025:01:01:21 +0000] "GET / HTTP/1.1" 200 1003 "-" "-"
193.41.206.36 - - [08/Jan/2025:01:01:22 +0000] "GET /.env HTTP/1.1" 302 386 "-" "-"
193.41.206.36 - - [08/Jan/2025:01:01:24 +0000] "GET /phpinfo HTTP/1.1" 302 386 "-" "-"
193.41.206.36 - - [08/Jan/2025:01:01:25 +0000] "GET /phpinfo.php HTTP/1.1" 302 386 "-" "-"
193.41.206.36 - - [08/Jan/2025:01:01:27 +0000] "GET /portal/.env HTTP/1.1" 302 386 "-" "-"
193.41.206.36 - - [08/Jan/2025:01:01:28 +0000] "GET /env/.env HTTP/1.1" 302 386 "-" "-"
193.41.206.36 - - [08/Jan/2025:01:01:30 +0000] "GET /api/.env HTTP/1.1" 302 386 "-" "-"
193.41.206.36 - - [08/Jan/2025:01:01:32 +0000] "GET /app/.env HTTP/1.1" 302 386 "-" "-"
193.41.206.36 - - [08/Jan/2025:01:01:34 +0000] "GET /dev/.env HTTP/1.1" 302 386 "-" "-"
193.41.206.36 - - [08/Jan/2025:01:01:36 +0000] "GET /new/.env HTTP/1.1" 302 386 "-" "-"
193.41.206.36 - - [08/Jan/2025:01:01:37 +0000] "GET /new/.env.local HTTP/1.1" 302 386 "-" "-"
193.41.206.36 - - [08/Jan/2025:01:01:39 +0000] "GET /new/.env.production HTTP/1.1" 302 386 "-" "-"
193.41.206.36 - - [08/Jan/2025:01:01:41 +0000] "GET /new/.env.staging HTTP/1.1" 302 386 "-" "-"
193.41.206.36 - - [08/Jan/2025:01:01:43 +0000] "GET /_phpinfo.php HTTP/1.1" 302 386 "-" "-"
193.41.206.36 - - [08/Jan/2025:01:01:44 +0000] "GET /_profiler/phpinfo HTTP/1.1" 302 386 "-" "-"
193.41.206.36 - - [08/Jan/2025:01:01:46 +0000] "GET /_profiler/phpinfo/info.php HTTP/1.1" 302 386 "-" "-"
193.41.206.36 - - [08/Jan/2025:01:01:48 +0000] "GET /_profiler/phpinfo/phpinfo.php HTTP/1.1" 302 386 "-" "-"
193.41.206.36 - - [08/Jan/2025:01:01:50 +0000] "GET /wp-config HTTP/1.1" 302 386 "-" "-"
193.41.206.36 - - [08/Jan/2025:01:01:52 +0000] "GET /aws-secret.yaml HTTP/1.1" 302 386 "-" "-"
193.41.206.36 - - [08/Jan/2025:01:01:54 +0000] "GET /awstats/.env HTTP/1.1" 302 386 "-" "-"
193.41.206.36 - - [08/Jan/2025:01:01:56 +0000] "GET /conf/.env HTTP/1.1" 302 386 "-" "-"
193.41.206.36 - - [08/Jan/2025:01:01:58 +0000] "GET /cron/.env HTTP/1.1" 302 386 "-" "-"
193.41.206.36 - - [08/Jan/2025:01:02:01 +0000] "GET /www/.env HTTP/1.1" 302 386 "-" "-"
193.41.206.36 - - [08/Jan/2025:01:02:03 +0000] "GET /docker/.env HTTP/1.1" 302 386 "-" "-"
193.41.206.36 - - [08/Jan/2025:01:02:05 +0000] "GET /docker/app/.env HTTP/1.1" 302 386 "-" "-"
193.41.206.36 - - [08/Jan/2025:01:02:07 +0000] "GET /env.backup HTTP/1.1" 302 386 "-" "-"
193.41.206.36 - - [08/Jan/2025:01:02:10 +0000] "GET /xampp/phpinfo.php HTTP/1.1" 302 386 "-" "-"
193.41.206.36 - - [08/Jan/2025:01:02:12 +0000] "GET /lara/info.php HTTP/1.1" 302 386 "-" "-"
193.41.206.36 - - [08/Jan/2025:01:02:14 +0000] "GET /lara/phpinfo.php HTTP/1.1" 302 386 "-" "-"
193.41.206.36 - - [08/Jan/2025:01:02:16 +0000] "GET /laravel/info.php HTTP/1.1" 302 386 "-" "-"
193.41.206.36 - - [08/Jan/2025:01:02:18 +0000] "GET /.vscode/.env HTTP/1.1" 302 386 "-" "-"
193.41.206.36 - - [08/Jan/2025:01:02:20 +0000] "GET /js/.env HTTP/1.1" 302 386 "-" "-"
193.41.206.36 - - [08/Jan/2025:01:02:22 +0000] "GET /laravel/.env HTTP/1.1" 302 386 "-" "-"
193.41.206.36 - - [08/Jan/2025:01:02:24 +0000] "GET /laravel/core/.env HTTP/1.1" 302 386 "-" "-"
193.41.206.36 - - [08/Jan/2025:01:02:27 +0000] "GET /mail/.env HTTP/1.1" 302 386 "-" "-"
193.41.206.36 - - [08/Jan/2025:01:02:29 +0000] "GET /mailer/.env HTTP/1.1" 302 386 "-" "-"
193.41.206.36 - - [08/Jan/2025:01:02:31 +0000] "GET /nginx/.env HTTP/1.1" 302 386 "-" "-"
193.41.206.36 - - [08/Jan/2025:01:02:33 +0000] "GET /public/.env HTTP/1.1" 302 386 "-" "-"
193.41.206.36 - - [08/Jan/2025:01:02:36 +0000] "GET /site/.env HTTP/1.1" 302 386 "-" "-"
193.41.206.36 - - [08/Jan/2025:01:02:37 +0000] "GET /xampp/.env HTTP/1.1" 302 386 "-" "-"
193.41.206.36 - - [08/Jan/2025:01:02:39 +0000] "GET /main/.env HTTP/1.1" 302 386 "-" "-"
193.41.206.36 - - [08/Jan/2025:01:02:41 +0000] "GET /node_modules/.env HTTP/1.1" 302 386 "-" "-"
193.41.206.36 - - [08/Jan/2025:01:02:43 +0000] "GET /kyc/.env HTTP/1.1" 302 386 "-" "-"
152.42.219.47 - - [08/Jan/2025:01:02:43 +0000] "GET /cdn-cgi/trace HTTP/1.1" 302 350 "-" "Mozilla/5.0"
193.41.206.36 - - [08/Jan/2025:01:02:44 +0000] "GET /admin/.env HTTP/1.1" 302 386 "-" "-"
193.41.206.36 - - [08/Jan/2025:01:02:46 +0000] "GET /prod/.env HTTP/1.1" 302 386 "-" "-"
193.41.206.36 - - [08/Jan/2025:01:02:48 +0000] "GET /.env.bak HTTP/1.1" 302 386 "-" "-"
193.41.206.36 - - [08/Jan/2025:01:02:49 +0000] "GET /api/shared/config/config.env HTTP/1.1" 302 386 "-" "-"
193.41.206.36 - - [08/Jan/2025:01:02:52 +0000] "GET /api/shared/config.env HTTP/1.1" 302 386 "-" "-"
152.42.219.47 - - [08/Jan/2025:01:02:52 +0000] "\x16\x03\x01\x01\v\x01" 400 524 "-" "-"
193.41.206.36 - - [08/Jan/2025:01:02:53 +0000] "GET /config.env HTTP/1.1" 302 386 "-" "-"
193.41.206.36 - - [08/Jan/2025:01:02:55 +0000] "GET /website/.env HTTP/1.1" 302 386 "-" "-"
193.41.206.36 - - [08/Jan/2025:01:02:57 +0000] "GET /development/.env HTTP/1.1" 302 386 "-" "-"
193.41.206.36 - - [08/Jan/2025:01:02:59 +0000] "GET /backend/.env HTTP/1.1" 302 386 "-" "-"
193.41.206.36 - - [08/Jan/2025:01:03:01 +0000] "GET /api/shared/config/.env HTTP/1.1" 302 386 "-" "-"
193.41.206.36 - - [08/Jan/2025:01:03:03 +0000] "GET /api/shared/.env HTTP/1.1" 302 386 "-" "-"
193.41.206.36 - - [08/Jan/2025:01:03:05 +0000] "GET /api/config.env HTTP/1.1" 302 386 "-" "-"
193.41.206.36 - - [08/Jan/2025:01:03:07 +0000] "GET /service/email_service.py HTTP/1.1" 302 386 "-" "-"
193.41.206.36 - - [08/Jan/2025:01:03:09 +0000] "GET /node/.env_example HTTP/1.1" 302 386 "-" "-"
193.41.206.36 - - [08/Jan/2025:01:03:11 +0000] "GET /.env.production.local HTTP/1.1" 302 386 "-" "-"
193.41.206.36 - - [08/Jan/2025:01:03:13 +0000] "GET /.env.local HTTP/1.1" 302 386 "-" "-"
193.41.206.36 - - [08/Jan/2025:01:03:15 +0000] "GET /.env.example HTTP/1.1" 302 386 "-" "-"
193.41.206.36 - - [08/Jan/2025:01:03:16 +0000] "GET /.env.stage HTTP/1.1" 302 386 "-" "-"
193.41.206.36 - - [08/Jan/2025:01:03:18 +0000] "GET /server/config/database.js HTTP/1.1" 302 386 "-" "-"
193.41.206.36 - - [08/Jan/2025:01:03:20 +0000] "GET /.env.old HTTP/1.1" 302 386 "-" "-"
193.41.206.36 - - [08/Jan/2025:01:03:22 +0000] "GET /.env_sample HTTP/1.1" 302 386 "-" "-"
193.41.206.36 - - [08/Jan/2025:01:03:24 +0000] "GET /scripts/nodemailer.js HTTP/1.1" 302 386 "-" "-"
193.41.206.36 - - [08/Jan/2025:01:03:26 +0000] "GET /.env.prod HTTP/1.1" 302 386 "-" "-"
193.41.206.36 - - [08/Jan/2025:01:03:29 +0000] "GET /crm/.env HTTP/1.1" 302 386 "-" "-"
193.41.206.36 - - [08/Jan/2025:01:03:31 +0000] "GET /local/.env HTTP/1.1" 302 386 "-" "-"
193.41.206.36 - - [08/Jan/2025:01:03:33 +0000] "GET /core/.env HTTP/1.1" 302 386 "-" "-"
193.41.206.36 - - [08/Jan/2025:01:03:35 +0000] "GET /apps/.env HTTP/1.1" 302 386 "-" "-"
193.41.206.36 - - [08/Jan/2025:01:03:36 +0000] "GET /application/.env HTTP/1.1" 302 386 "-" "-"
193.41.206.36 - - [08/Jan/2025:01:03:38 +0000] "GET /web/.env HTTP/1.1" 302 386 "-" "-"
193.41.206.36 - - [08/Jan/2025:01:03:40 +0000] "GET /.aws/credentials HTTP/1.1" 302 386 "-" "-"
193.41.206.36 - - [08/Jan/2025:01:03:41 +0000] "GET /wp-config.php.bak HTTP/1.1" 302 386 "-" "-"
193.41.206.36 - - [08/Jan/2025:01:03:43 +0000] "GET /info.php HTTP/1.1" 302 386 "-" "-"
193.41.206.36 - - [08/Jan/2025:01:03:45 +0000] "GET /dashboard/phpinfo.php HTTP/1.1" 302 386 "-" "-"
193.41.206.36 - - [08/Jan/2025:01:03:47 +0000] "GET /static/js/main.141b0494.js HTTP/1.1" 302 386 "-" "-"
193.41.206.36 - - [08/Jan/2025:01:03:49 +0000] "GET /static/js/2.ca066a4b.chunk.js HTTP/1.1" 302 386 "-" "-"
193.41.206.36 - - [08/Jan/2025:01:03:51 +0000] "GET /static/js/main.e85f7a37.js HTTP/1.1" 302 386 "-" "-"
193.41.206.36 - - [08/Jan/2025:01:03:53 +0000] "GET /admin/server_info.php HTTP/1.1" 302 386 "-" "-"
193.41.206.36 - - [08/Jan/2025:01:03:55 +0000] "GET /server_info.php HTTP/1.1" 302 386 "-" "-"
193.41.206.36 - - [08/Jan/2025:01:03:57 +0000] "GET /app_dev.php/_profiler/phpinfo HTTP/1.1" 302 386 "-" "-"
193.41.206.36 - - [08/Jan/2025:01:03:59 +0000] "GET /test.php HTTP/1.1" 302 386 "-" "-"
193.41.206.36 - - [08/Jan/2025:01:04:01 +0000] "GET /server-info HTTP/1.1" 302 386 "-" "-"
193.41.206.36 - - [08/Jan/2025:01:04:02 +0000] "GET /server-info.php HTTP/1.1" 302 386 "-" "-"
193.41.206.36 - - [08/Jan/2025:01:04:04 +0000] "GET /secured/phpinfo.php HTTP/1.1" 302 386 "-" "-"
193.41.206.36 - - [08/Jan/2025:01:04:06 +0000] "GET /config.js HTTP/1.1" 302 386 "-" "-"
193.41.206.36 - - [08/Jan/2025:01:04:08 +0000] "GET /server.js HTTP/1.1" 302 386 "-" "-"
193.41.206.36 - - [08/Jan/2025:01:04:10 +0000] "GET /appsettings.json HTTP/1.1" 302 386 "-" "-"
193.41.206.36 - - [08/Jan/2025:01:04:11 +0000] "GET /shared/config/config.js HTTP/1.1" 302 386 "-" "-"
193.41.206.36 - - [08/Jan/2025:01:04:13 +0000] "GET /config/aws.yml HTTP/1.1" 302 386 "-" "-"
193.41.206.36 - - [08/Jan/2025:01:04:15 +0000] "GET /settings.py HTTP/1.1" 302 385 "-" "-"
193.41.206.36 - - [08/Jan/2025:01:04:18 +0000] "GET /config.json HTTP/1.1" 302 385 "-" "-"
193.41.206.36 - - [08/Jan/2025:01:04:20 +0000] "GET /main.js HTTP/1.1" 302 385 "-" "-"
193.41.206.36 - - [08/Jan/2025:01:04:22 +0000] "GET /config/constants.js HTTP/1.1" 302 385 "-" "-"
193.41.206.36 - - [08/Jan/2025:01:04:24 +0000] "GET /application.properties HTTP/1.1" 302 385 "-" "-"
193.41.206.36 - - [08/Jan/2025:01:04:28 +0000] "GET /public/js/main.js HTTP/1.1" 302 385 "-" "-"
193.41.206.36 - - [08/Jan/2025:01:04:30 +0000] "GET /js/main.js HTTP/1.1" 302 385 "-" "-"
193.41.206.36 - - [08/Jan/2025:01:04:34 +0000] "GET /?phpinfo=1 HTTP/1.1" 200 1001 "-" "-"
193.41.206.36 - - [08/Jan/2025:01:04:37 +0000] "GET /storage/logs/laravel.log HTTP/1.1" 302 385 "-" "-"
193.41.206.36 - - [08/Jan/2025:01:04:40 +0000] "GET /karma.conf.json HTTP/1.1" 302 350 "-" "-"
49.213.214.200 - - [08/Jan/2025:01:05:10 +0000] "GET / HTTP/1.0" 200 1761 "-" "Mozilla/5.0 (Linux; U; Android 4.0.3; ko-kr; LG-L160L Build/IML74K) AppleWebkit/534.30 (KHTML, like Gecko) Version/4.0 Mobile Safari/534.30"
152.42.219.47 - - [08/Jan/2025:01:07:28 +0000] "GET /cdn-cgi/trace HTTP/1.1" 302 350 "-" "Mozilla/5.0"
152.42.219.47 - - [08/Jan/2025:01:07:38 +0000] "\x16\x03\x01\x01\v\x01" 400 524 "-" "-"
152.42.247.210 - - [08/Jan/2025:01:08:20 +0000] "GET /cdn-cgi/trace HTTP/1.1" 302 350 "-" "Mozilla/5.0"
152.42.247.210 - - [08/Jan/2025:01:08:29 +0000] "\x16\x03\x01\x01\v\x01" 400 524 "-" "-"
112.120.209.137 - - [08/Jan/2025:01:29:52 +0000] "GET / HTTP/1.0" 200 1761 "-" "Mozilla/5.0 (Linux; U; Android 4.0.3; ko-kr; LG-L160L Build/IML74K) AppleWebkit/534.30 (KHTML, like Gecko) Version/4.0 Mobile Safari/534.30"
78.153.140.148 - - [08/Jan/2025:01:48:09 +0000] "GET /.env HTTP/1.1" 302 387 "-" "Mozilla/5.0 (Windows NT 10.0; Win64; x64) AppleWebKit/537.36 (KHTML, like Gecko) Chrome/116.0.5845.140 Safari/537.36"
78.153.140.148 - - [08/Jan/2025:01:48:10 +0000] "POST / HTTP/1.1" 200 1003 "-" "Mozilla/5.0 (Windows NT 10.0; Win64; x64) AppleWebKit/537.36 (KHTML, like Gecko) Chrome/116.0.5845.140 Safari/537.36"
209.38.94.145 - - [08/Jan/2025:01:56:49 +0000] "\x16\x03\x01" 400 524 "-" "-"
209.38.94.145 - - [08/Jan/2025:01:56:49 +0000] "\x16\x03\x01" 400 524 "-" "-"
209.38.94.145 - - [08/Jan/2025:01:56:50 +0000] "GET / HTTP/1.1" 200 947 "-" "Mozilla/5.0 (Windows NT 10.0; Win64; x64) AppleWebKit/537.36 (KHTML, like Gecko) Chrome/108.0.0.0 Safari/537.36"
209.38.94.145 - - [08/Jan/2025:01:56:50 +0000] "GET /form.html HTTP/1.1" 302 331 "-" "curl/8.1.2"
209.38.94.145 - - [08/Jan/2025:01:56:50 +0000] "GET /upl.php HTTP/1.1" 302 331 "-" "Mozilla/5.0"
209.38.94.145 - - [08/Jan/2025:01:56:51 +0000] "GET /t4 HTTP/1.1" 302 331 "-" "Mozilla/5.0"
209.38.94.145 - - [08/Jan/2025:01:56:51 +0000] "GET /geoip/ HTTP/1.1" 302 331 "-" "Mozilla/5.0 (Windows NT 10.0; Win64; x64) AppleWebKit/537.36 (KHTML, like Gecko) Chrome/108.0.0.0 Safari/537.36"
209.38.94.145 - - [08/Jan/2025:01:56:51 +0000] "GET /favicon.ico HTTP/1.1" 302 331 "-" "Mozilla/5.0 (Windows NT 10.0; Win64; x64) AppleWebKit/537.36 (KHTML, like Gecko) Chrome/108.0.0.0 Safari/537.36"
209.38.94.145 - - [08/Jan/2025:01:56:51 +0000] "GET /1.php HTTP/1.1" 302 331 "-" "Mozilla/5.0 (Windows NT 10.0; Win64; x64) AppleWebKit/537.36 (KHTML, like Gecko) Chrome/108.0.0.0 Safari/537.36"
209.38.94.145 - - [08/Jan/2025:01:56:52 +0000] "GET /systembc/password.php HTTP/1.1" 302 331 "-" "Mozilla/5.0 (Windows NT 10.0; Win64; x64) AppleWebKit/537.36 (KHTML, like Gecko) Chrome/108.0.0.0 Safari/537.36"
209.38.94.145 - - [08/Jan/2025:01:56:52 +0000] "GET /password.php HTTP/1.1" 302 331 "-" "Mozilla/5.0 (Windows NT 10.0; Win64; x64) AppleWebKit/537.36 (KHTML, like Gecko) Chrome/108.0.0.0 Safari/537.36"
91.223.3.201 - - [08/Jan/2025:02:04:18 +0000] "GET / HTTP/1.1" 200 1003 "-" "Mozilla/5.0 (Windows NT 10.0; Win64; x64) AppleWebKit/537.36 (KHTML, like Gecko) Chrome/90.0.4430.85 Safari/537.36 Edg/90.0.818.46"
27.147.142.59 - - [08/Jan/2025:02:18:44 +0000] "GET / HTTP/1.1" 200 1742 "-" "Mozilla/5.0 (Windows NT 10.0; WOW64) AppleWebKit/537.36 (KHTML, like Gecko) Chrome/52.0.2743.116 Safari/537.36"
179.43.191.146 - - [08/Jan/2025:02:19:37 +0000] "GET / HTTP/1.1" 200 1003 "-" "Mozilla/5.0 (Windows NT 10.0; Win64; x64) AppleWebKit/537.36 (KHTML, like Gecko) Chrome/90.0.4430.85 Safari/537.36 Edg/90.0.818.46"
193.34.212.75 - - [08/Jan/2025:02:21:28 +0000] "GET / HTTP/1.1" 200 1742 "-" "-"
